Archive member included to satisfy reference by file (symbol)

.\CortexM3\ARM_GCC_541\Debug\Design_301_project.a(PWM_1.o)
                              .\CortexM3\ARM_GCC_541\Debug\main.o (PWM_1_WriteCompare)
.\CortexM3\ARM_GCC_541\Debug\Design_301_project.a(PWM_1_PM.o)
                              .\CortexM3\ARM_GCC_541\Debug\main.o (PWM_1_SaveConfig)
.\CortexM3\ARM_GCC_541\Debug\Design_301_project.a(PWM_2.o)
                              .\CortexM3\ARM_GCC_541\Debug\main.o (PWM_2_WriteCompare)
.\CortexM3\ARM_GCC_541\Debug\Design_301_project.a(PWM_2_PM.o)
                              .\CortexM3\ARM_GCC_541\Debug\main.o (PWM_2_SaveConfig)
.\CortexM3\ARM_GCC_541\Debug\Design_301_project.a(M2_IN2.o)
                              .\CortexM3\ARM_GCC_541\Debug\main.o (M2_IN2_Write)
.\CortexM3\ARM_GCC_541\Debug\Design_301_project.a(M2_IN1.o)
                              .\CortexM3\ARM_GCC_541\Debug\main.o (M2_IN1_Write)
.\CortexM3\ARM_GCC_541\Debug\Design_301_project.a(M1_IN2.o)
                              .\CortexM3\ARM_GCC_541\Debug\main.o (M1_IN2_Write)
.\CortexM3\ARM_GCC_541\Debug\Design_301_project.a(Timer_TS.o)
                              .\CortexM3\ARM_GCC_541\Debug\main.o (Timer_TS_Start)
.\CortexM3\ARM_GCC_541\Debug\Design_301_project.a(isr_TS.o)
                              .\CortexM3\ARM_GCC_541\Debug\main.o (isr_TS_StartEx)
.\CortexM3\ARM_GCC_541\Debug\Design_301_project.a(USBUART.o)
                              .\CortexM3\ARM_GCC_541\Debug\main.o (USBUART_Start)
.\CortexM3\ARM_GCC_541\Debug\Design_301_project.a(USBUART_cdc.o)
                              .\CortexM3\ARM_GCC_541\Debug\main.o (USBUART_CDC_Init)
.\CortexM3\ARM_GCC_541\Debug\Design_301_project.a(USBUART_drv.o)
                              .\CortexM3\ARM_GCC_541\Debug\Design_301_project.a(USBUART.o) (USBUART_lastPacketSize)
.\CortexM3\ARM_GCC_541\Debug\Design_301_project.a(USBUART_episr.o)
                              .\CortexM3\ARM_GCC_541\Debug\Design_301_project.a(USBUART.o) (USBUART_EP_1_ISR)
.\CortexM3\ARM_GCC_541\Debug\Design_301_project.a(USBUART_pm.o)
                              .\CortexM3\ARM_GCC_541\Debug\Design_301_project.a(USBUART.o) (USBUART_DP_ISR)
.\CortexM3\ARM_GCC_541\Debug\Design_301_project.a(USBUART_std.o)
                              .\CortexM3\ARM_GCC_541\Debug\Design_301_project.a(USBUART_pm.o) (USBUART_ConfigReg)
.\CortexM3\ARM_GCC_541\Debug\Design_301_project.a(USBUART_vnd.o)
                              .\CortexM3\ARM_GCC_541\Debug\Design_301_project.a(USBUART_drv.o) (USBUART_HandleVendorRqst)
.\CortexM3\ARM_GCC_541\Debug\Design_301_project.a(M1_IN1.o)
                              .\CortexM3\ARM_GCC_541\Debug\main.o (M1_IN1_Write)
.\CortexM3\ARM_GCC_541\Debug\Design_301_project.a(LED.o)
                              .\CortexM3\ARM_GCC_541\Debug\main.o (LED_Write)
.\CortexM3\ARM_GCC_541\Debug\Design_301_project.a(RF_BT_SELECT.o)
                              .\CortexM3\ARM_GCC_541\Debug\main.o (RF_BT_SELECT_Write)
.\CortexM3\ARM_GCC_541\Debug\Design_301_project.a(Vo6.o)
                              .\CortexM3\ARM_GCC_541\Debug\main.o (Vo6_Read)
.\CortexM3\ARM_GCC_541\Debug\Design_301_project.a(Vo1.o)
                              .\CortexM3\ARM_GCC_541\Debug\main.o (Vo1_Read)
.\CortexM3\ARM_GCC_541\Debug\Design_301_project.a(Vo2.o)
                              .\CortexM3\ARM_GCC_541\Debug\main.o (Vo2_Read)
.\CortexM3\ARM_GCC_541\Debug\Design_301_project.a(Vo5.o)
                              .\CortexM3\ARM_GCC_541\Debug\main.o (Vo5_Read)
.\CortexM3\ARM_GCC_541\Debug\Design_301_project.a(Vo3.o)
                              .\CortexM3\ARM_GCC_541\Debug\main.o (Vo3_Read)
.\CortexM3\ARM_GCC_541\Debug\Design_301_project.a(Vo4.o)
                              .\CortexM3\ARM_GCC_541\Debug\main.o (Vo4_Read)
.\CortexM3\ARM_GCC_541\Debug\Design_301_project.a(USBUART_Dp.o)
                              .\CortexM3\ARM_GCC_541\Debug\Design_301_project.a(USBUART.o) (USBUART_Dp_ClearInterrupt)
.\CortexM3\ARM_GCC_541\Debug\Design_301_project.a(CyLib.o)
                              .\CortexM3\ARM_GCC_541\Debug\Cm3Start.o (CyHalt)
.\CortexM3\ARM_GCC_541\Debug\Design_301_project.a(cyPm.o)
                              .\CortexM3\ARM_GCC_541\Debug\Design_301_project.a(CyLib.o) (CyPmReadStatus)
.\CortexM3\ARM_GCC_541\Debug\Design_301_project.a(CyBootAsmGnu.o)
                              .\CortexM3\ARM_GCC_541\Debug\cyfitter_cfg.o (CyDelayCycles)
.\CortexM3\ARM_GCC_541\Debug\Design_301_project.a(USBUART_cls.o)
                              .\CortexM3\ARM_GCC_541\Debug\Design_301_project.a(USBUART_drv.o) (USBUART_DispatchClassRqst)
.\CortexM3\ARM_GCC_541\Debug\Design_301_project.a(USBUART_descr.o)
                              .\CortexM3\ARM_GCC_541\Debug\Design_301_project.a(USBUART_std.o) (USBUART_idSerialNumberStringDescriptor)
.\CortexM3\ARM_GCC_541\Debug\Design_301_project.a(CyFlash.o)
                              .\CortexM3\ARM_GCC_541\Debug\Design_301_project.a(cyPm.o) (CyFlash_SetWaitCycles)
[...]
Memory Configuration

Name             Origin             Length             Attributes
rom              0x00000000         0x00040000         xr
ram              0x1fff8000         0x00010000         xrw
*default*        0x00000000         0xffffffff

Linker script and memory map

LOAD d:/psoc creator/4.4/psoc creator/import/gnu/arm/5.4.1/bin/../lib/gcc/arm-none-eabi/5.4.1/armv7-m/crti.o
LOAD d:/psoc creator/4.4/psoc creator/import/gnu/arm/5.4.1/bin/../lib/gcc/arm-none-eabi/5.4.1/armv7-m/crtbegin.o
LOAD d:/psoc creator/4.4/psoc creator/import/gnu/arm/5.4.1/bin/../lib/gcc/arm-none-eabi/5.4.1/../../../../arm-none-eabi/lib/armv7-m/crt0.o
START GROUP
LOAD .\CortexM3\ARM_GCC_541\Debug\main.o
LOAD .\CortexM3\ARM_GCC_541\Debug\store.o
LOAD .\CortexM3\ARM_GCC_541\Debug\cyfitter_cfg.o
LOAD .\CortexM3\ARM_GCC_541\Debug\cymetadata.o
LOAD .\CortexM3\ARM_GCC_541\Debug\Cm3Start.o
LOAD .\CortexM3\ARM_GCC_541\Debug\Design_301_project.a
LOAD D:\PSoC Creator\4.4\PSoC Creator\psoc\content\cycomponentlibrary\CyComponentLibrary.cylib\CortexM3\ARM_GCC_541\Debug\CyComponentLibrary.a
END GROUP
START GROUP
LOAD d:/psoc creator/4.4/psoc creator/import/gnu/arm/5.4.1/bin/../lib/gcc/arm-none-eabi/5.4.1/armv7-m\libgcc.a
LOAD d:/psoc creator/4.4/psoc creator/import/gnu/arm/5.4.1/bin/../lib/gcc/arm-none-eabi/5.4.1/../../../../arm-none-eabi/lib/armv7-m\libg_nano.a
LOAD d:/psoc creator/4.4/psoc creator/import/gnu/arm/5.4.1/bin/../lib/gcc/arm-none-eabi/5.4.1/../../../../arm-none-eabi/lib/armv7-m\libc_nano.a
END GROUP
START GROUP
LOAD d:/psoc creator/4.4/psoc creator/import/gnu/arm/5.4.1/bin/../lib/gcc/arm-none-eabi/5.4.1/armv7-m\libgcc.a
LOAD d:/psoc creator/4.4/psoc creator/import/gnu/arm/5.4.1/bin/../lib/gcc/arm-none-eabi/5.4.1/../../../../arm-none-eabi/lib/armv7-m\libc_nano.a
END GROUP
LOAD d:/psoc creator/4.4/psoc creator/import/gnu/arm/5.4.1/bin/../lib/gcc/arm-none-eabi/5.4.1/armv7-m/crtend.o
LOAD d:/psoc creator/4.4/psoc creator/import/gnu/arm/5.4.1/bin/../lib/gcc/arm-none-eabi/5.4.1/armv7-m/crtn.o
START GROUP
LOAD d:/psoc creator/4.4/psoc creator/import/gnu/arm/5.4.1/bin/../lib/gcc/arm-none-eabi/5.4.1/armv7-m\libgcc.a
LOAD d:/psoc creator/4.4/psoc creator/import/gnu/arm/5.4.1/bin/../lib/gcc/arm-none-eabi/5.4.1/../../../../arm-none-eabi/lib/armv7-m\libc.a
LOAD d:/psoc creator/4.4/psoc creator/import/gnu/arm/5.4.1/bin/../lib/gcc/arm-none-eabi/5.4.1/../../../../arm-none-eabi/lib/armv7-m\libnosys.a
END GROUP
                0x00000000                CY_APPL_ORIGIN = 0x0
                0x00000100                CY_FLASH_ROW_SIZE = 0x100
                0x00000020                CY_ECC_ROW_SIZE = 0x20
                0x00000000                CY_EE_IN_BTLDR = 0x0
                0x00000000                CY_APPL_LOADABLE = 0x0
                0x00000800                CY_EE_SIZE = 0x800
                0x00000001                CY_APPL_NUM = 0x1
                0x00000001                CY_APPL_MAX = 0x1
                0x00000040                CY_METADATA_SIZE = 0x40
                0x00000000                CY_APPL_LOADABLE = 0x0
                0x00000000                CY_CHECKSUM_EXCLUDE_SIZE = ALIGN (0x0, CY_FLASH_ROW_SIZE)
                [!provide]                PROVIDE (__cy_heap_start, _end)
                0x00000001                PROVIDE (__cy_region_num, ((__cy_regions_end - __cy_regions) / 0x10))
                0x20008000                PROVIDE (__cy_stack, (ORIGIN (ram) + LENGTH (ram)))
                [!provide]                PROVIDE (__cy_heap_end, (__cy_stack - 0x800))

.cybootloader   0x00000000        0x0
 *(.cybootloader)
                0x00000000                appl1_start = CY_APPL_ORIGIN?CY_APPL_ORIGIN:ALIGN (CY_FLASH_ROW_SIZE)
                0x0001ff00                appl2_start = (appl1_start + ALIGN ((((LENGTH (rom) - appl1_start) - (0x2 * CY_FLASH_ROW_SIZE)) / 0x2), CY_FLASH_ROW_SIZE))
                0x00000000                appl_start = (CY_APPL_NUM == 0x1)?appl1_start:appl2_start
                0x00000000                ecc_offset = ((appl_start / CY_FLASH_ROW_SIZE) * CY_ECC_ROW_SIZE)
                0x00000000                ee_offset = (CY_APPL_LOADABLE && ! (CY_EE_IN_BTLDR))?((CY_EE_SIZE / CY_APPL_MAX) * (CY_APPL_NUM - 0x1)):0x0
                0x00000800                ee_size = (CY_APPL_LOADABLE && ! (CY_EE_IN_BTLDR))?(CY_EE_SIZE / CY_APPL_MAX):CY_EE_SIZE
                [!provide]                PROVIDE (CY_ECC_OFFSET, ecc_offset)

.text           0x00000000     0x42e4
 CREATE_OBJECT_SYMBOLS
                0x00000000                PROVIDE (__cy_interrupt_vector, RomVectors)
 *(.romvectors)
 .romvectors    0x00000000       0x10 .\CortexM3\ARM_GCC_541\Debug\Cm3Start.o
                0x00000000                RomVectors
                0x00000001                ASSERT ((. != __cy_interrupt_vector), No interrupt vector)
                0x00000001                ASSERT (CY_APPL_ORIGIN?(SIZEOF (.cybootloader) <= CY_APPL_ORIGIN):0x1, Wrong image location)
                0x00000010                PROVIDE (__cy_reset, Reset)
 *(.text.Reset)
 .text.Reset    0x00000010       0x18 .\CortexM3\ARM_GCC_541\Debug\Cm3Start.o
                0x00000010                Reset
                0x00000001                ASSERT ((. != __cy_reset), No reset code)
 *(.dma_init)
                0x00000001                ASSERT ((((appl_start + .) <= 0x10000) || 0x1), DMA Init must be within the first 64k of flash)
 *(.text .text.* .gnu.linkonce.t.*)
 .text          0x00000028       0x5c d:/psoc creator/4.4/psoc creator/import/gnu/arm/5.4.1/bin/../lib/gcc/arm-none-eabi/5.4.1/armv7-m/crtbegin.o
 .text.isr_timer_EncoderCalculation
                0x00000084        0xc .\CortexM3\ARM_GCC_541\Debug\main.o
                0x00000084                isr_timer_EncoderCalculation
 .text.decide_motion
                0x00000090       0x18 .\CortexM3\ARM_GCC_541\Debug\main.o
                0x00000090                decide_motion
 .text.M1_set_speed
                0x000000a8       0x54 .\CortexM3\ARM_GCC_541\Debug\main.o
                0x000000a8                M1_set_speed
 .text.M2_set_speed
                0x000000fc       0x54 .\CortexM3\ARM_GCC_541\Debug\main.o
                0x000000fc                M2_set_speed
 .text.M1_forward
                0x00000150       0x10 .\CortexM3\ARM_GCC_541\Debug\main.o
                0x00000150                M1_forward
 .text.M1_backward
                0x00000160       0x10 .\CortexM3\ARM_GCC_541\Debug\main.o
                0x00000160                M1_backward
 .text.M2_forward
                0x00000170       0x10 .\CortexM3\ARM_GCC_541\Debug\main.o
                0x00000170                M2_forward
 .text.M2_backward
                0x00000180       0x10 .\CortexM3\ARM_GCC_541\Debug\main.o
                0x00000180                M2_backward
 .text.Motor_Activate
                0x00000190       0x30 .\CortexM3\ARM_GCC_541\Debug\main.o
                0x00000190                Motor_Activate
 .text.movement
                0x000001c0       0xc8 .\CortexM3\ARM_GCC_541\Debug\main.o
                0x000001c0                movement
 .text.detect_position
                0x00000288      0x14c .\CortexM3\ARM_GCC_541\Debug\main.o
                0x00000288                detect_position
 .text.main     0x000003d4       0x50 .\CortexM3\ARM_GCC_541\Debug\main.o
                0x000003d4                main
 .text.CyClockStartupError
                0x00000424        0x4 .\CortexM3\ARM_GCC_541\Debug\cyfitter_cfg.o
 .text.cfg_write_bytes32
                0x00000428       0x34 .\CortexM3\ARM_GCC_541\Debug\cyfitter_cfg.o
 .text.AnalogSetDefault
                0x0000045c       0x28 .\CortexM3\ARM_GCC_541\Debug\cyfitter_cfg.o
 .text.CYMEMZERO
                0x00000484        0xc .\CortexM3\ARM_GCC_541\Debug\cyfitter_cfg.o
 .text.ClockSetup
                0x00000490       0xe4 .\CortexM3\ARM_GCC_541\Debug\cyfitter_cfg.o
 .text.CYCONFIGCPY
                0x00000574        0x8 .\CortexM3\ARM_GCC_541\Debug\cyfitter_cfg.o
 .text.cyfitter_cfg
                0x0000057c      0x154 .\CortexM3\ARM_GCC_541\Debug\cyfitter_cfg.o
                0x0000057c                cyfitter_cfg
 .text.IntDefaultHandler
                0x000006d0       0x10 .\CortexM3\ARM_GCC_541\Debug\Cm3Start.o
                0x000006d0                IntDefaultHandler
 .text._sbrk    0x000006e0       0x30 .\CortexM3\ARM_GCC_541\Debug\Cm3Start.o
                0x000006e0                _sbrk
 .text.Start_c  0x00000710       0x4c .\CortexM3\ARM_GCC_541\Debug\Cm3Start.o
                0x00000710                Start_c
 .text.initialize_psoc
                0x0000075c       0x68 .\CortexM3\ARM_GCC_541\Debug\Cm3Start.o
                0x0000075c                initialize_psoc
 .text.PWM_1_Enable
                0x000007c4       0x28 .\CortexM3\ARM_GCC_541\Debug\Design_301_project.a(PWM_1.o)
                0x000007c4                PWM_1_Enable
 .text.PWM_1_WritePeriod
                0x000007ec        0xc .\CortexM3\ARM_GCC_541\Debug\Design_301_project.a(PWM_1.o)
                0x000007ec                PWM_1_WritePeriod
 .text.PWM_1_WriteCompare
                0x000007f8        0xc .\CortexM3\ARM_GCC_541\Debug\Design_301_project.a(PWM_1.o)
                0x000007f8                PWM_1_WriteCompare
 .text.PWM_1_SetInterruptMode
                0x00000804        0xc .\CortexM3\ARM_GCC_541\Debug\Design_301_project.a(PWM_1.o)
                0x00000804                PWM_1_SetInterruptMode
 .text.PWM_1_Init
                0x00000810       0x78 .\CortexM3\ARM_GCC_541\Debug\Design_301_project.a(PWM_1.o)
                0x00000810                PWM_1_Init
 .text.PWM_1_Start
                0x00000888       0x1c .\CortexM3\ARM_GCC_541\Debug\Design_301_project.a(PWM_1.o)
                0x00000888                PWM_1_Start
 .text.PWM_1_ReadCompare
                0x000008a4        0xc .\CortexM3\ARM_GCC_541\Debug\Design_301_project.a(PWM_1.o)
                0x000008a4                PWM_1_ReadCompare
 .text.PWM_1_SaveConfig
                0x000008b0        0x4 .\CortexM3\ARM_GCC_541\Debug\Design_301_project.a(PWM_1_PM.o)
                0x000008b0                PWM_1_SaveConfig
 .text.PWM_2_Enable
                0x000008b4       0x28 .\CortexM3\ARM_GCC_541\Debug\Design_301_project.a(PWM_2.o)
                0x000008b4                PWM_2_Enable
 .text.PWM_2_WritePeriod
                0x000008dc        0xc .\CortexM3\ARM_GCC_541\Debug\Design_301_project.a(PWM_2.o)
                0x000008dc                PWM_2_WritePeriod
 .text.PWM_2_WriteCompare
                0x000008e8        0xc .\CortexM3\ARM_GCC_541\Debug\Design_301_project.a(PWM_2.o)
                0x000008e8                PWM_2_WriteCompare
 .text.PWM_2_SetInterruptMode
                0x000008f4        0xc .\CortexM3\ARM_GCC_541\Debug\Design_301_project.a(PWM_2.o)
                0x000008f4                PWM_2_SetInterruptMode
 .text.PWM_2_Init
                0x00000900       0x78 .\CortexM3\ARM_GCC_541\Debug\Design_301_project.a(PWM_2.o)
                0x00000900                PWM_2_Init
 .text.PWM_2_Start
                0x00000978       0x1c .\CortexM3\ARM_GCC_541\Debug\Design_301_project.a(PWM_2.o)
                0x00000978                PWM_2_Start
 .text.PWM_2_ReadCompare
                0x00000994        0xc .\CortexM3\ARM_GCC_541\Debug\Design_301_project.a(PWM_2.o)
                0x00000994                PWM_2_ReadCompare
 .text.PWM_2_SaveConfig
                0x000009a0        0x4 .\CortexM3\ARM_GCC_541\Debug\Design_301_project.a(PWM_2_PM.o)
                0x000009a0                PWM_2_SaveConfig
 .text.M2_IN2_Write
                0x000009a4       0x18 .\CortexM3\ARM_GCC_541\Debug\Design_301_project.a(M2_IN2.o)
                0x000009a4                M2_IN2_Write
 .text.M2_IN1_Write
                0x000009bc       0x18 .\CortexM3\ARM_GCC_541\Debug\Design_301_project.a(M2_IN1.o)
                0x000009bc                M2_IN1_Write
 .text.M1_IN2_Write
                0x000009d4       0x18 .\CortexM3\ARM_GCC_541\Debug\Design_301_project.a(M1_IN2.o)
                0x000009d4                M1_IN2_Write
 .text.Timer_TS_Enable
                0x000009ec       0x28 .\CortexM3\ARM_GCC_541\Debug\Design_301_project.a(Timer_TS.o)
                0x000009ec                Timer_TS_Enable
 .text.Timer_TS_SetInterruptMode
                0x00000a14        0xc .\CortexM3\ARM_GCC_541\Debug\Design_301_project.a(Timer_TS.o)
                0x00000a14                Timer_TS_SetInterruptMode
 .text.Timer_TS_WritePeriod
                0x00000a20        0xc .\CortexM3\ARM_GCC_541\Debug\Design_301_project.a(Timer_TS.o)
                0x00000a20                Timer_TS_WritePeriod
 .text.Timer_TS_WriteCounter
                0x00000a2c        0xc .\CortexM3\ARM_GCC_541\Debug\Design_301_project.a(Timer_TS.o)
                0x00000a2c                Timer_TS_WriteCounter
 .text.Timer_TS_Init
                0x00000a38       0x64 .\CortexM3\ARM_GCC_541\Debug\Design_301_project.a(Timer_TS.o)
                0x00000a38                Timer_TS_Init
 .text.Timer_TS_Start
                0x00000a9c       0x1c .\CortexM3\ARM_GCC_541\Debug\Design_301_project.a(Timer_TS.o)
                0x00000a9c                Timer_TS_Start
 .text.isr_TS_SetVector
                0x00000ab8        0xc .\CortexM3\ARM_GCC_541\Debug\Design_301_project.a(isr_TS.o)
                0x00000ab8                isr_TS_SetVector
 .text.isr_TS_SetPriority
                0x00000ac4       0x10 .\CortexM3\ARM_GCC_541\Debug\Design_301_project.a(isr_TS.o)
                0x00000ac4                isr_TS_SetPriority
 .text.isr_TS_Enable
                0x00000ad4        0xc .\CortexM3\ARM_GCC_541\Debug\Design_301_project.a(isr_TS.o)
                0x00000ad4                isr_TS_Enable
 .text.isr_TS_Disable
                0x00000ae0        0xc .\CortexM3\ARM_GCC_541\Debug\Design_301_project.a(isr_TS.o)
                0x00000ae0                isr_TS_Disable
 .text.isr_TS_StartEx
                0x00000aec       0x1c .\CortexM3\ARM_GCC_541\Debug\Design_301_project.a(isr_TS.o)
                0x00000aec                isr_TS_StartEx
 .text.USBUART_Init
                0x00000b08      0x140 .\CortexM3\ARM_GCC_541\Debug\Design_301_project.a(USBUART.o)
                0x00000b08                USBUART_Init
 .text.USBUART_InitComponent
                0x00000c48       0xb8 .\CortexM3\ARM_GCC_541\Debug\Design_301_project.a(USBUART.o)
                0x00000c48                USBUART_InitComponent
 .text.USBUART_Start
                0x00000d00       0x24 .\CortexM3\ARM_GCC_541\Debug\Design_301_project.a(USBUART.o)
                0x00000d00                USBUART_Start
 .text.USBUART_ReInitComponent
                0x00000d24       0x4c .\CortexM3\ARM_GCC_541\Debug\Design_301_project.a(USBUART.o)
                0x00000d24                USBUART_ReInitComponent
 .text.USBUART_GetInterfaceComPort
                0x00000d70       0x38 .\CortexM3\ARM_GCC_541\Debug\Design_301_project.a(USBUART_cdc.o)
                0x00000d70                USBUART_GetInterfaceComPort
 .text.USBUART_DispatchCDCClassRqst
                0x00000da8       0x98 .\CortexM3\ARM_GCC_541\Debug\Design_301_project.a(USBUART_cdc.o)
                0x00000da8                USBUART_DispatchCDCClassRqst
 .text.USBUART_Cdc_EpInit
                0x00000e40       0x50 .\CortexM3\ARM_GCC_541\Debug\Design_301_project.a(USBUART_cdc.o)
                0x00000e40                USBUART_Cdc_EpInit
 .text.USBUART_LoadEP0
                0x00000e90       0x98 .\CortexM3\ARM_GCC_541\Debug\Design_301_project.a(USBUART_drv.o)
                0x00000e90                USBUART_LoadEP0
 .text.USBUART_InitZeroLengthControlTransfer
                0x00000f28       0x34 .\CortexM3\ARM_GCC_541\Debug\Design_301_project.a(USBUART_drv.o)
                0x00000f28                USBUART_InitZeroLengthControlTransfer
 .text.USBUART_ControlReadDataStage
                0x00000f5c        0x8 .\CortexM3\ARM_GCC_541\Debug\Design_301_project.a(USBUART_drv.o)
                0x00000f5c                USBUART_ControlReadDataStage
 .text.USBUART_ControlWriteDataStage
                0x00000f64       0x84 .\CortexM3\ARM_GCC_541\Debug\Design_301_project.a(USBUART_drv.o)
                0x00000f64                USBUART_ControlWriteDataStage
 .text.USBUART_InitNoDataControlTransfer
                0x00000fe8       0x2c .\CortexM3\ARM_GCC_541\Debug\Design_301_project.a(USBUART_drv.o)
                0x00000fe8                USBUART_InitNoDataControlTransfer
 .text.USBUART_UpdateStatusBlock
                0x00001014       0x24 .\CortexM3\ARM_GCC_541\Debug\Design_301_project.a(USBUART_drv.o)
                0x00001014                USBUART_UpdateStatusBlock
 .text.USBUART_HandleSetup
                0x00001038       0x5c .\CortexM3\ARM_GCC_541\Debug\Design_301_project.a(USBUART_drv.o)
                0x00001038                USBUART_HandleSetup
 .text.USBUART_ControlReadStatusStage
                0x00001094       0x38 .\CortexM3\ARM_GCC_541\Debug\Design_301_project.a(USBUART_drv.o)
                0x00001094                USBUART_ControlReadStatusStage
 .text.USBUART_HandleOUT
                0x000010cc       0x38 .\CortexM3\ARM_GCC_541\Debug\Design_301_project.a(USBUART_drv.o)
                0x000010cc                USBUART_HandleOUT
 .text.USBUART_ControlWriteStatusStage
                0x00001104       0x20 .\CortexM3\ARM_GCC_541\Debug\Design_301_project.a(USBUART_drv.o)
                0x00001104                USBUART_ControlWriteStatusStage
 .text.USBUART_NoDataControlStatusStage
                0x00001124       0x40 .\CortexM3\ARM_GCC_541\Debug\Design_301_project.a(USBUART_drv.o)
                0x00001124                USBUART_NoDataControlStatusStage
 .text.USBUART_HandleIN
                0x00001164       0x2c .\CortexM3\ARM_GCC_541\Debug\Design_301_project.a(USBUART_drv.o)
                0x00001164                USBUART_HandleIN
 .text.USBUART_EP_0_ISR
                0x00001190       0xb8 .\CortexM3\ARM_GCC_541\Debug\Design_301_project.a(USBUART_drv.o)
                0x00001190                USBUART_EP_0_ISR
 .text.USBUART_InitializeStatusBlock
                0x00001248       0x24 .\CortexM3\ARM_GCC_541\Debug\Design_301_project.a(USBUART_drv.o)
                0x00001248                USBUART_InitializeStatusBlock
 .text.USBUART_InitControlRead
                0x0000126c       0x50 .\CortexM3\ARM_GCC_541\Debug\Design_301_project.a(USBUART_drv.o)
                0x0000126c                USBUART_InitControlRead
 .text.USBUART_InitControlWrite
                0x000012bc       0x48 .\CortexM3\ARM_GCC_541\Debug\Design_301_project.a(USBUART_drv.o)
                0x000012bc                USBUART_InitControlWrite
 .text.USBUART_EP_1_ISR
                0x00001304       0x30 .\CortexM3\ARM_GCC_541\Debug\Design_301_project.a(USBUART_episr.o)
                0x00001304                USBUART_EP_1_ISR
 .text.USBUART_EP_2_ISR
                0x00001334       0x34 .\CortexM3\ARM_GCC_541\Debug\Design_301_project.a(USBUART_episr.o)
                0x00001334                USBUART_EP_2_ISR
 .text.USBUART_EP_3_ISR
                0x00001368       0x3c .\CortexM3\ARM_GCC_541\Debug\Design_301_project.a(USBUART_episr.o)
                0x00001368                USBUART_EP_3_ISR
 .text.USBUART_SOF_ISR
                0x000013a4        0x4 .\CortexM3\ARM_GCC_541\Debug\Design_301_project.a(USBUART_episr.o)
                0x000013a4                USBUART_SOF_ISR
 .text.USBUART_BUS_RESET_ISR
                0x000013a8        0x8 .\CortexM3\ARM_GCC_541\Debug\Design_301_project.a(USBUART_episr.o)
                0x000013a8                USBUART_BUS_RESET_ISR
 .text.USBUART_DP_ISR
                0x000013b0        0x8 .\CortexM3\ARM_GCC_541\Debug\Design_301_project.a(USBUART_pm.o)
                0x000013b0                USBUART_DP_ISR
 .text.USBUART_ReadDieID
                0x000013b8       0x6c .\CortexM3\ARM_GCC_541\Debug\Design_301_project.a(USBUART_std.o)
                0x000013b8                USBUART_ReadDieID
 .text.USBUART_ConfigReg
                0x00001424       0xa4 .\CortexM3\ARM_GCC_541\Debug\Design_301_project.a(USBUART_std.o)
                0x00001424                USBUART_ConfigReg
 .text.USBUART_GetConfigTablePtr
                0x000014c8       0x28 .\CortexM3\ARM_GCC_541\Debug\Design_301_project.a(USBUART_std.o)
                0x000014c8                USBUART_GetConfigTablePtr
 .text.USBUART_ConfigAltChanged
                0x000014f0      0x11c .\CortexM3\ARM_GCC_541\Debug\Design_301_project.a(USBUART_std.o)
                0x000014f0                USBUART_ConfigAltChanged
 .text.USBUART_GetDeviceTablePtr
                0x0000160c       0x18 .\CortexM3\ARM_GCC_541\Debug\Design_301_project.a(USBUART_std.o)
                0x0000160c                USBUART_GetDeviceTablePtr
 .text.USBUART_GetInterfaceClassTablePtr
                0x00001624       0x28 .\CortexM3\ARM_GCC_541\Debug\Design_301_project.a(USBUART_std.o)
                0x00001624                USBUART_GetInterfaceClassTablePtr
 .text.USBUART_Config
                0x0000164c      0x1e4 .\CortexM3\ARM_GCC_541\Debug\Design_301_project.a(USBUART_std.o)
                0x0000164c                USBUART_Config
 .text.USBUART_SetEndpointHalt
                0x00001830       0x64 .\CortexM3\ARM_GCC_541\Debug\Design_301_project.a(USBUART_std.o)
                0x00001830                USBUART_SetEndpointHalt
 .text.USBUART_ClearEndpointHalt
                0x00001894       0xac .\CortexM3\ARM_GCC_541\Debug\Design_301_project.a(USBUART_std.o)
                0x00001894                USBUART_ClearEndpointHalt
 .text.USBUART_ValidateAlternateSetting
                0x00001940       0x4c .\CortexM3\ARM_GCC_541\Debug\Design_301_project.a(USBUART_std.o)
                0x00001940                USBUART_ValidateAlternateSetting
 .text.USBUART_HandleStandardRqst
                0x0000198c      0x35c .\CortexM3\ARM_GCC_541\Debug\Design_301_project.a(USBUART_std.o)
                0x0000198c                USBUART_HandleStandardRqst
 .text.USBUART_HandleVendorRqst
                0x00001ce8       0x3c .\CortexM3\ARM_GCC_541\Debug\Design_301_project.a(USBUART_vnd.o)
                0x00001ce8                USBUART_HandleVendorRqst
 .text.M1_IN1_Write
                0x00001d24       0x18 .\CortexM3\ARM_GCC_541\Debug\Design_301_project.a(M1_IN1.o)
                0x00001d24                M1_IN1_Write
 .text.LED_Write
                0x00001d3c       0x18 .\CortexM3\ARM_GCC_541\Debug\Design_301_project.a(LED.o)
                0x00001d3c                LED_Write
 .text.RF_BT_SELECT_Write
                0x00001d54        0xc .\CortexM3\ARM_GCC_541\Debug\Design_301_project.a(RF_BT_SELECT.o)
                0x00001d54                RF_BT_SELECT_Write
 .text.Vo6_Read
                0x00001d60       0x10 .\CortexM3\ARM_GCC_541\Debug\Design_301_project.a(Vo6.o)
                0x00001d60                Vo6_Read
 .text.Vo1_Read
                0x00001d70       0x10 .\CortexM3\ARM_GCC_541\Debug\Design_301_project.a(Vo1.o)
                0x00001d70                Vo1_Read
 .text.Vo2_Read
                0x00001d80       0x10 .\CortexM3\ARM_GCC_541\Debug\Design_301_project.a(Vo2.o)
                0x00001d80                Vo2_Read
 .text.Vo5_Read
                0x00001d90       0x10 .\CortexM3\ARM_GCC_541\Debug\Design_301_project.a(Vo5.o)
                0x00001d90                Vo5_Read
 .text.Vo3_Read
                0x00001da0        0xc .\CortexM3\ARM_GCC_541\Debug\Design_301_project.a(Vo3.o)
                0x00001da0                Vo3_Read
 .text.Vo4_Read
                0x00001dac        0xc .\CortexM3\ARM_GCC_541\Debug\Design_301_project.a(Vo4.o)
                0x00001dac                Vo4_Read
 .text.USBUART_Dp_ClearInterrupt
                0x00001db8       0x10 .\CortexM3\ARM_GCC_541\Debug\Design_301_project.a(USBUART_Dp.o)
                0x00001db8                USBUART_Dp_ClearInterrupt
 .text.CyHalt   0x00001dc8        0x4 .\CortexM3\ARM_GCC_541\Debug\Design_301_project.a(CyLib.o)
                0x00001dc8                CyHalt
 .text.CyDelay  0x00001dcc       0x2c .\CortexM3\ARM_GCC_541\Debug\Design_301_project.a(CyLib.o)
                0x00001dcc                CyDelay
 .text.CyDelayUs
                0x00001df8       0x14 .\CortexM3\ARM_GCC_541\Debug\Design_301_project.a(CyLib.o)
                0x00001df8                CyDelayUs
 .text.CyIntSetVector
                0x00001e0c       0x28 .\CortexM3\ARM_GCC_541\Debug\Design_301_project.a(CyLib.o)
                0x00001e0c                CyIntSetVector
 .text.CyIntSetPriority
                0x00001e34       0x30 .\CortexM3\ARM_GCC_541\Debug\Design_301_project.a(CyLib.o)
                0x00001e34                CyIntSetPriority
 .text.CyGetUniqueId
                0x00001e64       0x70 .\CortexM3\ARM_GCC_541\Debug\Design_301_project.a(CyLib.o)
                0x00001e64                CyGetUniqueId
 *fill*         0x00001ed4        0x4 
 .text          0x00001ed8       0x20 .\CortexM3\ARM_GCC_541\Debug\Design_301_project.a(CyBootAsmGnu.o)
                0x00001ed8                CyDelayCycles
                0x00001ee8                CyEnterCriticalSection
                0x00001ef0                CyExitCriticalSection
 .text.USBUART_DispatchClassRqst
                0x00001ef8       0x60 .\CortexM3\ARM_GCC_541\Debug\Design_301_project.a(USBUART_cls.o)
                0x00001ef8                USBUART_DispatchClassRqst
 .text          0x00001f58      0x424 d:/psoc creator/4.4/psoc creator/import/gnu/arm/5.4.1/bin/../lib/gcc/arm-none-eabi/5.4.1/armv7-m\libgcc.a(_arm_muldivdf3.o)
                0x00001f58                __aeabi_dmul
                0x00001f58                __muldf3
                0x000021ac                __divdf3
                0x000021ac                __aeabi_ddiv
 .text          0x0000237c      0x110 d:/psoc creator/4.4/psoc creator/import/gnu/arm/5.4.1/bin/../lib/gcc/arm-none-eabi/5.4.1/armv7-m\libgcc.a(_arm_cmpdf2.o)
                0x0000237c                __gtdf2
                0x0000237c                __gedf2
                0x00002384                __ltdf2
                0x00002384                __ledf2
                0x0000238c                __nedf2
                0x0000238c                __eqdf2
                0x0000238c                __cmpdf2
                0x00002408                __aeabi_cdrcmple
                0x00002418                __aeabi_cdcmpeq
                0x00002418                __aeabi_cdcmple
                0x00002428                __aeabi_dcmpeq
                0x0000243c                __aeabi_dcmplt
                0x00002450                __aeabi_dcmple
                0x00002464                __aeabi_dcmpge
                0x00002478                __aeabi_dcmpgt
 .text          0x0000248c       0x40 d:/psoc creator/4.4/psoc creator/import/gnu/arm/5.4.1/bin/../lib/gcc/arm-none-eabi/5.4.1/armv7-m\libgcc.a(_arm_fixunsdfsi.o)
                0x0000248c                __aeabi_d2uiz
                0x0000248c                __fixunsdfsi
 .text.__errno  0x000024cc        0xc d:/psoc creator/4.4/psoc creator/import/gnu/arm/5.4.1/bin/../lib/gcc/arm-none-eabi/5.4.1/../../../../arm-none-eabi/lib/armv7-m\libg_nano.a(lib_a-errno.o)
                0x000024cc                __errno
 .text.__libc_init_array
                0x000024d8       0x4c d:/psoc creator/4.4/psoc creator/import/gnu/arm/5.4.1/bin/../lib/gcc/arm-none-eabi/5.4.1/../../../../arm-none-eabi/lib/armv7-m\libg_nano.a(lib_a-init.o)
                0x000024d8                __libc_init_array
 .text.memcpy   0x00002524       0x16 d:/psoc creator/4.4/psoc creator/import/gnu/arm/5.4.1/bin/../lib/gcc/arm-none-eabi/5.4.1/../../../../arm-none-eabi/lib/armv7-m\libg_nano.a(lib_a-memcpy-stub.o)
                0x00002524                memcpy
 .text.memset   0x0000253a       0x10 d:/psoc creator/4.4/psoc creator/import/gnu/arm/5.4.1/bin/../lib/gcc/arm-none-eabi/5.4.1/../../../../arm-none-eabi/lib/armv7-m\libg_nano.a(lib_a-memset.o)
                0x0000253a                memset
 .text.__cvt    0x0000254a       0xc0 d:/psoc creator/4.4/psoc creator/import/gnu/arm/5.4.1/bin/../lib/gcc/arm-none-eabi/5.4.1/../../../../arm-none-eabi/lib/armv7-m\libg_nano.a(lib_a-nano-vfprintf_float.o)
                0x0000254a                __cvt
 .text.__exponent
                0x0000260a       0x62 d:/psoc creator/4.4/psoc creator/import/gnu/arm/5.4.1/bin/../lib/gcc/arm-none-eabi/5.4.1/../../../../arm-none-eabi/lib/armv7-m\libg_nano.a(lib_a-nano-vfprintf_float.o)
                0x0000260a                __exponent
 .text._printf_float
                0x0000266c      0x488 d:/psoc creator/4.4/psoc creator/import/gnu/arm/5.4.1/bin/../lib/gcc/arm-none-eabi/5.4.1/../../../../arm-none-eabi/lib/armv7-m\libg_nano.a(lib_a-nano-vfprintf_float.o)
                0x0000266c                _printf_float
 .text._printf_common
                0x00002af4       0xec d:/psoc creator/4.4/psoc creator/import/gnu/arm/5.4.1/bin/../lib/gcc/arm-none-eabi/5.4.1/../../../../arm-none-eabi/lib/armv7-m\libg_nano.a(lib_a-nano-vfprintf_i.o)
                0x00002af4                _printf_common
 .text          0x00002be0       0x10 d:/psoc creator/4.4/psoc creator/import/gnu/arm/5.4.1/bin/../lib/gcc/arm-none-eabi/5.4.1/../../../../arm-none-eabi/lib/armv7-m\libg_nano.a(lib_a-strlen.o)
                0x00002be0                strlen
 .text.quorem   0x00002bf0      0x116 d:/psoc creator/4.4/psoc creator/import/gnu/arm/5.4.1/bin/../lib/gcc/arm-none-eabi/5.4.1/../../../../arm-none-eabi/lib/armv7-m\libg_nano.a(lib_a-dtoa.o)
 *fill*         0x00002d06        0x2 
 .text._dtoa_r  0x00002d08      0xb30 d:/psoc creator/4.4/psoc creator/import/gnu/arm/5.4.1/bin/../lib/gcc/arm-none-eabi/5.4.1/../../../../arm-none-eabi/lib/armv7-m\libg_nano.a(lib_a-dtoa.o)
                0x00002d08                _dtoa_r
 .text._localeconv_r
                0x00003838        0x8 d:/psoc creator/4.4/psoc creator/import/gnu/arm/5.4.1/bin/../lib/gcc/arm-none-eabi/5.4.1/../../../../arm-none-eabi/lib/armv7-m\libg_nano.a(lib_a-locale.o)
                0x00003838                _localeconv_r
 .text.malloc   0x00003840       0x10 d:/psoc creator/4.4/psoc creator/import/gnu/arm/5.4.1/bin/../lib/gcc/arm-none-eabi/5.4.1/../../../../arm-none-eabi/lib/armv7-m\libg_nano.a(lib_a-malloc.o)
                0x00003840                malloc
 .text._Balloc  0x00003850       0x6a d:/psoc creator/4.4/psoc creator/import/gnu/arm/5.4.1/bin/../lib/gcc/arm-none-eabi/5.4.1/../../../../arm-none-eabi/lib/armv7-m\libg_nano.a(lib_a-mprec.o)
                0x00003850                _Balloc
 .text._Bfree   0x000038ba       0x2e d:/psoc creator/4.4/psoc creator/import/gnu/arm/5.4.1/bin/../lib/gcc/arm-none-eabi/5.4.1/../../../../arm-none-eabi/lib/armv7-m\libg_nano.a(lib_a-mprec.o)
                0x000038ba                _Bfree
 .text.__multadd
                0x000038e8       0x76 d:/psoc creator/4.4/psoc creator/import/gnu/arm/5.4.1/bin/../lib/gcc/arm-none-eabi/5.4.1/../../../../arm-none-eabi/lib/armv7-m\libg_nano.a(lib_a-mprec.o)
                0x000038e8                __multadd
 .text.__hi0bits
                0x0000395e       0x40 d:/psoc creator/4.4/psoc creator/import/gnu/arm/5.4.1/bin/../lib/gcc/arm-none-eabi/5.4.1/../../../../arm-none-eabi/lib/armv7-m\libg_nano.a(lib_a-mprec.o)
                0x0000395e                __hi0bits
 .text.__lo0bits
                0x0000399e       0x5a d:/psoc creator/4.4/psoc creator/import/gnu/arm/5.4.1/bin/../lib/gcc/arm-none-eabi/5.4.1/../../../../arm-none-eabi/lib/armv7-m\libg_nano.a(lib_a-mprec.o)
                0x0000399e                __lo0bits
 .text.__i2b    0x000039f8       0x12 d:/psoc creator/4.4/psoc creator/import/gnu/arm/5.4.1/bin/../lib/gcc/arm-none-eabi/5.4.1/../../../../arm-none-eabi/lib/armv7-m\libg_nano.a(lib_a-mprec.o)
                0x000039f8                __i2b
 .text.__multiply
                0x00003a0a      0x120 d:/psoc creator/4.4/psoc creator/import/gnu/arm/5.4.1/bin/../lib/gcc/arm-none-eabi/5.4.1/../../../../arm-none-eabi/lib/armv7-m\libg_nano.a(lib_a-mprec.o)
                0x00003a0a                __multiply
 *fill*         0x00003b2a        0x2 
 .text.__pow5mult
                0x00003b2c       0x9c d:/psoc creator/4.4/psoc creator/import/gnu/arm/5.4.1/bin/../lib/gcc/arm-none-eabi/5.4.1/../../../../arm-none-eabi/lib/armv7-m\libg_nano.a(lib_a-mprec.o)
                0x00003b2c                __pow5mult
 .text.__lshift
                0x00003bc8       0xa2 d:/psoc creator/4.4/psoc creator/import/gnu/arm/5.4.1/bin/../lib/gcc/arm-none-eabi/5.4.1/../../../../arm-none-eabi/lib/armv7-m\libg_nano.a(lib_a-mprec.o)
                0x00003bc8                __lshift
 .text.__mcmp   0x00003c6a       0x38 d:/psoc creator/4.4/psoc creator/import/gnu/arm/5.4.1/bin/../lib/gcc/arm-none-eabi/5.4.1/../../../../arm-none-eabi/lib/armv7-m\libg_nano.a(lib_a-mprec.o)
                0x00003c6a                __mcmp
 .text.__mdiff  0x00003ca2       0xbe d:/psoc creator/4.4/psoc creator/import/gnu/arm/5.4.1/bin/../lib/gcc/arm-none-eabi/5.4.1/../../../../arm-none-eabi/lib/armv7-m\libg_nano.a(lib_a-mprec.o)
                0x00003ca2                __mdiff
 .text.__d2b    0x00003d60       0x9c d:/psoc creator/4.4/psoc creator/import/gnu/arm/5.4.1/bin/../lib/gcc/arm-none-eabi/5.4.1/../../../../arm-none-eabi/lib/armv7-m\libg_nano.a(lib_a-mprec.o)
                0x00003d60                __d2b
 .text._calloc_r
                0x00003dfc       0x1c d:/psoc creator/4.4/psoc creator/import/gnu/arm/5.4.1/bin/../lib/gcc/arm-none-eabi/5.4.1/../../../../arm-none-eabi/lib/armv7-m\libg_nano.a(lib_a-nano-callocr.o)
                0x00003dfc                _calloc_r
 .text._malloc_r
                0x00003e18       0xbc d:/psoc creator/4.4/psoc creator/import/gnu/arm/5.4.1/bin/../lib/gcc/arm-none-eabi/5.4.1/../../../../arm-none-eabi/lib/armv7-m\libg_nano.a(lib_a-nano-mallocr.o)
                0x00003e18                _malloc_r
 .text._sbrk_r  0x00003ed4       0x20 d:/psoc creator/4.4/psoc creator/import/gnu/arm/5.4.1/bin/../lib/gcc/arm-none-eabi/5.4.1/../../../../arm-none-eabi/lib/armv7-m\libg_nano.a(lib_a-sbrkr.o)
                0x00003ed4                _sbrk_r
 .text.__malloc_lock
                0x00003ef4        0x2 d:/psoc creator/4.4/psoc creator/import/gnu/arm/5.4.1/bin/../lib/gcc/arm-none-eabi/5.4.1/../../../../arm-none-eabi/lib/armv7-m\libg_nano.a(lib_a-mlock.o)
                0x00003ef4                __malloc_lock
 .text.__malloc_unlock
                0x00003ef6        0x2 d:/psoc creator/4.4/psoc creator/import/gnu/arm/5.4.1/bin/../lib/gcc/arm-none-eabi/5.4.1/../../../../arm-none-eabi/lib/armv7-m\libg_nano.a(lib_a-mlock.o)
                0x00003ef6                __malloc_unlock
 .text          0x00003ef8      0x370 d:/psoc creator/4.4/psoc creator/import/gnu/arm/5.4.1/bin/../lib/gcc/arm-none-eabi/5.4.1/armv7-m\libgcc.a(_arm_addsubdf3.o)
                0x00003ef8                __aeabi_drsub
                0x00003f00                __aeabi_dsub
                0x00003f00                __subdf3
                0x00003f04                __aeabi_dadd
                0x00003f04                __adddf3
                0x0000417c                __floatunsidf
                0x0000417c                __aeabi_ui2d
                0x0000419c                __floatsidf
                0x0000419c                __aeabi_i2d
                0x000041c0                __aeabi_f2d
                0x000041c0                __extendsfdf2
                0x000041fc                __floatundidf
                0x000041fc                __aeabi_ul2d
                0x0000420c                __floatdidf
                0x0000420c                __aeabi_l2d
 .text          0x00004268       0x2c d:/psoc creator/4.4/psoc creator/import/gnu/arm/5.4.1/bin/../lib/gcc/arm-none-eabi/5.4.1/armv7-m\libgcc.a(_arm_unorddf2.o)
                0x00004268                __unorddf2
                0x00004268                __aeabi_dcmpun
 .text          0x00004294       0x50 d:/psoc creator/4.4/psoc creator/import/gnu/arm/5.4.1/bin/../lib/gcc/arm-none-eabi/5.4.1/armv7-m\libgcc.a(_arm_fixdfsi.o)
                0x00004294                __aeabi_d2iz
                0x00004294                __fixdfsi
 *(.plt)
 *(.gnu.warning)
 *(.glue_7t)
 .glue_7t       0x000042e4        0x0 linker stubs
 *(.glue_7)
 .glue_7        0x000042e4        0x0 linker stubs
 *(.vfp11_veneer)
 .vfp11_veneer  0x000042e4        0x0 linker stubs
 *(.bootloader)
 *(.ARM.extab* .gnu.linkonce.armextab.*)
 *(.gcc_except_table)

.v4_bx          0x000042e4        0x0
 .v4_bx         0x000042e4        0x0 linker stubs

.iplt           0x000042e4        0x0
 .iplt          0x000042e4        0x0 d:/psoc creator/4.4/psoc creator/import/gnu/arm/5.4.1/bin/../lib/gcc/arm-none-eabi/5.4.1/armv7-m/crtbegin.o

.eh_frame_hdr
 *(.eh_frame_hdr)

.eh_frame       0x000042e4        0x4
 *(.eh_frame)
 .eh_frame      0x000042e4        0x0 d:/psoc creator/4.4/psoc creator/import/gnu/arm/5.4.1/bin/../lib/gcc/arm-none-eabi/5.4.1/armv7-m/crtbegin.o
 .eh_frame      0x000042e4        0x4 d:/psoc creator/4.4/psoc creator/import/gnu/arm/5.4.1/bin/../lib/gcc/arm-none-eabi/5.4.1/armv7-m/crtend.o
                [!provide]                PROVIDE (__exidx_start, .)

.ARM.exidx
 *(.ARM.exidx* .gnu.linkonce.armexidx.*)
                0x000042e8                __exidx_end = .

.rodata         0x000042e8      0x350
 *(.rodata .rodata.* .gnu.linkonce.r.*)
 .rodata        0x000042e8       0x3a .\CortexM3\ARM_GCC_541\Debug\cyfitter_cfg.o
 *fill*         0x00004322        0x2 
 .rodata.str1.4
                0x00004324       0x14 .\CortexM3\ARM_GCC_541\Debug\Design_301_project.a(USBUART_std.o)
                                 0x11 (size before relaxing)
 .rodata        0x00004338      0x19a .\CortexM3\ARM_GCC_541\Debug\Design_301_project.a(USBUART_descr.o)
                0x00004338                USBUART_MSOS_CONFIGURATION_DESCR
                0x00004360                USBUART_MSOS_DESCRIPTOR
                0x00004374                USBUART_TABLE
                0x0000437c                USBUART_DEVICE0_TABLE
                0x00004394                USBUART_DEVICE0_CONFIGURATION0_TABLE
                0x000043bc                USBUART_DEVICE0_CONFIGURATION0_INTERFACE_CLASS
                0x000043c0                USBUART_DEVICE0_CONFIGURATION0_EP_SETTINGS_TABLE
                0x000043d8                USBUART_SN_STRING_DESCRIPTOR
                0x000043dc                USBUART_STRING_DESCRIPTORS
                0x0000447c                USBUART_DEVICE0_CONFIGURATION0_DESCR
                0x000044c0                USBUART_DEVICE0_DESCR
 .rodata.str1.1
                0x000044d2        0x2 d:/psoc creator/4.4/psoc creator/import/gnu/arm/5.4.1/bin/../lib/gcc/arm-none-eabi/5.4.1/../../../../arm-none-eabi/lib/armv7-m\libg_nano.a(lib_a-impure.o)
 .rodata.str1.1
                0x000044d4       0x12 d:/psoc creator/4.4/psoc creator/import/gnu/arm/5.4.1/bin/../lib/gcc/arm-none-eabi/5.4.1/../../../../arm-none-eabi/lib/armv7-m\libg_nano.a(lib_a-nano-vfprintf_float.o)
 .rodata.str1.1
                0x000044e6        0xd d:/psoc creator/4.4/psoc creator/import/gnu/arm/5.4.1/bin/../lib/gcc/arm-none-eabi/5.4.1/../../../../arm-none-eabi/lib/armv7-m\libg_nano.a(lib_a-dtoa.o)
                                  0xf (size before relaxing)
 .rodata.str1.1
                0x000044f3        0x8 d:/psoc creator/4.4/psoc creator/import/gnu/arm/5.4.1/bin/../lib/gcc/arm-none-eabi/5.4.1/../../../../arm-none-eabi/lib/armv7-m\libg_nano.a(lib_a-locale.o)
                                  0xb (size before relaxing)
 *fill*         0x000044fb        0x5 
 .rodata.__mprec_tens
                0x00004500       0xc8 d:/psoc creator/4.4/psoc creator/import/gnu/arm/5.4.1/bin/../lib/gcc/arm-none-eabi/5.4.1/../../../../arm-none-eabi/lib/armv7-m\libg_nano.a(lib_a-mprec.o)
                0x00004500                __mprec_tens
 .rodata.p05.5408
                0x000045c8        0xc d:/psoc creator/4.4/psoc creator/import/gnu/arm/5.4.1/bin/../lib/gcc/arm-none-eabi/5.4.1/../../../../arm-none-eabi/lib/armv7-m\libg_nano.a(lib_a-mprec.o)
 *fill*         0x000045d4        0x4 
 .rodata.__mprec_bigtens
                0x000045d8       0x28 d:/psoc creator/4.4/psoc creator/import/gnu/arm/5.4.1/bin/../lib/gcc/arm-none-eabi/5.4.1/../../../../arm-none-eabi/lib/armv7-m\libg_nano.a(lib_a-mprec.o)
                0x000045d8                __mprec_bigtens
                0x00004600                . = ALIGN (0x4)
 *(.init)
 .init          0x00004600        0x4 d:/psoc creator/4.4/psoc creator/import/gnu/arm/5.4.1/bin/../lib/gcc/arm-none-eabi/5.4.1/armv7-m/crti.o
                0x00004600                _init
 .init          0x00004604        0x8 d:/psoc creator/4.4/psoc creator/import/gnu/arm/5.4.1/bin/../lib/gcc/arm-none-eabi/5.4.1/armv7-m/crtn.o
                0x0000460c                . = ALIGN (0x4)
                0x0000460c                __preinit_array_start = .
 *(.preinit_array)
                0x0000460c                __preinit_array_end = .
                0x0000460c                . = ALIGN (0x4)
                0x0000460c                __init_array_start = .
 *(SORT(.init_array.*))
 *(.init_array)
 .init_array    0x0000460c        0x4 d:/psoc creator/4.4/psoc creator/import/gnu/arm/5.4.1/bin/../lib/gcc/arm-none-eabi/5.4.1/armv7-m/crtbegin.o
 .init_array    0x00004610        0x4 .\CortexM3\ARM_GCC_541\Debug\Cm3Start.o
                0x00004614                __init_array_end = .
                0x00004614                . = ALIGN (0x4)
 *(.fini)
 .fini          0x00004614        0x4 d:/psoc creator/4.4/psoc creator/import/gnu/arm/5.4.1/bin/../lib/gcc/arm-none-eabi/5.4.1/armv7-m/crti.o
                0x00004614                _fini
 .fini          0x00004618        0x8 d:/psoc creator/4.4/psoc creator/import/gnu/arm/5.4.1/bin/../lib/gcc/arm-none-eabi/5.4.1/armv7-m/crtn.o
                0x00004620                . = ALIGN (0x4)
                0x00004620                __fini_array_start = .
 *(.fini_array)
 .fini_array    0x00004620        0x4 d:/psoc creator/4.4/psoc creator/import/gnu/arm/5.4.1/bin/../lib/gcc/arm-none-eabi/5.4.1/armv7-m/crtbegin.o
 *(SORT(.fini_array.*))
                0x00004624                __fini_array_end = .
                0x00004624                . = ALIGN (0x4)
 *crtbegin.o(.ctors)
 *(EXCLUDE_FILE(*crtend.o) .ctors)
 *(SORT(.ctors.*))
 *crtend.o(.ctors)
                0x00004624                . = ALIGN (0x4)
 *crtbegin.o(.dtors)
 *(EXCLUDE_FILE(*crtend.o) .dtors)
 *(SORT(.dtors.*))
 *crtend.o(.dtors)
                0x00004624                . = ALIGN (0x4)
                0x00004624                __cy_regions = .
                0x00004624        0x4 LONG 0x4638 __cy_region_init_ram
                0x00004628        0x4 LONG 0x1fff80c8 __cy_region_start_data
                0x0000462c        0x4 LONG 0xd0 __cy_region_init_size_ram
                0x00004630        0x4 LONG 0x128 __cy_region_zero_size_ram
                0x00004634                __cy_regions_end = .
                0x00004638                . = ALIGN (0x8)
 *fill*         0x00004634        0x4 
                0x00004638                _etext = .

.cy_checksum_exclude
                0x00004638        0x0
 *(.cy_checksum_exclude)

.ramvectors     0x1fff8000       0xc0
                0x1fff8000                __cy_region_start_ram = .
 *(.ramvectors)
 .ramvectors    0x1fff8000       0xc0 .\CortexM3\ARM_GCC_541\Debug\Cm3Start.o
                0x1fff8000                CyRamVectors

.noinit         0x1fff80c0        0x1
 *(.noinit)
 .noinit        0x1fff80c0        0x1 .\CortexM3\ARM_GCC_541\Debug\Design_301_project.a(CyLib.o)
                0x1fff80c0                CyResetStatus

.data           0x1fff80c8       0xd0 load address 0x00004638
                0x1fff80c8                __cy_region_start_data = .
 *(.jcr)
 .jcr           0x1fff80c8        0x0 d:/psoc creator/4.4/psoc creator/import/gnu/arm/5.4.1/bin/../lib/gcc/arm-none-eabi/5.4.1/armv7-m/crtbegin.o
 .jcr           0x1fff80c8        0x4 d:/psoc creator/4.4/psoc creator/import/gnu/arm/5.4.1/bin/../lib/gcc/arm-none-eabi/5.4.1/armv7-m/crtend.o
 *(.got.plt)
 *(.got)
 *(.shdata)
 *(.data .data.* .gnu.linkonce.d.*)
 .data          0x1fff80cc        0x4 .\CortexM3\ARM_GCC_541\Debug\Cm3Start.o
 .data          0x1fff80d0       0x1a .\CortexM3\ARM_GCC_541\Debug\Design_301_project.a(USBUART_cdc.o)
                0x1fff80d0                USBUART_linesCoding
 *fill*         0x1fff80ea        0x2 
 .data          0x1fff80ec       0x10 .\CortexM3\ARM_GCC_541\Debug\Design_301_project.a(CyLib.o)
                0x1fff80ec                cydelay_32k_ms
                0x1fff80f0                cydelay_freq_khz
                0x1fff80f4                cydelay_freq_mhz
                0x1fff80f8                cydelay_freq_hz
 .data.impure_data
                0x1fff80fc       0x60 d:/psoc creator/4.4/psoc creator/import/gnu/arm/5.4.1/bin/../lib/gcc/arm-none-eabi/5.4.1/../../../../arm-none-eabi/lib/armv7-m\libg_nano.a(lib_a-impure.o)
 .data._impure_ptr
                0x1fff815c        0x4 d:/psoc creator/4.4/psoc creator/import/gnu/arm/5.4.1/bin/../lib/gcc/arm-none-eabi/5.4.1/../../../../arm-none-eabi/lib/armv7-m\libg_nano.a(lib_a-impure.o)
                0x1fff815c                _impure_ptr
 .data.lconv    0x1fff8160       0x38 d:/psoc creator/4.4/psoc creator/import/gnu/arm/5.4.1/bin/../lib/gcc/arm-none-eabi/5.4.1/../../../../arm-none-eabi/lib/armv7-m\libg_nano.a(lib_a-locale.o)
                0x1fff8198                . = ALIGN (0x8)
 *(.ram)
                0x1fff8198                _edata = .

.igot.plt       0x1fff8198        0x0 load address 0x00004708
 .igot.plt      0x1fff8198        0x0 d:/psoc creator/4.4/psoc creator/import/gnu/arm/5.4.1/bin/../lib/gcc/arm-none-eabi/5.4.1/armv7-m/crtbegin.o

.bss            0x1fff8198      0x128 load address 0x00004708
                0x1fff8198                PROVIDE (__bss_start__, .)
 *(.shbss)
 *(.bss .bss.* .gnu.linkonce.b.*)
 .bss           0x1fff8198       0x1c d:/psoc creator/4.4/psoc creator/import/gnu/arm/5.4.1/bin/../lib/gcc/arm-none-eabi/5.4.1/armv7-m/crtbegin.o
 .bss           0x1fff81b4       0x1d .\CortexM3\ARM_GCC_541\Debug\main.o
                0x1fff81b4                flag_encoder
                0x1fff81b8                flag_KB_string
                0x1fff81bc                last_position_state
                0x1fff81c0                dataready_flag
                0x1fff81c1                flag_packet
                0x1fff81c2                flag_rx
                0x1fff81c3                flag_ts_display
                0x1fff81c4                flag_ts_speed
                0x1fff81c5                flag_ts_update
                0x1fff81c6                flag_ts_enc
                0x1fff81c8                ts_display
                0x1fff81ca                ts_speed
                0x1fff81cc                ts_update
                0x1fff81ce                ts_enc
                0x1fff81d0                ts
 .bss           0x1fff81d1        0x1 .\CortexM3\ARM_GCC_541\Debug\Design_301_project.a(PWM_1.o)
                0x1fff81d1                PWM_1_initVar
 .bss           0x1fff81d2        0x1 .\CortexM3\ARM_GCC_541\Debug\Design_301_project.a(PWM_2.o)
                0x1fff81d2                PWM_2_initVar
 .bss           0x1fff81d3        0x1 .\CortexM3\ARM_GCC_541\Debug\Design_301_project.a(Timer_TS.o)
                0x1fff81d3                Timer_TS_initVar
 .bss           0x1fff81d4        0x1 .\CortexM3\ARM_GCC_541\Debug\Design_301_project.a(USBUART.o)
                0x1fff81d4                USBUART_initVar
 *fill*         0x1fff81d5        0x3 
 .bss           0x1fff81d8        0x2 .\CortexM3\ARM_GCC_541\Debug\Design_301_project.a(USBUART_std.o)
 *fill*         0x1fff81da        0x2 
 .bss.__malloc_sbrk_start
                0x1fff81dc        0x4 d:/psoc creator/4.4/psoc creator/import/gnu/arm/5.4.1/bin/../lib/gcc/arm-none-eabi/5.4.1/../../../../arm-none-eabi/lib/armv7-m\libg_nano.a(lib_a-nano-mallocr.o)
                0x1fff81dc                __malloc_sbrk_start
 .bss.__malloc_free_list
                0x1fff81e0        0x4 d:/psoc creator/4.4/psoc creator/import/gnu/arm/5.4.1/bin/../lib/gcc/arm-none-eabi/5.4.1/../../../../arm-none-eabi/lib/armv7-m\libg_nano.a(lib_a-nano-mallocr.o)
                0x1fff81e0                __malloc_free_list
 *(COMMON)
 COMMON         0x1fff81e4       0x18 .\CortexM3\ARM_GCC_541\Debug\Design_301_project.a(USBUART_cdc.o)
                0x1fff81e4                USBUART_linesChanged
                0x1fff81e8                USBUART_cdcDataInEp
                0x1fff81ec                USBUART_cdcCommInInterruptEp
                0x1fff81f0                USBUART_cdcDataOutEp
                0x1fff81f4                USBUART_serialStateBitmap
                0x1fff81f8                USBUART_linesControlBitmap
 COMMON         0x1fff81fc       0x9a .\CortexM3\ARM_GCC_541\Debug\Design_301_project.a(USBUART_drv.o)
                0x1fff81fc                USBUART_lastPacketSize
                0x1fff81fd                USBUART_device
                0x1fff81fe                USBUART_transferByteCount
                0x1fff8200                USBUART_transferState
                0x1fff8204                USBUART_interfaceSettingLast
                0x1fff8208                USBUART_currentTD
                0x1fff8214                USBUART_interfaceNumber
                0x1fff8218                USBUART_interfaceClass
                0x1fff821c                USBUART_configurationChanged
                0x1fff821d                USBUART_ep0Mode
                0x1fff821e                USBUART_deviceAddress
                0x1fff821f                USBUART_configuration
                0x1fff8220                USBUART_ep0Count
                0x1fff8221                USBUART_deviceStatus
                0x1fff8224                USBUART_EP
                0x1fff8290                USBUART_interfaceSetting
                0x1fff8292                USBUART_ep0Toggle
                0x1fff8294                USBUART_interfaceStatus
 *fill*         0x1fff8296        0x2 
 COMMON         0x1fff8298       0x22 .\CortexM3\ARM_GCC_541\Debug\Design_301_project.a(USBUART_descr.o)
                0x1fff8298                USBUART_idSerialNumberStringDescriptor
 *fill*         0x1fff82ba        0x2 
 COMMON         0x1fff82bc        0x4 d:/psoc creator/4.4/psoc creator/import/gnu/arm/5.4.1/bin/../lib/gcc/arm-none-eabi/5.4.1/../../../../arm-none-eabi/lib/armv7-m\libg_nano.a(lib_a-reent.o)
                0x1fff82bc                errno
                0x1fff82c0                . = ALIGN (0x8)
 *(.ram.b)
                0x1fff82c0                _end = .
                0x1fff82c0                __end = .
                0x1fff82c0                PROVIDE (end, .)
                0x1fff82c0                PROVIDE (__bss_end__, .)
                0x00004638                __cy_region_init_ram = LOADADDR (.data)
                0x000000d0                __cy_region_init_size_ram = (_edata - ADDR (.data))
                0x00000128                __cy_region_zero_size_ram = (_end - _edata)

.heap           0x1fff82c0      0x200 load address 0x00004708
                0x1fff82c0                . = _end
                0x1fff84c0                . = (. + 0x200)
 *fill*         0x1fff82c0      0x200 
                0x1fff84c0                __cy_heap_limit = .

.stack          0x20007800      0x800
                0x20007800                __cy_stack_limit = .
                0x20008000                . = (. + 0x800)
 *fill*         0x20007800      0x800 
                0x00000001                ASSERT ((__cy_stack_limit >= __cy_heap_limit), region RAM overflowed with stack)
                0x00000000                cy_checksum_exclude_size = (CY_APPL_LOADABLE == 0x1)?SIZEOF (.cy_checksum_exclude):0x0
                0x00000001                ASSERT ((cy_checksum_exclude_size <= CY_CHECKSUM_EXCLUDE_SIZE), CY_BOOT: Section .cy_checksum_exclude size exceedes specified limit.)

.cyloadermeta
 *(.cyloadermeta)

.cyloadablemeta
 *(.cyloadablemeta)

.cyconfigecc    0x80000000      0xbe4
 *(.cyconfigecc)
 .cyconfigecc   0x80000000      0xbe4 .\CortexM3\ARM_GCC_541\Debug\cymetadata.o
                0x80000000                cy_meta_configecc

.cycustnvl      0x90000000        0x4
 *(.cycustnvl)
 .cycustnvl     0x90000000        0x4 .\CortexM3\ARM_GCC_541\Debug\cymetadata.o
                0x90000000                cy_meta_custnvl

.cywolatch      0x90100000        0x4
 *(.cywolatch)
 .cywolatch     0x90100000        0x4 .\CortexM3\ARM_GCC_541\Debug\cymetadata.o
                0x90100000                cy_meta_wonvl

.cyeeprom       0x90200000        0x0
 *(.cyeeprom)
                0x00000001                ASSERT ((. <= ((0x90200000 + ee_offset) + ee_size)), .cyeeprom data will not fit in EEPROM)

.cyflashprotect
                0x90400000      0x100
 *(.cyflashprotect)
 .cyflashprotect
                0x90400000      0x100 .\CortexM3\ARM_GCC_541\Debug\cymetadata.o
                0x90400000                cy_meta_flashprotect

.cymeta         0x90500000        0xc
 *(.cymeta)
 .cymeta        0x90500000        0xc .\CortexM3\ARM_GCC_541\Debug\cymetadata.o
                0x90500000                cy_metadata

.rel.dyn        0x00004708        0x0 load address 0x9050000c
 .rel.iplt      0x00004708        0x0 d:/psoc creator/4.4/psoc creator/import/gnu/arm/5.4.1/bin/../lib/gcc/arm-none-eabi/5.4.1/armv7-m/crtbegin.o

.stab
 *(.stab)

.stabstr
 *(.stabstr)

.debug
 *(.debug)

.line
 *(.line)

.debug_srcinfo
 *(.debug_srcinfo)

.debug_sfnames
 *(.debug_sfnames)

.debug_aranges  0x00000000      0xe88
 *(.debug_aranges)
 .debug_aranges
                0x00000000       0x90 .\CortexM3\ARM_GCC_541\Debug\main.o
 .debug_aranges
                0x00000090       0x58 .\CortexM3\ARM_GCC_541\Debug\cyfitter_cfg.o
 .debug_aranges
                0x000000e8       0x18 .\CortexM3\ARM_GCC_541\Debug\cymetadata.o
 .debug_aranges
                0x00000100       0x48 .\CortexM3\ARM_GCC_541\Debug\Cm3Start.o
 .debug_aranges
                0x00000148       0x78 .\CortexM3\ARM_GCC_541\Debug\Design_301_project.a(PWM_1.o)
 .debug_aranges
                0x000001c0       0x38 .\CortexM3\ARM_GCC_541\Debug\Design_301_project.a(PWM_1_PM.o)
 .debug_aranges
                0x000001f8       0x78 .\CortexM3\ARM_GCC_541\Debug\Design_301_project.a(PWM_2.o)
 .debug_aranges
                0x00000270       0x38 .\CortexM3\ARM_GCC_541\Debug\Design_301_project.a(PWM_2_PM.o)
 .debug_aranges
                0x000002a8       0x38 .\CortexM3\ARM_GCC_541\Debug\Design_301_project.a(M2_IN2.o)
 .debug_aranges
                0x000002e0       0x38 .\CortexM3\ARM_GCC_541\Debug\Design_301_project.a(M2_IN1.o)
 .debug_aranges
                0x00000318       0x38 .\CortexM3\ARM_GCC_541\Debug\Design_301_project.a(M1_IN2.o)
 .debug_aranges
                0x00000350       0x88 .\CortexM3\ARM_GCC_541\Debug\Design_301_project.a(Timer_TS.o)
 .debug_aranges
                0x000003d8       0x80 .\CortexM3\ARM_GCC_541\Debug\Design_301_project.a(isr_TS.o)
 .debug_aranges
                0x00000458       0xc8 .\CortexM3\ARM_GCC_541\Debug\Design_301_project.a(USBUART.o)
 .debug_aranges
                0x00000520       0xe8 .\CortexM3\ARM_GCC_541\Debug\Design_301_project.a(USBUART_cdc.o)
 .debug_aranges
                0x00000608       0x98 .\CortexM3\ARM_GCC_541\Debug\Design_301_project.a(USBUART_drv.o)
 .debug_aranges
                0x000006a0       0x40 .\CortexM3\ARM_GCC_541\Debug\Design_301_project.a(USBUART_episr.o)
 .debug_aranges
                0x000006e0       0x40 .\CortexM3\ARM_GCC_541\Debug\Design_301_project.a(USBUART_pm.o)
 .debug_aranges
                0x00000720       0x80 .\CortexM3\ARM_GCC_541\Debug\Design_301_project.a(USBUART_std.o)
 .debug_aranges
                0x000007a0       0x20 .\CortexM3\ARM_GCC_541\Debug\Design_301_project.a(USBUART_vnd.o)
 .debug_aranges
                0x000007c0       0x38 .\CortexM3\ARM_GCC_541\Debug\Design_301_project.a(M1_IN1.o)
 .debug_aranges
                0x000007f8       0x38 .\CortexM3\ARM_GCC_541\Debug\Design_301_project.a(LED.o)
 .debug_aranges
                0x00000830       0x28 .\CortexM3\ARM_GCC_541\Debug\Design_301_project.a(RF_BT_SELECT.o)
 .debug_aranges
                0x00000858       0x38 .\CortexM3\ARM_GCC_541\Debug\Design_301_project.a(Vo6.o)
 .debug_aranges
                0x00000890       0x38 .\CortexM3\ARM_GCC_541\Debug\Design_301_project.a(Vo1.o)
 .debug_aranges
                0x000008c8       0x38 .\CortexM3\ARM_GCC_541\Debug\Design_301_project.a(Vo2.o)
 .debug_aranges
                0x00000900       0x38 .\CortexM3\ARM_GCC_541\Debug\Design_301_project.a(Vo5.o)
 .debug_aranges
                0x00000938       0x38 .\CortexM3\ARM_GCC_541\Debug\Design_301_project.a(Vo3.o)
 .debug_aranges
                0x00000970       0x38 .\CortexM3\ARM_GCC_541\Debug\Design_301_project.a(Vo4.o)
 .debug_aranges
                0x000009a8       0x48 .\CortexM3\ARM_GCC_541\Debug\Design_301_project.a(USBUART_Dp.o)
 .debug_aranges
                0x000009f0      0x2a0 .\CortexM3\ARM_GCC_541\Debug\Design_301_project.a(CyLib.o)
 .debug_aranges
                0x00000c90       0x98 .\CortexM3\ARM_GCC_541\Debug\Design_301_project.a(cyPm.o)
 .debug_aranges
                0x00000d28       0x20 .\CortexM3\ARM_GCC_541\Debug\Design_301_project.a(CyBootAsmGnu.o)
 .debug_aranges
                0x00000d48       0x20 .\CortexM3\ARM_GCC_541\Debug\Design_301_project.a(USBUART_cls.o)
 .debug_aranges
                0x00000d68       0x18 .\CortexM3\ARM_GCC_541\Debug\Design_301_project.a(USBUART_descr.o)
 .debug_aranges
                0x00000d80       0x88 .\CortexM3\ARM_GCC_541\Debug\Design_301_project.a(CyFlash.o)
 .debug_aranges
                0x00000e08       0x80 .\CortexM3\ARM_GCC_541\Debug\Design_301_project.a(CySpc.o)

.debug_pubnames
 *(.debug_pubnames)

.debug_info     0x00000000     0x8e51
 *(.debug_info .gnu.linkonce.wi.*)
 .debug_info    0x00000000      0xbf4 .\CortexM3\ARM_GCC_541\Debug\main.o
 .debug_info    0x00000bf4      0x615 .\CortexM3\ARM_GCC_541\Debug\cyfitter_cfg.o
 .debug_info    0x00001209      0x139 .\CortexM3\ARM_GCC_541\Debug\cymetadata.o
 .debug_info    0x00001342      0x3bb .\CortexM3\ARM_GCC_541\Debug\Cm3Start.o
 .debug_info    0x000016fd      0x281 .\CortexM3\ARM_GCC_541\Debug\Design_301_project.a(PWM_1.o)
 .debug_info    0x0000197e      0x153 .\CortexM3\ARM_GCC_541\Debug\Design_301_project.a(PWM_1_PM.o)
 .debug_info    0x00001ad1      0x281 .\CortexM3\ARM_GCC_541\Debug\Design_301_project.a(PWM_2.o)
 .debug_info    0x00001d52      0x153 .\CortexM3\ARM_GCC_541\Debug\Design_301_project.a(PWM_2_PM.o)
 .debug_info    0x00001ea5      0x11f .\CortexM3\ARM_GCC_541\Debug\Design_301_project.a(M2_IN2.o)
 .debug_info    0x00001fc4      0x11f .\CortexM3\ARM_GCC_541\Debug\Design_301_project.a(M2_IN1.o)
 .debug_info    0x000020e3      0x11f .\CortexM3\ARM_GCC_541\Debug\Design_301_project.a(M1_IN2.o)
 .debug_info    0x00002202      0x293 .\CortexM3\ARM_GCC_541\Debug\Design_301_project.a(Timer_TS.o)
 .debug_info    0x00002495      0x2d2 .\CortexM3\ARM_GCC_541\Debug\Design_301_project.a(isr_TS.o)
 .debug_info    0x00002767      0x995 .\CortexM3\ARM_GCC_541\Debug\Design_301_project.a(USBUART.o)
 .debug_info    0x000030fc      0xaf7 .\CortexM3\ARM_GCC_541\Debug\Design_301_project.a(USBUART_cdc.o)
 .debug_info    0x00003bf3      0x655 .\CortexM3\ARM_GCC_541\Debug\Design_301_project.a(USBUART_drv.o)
 .debug_info    0x00004248      0x254 .\CortexM3\ARM_GCC_541\Debug\Design_301_project.a(USBUART_episr.o)
 .debug_info    0x0000449c      0x2e4 .\CortexM3\ARM_GCC_541\Debug\Design_301_project.a(USBUART_pm.o)
 .debug_info    0x00004780      0xb36 .\CortexM3\ARM_GCC_541\Debug\Design_301_project.a(USBUART_std.o)
 .debug_info    0x000052b6      0x1be .\CortexM3\ARM_GCC_541\Debug\Design_301_project.a(USBUART_vnd.o)
 .debug_info    0x00005474      0x11f .\CortexM3\ARM_GCC_541\Debug\Design_301_project.a(M1_IN1.o)
 .debug_info    0x00005593      0x11f .\CortexM3\ARM_GCC_541\Debug\Design_301_project.a(LED.o)
 .debug_info    0x000056b2       0xd6 .\CortexM3\ARM_GCC_541\Debug\Design_301_project.a(RF_BT_SELECT.o)
 .debug_info    0x00005788      0x11f .\CortexM3\ARM_GCC_541\Debug\Design_301_project.a(Vo6.o)
 .debug_info    0x000058a7      0x11f .\CortexM3\ARM_GCC_541\Debug\Design_301_project.a(Vo1.o)
 .debug_info    0x000059c6      0x11f .\CortexM3\ARM_GCC_541\Debug\Design_301_project.a(Vo2.o)
 .debug_info    0x00005ae5      0x11f .\CortexM3\ARM_GCC_541\Debug\Design_301_project.a(Vo5.o)
 .debug_info    0x00005c04      0x11f .\CortexM3\ARM_GCC_541\Debug\Design_301_project.a(Vo3.o)
 .debug_info    0x00005d23      0x11f .\CortexM3\ARM_GCC_541\Debug\Design_301_project.a(Vo4.o)
 .debug_info    0x00005e42      0x174 .\CortexM3\ARM_GCC_541\Debug\Design_301_project.a(USBUART_Dp.o)
 .debug_info    0x00005fb6     0x1374 .\CortexM3\ARM_GCC_541\Debug\Design_301_project.a(CyLib.o)
 .debug_info    0x0000732a      0xa2a .\CortexM3\ARM_GCC_541\Debug\Design_301_project.a(cyPm.o)
 .debug_info    0x00007d54       0xa1 .\CortexM3\ARM_GCC_541\Debug\Design_301_project.a(CyBootAsmGnu.o)
 .debug_info    0x00007df5      0x1de .\CortexM3\ARM_GCC_541\Debug\Design_301_project.a(USBUART_cls.o)
 .debug_info    0x00007fd3      0x2e1 .\CortexM3\ARM_GCC_541\Debug\Design_301_project.a(USBUART_descr.o)
 .debug_info    0x000082b4      0x64d .\CortexM3\ARM_GCC_541\Debug\Design_301_project.a(CyFlash.o)
 .debug_info    0x00008901      0x550 .\CortexM3\ARM_GCC_541\Debug\Design_301_project.a(CySpc.o)

.debug_abbrev   0x00000000     0x283b
 *(.debug_abbrev)
 .debug_abbrev  0x00000000      0x24b .\CortexM3\ARM_GCC_541\Debug\main.o
 .debug_abbrev  0x0000024b      0x20d .\CortexM3\ARM_GCC_541\Debug\cyfitter_cfg.o
 .debug_abbrev  0x00000458       0x77 .\CortexM3\ARM_GCC_541\Debug\cymetadata.o
 .debug_abbrev  0x000004cf      0x1e8 .\CortexM3\ARM_GCC_541\Debug\Cm3Start.o
 .debug_abbrev  0x000006b7      0x12d .\CortexM3\ARM_GCC_541\Debug\Design_301_project.a(PWM_1.o)
 .debug_abbrev  0x000007e4       0xc4 .\CortexM3\ARM_GCC_541\Debug\Design_301_project.a(PWM_1_PM.o)
 .debug_abbrev  0x000008a8      0x12d .\CortexM3\ARM_GCC_541\Debug\Design_301_project.a(PWM_2.o)
 .debug_abbrev  0x000009d5       0xc4 .\CortexM3\ARM_GCC_541\Debug\Design_301_project.a(PWM_2_PM.o)
 .debug_abbrev  0x00000a99       0x90 .\CortexM3\ARM_GCC_541\Debug\Design_301_project.a(M2_IN2.o)
 .debug_abbrev  0x00000b29       0x90 .\CortexM3\ARM_GCC_541\Debug\Design_301_project.a(M2_IN1.o)
 .debug_abbrev  0x00000bb9       0x90 .\CortexM3\ARM_GCC_541\Debug\Design_301_project.a(M1_IN2.o)
 .debug_abbrev  0x00000c49      0x11a .\CortexM3\ARM_GCC_541\Debug\Design_301_project.a(Timer_TS.o)
 .debug_abbrev  0x00000d63      0x173 .\CortexM3\ARM_GCC_541\Debug\Design_301_project.a(isr_TS.o)
 .debug_abbrev  0x00000ed6      0x215 .\CortexM3\ARM_GCC_541\Debug\Design_301_project.a(USBUART.o)
 .debug_abbrev  0x000010eb      0x245 .\CortexM3\ARM_GCC_541\Debug\Design_301_project.a(USBUART_cdc.o)
 .debug_abbrev  0x00001330      0x189 .\CortexM3\ARM_GCC_541\Debug\Design_301_project.a(USBUART_drv.o)
 .debug_abbrev  0x000014b9      0x11b .\CortexM3\ARM_GCC_541\Debug\Design_301_project.a(USBUART_episr.o)
 .debug_abbrev  0x000015d4      0x108 .\CortexM3\ARM_GCC_541\Debug\Design_301_project.a(USBUART_pm.o)
 .debug_abbrev  0x000016dc      0x20a .\CortexM3\ARM_GCC_541\Debug\Design_301_project.a(USBUART_std.o)
 .debug_abbrev  0x000018e6       0xe1 .\CortexM3\ARM_GCC_541\Debug\Design_301_project.a(USBUART_vnd.o)
 .debug_abbrev  0x000019c7       0x90 .\CortexM3\ARM_GCC_541\Debug\Design_301_project.a(M1_IN1.o)
 .debug_abbrev  0x00001a57       0x90 .\CortexM3\ARM_GCC_541\Debug\Design_301_project.a(LED.o)
 .debug_abbrev  0x00001ae7       0x81 .\CortexM3\ARM_GCC_541\Debug\Design_301_project.a(RF_BT_SELECT.o)
 .debug_abbrev  0x00001b68       0x90 .\CortexM3\ARM_GCC_541\Debug\Design_301_project.a(Vo6.o)
 .debug_abbrev  0x00001bf8       0x90 .\CortexM3\ARM_GCC_541\Debug\Design_301_project.a(Vo1.o)
 .debug_abbrev  0x00001c88       0x90 .\CortexM3\ARM_GCC_541\Debug\Design_301_project.a(Vo2.o)
 .debug_abbrev  0x00001d18       0x90 .\CortexM3\ARM_GCC_541\Debug\Design_301_project.a(Vo5.o)
 .debug_abbrev  0x00001da8       0x90 .\CortexM3\ARM_GCC_541\Debug\Design_301_project.a(Vo3.o)
 .debug_abbrev  0x00001e38       0x90 .\CortexM3\ARM_GCC_541\Debug\Design_301_project.a(Vo4.o)
 .debug_abbrev  0x00001ec8       0x90 .\CortexM3\ARM_GCC_541\Debug\Design_301_project.a(USBUART_Dp.o)
 .debug_abbrev  0x00001f58      0x254 .\CortexM3\ARM_GCC_541\Debug\Design_301_project.a(CyLib.o)
 .debug_abbrev  0x000021ac      0x1ab .\CortexM3\ARM_GCC_541\Debug\Design_301_project.a(cyPm.o)
 .debug_abbrev  0x00002357       0x14 .\CortexM3\ARM_GCC_541\Debug\Design_301_project.a(CyBootAsmGnu.o)
 .debug_abbrev  0x0000236b       0xe1 .\CortexM3\ARM_GCC_541\Debug\Design_301_project.a(USBUART_cls.o)
 .debug_abbrev  0x0000244c       0xb4 .\CortexM3\ARM_GCC_541\Debug\Design_301_project.a(USBUART_descr.o)
 .debug_abbrev  0x00002500      0x1a7 .\CortexM3\ARM_GCC_541\Debug\Design_301_project.a(CyFlash.o)
 .debug_abbrev  0x000026a7      0x194 .\CortexM3\ARM_GCC_541\Debug\Design_301_project.a(CySpc.o)

.debug_line     0x00000000     0x3617
 *(.debug_line)
 .debug_line    0x00000000      0x3fa .\CortexM3\ARM_GCC_541\Debug\main.o
 .debug_line    0x000003fa        0x0 .\CortexM3\ARM_GCC_541\Debug\store.o
 .debug_line    0x000003fa      0x1e1 .\CortexM3\ARM_GCC_541\Debug\cyfitter_cfg.o
 .debug_line    0x000005db      0x109 .\CortexM3\ARM_GCC_541\Debug\cymetadata.o
 .debug_line    0x000006e4      0x1fc .\CortexM3\ARM_GCC_541\Debug\Cm3Start.o
 .debug_line    0x000008e0      0x133 .\CortexM3\ARM_GCC_541\Debug\Design_301_project.a(PWM_1.o)
 .debug_line    0x00000a13       0xa0 .\CortexM3\ARM_GCC_541\Debug\Design_301_project.a(PWM_1_PM.o)
 .debug_line    0x00000ab3      0x133 .\CortexM3\ARM_GCC_541\Debug\Design_301_project.a(PWM_2.o)
 .debug_line    0x00000be6       0xa0 .\CortexM3\ARM_GCC_541\Debug\Design_301_project.a(PWM_2_PM.o)
 .debug_line    0x00000c86       0x93 .\CortexM3\ARM_GCC_541\Debug\Design_301_project.a(M2_IN2.o)
 .debug_line    0x00000d19       0x93 .\CortexM3\ARM_GCC_541\Debug\Design_301_project.a(M2_IN1.o)
 .debug_line    0x00000dac       0x93 .\CortexM3\ARM_GCC_541\Debug\Design_301_project.a(M1_IN2.o)
 .debug_line    0x00000e3f      0x156 .\CortexM3\ARM_GCC_541\Debug\Design_301_project.a(Timer_TS.o)
 .debug_line    0x00000f95      0x133 .\CortexM3\ARM_GCC_541\Debug\Design_301_project.a(isr_TS.o)
 .debug_line    0x000010c8      0x2dc .\CortexM3\ARM_GCC_541\Debug\Design_301_project.a(USBUART.o)
 .debug_line    0x000013a4      0x2f2 .\CortexM3\ARM_GCC_541\Debug\Design_301_project.a(USBUART_cdc.o)
 .debug_line    0x00001696      0x221 .\CortexM3\ARM_GCC_541\Debug\Design_301_project.a(USBUART_drv.o)
 .debug_line    0x000018b7       0xe6 .\CortexM3\ARM_GCC_541\Debug\Design_301_project.a(USBUART_episr.o)
 .debug_line    0x0000199d      0x10e .\CortexM3\ARM_GCC_541\Debug\Design_301_project.a(USBUART_pm.o)
 .debug_line    0x00001aab      0x3dc .\CortexM3\ARM_GCC_541\Debug\Design_301_project.a(USBUART_std.o)
 .debug_line    0x00001e87       0x8b .\CortexM3\ARM_GCC_541\Debug\Design_301_project.a(USBUART_vnd.o)
 .debug_line    0x00001f12       0x93 .\CortexM3\ARM_GCC_541\Debug\Design_301_project.a(M1_IN1.o)
 .debug_line    0x00001fa5       0x90 .\CortexM3\ARM_GCC_541\Debug\Design_301_project.a(LED.o)
 .debug_line    0x00002035       0x74 .\CortexM3\ARM_GCC_541\Debug\Design_301_project.a(RF_BT_SELECT.o)
 .debug_line    0x000020a9       0x90 .\CortexM3\ARM_GCC_541\Debug\Design_301_project.a(Vo6.o)
 .debug_line    0x00002139       0x90 .\CortexM3\ARM_GCC_541\Debug\Design_301_project.a(Vo1.o)
 .debug_line    0x000021c9       0x90 .\CortexM3\ARM_GCC_541\Debug\Design_301_project.a(Vo2.o)
 .debug_line    0x00002259       0x90 .\CortexM3\ARM_GCC_541\Debug\Design_301_project.a(Vo5.o)
 .debug_line    0x000022e9       0x90 .\CortexM3\ARM_GCC_541\Debug\Design_301_project.a(Vo3.o)
 .debug_line    0x00002379       0x90 .\CortexM3\ARM_GCC_541\Debug\Design_301_project.a(Vo4.o)
 .debug_line    0x00002409       0xbb .\CortexM3\ARM_GCC_541\Debug\Design_301_project.a(USBUART_Dp.o)
 .debug_line    0x000024c4      0x816 .\CortexM3\ARM_GCC_541\Debug\Design_301_project.a(CyLib.o)
 .debug_line    0x00002cda      0x367 .\CortexM3\ARM_GCC_541\Debug\Design_301_project.a(cyPm.o)
 .debug_line    0x00003041       0x66 .\CortexM3\ARM_GCC_541\Debug\Design_301_project.a(CyBootAsmGnu.o)
 .debug_line    0x000030a7       0x95 .\CortexM3\ARM_GCC_541\Debug\Design_301_project.a(USBUART_cls.o)
 .debug_line    0x0000313c       0x61 .\CortexM3\ARM_GCC_541\Debug\Design_301_project.a(USBUART_descr.o)
 .debug_line    0x0000319d      0x21a .\CortexM3\ARM_GCC_541\Debug\Design_301_project.a(CyFlash.o)
 .debug_line    0x000033b7      0x260 .\CortexM3\ARM_GCC_541\Debug\Design_301_project.a(CySpc.o)

.debug_frame    0x00000000     0x27e0
 *(.debug_frame)
 .debug_frame   0x00000000      0x1b8 .\CortexM3\ARM_GCC_541\Debug\main.o
 .debug_frame   0x000001b8       0xe4 .\CortexM3\ARM_GCC_541\Debug\cyfitter_cfg.o
 .debug_frame   0x0000029c       0xb8 .\CortexM3\ARM_GCC_541\Debug\Cm3Start.o
 .debug_frame   0x00000354       0xe8 .\CortexM3\ARM_GCC_541\Debug\Design_301_project.a(PWM_1.o)
 .debug_frame   0x0000043c       0x68 .\CortexM3\ARM_GCC_541\Debug\Design_301_project.a(PWM_1_PM.o)
 .debug_frame   0x000004a4       0xe8 .\CortexM3\ARM_GCC_541\Debug\Design_301_project.a(PWM_2.o)
 .debug_frame   0x0000058c       0x68 .\CortexM3\ARM_GCC_541\Debug\Design_301_project.a(PWM_2_PM.o)
 .debug_frame   0x000005f4       0x50 .\CortexM3\ARM_GCC_541\Debug\Design_301_project.a(M2_IN2.o)
 .debug_frame   0x00000644       0x50 .\CortexM3\ARM_GCC_541\Debug\Design_301_project.a(M2_IN1.o)
 .debug_frame   0x00000694       0x50 .\CortexM3\ARM_GCC_541\Debug\Design_301_project.a(M1_IN2.o)
 .debug_frame   0x000006e4      0x108 .\CortexM3\ARM_GCC_541\Debug\Design_301_project.a(Timer_TS.o)
 .debug_frame   0x000007ec      0x104 .\CortexM3\ARM_GCC_541\Debug\Design_301_project.a(isr_TS.o)
 .debug_frame   0x000008f0      0x1dc .\CortexM3\ARM_GCC_541\Debug\Design_301_project.a(USBUART.o)
 .debug_frame   0x00000acc      0x27c .\CortexM3\ARM_GCC_541\Debug\Design_301_project.a(USBUART_cdc.o)
 .debug_frame   0x00000d48      0x194 .\CortexM3\ARM_GCC_541\Debug\Design_301_project.a(USBUART_drv.o)
 .debug_frame   0x00000edc       0x6c .\CortexM3\ARM_GCC_541\Debug\Design_301_project.a(USBUART_episr.o)
 .debug_frame   0x00000f48       0xa0 .\CortexM3\ARM_GCC_541\Debug\Design_301_project.a(USBUART_pm.o)
 .debug_frame   0x00000fe8      0x17c .\CortexM3\ARM_GCC_541\Debug\Design_301_project.a(USBUART_std.o)
 .debug_frame   0x00001164       0x2c .\CortexM3\ARM_GCC_541\Debug\Design_301_project.a(USBUART_vnd.o)
 .debug_frame   0x00001190       0x50 .\CortexM3\ARM_GCC_541\Debug\Design_301_project.a(M1_IN1.o)
 .debug_frame   0x000011e0       0x50 .\CortexM3\ARM_GCC_541\Debug\Design_301_project.a(LED.o)
 .debug_frame   0x00001230       0x30 .\CortexM3\ARM_GCC_541\Debug\Design_301_project.a(RF_BT_SELECT.o)
 .debug_frame   0x00001260       0x50 .\CortexM3\ARM_GCC_541\Debug\Design_301_project.a(Vo6.o)
 .debug_frame   0x000012b0       0x50 .\CortexM3\ARM_GCC_541\Debug\Design_301_project.a(Vo1.o)
 .debug_frame   0x00001300       0x50 .\CortexM3\ARM_GCC_541\Debug\Design_301_project.a(Vo2.o)
 .debug_frame   0x00001350       0x50 .\CortexM3\ARM_GCC_541\Debug\Design_301_project.a(Vo5.o)
 .debug_frame   0x000013a0       0x50 .\CortexM3\ARM_GCC_541\Debug\Design_301_project.a(Vo3.o)
 .debug_frame   0x000013f0       0x50 .\CortexM3\ARM_GCC_541\Debug\Design_301_project.a(Vo4.o)
 .debug_frame   0x00001440       0x70 .\CortexM3\ARM_GCC_541\Debug\Design_301_project.a(USBUART_Dp.o)
 .debug_frame   0x000014b0      0x738 .\CortexM3\ARM_GCC_541\Debug\Design_301_project.a(CyLib.o)
 .debug_frame   0x00001be8      0x1f8 .\CortexM3\ARM_GCC_541\Debug\Design_301_project.a(cyPm.o)
 .debug_frame   0x00001de0       0x2c .\CortexM3\ARM_GCC_541\Debug\Design_301_project.a(USBUART_cls.o)
 .debug_frame   0x00001e0c      0x194 .\CortexM3\ARM_GCC_541\Debug\Design_301_project.a(CyFlash.o)
 .debug_frame   0x00001fa0      0x180 .\CortexM3\ARM_GCC_541\Debug\Design_301_project.a(CySpc.o)
 .debug_frame   0x00002120       0x20 d:/psoc creator/4.4/psoc creator/import/gnu/arm/5.4.1/bin/../lib/gcc/arm-none-eabi/5.4.1/../../../../arm-none-eabi/lib/armv7-m\libg_nano.a(lib_a-errno.o)
 .debug_frame   0x00002140       0x28 d:/psoc creator/4.4/psoc creator/import/gnu/arm/5.4.1/bin/../lib/gcc/arm-none-eabi/5.4.1/../../../../arm-none-eabi/lib/armv7-m\libg_nano.a(lib_a-exit.o)
 .debug_frame   0x00002168       0x2c d:/psoc creator/4.4/psoc creator/import/gnu/arm/5.4.1/bin/../lib/gcc/arm-none-eabi/5.4.1/../../../../arm-none-eabi/lib/armv7-m\libg_nano.a(lib_a-init.o)
 .debug_frame   0x00002194       0x28 d:/psoc creator/4.4/psoc creator/import/gnu/arm/5.4.1/bin/../lib/gcc/arm-none-eabi/5.4.1/../../../../arm-none-eabi/lib/armv7-m\libg_nano.a(lib_a-memcpy-stub.o)
 .debug_frame   0x000021bc       0x20 d:/psoc creator/4.4/psoc creator/import/gnu/arm/5.4.1/bin/../lib/gcc/arm-none-eabi/5.4.1/../../../../arm-none-eabi/lib/armv7-m\libg_nano.a(lib_a-memset.o)
 .debug_frame   0x000021dc       0x8c d:/psoc creator/4.4/psoc creator/import/gnu/arm/5.4.1/bin/../lib/gcc/arm-none-eabi/5.4.1/../../../../arm-none-eabi/lib/armv7-m\libg_nano.a(lib_a-nano-vfprintf_float.o)
 .debug_frame   0x00002268       0x60 d:/psoc creator/4.4/psoc creator/import/gnu/arm/5.4.1/bin/../lib/gcc/arm-none-eabi/5.4.1/../../../../arm-none-eabi/lib/armv7-m\libg_nano.a(lib_a-nano-vfprintf_i.o)
 .debug_frame   0x000022c8       0x20 d:/psoc creator/4.4/psoc creator/import/gnu/arm/5.4.1/bin/../lib/gcc/arm-none-eabi/5.4.1/../../../../arm-none-eabi/lib/armv7-m\libg_nano.a(lib_a-strcpy.o)
 .debug_frame   0x000022e8       0x6c d:/psoc creator/4.4/psoc creator/import/gnu/arm/5.4.1/bin/../lib/gcc/arm-none-eabi/5.4.1/../../../../arm-none-eabi/lib/armv7-m\libg_nano.a(lib_a-dtoa.o)
 .debug_frame   0x00002354       0x98 d:/psoc creator/4.4/psoc creator/import/gnu/arm/5.4.1/bin/../lib/gcc/arm-none-eabi/5.4.1/../../../../arm-none-eabi/lib/armv7-m\libg_nano.a(lib_a-locale.o)
 .debug_frame   0x000023ec       0x30 d:/psoc creator/4.4/psoc creator/import/gnu/arm/5.4.1/bin/../lib/gcc/arm-none-eabi/5.4.1/../../../../arm-none-eabi/lib/armv7-m\libg_nano.a(lib_a-malloc.o)
 .debug_frame   0x0000241c       0x28 d:/psoc creator/4.4/psoc creator/import/gnu/arm/5.4.1/bin/../lib/gcc/arm-none-eabi/5.4.1/../../../../arm-none-eabi/lib/armv7-m\libg_nano.a(lib_a-memchr-stub.o)
 .debug_frame   0x00002444      0x234 d:/psoc creator/4.4/psoc creator/import/gnu/arm/5.4.1/bin/../lib/gcc/arm-none-eabi/5.4.1/../../../../arm-none-eabi/lib/armv7-m\libg_nano.a(lib_a-mprec.o)
 .debug_frame   0x00002678       0x2c d:/psoc creator/4.4/psoc creator/import/gnu/arm/5.4.1/bin/../lib/gcc/arm-none-eabi/5.4.1/../../../../arm-none-eabi/lib/armv7-m\libg_nano.a(lib_a-nano-callocr.o)
 .debug_frame   0x000026a4       0x38 d:/psoc creator/4.4/psoc creator/import/gnu/arm/5.4.1/bin/../lib/gcc/arm-none-eabi/5.4.1/../../../../arm-none-eabi/lib/armv7-m\libg_nano.a(lib_a-nano-freer.o)
 .debug_frame   0x000026dc       0x2c d:/psoc creator/4.4/psoc creator/import/gnu/arm/5.4.1/bin/../lib/gcc/arm-none-eabi/5.4.1/../../../../arm-none-eabi/lib/armv7-m\libg_nano.a(lib_a-nano-mallocr.o)
 .debug_frame   0x00002708       0x2c d:/psoc creator/4.4/psoc creator/import/gnu/arm/5.4.1/bin/../lib/gcc/arm-none-eabi/5.4.1/../../../../arm-none-eabi/lib/armv7-m\libg_nano.a(lib_a-sbrkr.o)
 .debug_frame   0x00002734       0x20 d:/psoc creator/4.4/psoc creator/import/gnu/arm/5.4.1/bin/../lib/gcc/arm-none-eabi/5.4.1/../../../../arm-none-eabi/lib/armv7-m\libg_nano.a(lib_a-strcmp.o)
 .debug_frame   0x00002754       0x30 d:/psoc creator/4.4/psoc creator/import/gnu/arm/5.4.1/bin/../lib/gcc/arm-none-eabi/5.4.1/../../../../arm-none-eabi/lib/armv7-m\libg_nano.a(lib_a-mlock.o)
 .debug_frame   0x00002784       0x5c d:/psoc creator/4.4/psoc creator/import/gnu/arm/5.4.1/bin/../lib/gcc/arm-none-eabi/5.4.1/../../../../arm-none-eabi/lib/armv7-m\libg_nano.a(lib_a-reent.o)

.debug_str      0x00000000     0x31be
 *(.debug_str)
 .debug_str     0x00000000      0x668 .\CortexM3\ARM_GCC_541\Debug\main.o
                                0x6ec (size before relaxing)
 .debug_str     0x00000668        0x8 .\CortexM3\ARM_GCC_541\Debug\store.o
                                 0xe9 (size before relaxing)
 .debug_str     0x00000670      0x1b5 .\CortexM3\ARM_GCC_541\Debug\cyfitter_cfg.o
                                0x35b (size before relaxing)
 .debug_str     0x00000825       0x7f .\CortexM3\ARM_GCC_541\Debug\cymetadata.o
                                0x1f5 (size before relaxing)
 .debug_str     0x000008a4      0x13e .\CortexM3\ARM_GCC_541\Debug\Cm3Start.o
                                0x31b (size before relaxing)
 .debug_str     0x000009e2      0x109 .\CortexM3\ARM_GCC_541\Debug\Design_301_project.a(PWM_1.o)
                                0x2de (size before relaxing)
 .debug_str     0x00000aeb       0x7e .\CortexM3\ARM_GCC_541\Debug\Design_301_project.a(PWM_1_PM.o)
                                0x23e (size before relaxing)
 .debug_str     0x00000b69       0xd8 .\CortexM3\ARM_GCC_541\Debug\Design_301_project.a(PWM_2.o)
                                0x2de (size before relaxing)
 .debug_str     0x00000c41       0x6f .\CortexM3\ARM_GCC_541\Debug\Design_301_project.a(PWM_2_PM.o)
                                0x23e (size before relaxing)
 .debug_str     0x00000cb0       0x63 .\CortexM3\ARM_GCC_541\Debug\Design_301_project.a(M2_IN2.o)
                                0x1f8 (size before relaxing)
 .debug_str     0x00000d13       0x53 .\CortexM3\ARM_GCC_541\Debug\Design_301_project.a(M2_IN1.o)
                                0x1f8 (size before relaxing)
 .debug_str     0x00000d66       0x53 .\CortexM3\ARM_GCC_541\Debug\Design_301_project.a(M1_IN2.o)
                                0x1f8 (size before relaxing)
 .debug_str     0x00000db9      0x166 .\CortexM3\ARM_GCC_541\Debug\Design_301_project.a(Timer_TS.o)
                                0x336 (size before relaxing)
 .debug_str     0x00000f1f       0xfd .\CortexM3\ARM_GCC_541\Debug\Design_301_project.a(isr_TS.o)
                                0x2c5 (size before relaxing)
 .debug_str     0x0000101c      0x472 .\CortexM3\ARM_GCC_541\Debug\Design_301_project.a(USBUART.o)
                                0x67b (size before relaxing)
 .debug_str     0x0000148e      0x4bd .\CortexM3\ARM_GCC_541\Debug\Design_301_project.a(USBUART_cdc.o)
                                0x7e2 (size before relaxing)
 .debug_str     0x0000194b      0x291 .\CortexM3\ARM_GCC_541\Debug\Design_301_project.a(USBUART_drv.o)
                                0x659 (size before relaxing)
 .debug_str     0x00001bdc       0x80 .\CortexM3\ARM_GCC_541\Debug\Design_301_project.a(USBUART_episr.o)
                                0x2f0 (size before relaxing)
 .debug_str     0x00001c5c       0xd2 .\CortexM3\ARM_GCC_541\Debug\Design_301_project.a(USBUART_pm.o)
                                0x301 (size before relaxing)
 .debug_str     0x00001d2e      0x288 .\CortexM3\ARM_GCC_541\Debug\Design_301_project.a(USBUART_std.o)
                                0x7e0 (size before relaxing)
 .debug_str     0x00001fb6       0x46 .\CortexM3\ARM_GCC_541\Debug\Design_301_project.a(USBUART_vnd.o)
                                0x2a0 (size before relaxing)
 .debug_str     0x00001ffc       0x53 .\CortexM3\ARM_GCC_541\Debug\Design_301_project.a(M1_IN1.o)
                                0x1f8 (size before relaxing)
 .debug_str     0x0000204f       0x47 .\CortexM3\ARM_GCC_541\Debug\Design_301_project.a(LED.o)
                                0x1e9 (size before relaxing)
 .debug_str     0x00002096       0x38 .\CortexM3\ARM_GCC_541\Debug\Design_301_project.a(RF_BT_SELECT.o)
                                0x1d5 (size before relaxing)
 .debug_str     0x000020ce       0x48 .\CortexM3\ARM_GCC_541\Debug\Design_301_project.a(Vo6.o)
                                0x1e9 (size before relaxing)
 .debug_str     0x00002116       0x48 .\CortexM3\ARM_GCC_541\Debug\Design_301_project.a(Vo1.o)
                                0x1e9 (size before relaxing)
 .debug_str     0x0000215e       0x48 .\CortexM3\ARM_GCC_541\Debug\Design_301_project.a(Vo2.o)
                                0x1e9 (size before relaxing)
 .debug_str     0x000021a6       0x48 .\CortexM3\ARM_GCC_541\Debug\Design_301_project.a(Vo5.o)
                                0x1e9 (size before relaxing)
 .debug_str     0x000021ee       0x48 .\CortexM3\ARM_GCC_541\Debug\Design_301_project.a(Vo3.o)
                                0x1e9 (size before relaxing)
 .debug_str     0x00002236       0x48 .\CortexM3\ARM_GCC_541\Debug\Design_301_project.a(Vo4.o)
                                0x1e9 (size before relaxing)
 .debug_str     0x0000227e       0x90 .\CortexM3\ARM_GCC_541\Debug\Design_301_project.a(USBUART_Dp.o)
                                0x252 (size before relaxing)
 .debug_str     0x0000230e      0x7bb .\CortexM3\ARM_GCC_541\Debug\Design_301_project.a(CyLib.o)
                                0xa58 (size before relaxing)
 .debug_str     0x00002ac9      0x365 .\CortexM3\ARM_GCC_541\Debug\Design_301_project.a(cyPm.o)
                                0x744 (size before relaxing)
 .debug_str     0x00002e2e       0x25 .\CortexM3\ARM_GCC_541\Debug\Design_301_project.a(USBUART_cls.o)
                                0x2bd (size before relaxing)
 .debug_str     0x00002e53      0x104 .\CortexM3\ARM_GCC_541\Debug\Design_301_project.a(USBUART_descr.o)
                                0x3a3 (size before relaxing)
 .debug_str     0x00002f57      0x1bb .\CortexM3\ARM_GCC_541\Debug\Design_301_project.a(CyFlash.o)
                                0x3d1 (size before relaxing)
 .debug_str     0x00003112       0xac .\CortexM3\ARM_GCC_541\Debug\Design_301_project.a(CySpc.o)
                                0x349 (size before relaxing)

.debug_loc      0x00000000     0x346e
 *(.debug_loc)
 .debug_loc     0x00000000      0x1a5 .\CortexM3\ARM_GCC_541\Debug\main.o
 .debug_loc     0x000001a5      0x25a .\CortexM3\ARM_GCC_541\Debug\cyfitter_cfg.o
 .debug_loc     0x000003ff      0x144 .\CortexM3\ARM_GCC_541\Debug\Cm3Start.o
 .debug_loc     0x00000543       0x13 .\CortexM3\ARM_GCC_541\Debug\Design_301_project.a(PWM_1.o)
 .debug_loc     0x00000556       0x13 .\CortexM3\ARM_GCC_541\Debug\Design_301_project.a(PWM_2.o)
 .debug_loc     0x00000569       0x42 .\CortexM3\ARM_GCC_541\Debug\Design_301_project.a(M2_IN2.o)
 .debug_loc     0x000005ab       0x42 .\CortexM3\ARM_GCC_541\Debug\Design_301_project.a(M2_IN1.o)
 .debug_loc     0x000005ed       0x42 .\CortexM3\ARM_GCC_541\Debug\Design_301_project.a(M1_IN2.o)
 .debug_loc     0x0000062f       0x56 .\CortexM3\ARM_GCC_541\Debug\Design_301_project.a(isr_TS.o)
 .debug_loc     0x00000685      0x3e1 .\CortexM3\ARM_GCC_541\Debug\Design_301_project.a(USBUART.o)
 .debug_loc     0x00000a66      0x557 .\CortexM3\ARM_GCC_541\Debug\Design_301_project.a(USBUART_cdc.o)
 .debug_loc     0x00000fbd      0x171 .\CortexM3\ARM_GCC_541\Debug\Design_301_project.a(USBUART_drv.o)
 .debug_loc     0x0000112e       0x26 .\CortexM3\ARM_GCC_541\Debug\Design_301_project.a(USBUART_pm.o)
 .debug_loc     0x00001154      0x93a .\CortexM3\ARM_GCC_541\Debug\Design_301_project.a(USBUART_std.o)
 .debug_loc     0x00001a8e       0x36 .\CortexM3\ARM_GCC_541\Debug\Design_301_project.a(USBUART_vnd.o)
 .debug_loc     0x00001ac4       0x42 .\CortexM3\ARM_GCC_541\Debug\Design_301_project.a(M1_IN1.o)
 .debug_loc     0x00001b06       0x42 .\CortexM3\ARM_GCC_541\Debug\Design_301_project.a(LED.o)
 .debug_loc     0x00001b48       0x42 .\CortexM3\ARM_GCC_541\Debug\Design_301_project.a(Vo6.o)
 .debug_loc     0x00001b8a       0x42 .\CortexM3\ARM_GCC_541\Debug\Design_301_project.a(Vo1.o)
 .debug_loc     0x00001bcc       0x42 .\CortexM3\ARM_GCC_541\Debug\Design_301_project.a(Vo2.o)
 .debug_loc     0x00001c0e       0x42 .\CortexM3\ARM_GCC_541\Debug\Design_301_project.a(Vo5.o)
 .debug_loc     0x00001c50       0x42 .\CortexM3\ARM_GCC_541\Debug\Design_301_project.a(Vo3.o)
 .debug_loc     0x00001c92       0x42 .\CortexM3\ARM_GCC_541\Debug\Design_301_project.a(Vo4.o)
 .debug_loc     0x00001cd4       0x84 .\CortexM3\ARM_GCC_541\Debug\Design_301_project.a(USBUART_Dp.o)
 .debug_loc     0x00001d58      0xa11 .\CortexM3\ARM_GCC_541\Debug\Design_301_project.a(CyLib.o)
 .debug_loc     0x00002769      0x1e4 .\CortexM3\ARM_GCC_541\Debug\Design_301_project.a(cyPm.o)
 .debug_loc     0x0000294d       0x6a .\CortexM3\ARM_GCC_541\Debug\Design_301_project.a(USBUART_cls.o)
 .debug_loc     0x000029b7      0x3b2 .\CortexM3\ARM_GCC_541\Debug\Design_301_project.a(CyFlash.o)
 .debug_loc     0x00002d69      0x705 .\CortexM3\ARM_GCC_541\Debug\Design_301_project.a(CySpc.o)

.debug_macinfo
 *(.debug_macinfo)

.debug_ranges   0x00000000      0xc30
 *(.debug_ranges)
 .debug_ranges  0x00000000       0x80 .\CortexM3\ARM_GCC_541\Debug\main.o
 .debug_ranges  0x00000080       0x48 .\CortexM3\ARM_GCC_541\Debug\cyfitter_cfg.o
 .debug_ranges  0x000000c8       0x38 .\CortexM3\ARM_GCC_541\Debug\Cm3Start.o
 .debug_ranges  0x00000100       0x68 .\CortexM3\ARM_GCC_541\Debug\Design_301_project.a(PWM_1.o)
 .debug_ranges  0x00000168       0x28 .\CortexM3\ARM_GCC_541\Debug\Design_301_project.a(PWM_1_PM.o)
 .debug_ranges  0x00000190       0x68 .\CortexM3\ARM_GCC_541\Debug\Design_301_project.a(PWM_2.o)
 .debug_ranges  0x000001f8       0x28 .\CortexM3\ARM_GCC_541\Debug\Design_301_project.a(PWM_2_PM.o)
 .debug_ranges  0x00000220       0x28 .\CortexM3\ARM_GCC_541\Debug\Design_301_project.a(M2_IN2.o)
 .debug_ranges  0x00000248       0x28 .\CortexM3\ARM_GCC_541\Debug\Design_301_project.a(M2_IN1.o)
 .debug_ranges  0x00000270       0x28 .\CortexM3\ARM_GCC_541\Debug\Design_301_project.a(M1_IN2.o)
 .debug_ranges  0x00000298       0x78 .\CortexM3\ARM_GCC_541\Debug\Design_301_project.a(Timer_TS.o)
 .debug_ranges  0x00000310       0x70 .\CortexM3\ARM_GCC_541\Debug\Design_301_project.a(isr_TS.o)
 .debug_ranges  0x00000380       0xd0 .\CortexM3\ARM_GCC_541\Debug\Design_301_project.a(USBUART.o)
 .debug_ranges  0x00000450       0xd8 .\CortexM3\ARM_GCC_541\Debug\Design_301_project.a(USBUART_cdc.o)
 .debug_ranges  0x00000528       0x88 .\CortexM3\ARM_GCC_541\Debug\Design_301_project.a(USBUART_drv.o)
 .debug_ranges  0x000005b0       0x30 .\CortexM3\ARM_GCC_541\Debug\Design_301_project.a(USBUART_episr.o)
 .debug_ranges  0x000005e0       0x30 .\CortexM3\ARM_GCC_541\Debug\Design_301_project.a(USBUART_pm.o)
 .debug_ranges  0x00000610       0x70 .\CortexM3\ARM_GCC_541\Debug\Design_301_project.a(USBUART_std.o)
 .debug_ranges  0x00000680       0x10 .\CortexM3\ARM_GCC_541\Debug\Design_301_project.a(USBUART_vnd.o)
 .debug_ranges  0x00000690       0x28 .\CortexM3\ARM_GCC_541\Debug\Design_301_project.a(M1_IN1.o)
 .debug_ranges  0x000006b8       0x28 .\CortexM3\ARM_GCC_541\Debug\Design_301_project.a(LED.o)
 .debug_ranges  0x000006e0       0x18 .\CortexM3\ARM_GCC_541\Debug\Design_301_project.a(RF_BT_SELECT.o)
 .debug_ranges  0x000006f8       0x28 .\CortexM3\ARM_GCC_541\Debug\Design_301_project.a(Vo6.o)
 .debug_ranges  0x00000720       0x28 .\CortexM3\ARM_GCC_541\Debug\Design_301_project.a(Vo1.o)
 .debug_ranges  0x00000748       0x28 .\CortexM3\ARM_GCC_541\Debug\Design_301_project.a(Vo2.o)
 .debug_ranges  0x00000770       0x28 .\CortexM3\ARM_GCC_541\Debug\Design_301_project.a(Vo5.o)
 .debug_ranges  0x00000798       0x28 .\CortexM3\ARM_GCC_541\Debug\Design_301_project.a(Vo3.o)
 .debug_ranges  0x000007c0       0x28 .\CortexM3\ARM_GCC_541\Debug\Design_301_project.a(Vo4.o)
 .debug_ranges  0x000007e8       0x38 .\CortexM3\ARM_GCC_541\Debug\Design_301_project.a(USBUART_Dp.o)
 .debug_ranges  0x00000820      0x290 .\CortexM3\ARM_GCC_541\Debug\Design_301_project.a(CyLib.o)
 .debug_ranges  0x00000ab0       0x88 .\CortexM3\ARM_GCC_541\Debug\Design_301_project.a(cyPm.o)
 .debug_ranges  0x00000b38       0x10 .\CortexM3\ARM_GCC_541\Debug\Design_301_project.a(USBUART_cls.o)
 .debug_ranges  0x00000b48       0x78 .\CortexM3\ARM_GCC_541\Debug\Design_301_project.a(CyFlash.o)
 .debug_ranges  0x00000bc0       0x70 .\CortexM3\ARM_GCC_541\Debug\Design_301_project.a(CySpc.o)

.comment        0x00000000       0x6e
 .comment       0x00000000       0x6e .\CortexM3\ARM_GCC_541\Debug\main.o
                                 0x6f (size before relaxing)
 .comment       0x0000006e       0x6f .\CortexM3\ARM_GCC_541\Debug\store.o
 .comment       0x0000006e       0x6f .\CortexM3\ARM_GCC_541\Debug\cyfitter_cfg.o
 .comment       0x0000006e       0x6f .\CortexM3\ARM_GCC_541\Debug\cymetadata.o
 .comment       0x0000006e       0x6f .\CortexM3\ARM_GCC_541\Debug\Cm3Start.o
 .comment       0x0000006e       0x6f .\CortexM3\ARM_GCC_541\Debug\Design_301_project.a(PWM_1.o)
 .comment       0x0000006e       0x6f .\CortexM3\ARM_GCC_541\Debug\Design_301_project.a(PWM_1_PM.o)
 .comment       0x0000006e       0x6f .\CortexM3\ARM_GCC_541\Debug\Design_301_project.a(PWM_2.o)
 .comment       0x0000006e       0x6f .\CortexM3\ARM_GCC_541\Debug\Design_301_project.a(PWM_2_PM.o)
 .comment       0x0000006e       0x6f .\CortexM3\ARM_GCC_541\Debug\Design_301_project.a(M2_IN2.o)
 .comment       0x0000006e       0x6f .\CortexM3\ARM_GCC_541\Debug\Design_301_project.a(M2_IN1.o)
 .comment       0x0000006e       0x6f .\CortexM3\ARM_GCC_541\Debug\Design_301_project.a(M1_IN2.o)
 .comment       0x0000006e       0x6f .\CortexM3\ARM_GCC_541\Debug\Design_301_project.a(Timer_TS.o)
 .comment       0x0000006e       0x6f .\CortexM3\ARM_GCC_541\Debug\Design_301_project.a(isr_TS.o)
 .comment       0x0000006e       0x6f .\CortexM3\ARM_GCC_541\Debug\Design_301_project.a(USBUART.o)
 .comment       0x0000006e       0x6f .\CortexM3\ARM_GCC_541\Debug\Design_301_project.a(USBUART_cdc.o)
 .comment       0x0000006e       0x6f .\CortexM3\ARM_GCC_541\Debug\Design_301_project.a(USBUART_drv.o)
 .comment       0x0000006e       0x6f .\CortexM3\ARM_GCC_541\Debug\Design_301_project.a(USBUART_episr.o)
 .comment       0x0000006e       0x6f .\CortexM3\ARM_GCC_541\Debug\Design_301_project.a(USBUART_pm.o)
 .comment       0x0000006e       0x6f .\CortexM3\ARM_GCC_541\Debug\Design_301_project.a(USBUART_std.o)
 .comment       0x0000006e       0x6f .\CortexM3\ARM_GCC_541\Debug\Design_301_project.a(USBUART_vnd.o)
 .comment       0x0000006e       0x6f .\CortexM3\ARM_GCC_541\Debug\Design_301_project.a(M1_IN1.o)
 .comment       0x0000006e       0x6f .\CortexM3\ARM_GCC_541\Debug\Design_301_project.a(LED.o)
 .comment       0x0000006e       0x6f .\CortexM3\ARM_GCC_541\Debug\Design_301_project.a(RF_BT_SELECT.o)
 .comment       0x0000006e       0x6f .\CortexM3\ARM_GCC_541\Debug\Design_301_project.a(Vo6.o)
 .comment       0x0000006e       0x6f .\CortexM3\ARM_GCC_541\Debug\Design_301_project.a(Vo1.o)
 .comment       0x0000006e       0x6f .\CortexM3\ARM_GCC_541\Debug\Design_301_project.a(Vo2.o)
 .comment       0x0000006e       0x6f .\CortexM3\ARM_GCC_541\Debug\Design_301_project.a(Vo5.o)
 .comment       0x0000006e       0x6f .\CortexM3\ARM_GCC_541\Debug\Design_301_project.a(Vo3.o)
 .comment       0x0000006e       0x6f .\CortexM3\ARM_GCC_541\Debug\Design_301_project.a(Vo4.o)
 .comment       0x0000006e       0x6f .\CortexM3\ARM_GCC_541\Debug\Design_301_project.a(USBUART_Dp.o)
 .comment       0x0000006e       0x6f .\CortexM3\ARM_GCC_541\Debug\Design_301_project.a(CyLib.o)
 .comment       0x0000006e       0x6f .\CortexM3\ARM_GCC_541\Debug\Design_301_project.a(cyPm.o)
 .comment       0x0000006e       0x6f .\CortexM3\ARM_GCC_541\Debug\Design_301_project.a(USBUART_cls.o)
 .comment       0x0000006e       0x6f .\CortexM3\ARM_GCC_541\Debug\Design_301_project.a(USBUART_descr.o)
 .comment       0x0000006e       0x6f .\CortexM3\ARM_GCC_541\Debug\Design_301_project.a(CyFlash.o)
 .comment       0x0000006e       0x6f .\CortexM3\ARM_GCC_541\Debug\Design_301_project.a(CySpc.o)

.debug_weaknames
 *(.debug_weaknames)

.debug_funcnames
 *(.debug_funcnames)

.debug_typenames
 *(.debug_typenames)

.debug_varnames
 *(.debug_varnames)

.note.gnu.arm.ident
 *(.note.gnu.arm.ident)

.ARM.attributes
                0x00000000       0x29
 *(.ARM.attributes)
 .ARM.attributes
                0x00000000       0x1d d:/psoc creator/4.4/psoc creator/import/gnu/arm/5.4.1/bin/../lib/gcc/arm-none-eabi/5.4.1/armv7-m/crti.o
 .ARM.attributes
                0x0000001d       0x2d d:/psoc creator/4.4/psoc creator/import/gnu/arm/5.4.1/bin/../lib/gcc/arm-none-eabi/5.4.1/armv7-m/crtbegin.o
 .ARM.attributes
                0x0000004a       0x1b d:/psoc creator/4.4/psoc creator/import/gnu/arm/5.4.1/bin/../lib/gcc/arm-none-eabi/5.4.1/../../../../arm-none-eabi/lib/armv7-m/crt0.o
 .ARM.attributes
                0x00000065       0x33 .\CortexM3\ARM_GCC_541\Debug\main.o
 .ARM.attributes
                0x00000098       0x33 .\CortexM3\ARM_GCC_541\Debug\store.o
 .ARM.attributes
                0x000000cb       0x33 .\CortexM3\ARM_GCC_541\Debug\cyfitter_cfg.o
 .ARM.attributes
                0x000000fe       0x33 .\CortexM3\ARM_GCC_541\Debug\cymetadata.o
 .ARM.attributes
                0x00000131       0x33 .\CortexM3\ARM_GCC_541\Debug\Cm3Start.o
 .ARM.attributes
                0x00000164       0x33 .\CortexM3\ARM_GCC_541\Debug\Design_301_project.a(PWM_1.o)
 .ARM.attributes
                0x00000197       0x33 .\CortexM3\ARM_GCC_541\Debug\Design_301_project.a(PWM_1_PM.o)
 .ARM.attributes
                0x000001ca       0x33 .\CortexM3\ARM_GCC_541\Debug\Design_301_project.a(PWM_2.o)
 .ARM.attributes
                0x000001fd       0x33 .\CortexM3\ARM_GCC_541\Debug\Design_301_project.a(PWM_2_PM.o)
 .ARM.attributes
                0x00000230       0x33 .\CortexM3\ARM_GCC_541\Debug\Design_301_project.a(M2_IN2.o)
 .ARM.attributes
                0x00000263       0x33 .\CortexM3\ARM_GCC_541\Debug\Design_301_project.a(M2_IN1.o)
 .ARM.attributes
                0x00000296       0x33 .\CortexM3\ARM_GCC_541\Debug\Design_301_project.a(M1_IN2.o)
 .ARM.attributes
                0x000002c9       0x33 .\CortexM3\ARM_GCC_541\Debug\Design_301_project.a(Timer_TS.o)
 .ARM.attributes
                0x000002fc       0x33 .\CortexM3\ARM_GCC_541\Debug\Design_301_project.a(isr_TS.o)
 .ARM.attributes
                0x0000032f       0x33 .\CortexM3\ARM_GCC_541\Debug\Design_301_project.a(USBUART.o)
 .ARM.attributes
                0x00000362       0x33 .\CortexM3\ARM_GCC_541\Debug\Design_301_project.a(USBUART_cdc.o)
 .ARM.attributes
                0x00000395       0x33 .\CortexM3\ARM_GCC_541\Debug\Design_301_project.a(USBUART_drv.o)
 .ARM.attributes
                0x000003c8       0x33 .\CortexM3\ARM_GCC_541\Debug\Design_301_project.a(USBUART_episr.o)