Archive member included to satisfy reference by file (symbol)

.\CortexM3\ARM_GCC_541\Debug\Design_301_project.a(M2_D1.o)
                              .\CortexM3\ARM_GCC_541\Debug\main.o (M2_D1_Write)
.\CortexM3\ARM_GCC_541\Debug\Design_301_project.a(QuadDec_M1.o)
                              .\CortexM3\ARM_GCC_541\Debug\main.o (QuadDec_M1_GetCounter)
.\CortexM3\ARM_GCC_541\Debug\Design_301_project.a(QuadDec_M2.o)
                              .\CortexM3\ARM_GCC_541\Debug\main.o (QuadDec_M2_GetCounter)
.\CortexM3\ARM_GCC_541\Debug\Design_301_project.a(PWM_1.o)
                              .\CortexM3\ARM_GCC_541\Debug\main.o (PWM_1_WriteCompare)
.\CortexM3\ARM_GCC_541\Debug\Design_301_project.a(PWM_1_PM.o)
                              .\CortexM3\ARM_GCC_541\Debug\main.o (PWM_1_SaveConfig)
.\CortexM3\ARM_GCC_541\Debug\Design_301_project.a(PWM_2.o)
                              .\CortexM3\ARM_GCC_541\Debug\main.o (PWM_2_WriteCompare)
.\CortexM3\ARM_GCC_541\Debug\Design_301_project.a(PWM_2_PM.o)
                              .\CortexM3\ARM_GCC_541\Debug\main.o (PWM_2_SaveConfig)
.\CortexM3\ARM_GCC_541\Debug\Design_301_project.a(Timer_1.o)
                              .\CortexM3\ARM_GCC_541\Debug\main.o (Timer_1_Enable)
.\CortexM3\ARM_GCC_541\Debug\Design_301_project.a(isr_US.o)
                              .\CortexM3\ARM_GCC_541\Debug\main.o (isr_US_StartEx)
.\CortexM3\ARM_GCC_541\Debug\Design_301_project.a(USBUART.o)
                              .\CortexM3\ARM_GCC_541\Debug\main.o (USBUART_Start)
.\CortexM3\ARM_GCC_541\Debug\Design_301_project.a(USBUART_cdc.o)
                              .\CortexM3\ARM_GCC_541\Debug\main.o (USBUART_CDC_Init)
.\CortexM3\ARM_GCC_541\Debug\Design_301_project.a(USBUART_drv.o)
                              .\CortexM3\ARM_GCC_541\Debug\Design_301_project.a(USBUART.o) (USBUART_lastPacketSize)
.\CortexM3\ARM_GCC_541\Debug\Design_301_project.a(USBUART_episr.o)
                              .\CortexM3\ARM_GCC_541\Debug\Design_301_project.a(USBUART.o) (USBUART_EP_1_ISR)
.\CortexM3\ARM_GCC_541\Debug\Design_301_project.a(USBUART_pm.o)
                              .\CortexM3\ARM_GCC_541\Debug\Design_301_project.a(USBUART.o) (USBUART_DP_ISR)
.\CortexM3\ARM_GCC_541\Debug\Design_301_project.a(USBUART_std.o)
                              .\CortexM3\ARM_GCC_541\Debug\Design_301_project.a(USBUART_pm.o) (USBUART_ConfigReg)
.\CortexM3\ARM_GCC_541\Debug\Design_301_project.a(USBUART_vnd.o)
                              .\CortexM3\ARM_GCC_541\Debug\Design_301_project.a(USBUART_drv.o) (USBUART_HandleVendorRqst)
.\CortexM3\ARM_GCC_541\Debug\Design_301_project.a(RF_BT_SELECT.o)
                              .\CortexM3\ARM_GCC_541\Debug\main.o (RF_BT_SELECT_Write)
.\CortexM3\ARM_GCC_541\Debug\Design_301_project.a(Vo6.o)
                              .\CortexM3\ARM_GCC_541\Debug\main.o (Vo6_Read)
.\CortexM3\ARM_GCC_541\Debug\Design_301_project.a(Vo1.o)
                              .\CortexM3\ARM_GCC_541\Debug\main.o (Vo1_Read)
.\CortexM3\ARM_GCC_541\Debug\Design_301_project.a(Vo2.o)
                              .\CortexM3\ARM_GCC_541\Debug\main.o (Vo2_Read)
.\CortexM3\ARM_GCC_541\Debug\Design_301_project.a(Vo5.o)
                              .\CortexM3\ARM_GCC_541\Debug\main.o (Vo5_Read)
.\CortexM3\ARM_GCC_541\Debug\Design_301_project.a(Vo3.o)
                              .\CortexM3\ARM_GCC_541\Debug\main.o (Vo3_Read)
.\CortexM3\ARM_GCC_541\Debug\Design_301_project.a(Vo4.o)
                              .\CortexM3\ARM_GCC_541\Debug\main.o (Vo4_Read)
.\CortexM3\ARM_GCC_541\Debug\Design_301_project.a(M1_D1.o)
                              .\CortexM3\ARM_GCC_541\Debug\main.o (M1_D1_Write)
.\CortexM3\ARM_GCC_541\Debug\Design_301_project.a(Timer_2.o)
                              .\CortexM3\ARM_GCC_541\Debug\main.o (Timer_2_Init)
.\CortexM3\ARM_GCC_541\Debug\Design_301_project.a(Timer_2_PM.o)
                              .\CortexM3\ARM_GCC_541\Debug\main.o (Timer_2_Sleep)
.\CortexM3\ARM_GCC_541\Debug\Design_301_project.a(isr_T2.o)
                              .\CortexM3\ARM_GCC_541\Debug\main.o (isr_T2_StartEx)
.\CortexM3\ARM_GCC_541\Debug\Design_301_project.a(QuadDec_M1_Cnt16.o)
                              .\CortexM3\ARM_GCC_541\Debug\Design_301_project.a(QuadDec_M1.o) (QuadDec_M1_Cnt16_Stop)
.\CortexM3\ARM_GCC_541\Debug\Design_301_project.a(QuadDec_M2_Cnt16.o)
                              .\CortexM3\ARM_GCC_541\Debug\Design_301_project.a(QuadDec_M2.o) (QuadDec_M2_Cnt16_Stop)
.\CortexM3\ARM_GCC_541\Debug\Design_301_project.a(USBUART_Dp.o)
                              .\CortexM3\ARM_GCC_541\Debug\Design_301_project.a(USBUART.o) (USBUART_Dp_ClearInterrupt)
.\CortexM3\ARM_GCC_541\Debug\Design_301_project.a(CyLib.o)
                              .\CortexM3\ARM_GCC_541\Debug\Cm3Start.o (CyHalt)
.\CortexM3\ARM_GCC_541\Debug\Design_301_project.a(cyPm.o)
                              .\CortexM3\ARM_GCC_541\Debug\Design_301_project.a(CyLib.o) (CyPmReadStatus)
[...]
Memory Configuration

Name             Origin             Length             Attributes
rom              0x00000000         0x00040000         xr
ram              0x1fff8000         0x00010000         xrw
*default*        0x00000000         0xffffffff

Linker script and memory map

LOAD d:/psoc creator/4.4/psoc creator/import/gnu/arm/5.4.1/bin/../lib/gcc/arm-none-eabi/5.4.1/armv7-m/crti.o
LOAD d:/psoc creator/4.4/psoc creator/import/gnu/arm/5.4.1/bin/../lib/gcc/arm-none-eabi/5.4.1/armv7-m/crtbegin.o
LOAD d:/psoc creator/4.4/psoc creator/import/gnu/arm/5.4.1/bin/../lib/gcc/arm-none-eabi/5.4.1/../../../../arm-none-eabi/lib/armv7-m/crt0.o
START GROUP
LOAD .\CortexM3\ARM_GCC_541\Debug\main.o
LOAD .\CortexM3\ARM_GCC_541\Debug\store.o
LOAD .\CortexM3\ARM_GCC_541\Debug\cyfitter_cfg.o
LOAD .\CortexM3\ARM_GCC_541\Debug\cymetadata.o
LOAD .\CortexM3\ARM_GCC_541\Debug\Cm3Start.o
LOAD .\CortexM3\ARM_GCC_541\Debug\Design_301_project.a
LOAD D:\PSoC Creator\4.4\PSoC Creator\psoc\content\cycomponentlibrary\CyComponentLibrary.cylib\CortexM3\ARM_GCC_541\Debug\CyComponentLibrary.a
END GROUP
START GROUP
LOAD d:/psoc creator/4.4/psoc creator/import/gnu/arm/5.4.1/bin/../lib/gcc/arm-none-eabi/5.4.1/armv7-m\libgcc.a
LOAD d:/psoc creator/4.4/psoc creator/import/gnu/arm/5.4.1/bin/../lib/gcc/arm-none-eabi/5.4.1/../../../../arm-none-eabi/lib/armv7-m\libg_nano.a
LOAD d:/psoc creator/4.4/psoc creator/import/gnu/arm/5.4.1/bin/../lib/gcc/arm-none-eabi/5.4.1/../../../../arm-none-eabi/lib/armv7-m\libc_nano.a
END GROUP
START GROUP
LOAD d:/psoc creator/4.4/psoc creator/import/gnu/arm/5.4.1/bin/../lib/gcc/arm-none-eabi/5.4.1/armv7-m\libgcc.a
LOAD d:/psoc creator/4.4/psoc creator/import/gnu/arm/5.4.1/bin/../lib/gcc/arm-none-eabi/5.4.1/../../../../arm-none-eabi/lib/armv7-m\libc_nano.a
END GROUP
LOAD d:/psoc creator/4.4/psoc creator/import/gnu/arm/5.4.1/bin/../lib/gcc/arm-none-eabi/5.4.1/armv7-m/crtend.o
LOAD d:/psoc creator/4.4/psoc creator/import/gnu/arm/5.4.1/bin/../lib/gcc/arm-none-eabi/5.4.1/armv7-m/crtn.o
START GROUP
LOAD d:/psoc creator/4.4/psoc creator/import/gnu/arm/5.4.1/bin/../lib/gcc/arm-none-eabi/5.4.1/armv7-m\libgcc.a
LOAD d:/psoc creator/4.4/psoc creator/import/gnu/arm/5.4.1/bin/../lib/gcc/arm-none-eabi/5.4.1/../../../../arm-none-eabi/lib/armv7-m\libc.a
LOAD d:/psoc creator/4.4/psoc creator/import/gnu/arm/5.4.1/bin/../lib/gcc/arm-none-eabi/5.4.1/../../../../arm-none-eabi/lib/armv7-m\libnosys.a
END GROUP
                0x00000000                CY_APPL_ORIGIN = 0x0
                0x00000100                CY_FLASH_ROW_SIZE = 0x100
                0x00000020                CY_ECC_ROW_SIZE = 0x20
                0x00000000                CY_EE_IN_BTLDR = 0x0
                0x00000000                CY_APPL_LOADABLE = 0x0
                0x00000800                CY_EE_SIZE = 0x800
                0x00000001                CY_APPL_NUM = 0x1
                0x00000001                CY_APPL_MAX = 0x1
                0x00000040                CY_METADATA_SIZE = 0x40
                0x00000000                CY_APPL_LOADABLE = 0x0
                0x00000000                CY_CHECKSUM_EXCLUDE_SIZE = ALIGN (0x0, CY_FLASH_ROW_SIZE)
                [!provide]                PROVIDE (__cy_heap_start, _end)
                0x00000001                PROVIDE (__cy_region_num, ((__cy_regions_end - __cy_regions) / 0x10))
                0x20008000                PROVIDE (__cy_stack, (ORIGIN (ram) + LENGTH (ram)))
                [!provide]                PROVIDE (__cy_heap_end, (__cy_stack - 0x800))

.cybootloader   0x00000000        0x0
 *(.cybootloader)
                0x00000000                appl1_start = CY_APPL_ORIGIN?CY_APPL_ORIGIN:ALIGN (CY_FLASH_ROW_SIZE)
                0x0001ff00                appl2_start = (appl1_start + ALIGN ((((LENGTH (rom) - appl1_start) - (0x2 * CY_FLASH_ROW_SIZE)) / 0x2), CY_FLASH_ROW_SIZE))
                0x00000000                appl_start = (CY_APPL_NUM == 0x1)?appl1_start:appl2_start
                0x00000000                ecc_offset = ((appl_start / CY_FLASH_ROW_SIZE) * CY_ECC_ROW_SIZE)
                0x00000000                ee_offset = (CY_APPL_LOADABLE && ! (CY_EE_IN_BTLDR))?((CY_EE_SIZE / CY_APPL_MAX) * (CY_APPL_NUM - 0x1)):0x0
                0x00000800                ee_size = (CY_APPL_LOADABLE && ! (CY_EE_IN_BTLDR))?(CY_EE_SIZE / CY_APPL_MAX):CY_EE_SIZE
                [!provide]                PROVIDE (CY_ECC_OFFSET, ecc_offset)

.text           0x00000000     0x474c
 CREATE_OBJECT_SYMBOLS
                0x00000000                PROVIDE (__cy_interrupt_vector, RomVectors)
 *(.romvectors)
 .romvectors    0x00000000       0x10 .\CortexM3\ARM_GCC_541\Debug\Cm3Start.o
                0x00000000                RomVectors
                0x00000001                ASSERT ((. != __cy_interrupt_vector), No interrupt vector)
                0x00000001                ASSERT (CY_APPL_ORIGIN?(SIZEOF (.cybootloader) <= CY_APPL_ORIGIN):0x1, Wrong image location)
                0x00000010                PROVIDE (__cy_reset, Reset)
 *(.text.Reset)
 .text.Reset    0x00000010       0x18 .\CortexM3\ARM_GCC_541\Debug\Cm3Start.o
                0x00000010                Reset
                0x00000001                ASSERT ((. != __cy_reset), No reset code)
 *(.dma_init)
                0x00000001                ASSERT ((((appl_start + .) <= 0x10000) || 0x1), DMA Init must be within the first 64k of flash)
 *(.text .text.* .gnu.linkonce.t.*)
 .text          0x00000028       0x5c d:/psoc creator/4.4/psoc creator/import/gnu/arm/5.4.1/bin/../lib/gcc/arm-none-eabi/5.4.1/armv7-m/crtbegin.o
 .text.isr_StopInterval
                0x00000084       0x24 .\CortexM3\ARM_GCC_541\Debug\main.o
                0x00000084                isr_StopInterval
 .text.M1_set_speed
                0x000000a8       0x6c .\CortexM3\ARM_GCC_541\Debug\main.o
                0x000000a8                M1_set_speed
 .text.M2_set_speed
                0x00000114       0x5c .\CortexM3\ARM_GCC_541\Debug\main.o
                0x00000114                M2_set_speed
 .text.movement
                0x00000170       0xac .\CortexM3\ARM_GCC_541\Debug\main.o
                0x00000170                movement
 .text.decide_motion
                0x0000021c       0xa4 .\CortexM3\ARM_GCC_541\Debug\main.o
                0x0000021c                decide_motion
 .text.speed_balance
                0x000002c0       0x48 .\CortexM3\ARM_GCC_541\Debug\main.o
                0x000002c0                speed_balance
 .text.main     0x00000308       0xb8 .\CortexM3\ARM_GCC_541\Debug\main.o
                0x00000308                main
 .text.bias_check
                0x000003c0       0x84 .\CortexM3\ARM_GCC_541\Debug\main.o
                0x000003c0                bias_check
 .text.isr_UpdateState
                0x00000444       0x80 .\CortexM3\ARM_GCC_541\Debug\main.o
                0x00000444                isr_UpdateState
 .text.CyClockStartupError
                0x000004c4        0x4 .\CortexM3\ARM_GCC_541\Debug\cyfitter_cfg.o
 .text.cfg_write_bytes32
                0x000004c8       0x34 .\CortexM3\ARM_GCC_541\Debug\cyfitter_cfg.o
 .text.AnalogSetDefault
                0x000004fc       0x28 .\CortexM3\ARM_GCC_541\Debug\cyfitter_cfg.o
 .text.CYMEMZERO
                0x00000524        0xc .\CortexM3\ARM_GCC_541\Debug\cyfitter_cfg.o
 .text.ClockSetup
                0x00000530       0xe4 .\CortexM3\ARM_GCC_541\Debug\cyfitter_cfg.o
 .text.CYCONFIGCPY
                0x00000614        0x8 .\CortexM3\ARM_GCC_541\Debug\cyfitter_cfg.o
 .text.cyfitter_cfg
                0x0000061c      0x128 .\CortexM3\ARM_GCC_541\Debug\cyfitter_cfg.o
                0x0000061c                cyfitter_cfg
 .text.IntDefaultHandler
                0x00000744       0x10 .\CortexM3\ARM_GCC_541\Debug\Cm3Start.o
                0x00000744                IntDefaultHandler
 .text._sbrk    0x00000754       0x30 .\CortexM3\ARM_GCC_541\Debug\Cm3Start.o
                0x00000754                _sbrk
 .text.Start_c  0x00000784       0x4c .\CortexM3\ARM_GCC_541\Debug\Cm3Start.o
                0x00000784                Start_c
 .text.initialize_psoc
                0x000007d0       0x68 .\CortexM3\ARM_GCC_541\Debug\Cm3Start.o
                0x000007d0                initialize_psoc
 .text.M2_D1_Write
                0x00000838       0x18 .\CortexM3\ARM_GCC_541\Debug\Design_301_project.a(M2_D1.o)
                0x00000838                M2_D1_Write
 .text.QuadDec_M1_GetCounter
                0x00000850       0x10 .\CortexM3\ARM_GCC_541\Debug\Design_301_project.a(QuadDec_M1.o)
                0x00000850                QuadDec_M1_GetCounter
 .text.QuadDec_M1_SetCounter
                0x00000860       0x1c .\CortexM3\ARM_GCC_541\Debug\Design_301_project.a(QuadDec_M1.o)
                0x00000860                QuadDec_M1_SetCounter
 .text.QuadDec_M1_GetEvents
                0x0000087c       0x10 .\CortexM3\ARM_GCC_541\Debug\Design_301_project.a(QuadDec_M1.o)
                0x0000087c                QuadDec_M1_GetEvents
 .text.QuadDec_M1_SetInterruptMask
                0x0000088c        0xc .\CortexM3\ARM_GCC_541\Debug\Design_301_project.a(QuadDec_M1.o)
                0x0000088c                QuadDec_M1_SetInterruptMask
 .text.QuadDec_M1_Enable
                0x00000898       0x24 .\CortexM3\ARM_GCC_541\Debug\Design_301_project.a(QuadDec_M1.o)
                0x00000898                QuadDec_M1_Enable
 .text.QuadDec_M1_Start
                0x000008bc       0x24 .\CortexM3\ARM_GCC_541\Debug\Design_301_project.a(QuadDec_M1.o)
                0x000008bc                QuadDec_M1_Start
 .text.QuadDec_M2_GetCounter
                0x000008e0       0x10 .\CortexM3\ARM_GCC_541\Debug\Design_301_project.a(QuadDec_M2.o)
                0x000008e0                QuadDec_M2_GetCounter
 .text.QuadDec_M2_SetCounter
                0x000008f0       0x1c .\CortexM3\ARM_GCC_541\Debug\Design_301_project.a(QuadDec_M2.o)
                0x000008f0                QuadDec_M2_SetCounter
 .text.QuadDec_M2_GetEvents
                0x0000090c       0x10 .\CortexM3\ARM_GCC_541\Debug\Design_301_project.a(QuadDec_M2.o)
                0x0000090c                QuadDec_M2_GetEvents
 .text.QuadDec_M2_SetInterruptMask
                0x0000091c        0xc .\CortexM3\ARM_GCC_541\Debug\Design_301_project.a(QuadDec_M2.o)
                0x0000091c                QuadDec_M2_SetInterruptMask
 .text.QuadDec_M2_Enable
                0x00000928       0x24 .\CortexM3\ARM_GCC_541\Debug\Design_301_project.a(QuadDec_M2.o)
                0x00000928                QuadDec_M2_Enable
 .text.QuadDec_M2_Start
                0x0000094c       0x24 .\CortexM3\ARM_GCC_541\Debug\Design_301_project.a(QuadDec_M2.o)
                0x0000094c                QuadDec_M2_Start
 .text.PWM_1_Enable
                0x00000970       0x28 .\CortexM3\ARM_GCC_541\Debug\Design_301_project.a(PWM_1.o)
                0x00000970                PWM_1_Enable
 .text.PWM_1_WritePeriod
                0x00000998        0xc .\CortexM3\ARM_GCC_541\Debug\Design_301_project.a(PWM_1.o)
                0x00000998                PWM_1_WritePeriod
 .text.PWM_1_WriteCompare
                0x000009a4        0xc .\CortexM3\ARM_GCC_541\Debug\Design_301_project.a(PWM_1.o)
                0x000009a4                PWM_1_WriteCompare
 .text.PWM_1_SetInterruptMode
                0x000009b0        0xc .\CortexM3\ARM_GCC_541\Debug\Design_301_project.a(PWM_1.o)
                0x000009b0                PWM_1_SetInterruptMode
 .text.PWM_1_Init
                0x000009bc       0x74 .\CortexM3\ARM_GCC_541\Debug\Design_301_project.a(PWM_1.o)
                0x000009bc                PWM_1_Init
 .text.PWM_1_Start
                0x00000a30       0x1c .\CortexM3\ARM_GCC_541\Debug\Design_301_project.a(PWM_1.o)
                0x00000a30                PWM_1_Start
 .text.PWM_1_ReadPeriod
                0x00000a4c        0xc .\CortexM3\ARM_GCC_541\Debug\Design_301_project.a(PWM_1.o)
                0x00000a4c                PWM_1_ReadPeriod
 .text.PWM_1_SaveConfig
                0x00000a58        0x4 .\CortexM3\ARM_GCC_541\Debug\Design_301_project.a(PWM_1_PM.o)
                0x00000a58                PWM_1_SaveConfig
 .text.PWM_2_Enable
                0x00000a5c       0x28 .\CortexM3\ARM_GCC_541\Debug\Design_301_project.a(PWM_2.o)
                0x00000a5c                PWM_2_Enable
 .text.PWM_2_WritePeriod
                0x00000a84        0xc .\CortexM3\ARM_GCC_541\Debug\Design_301_project.a(PWM_2.o)
                0x00000a84                PWM_2_WritePeriod
 .text.PWM_2_WriteCompare
                0x00000a90        0xc .\CortexM3\ARM_GCC_541\Debug\Design_301_project.a(PWM_2.o)
                0x00000a90                PWM_2_WriteCompare
 .text.PWM_2_SetInterruptMode
                0x00000a9c        0xc .\CortexM3\ARM_GCC_541\Debug\Design_301_project.a(PWM_2.o)
                0x00000a9c                PWM_2_SetInterruptMode
 .text.PWM_2_Init
                0x00000aa8       0x74 .\CortexM3\ARM_GCC_541\Debug\Design_301_project.a(PWM_2.o)
                0x00000aa8                PWM_2_Init
 .text.PWM_2_Start
                0x00000b1c       0x1c .\CortexM3\ARM_GCC_541\Debug\Design_301_project.a(PWM_2.o)
                0x00000b1c                PWM_2_Start
 .text.PWM_2_ReadPeriod
                0x00000b38        0xc .\CortexM3\ARM_GCC_541\Debug\Design_301_project.a(PWM_2.o)
                0x00000b38                PWM_2_ReadPeriod
 .text.PWM_2_SaveConfig
                0x00000b44        0x4 .\CortexM3\ARM_GCC_541\Debug\Design_301_project.a(PWM_2_PM.o)
                0x00000b44                PWM_2_SaveConfig
 .text.Timer_1_Enable
                0x00000b48       0x28 .\CortexM3\ARM_GCC_541\Debug\Design_301_project.a(Timer_1.o)
                0x00000b48                Timer_1_Enable
 .text.Timer_1_SetInterruptMode
                0x00000b70        0xc .\CortexM3\ARM_GCC_541\Debug\Design_301_project.a(Timer_1.o)
                0x00000b70                Timer_1_SetInterruptMode
 .text.Timer_1_WritePeriod
                0x00000b7c        0xc .\CortexM3\ARM_GCC_541\Debug\Design_301_project.a(Timer_1.o)
                0x00000b7c                Timer_1_WritePeriod
 .text.Timer_1_WriteCounter
                0x00000b88        0xc .\CortexM3\ARM_GCC_541\Debug\Design_301_project.a(Timer_1.o)
                0x00000b88                Timer_1_WriteCounter
 .text.Timer_1_Init
                0x00000b94       0x64 .\CortexM3\ARM_GCC_541\Debug\Design_301_project.a(Timer_1.o)
                0x00000b94                Timer_1_Init
 .text.Timer_1_Start
                0x00000bf8       0x1c .\CortexM3\ARM_GCC_541\Debug\Design_301_project.a(Timer_1.o)
                0x00000bf8                Timer_1_Start
 .text.isr_US_SetVector
                0x00000c14        0xc .\CortexM3\ARM_GCC_541\Debug\Design_301_project.a(isr_US.o)
                0x00000c14                isr_US_SetVector
 .text.isr_US_SetPriority
                0x00000c20       0x10 .\CortexM3\ARM_GCC_541\Debug\Design_301_project.a(isr_US.o)
                0x00000c20                isr_US_SetPriority
 .text.isr_US_Enable
                0x00000c30        0xc .\CortexM3\ARM_GCC_541\Debug\Design_301_project.a(isr_US.o)
                0x00000c30                isr_US_Enable
 .text.isr_US_Disable
                0x00000c3c        0xc .\CortexM3\ARM_GCC_541\Debug\Design_301_project.a(isr_US.o)
                0x00000c3c                isr_US_Disable
 .text.isr_US_StartEx
                0x00000c48       0x1c .\CortexM3\ARM_GCC_541\Debug\Design_301_project.a(isr_US.o)
                0x00000c48                isr_US_StartEx
 .text.USBUART_Init
                0x00000c64      0x140 .\CortexM3\ARM_GCC_541\Debug\Design_301_project.a(USBUART.o)
                0x00000c64                USBUART_Init
 .text.USBUART_InitComponent
                0x00000da4       0xb8 .\CortexM3\ARM_GCC_541\Debug\Design_301_project.a(USBUART.o)
                0x00000da4                USBUART_InitComponent
 .text.USBUART_Start
                0x00000e5c       0x24 .\CortexM3\ARM_GCC_541\Debug\Design_301_project.a(USBUART.o)
                0x00000e5c                USBUART_Start
 .text.USBUART_ReInitComponent
                0x00000e80       0x4c .\CortexM3\ARM_GCC_541\Debug\Design_301_project.a(USBUART.o)
                0x00000e80                USBUART_ReInitComponent
 .text.USBUART_GetInterfaceComPort
                0x00000ecc       0x38 .\CortexM3\ARM_GCC_541\Debug\Design_301_project.a(USBUART_cdc.o)
                0x00000ecc                USBUART_GetInterfaceComPort
 .text.USBUART_DispatchCDCClassRqst
                0x00000f04       0x98 .\CortexM3\ARM_GCC_541\Debug\Design_301_project.a(USBUART_cdc.o)
                0x00000f04                USBUART_DispatchCDCClassRqst
 .text.USBUART_Cdc_EpInit
                0x00000f9c       0x50 .\CortexM3\ARM_GCC_541\Debug\Design_301_project.a(USBUART_cdc.o)
                0x00000f9c                USBUART_Cdc_EpInit
 .text.USBUART_LoadEP0
                0x00000fec       0x98 .\CortexM3\ARM_GCC_541\Debug\Design_301_project.a(USBUART_drv.o)
                0x00000fec                USBUART_LoadEP0
 .text.USBUART_InitZeroLengthControlTransfer
                0x00001084       0x34 .\CortexM3\ARM_GCC_541\Debug\Design_301_project.a(USBUART_drv.o)
                0x00001084                USBUART_InitZeroLengthControlTransfer
 .text.USBUART_ControlReadDataStage
                0x000010b8        0x8 .\CortexM3\ARM_GCC_541\Debug\Design_301_project.a(USBUART_drv.o)
                0x000010b8                USBUART_ControlReadDataStage
 .text.USBUART_ControlWriteDataStage
                0x000010c0       0x84 .\CortexM3\ARM_GCC_541\Debug\Design_301_project.a(USBUART_drv.o)
                0x000010c0                USBUART_ControlWriteDataStage
 .text.USBUART_InitNoDataControlTransfer
                0x00001144       0x2c .\CortexM3\ARM_GCC_541\Debug\Design_301_project.a(USBUART_drv.o)
                0x00001144                USBUART_InitNoDataControlTransfer
 .text.USBUART_UpdateStatusBlock
                0x00001170       0x24 .\CortexM3\ARM_GCC_541\Debug\Design_301_project.a(USBUART_drv.o)
                0x00001170                USBUART_UpdateStatusBlock
 .text.USBUART_HandleSetup
                0x00001194       0x5c .\CortexM3\ARM_GCC_541\Debug\Design_301_project.a(USBUART_drv.o)
                0x00001194                USBUART_HandleSetup
 .text.USBUART_ControlReadStatusStage
                0x000011f0       0x38 .\CortexM3\ARM_GCC_541\Debug\Design_301_project.a(USBUART_drv.o)
                0x000011f0                USBUART_ControlReadStatusStage
 .text.USBUART_HandleOUT
                0x00001228       0x38 .\CortexM3\ARM_GCC_541\Debug\Design_301_project.a(USBUART_drv.o)
                0x00001228                USBUART_HandleOUT
 .text.USBUART_ControlWriteStatusStage
                0x00001260       0x20 .\CortexM3\ARM_GCC_541\Debug\Design_301_project.a(USBUART_drv.o)
                0x00001260                USBUART_ControlWriteStatusStage
 .text.USBUART_NoDataControlStatusStage
                0x00001280       0x40 .\CortexM3\ARM_GCC_541\Debug\Design_301_project.a(USBUART_drv.o)
                0x00001280                USBUART_NoDataControlStatusStage
 .text.USBUART_HandleIN
                0x000012c0       0x2c .\CortexM3\ARM_GCC_541\Debug\Design_301_project.a(USBUART_drv.o)
                0x000012c0                USBUART_HandleIN
 .text.USBUART_EP_0_ISR
                0x000012ec       0xb8 .\CortexM3\ARM_GCC_541\Debug\Design_301_project.a(USBUART_drv.o)
                0x000012ec                USBUART_EP_0_ISR
 .text.USBUART_InitializeStatusBlock
                0x000013a4       0x24 .\CortexM3\ARM_GCC_541\Debug\Design_301_project.a(USBUART_drv.o)
                0x000013a4                USBUART_InitializeStatusBlock
 .text.USBUART_InitControlRead
                0x000013c8       0x50 .\CortexM3\ARM_GCC_541\Debug\Design_301_project.a(USBUART_drv.o)
                0x000013c8                USBUART_InitControlRead
 .text.USBUART_InitControlWrite
                0x00001418       0x48 .\CortexM3\ARM_GCC_541\Debug\Design_301_project.a(USBUART_drv.o)
                0x00001418                USBUART_InitControlWrite
 .text.USBUART_EP_1_ISR
                0x00001460       0x30 .\CortexM3\ARM_GCC_541\Debug\Design_301_project.a(USBUART_episr.o)
                0x00001460                USBUART_EP_1_ISR
 .text.USBUART_EP_2_ISR
                0x00001490       0x34 .\CortexM3\ARM_GCC_541\Debug\Design_301_project.a(USBUART_episr.o)
                0x00001490                USBUART_EP_2_ISR
 .text.USBUART_EP_3_ISR
                0x000014c4       0x3c .\CortexM3\ARM_GCC_541\Debug\Design_301_project.a(USBUART_episr.o)
                0x000014c4                USBUART_EP_3_ISR
 .text.USBUART_SOF_ISR
                0x00001500        0x4 .\CortexM3\ARM_GCC_541\Debug\Design_301_project.a(USBUART_episr.o)
                0x00001500                USBUART_SOF_ISR
 .text.USBUART_BUS_RESET_ISR
                0x00001504        0x8 .\CortexM3\ARM_GCC_541\Debug\Design_301_project.a(USBUART_episr.o)
                0x00001504                USBUART_BUS_RESET_ISR
 .text.USBUART_DP_ISR
                0x0000150c        0x8 .\CortexM3\ARM_GCC_541\Debug\Design_301_project.a(USBUART_pm.o)
                0x0000150c                USBUART_DP_ISR
 .text.USBUART_ReadDieID
                0x00001514       0x6c .\CortexM3\ARM_GCC_541\Debug\Design_301_project.a(USBUART_std.o)
                0x00001514                USBUART_ReadDieID
 .text.USBUART_ConfigReg
                0x00001580       0xa4 .\CortexM3\ARM_GCC_541\Debug\Design_301_project.a(USBUART_std.o)
                0x00001580                USBUART_ConfigReg
 .text.USBUART_GetConfigTablePtr
                0x00001624       0x28 .\CortexM3\ARM_GCC_541\Debug\Design_301_project.a(USBUART_std.o)
                0x00001624                USBUART_GetConfigTablePtr
 .text.USBUART_ConfigAltChanged
                0x0000164c      0x11c .\CortexM3\ARM_GCC_541\Debug\Design_301_project.a(USBUART_std.o)
                0x0000164c                USBUART_ConfigAltChanged
 .text.USBUART_GetDeviceTablePtr
                0x00001768       0x18 .\CortexM3\ARM_GCC_541\Debug\Design_301_project.a(USBUART_std.o)
                0x00001768                USBUART_GetDeviceTablePtr
 .text.USBUART_GetInterfaceClassTablePtr
                0x00001780       0x28 .\CortexM3\ARM_GCC_541\Debug\Design_301_project.a(USBUART_std.o)
                0x00001780                USBUART_GetInterfaceClassTablePtr
 .text.USBUART_Config
                0x000017a8      0x1e4 .\CortexM3\ARM_GCC_541\Debug\Design_301_project.a(USBUART_std.o)
                0x000017a8                USBUART_Config
 .text.USBUART_SetEndpointHalt
                0x0000198c       0x64 .\CortexM3\ARM_GCC_541\Debug\Design_301_project.a(USBUART_std.o)
                0x0000198c                USBUART_SetEndpointHalt
 .text.USBUART_ClearEndpointHalt
                0x000019f0       0xac .\CortexM3\ARM_GCC_541\Debug\Design_301_project.a(USBUART_std.o)
                0x000019f0                USBUART_ClearEndpointHalt
 .text.USBUART_ValidateAlternateSetting
                0x00001a9c       0x4c .\CortexM3\ARM_GCC_541\Debug\Design_301_project.a(USBUART_std.o)
                0x00001a9c                USBUART_ValidateAlternateSetting
 .text.USBUART_HandleStandardRqst
                0x00001ae8      0x35c .\CortexM3\ARM_GCC_541\Debug\Design_301_project.a(USBUART_std.o)
                0x00001ae8                USBUART_HandleStandardRqst
 .text.USBUART_HandleVendorRqst
                0x00001e44       0x3c .\CortexM3\ARM_GCC_541\Debug\Design_301_project.a(USBUART_vnd.o)
                0x00001e44                USBUART_HandleVendorRqst
 .text.RF_BT_SELECT_Write
                0x00001e80        0xc .\CortexM3\ARM_GCC_541\Debug\Design_301_project.a(RF_BT_SELECT.o)
                0x00001e80                RF_BT_SELECT_Write
 .text.Vo6_Read
                0x00001e8c       0x10 .\CortexM3\ARM_GCC_541\Debug\Design_301_project.a(Vo6.o)
                0x00001e8c                Vo6_Read
 .text.Vo1_Read
                0x00001e9c       0x10 .\CortexM3\ARM_GCC_541\Debug\Design_301_project.a(Vo1.o)
                0x00001e9c                Vo1_Read
 .text.Vo2_Read
                0x00001eac       0x10 .\CortexM3\ARM_GCC_541\Debug\Design_301_project.a(Vo2.o)
                0x00001eac                Vo2_Read
 .text.Vo5_Read
                0x00001ebc       0x10 .\CortexM3\ARM_GCC_541\Debug\Design_301_project.a(Vo5.o)
                0x00001ebc                Vo5_Read
 .text.Vo3_Read
                0x00001ecc        0xc .\CortexM3\ARM_GCC_541\Debug\Design_301_project.a(Vo3.o)
                0x00001ecc                Vo3_Read
 .text.Vo4_Read
                0x00001ed8        0xc .\CortexM3\ARM_GCC_541\Debug\Design_301_project.a(Vo4.o)
                0x00001ed8                Vo4_Read
 .text.M1_D1_Write
                0x00001ee4       0x18 .\CortexM3\ARM_GCC_541\Debug\Design_301_project.a(M1_D1.o)
                0x00001ee4                M1_D1_Write
 .text.Timer_2_Enable
                0x00001efc       0x28 .\CortexM3\ARM_GCC_541\Debug\Design_301_project.a(Timer_2.o)
                0x00001efc                Timer_2_Enable
 .text.Timer_2_Stop
                0x00001f24       0x28 .\CortexM3\ARM_GCC_541\Debug\Design_301_project.a(Timer_2.o)
                0x00001f24                Timer_2_Stop
 .text.Timer_2_SetInterruptMode
                0x00001f4c        0xc .\CortexM3\ARM_GCC_541\Debug\Design_301_project.a(Timer_2.o)
                0x00001f4c                Timer_2_SetInterruptMode
 .text.Timer_2_WritePeriod
                0x00001f58        0xc .\CortexM3\ARM_GCC_541\Debug\Design_301_project.a(Timer_2.o)
                0x00001f58                Timer_2_WritePeriod
 .text.Timer_2_WriteCounter
                0x00001f64        0xc .\CortexM3\ARM_GCC_541\Debug\Design_301_project.a(Timer_2.o)
                0x00001f64                Timer_2_WriteCounter
 .text.Timer_2_Init
                0x00001f70       0x64 .\CortexM3\ARM_GCC_541\Debug\Design_301_project.a(Timer_2.o)
                0x00001f70                Timer_2_Init
 .text.Timer_2_Start
                0x00001fd4       0x1c .\CortexM3\ARM_GCC_541\Debug\Design_301_project.a(Timer_2.o)
                0x00001fd4                Timer_2_Start
 .text.Timer_2_Sleep
                0x00001ff0       0x28 .\CortexM3\ARM_GCC_541\Debug\Design_301_project.a(Timer_2_PM.o)
                0x00001ff0                Timer_2_Sleep
 .text.isr_T2_SetVector
                0x00002018        0xc .\CortexM3\ARM_GCC_541\Debug\Design_301_project.a(isr_T2.o)
                0x00002018                isr_T2_SetVector
 .text.isr_T2_SetPriority
                0x00002024       0x10 .\CortexM3\ARM_GCC_541\Debug\Design_301_project.a(isr_T2.o)
                0x00002024                isr_T2_SetPriority
 .text.isr_T2_Enable
                0x00002034        0xc .\CortexM3\ARM_GCC_541\Debug\Design_301_project.a(isr_T2.o)
                0x00002034                isr_T2_Enable
 .text.isr_T2_Disable
                0x00002040        0xc .\CortexM3\ARM_GCC_541\Debug\Design_301_project.a(isr_T2.o)
                0x00002040                isr_T2_Disable
 .text.isr_T2_StartEx
                0x0000204c       0x1c .\CortexM3\ARM_GCC_541\Debug\Design_301_project.a(isr_T2.o)
                0x0000204c                isr_T2_StartEx
 .text.QuadDec_M1_Cnt16_Enable
                0x00002068       0x10 .\CortexM3\ARM_GCC_541\Debug\Design_301_project.a(QuadDec_M1_Cnt16.o)
                0x00002068                QuadDec_M1_Cnt16_Enable
 .text.QuadDec_M1_Cnt16_SetInterruptMode
                0x00002078        0xc .\CortexM3\ARM_GCC_541\Debug\Design_301_project.a(QuadDec_M1_Cnt16.o)
                0x00002078                QuadDec_M1_Cnt16_SetInterruptMode
 .text.QuadDec_M1_Cnt16_ReadStatusRegister
                0x00002084        0xc .\CortexM3\ARM_GCC_541\Debug\Design_301_project.a(QuadDec_M1_Cnt16.o)
                0x00002084                QuadDec_M1_Cnt16_ReadStatusRegister
 .text.QuadDec_M1_Cnt16_WriteCounter
                0x00002090        0xc .\CortexM3\ARM_GCC_541\Debug\Design_301_project.a(QuadDec_M1_Cnt16.o)
                0x00002090                QuadDec_M1_Cnt16_WriteCounter
 .text.QuadDec_M1_Cnt16_ReadCounter
                0x0000209c       0x14 .\CortexM3\ARM_GCC_541\Debug\Design_301_project.a(QuadDec_M1_Cnt16.o)
                0x0000209c                QuadDec_M1_Cnt16_ReadCounter
 .text.QuadDec_M1_Cnt16_ReadCapture
                0x000020b0        0xc .\CortexM3\ARM_GCC_541\Debug\Design_301_project.a(QuadDec_M1_Cnt16.o)
                0x000020b0                QuadDec_M1_Cnt16_ReadCapture
 .text.QuadDec_M1_Cnt16_WritePeriod
                0x000020bc        0xc .\CortexM3\ARM_GCC_541\Debug\Design_301_project.a(QuadDec_M1_Cnt16.o)
                0x000020bc                QuadDec_M1_Cnt16_WritePeriod
 .text.QuadDec_M1_Cnt16_WriteCompare
                0x000020c8        0xc .\CortexM3\ARM_GCC_541\Debug\Design_301_project.a(QuadDec_M1_Cnt16.o)
                0x000020c8                QuadDec_M1_Cnt16_WriteCompare
 .text.QuadDec_M1_Cnt16_ClearFIFO
                0x000020d4       0x14 .\CortexM3\ARM_GCC_541\Debug\Design_301_project.a(QuadDec_M1_Cnt16.o)
                0x000020d4                QuadDec_M1_Cnt16_ClearFIFO
 .text.QuadDec_M1_Cnt16_Init
                0x000020e8       0x58 .\CortexM3\ARM_GCC_541\Debug\Design_301_project.a(QuadDec_M1_Cnt16.o)
                0x000020e8                QuadDec_M1_Cnt16_Init
 .text.QuadDec_M1_Cnt16_Start
                0x00002140       0x1c .\CortexM3\ARM_GCC_541\Debug\Design_301_project.a(QuadDec_M1_Cnt16.o)
                0x00002140                QuadDec_M1_Cnt16_Start
 .text.QuadDec_M2_Cnt16_Enable
                0x0000215c       0x10 .\CortexM3\ARM_GCC_541\Debug\Design_301_project.a(QuadDec_M2_Cnt16.o)
                0x0000215c                QuadDec_M2_Cnt16_Enable
 .text.QuadDec_M2_Cnt16_SetInterruptMode
                0x0000216c        0xc .\CortexM3\ARM_GCC_541\Debug\Design_301_project.a(QuadDec_M2_Cnt16.o)
                0x0000216c                QuadDec_M2_Cnt16_SetInterruptMode
 .text.QuadDec_M2_Cnt16_ReadStatusRegister
                0x00002178        0xc .\CortexM3\ARM_GCC_541\Debug\Design_301_project.a(QuadDec_M2_Cnt16.o)
                0x00002178                QuadDec_M2_Cnt16_ReadStatusRegister
 .text.QuadDec_M2_Cnt16_WriteCounter
                0x00002184        0xc .\CortexM3\ARM_GCC_541\Debug\Design_301_project.a(QuadDec_M2_Cnt16.o)
                0x00002184                QuadDec_M2_Cnt16_WriteCounter
 .text.QuadDec_M2_Cnt16_ReadCounter
                0x00002190       0x14 .\CortexM3\ARM_GCC_541\Debug\Design_301_project.a(QuadDec_M2_Cnt16.o)
                0x00002190                QuadDec_M2_Cnt16_ReadCounter
 .text.QuadDec_M2_Cnt16_ReadCapture
                0x000021a4        0xc .\CortexM3\ARM_GCC_541\Debug\Design_301_project.a(QuadDec_M2_Cnt16.o)
                0x000021a4                QuadDec_M2_Cnt16_ReadCapture
 .text.QuadDec_M2_Cnt16_WritePeriod
                0x000021b0        0xc .\CortexM3\ARM_GCC_541\Debug\Design_301_project.a(QuadDec_M2_Cnt16.o)
                0x000021b0                QuadDec_M2_Cnt16_WritePeriod
 .text.QuadDec_M2_Cnt16_WriteCompare
                0x000021bc        0xc .\CortexM3\ARM_GCC_541\Debug\Design_301_project.a(QuadDec_M2_Cnt16.o)
                0x000021bc                QuadDec_M2_Cnt16_WriteCompare
 .text.QuadDec_M2_Cnt16_ClearFIFO
                0x000021c8       0x14 .\CortexM3\ARM_GCC_541\Debug\Design_301_project.a(QuadDec_M2_Cnt16.o)
                0x000021c8                QuadDec_M2_Cnt16_ClearFIFO
 .text.QuadDec_M2_Cnt16_Init
                0x000021dc       0x58 .\CortexM3\ARM_GCC_541\Debug\Design_301_project.a(QuadDec_M2_Cnt16.o)
                0x000021dc                QuadDec_M2_Cnt16_Init
 .text.QuadDec_M2_Cnt16_Start
                0x00002234       0x1c .\CortexM3\ARM_GCC_541\Debug\Design_301_project.a(QuadDec_M2_Cnt16.o)
                0x00002234                QuadDec_M2_Cnt16_Start
 .text.USBUART_Dp_ClearInterrupt
                0x00002250       0x10 .\CortexM3\ARM_GCC_541\Debug\Design_301_project.a(USBUART_Dp.o)
                0x00002250                USBUART_Dp_ClearInterrupt
 .text.CyHalt   0x00002260        0x4 .\CortexM3\ARM_GCC_541\Debug\Design_301_project.a(CyLib.o)
                0x00002260                CyHalt
 .text.CyDelayUs
                0x00002264       0x14 .\CortexM3\ARM_GCC_541\Debug\Design_301_project.a(CyLib.o)
                0x00002264                CyDelayUs
 .text.CyIntSetVector
                0x00002278       0x28 .\CortexM3\ARM_GCC_541\Debug\Design_301_project.a(CyLib.o)
                0x00002278                CyIntSetVector
 .text.CyIntSetPriority
                0x000022a0       0x30 .\CortexM3\ARM_GCC_541\Debug\Design_301_project.a(CyLib.o)
                0x000022a0                CyIntSetPriority
 .text.CyGetUniqueId
                0x000022d0       0x70 .\CortexM3\ARM_GCC_541\Debug\Design_301_project.a(CyLib.o)
                0x000022d0                CyGetUniqueId
 .text          0x00002340       0x20 .\CortexM3\ARM_GCC_541\Debug\Design_301_project.a(CyBootAsmGnu.o)
                0x00002340                CyDelayCycles
                0x00002350                CyEnterCriticalSection
                0x00002358                CyExitCriticalSection
 .text.USBUART_DispatchClassRqst
                0x00002360       0x60 .\CortexM3\ARM_GCC_541\Debug\Design_301_project.a(USBUART_cls.o)
                0x00002360                USBUART_DispatchClassRqst
 .text          0x000023c0      0x370 d:/psoc creator/4.4/psoc creator/import/gnu/arm/5.4.1/bin/../lib/gcc/arm-none-eabi/5.4.1/armv7-m\libgcc.a(_arm_addsubdf3.o)
                0x000023c0                __aeabi_drsub
                0x000023c8                __aeabi_dsub
                0x000023c8                __subdf3
                0x000023cc                __aeabi_dadd
                0x000023cc                __adddf3
                0x00002644                __floatunsidf
                0x00002644                __aeabi_ui2d
                0x00002664                __floatsidf
                0x00002664                __aeabi_i2d
                0x00002688                __aeabi_f2d
                0x00002688                __extendsfdf2
                0x000026c4                __floatundidf
                0x000026c4                __aeabi_ul2d
                0x000026d4                __floatdidf
                0x000026d4                __aeabi_l2d
 .text          0x00002730      0x424 d:/psoc creator/4.4/psoc creator/import/gnu/arm/5.4.1/bin/../lib/gcc/arm-none-eabi/5.4.1/armv7-m\libgcc.a(_arm_muldivdf3.o)
                0x00002730                __aeabi_dmul
                0x00002730                __muldf3
                0x00002984                __divdf3
                0x00002984                __aeabi_ddiv
 .text          0x00002b54      0x110 d:/psoc creator/4.4/psoc creator/import/gnu/arm/5.4.1/bin/../lib/gcc/arm-none-eabi/5.4.1/armv7-m\libgcc.a(_arm_cmpdf2.o)
                0x00002b54                __gtdf2
                0x00002b54                __gedf2
                0x00002b5c                __ltdf2
                0x00002b5c                __ledf2
                0x00002b64                __nedf2
                0x00002b64                __eqdf2
                0x00002b64                __cmpdf2
                0x00002be0                __aeabi_cdrcmple
                0x00002bf0                __aeabi_cdcmpeq
                0x00002bf0                __aeabi_cdcmple
                0x00002c00                __aeabi_dcmpeq
                0x00002c14                __aeabi_dcmplt
                0x00002c28                __aeabi_dcmple
                0x00002c3c                __aeabi_dcmpge
                0x00002c50                __aeabi_dcmpgt
 .text          0x00002c64       0x50 d:/psoc creator/4.4/psoc creator/import/gnu/arm/5.4.1/bin/../lib/gcc/arm-none-eabi/5.4.1/armv7-m\libgcc.a(_arm_fixdfsi.o)
                0x00002c64                __aeabi_d2iz
                0x00002c64                __fixdfsi
 .text          0x00002cb4       0x40 d:/psoc creator/4.4/psoc creator/import/gnu/arm/5.4.1/bin/../lib/gcc/arm-none-eabi/5.4.1/armv7-m\libgcc.a(_arm_fixunsdfsi.o)
                0x00002cb4                __aeabi_d2uiz
                0x00002cb4                __fixunsdfsi
 .text.__errno  0x00002cf4        0xc d:/psoc creator/4.4/psoc creator/import/gnu/arm/5.4.1/bin/../lib/gcc/arm-none-eabi/5.4.1/../../../../arm-none-eabi/lib/armv7-m\libg_nano.a(lib_a-errno.o)
                0x00002cf4                __errno
 .text.__libc_init_array
                0x00002d00       0x4c d:/psoc creator/4.4/psoc creator/import/gnu/arm/5.4.1/bin/../lib/gcc/arm-none-eabi/5.4.1/../../../../arm-none-eabi/lib/armv7-m\libg_nano.a(lib_a-init.o)
                0x00002d00                __libc_init_array
 .text.memcpy   0x00002d4c       0x16 d:/psoc creator/4.4/psoc creator/import/gnu/arm/5.4.1/bin/../lib/gcc/arm-none-eabi/5.4.1/../../../../arm-none-eabi/lib/armv7-m\libg_nano.a(lib_a-memcpy-stub.o)
                0x00002d4c                memcpy
 .text.memset   0x00002d62       0x10 d:/psoc creator/4.4/psoc creator/import/gnu/arm/5.4.1/bin/../lib/gcc/arm-none-eabi/5.4.1/../../../../arm-none-eabi/lib/armv7-m\libg_nano.a(lib_a-memset.o)
                0x00002d62                memset
 .text.__cvt    0x00002d72       0xc0 d:/psoc creator/4.4/psoc creator/import/gnu/arm/5.4.1/bin/../lib/gcc/arm-none-eabi/5.4.1/../../../../arm-none-eabi/lib/armv7-m\libg_nano.a(lib_a-nano-vfprintf_float.o)
                0x00002d72                __cvt
 .text.__exponent
                0x00002e32       0x62 d:/psoc creator/4.4/psoc creator/import/gnu/arm/5.4.1/bin/../lib/gcc/arm-none-eabi/5.4.1/../../../../arm-none-eabi/lib/armv7-m\libg_nano.a(lib_a-nano-vfprintf_float.o)
                0x00002e32                __exponent
 .text._printf_float
                0x00002e94      0x488 d:/psoc creator/4.4/psoc creator/import/gnu/arm/5.4.1/bin/../lib/gcc/arm-none-eabi/5.4.1/../../../../arm-none-eabi/lib/armv7-m\libg_nano.a(lib_a-nano-vfprintf_float.o)
                0x00002e94                _printf_float
 .text._printf_common
                0x0000331c       0xec d:/psoc creator/4.4/psoc creator/import/gnu/arm/5.4.1/bin/../lib/gcc/arm-none-eabi/5.4.1/../../../../arm-none-eabi/lib/armv7-m\libg_nano.a(lib_a-nano-vfprintf_i.o)
                0x0000331c                _printf_common
 .text          0x00003408       0x10 d:/psoc creator/4.4/psoc creator/import/gnu/arm/5.4.1/bin/../lib/gcc/arm-none-eabi/5.4.1/../../../../arm-none-eabi/lib/armv7-m\libg_nano.a(lib_a-strlen.o)
                0x00003408                strlen
 .text.quorem   0x00003418      0x116 d:/psoc creator/4.4/psoc creator/import/gnu/arm/5.4.1/bin/../lib/gcc/arm-none-eabi/5.4.1/../../../../arm-none-eabi/lib/armv7-m\libg_nano.a(lib_a-dtoa.o)
 *fill*         0x0000352e        0x2 
 .text._dtoa_r  0x00003530      0xb30 d:/psoc creator/4.4/psoc creator/import/gnu/arm/5.4.1/bin/../lib/gcc/arm-none-eabi/5.4.1/../../../../arm-none-eabi/lib/armv7-m\libg_nano.a(lib_a-dtoa.o)
                0x00003530                _dtoa_r
 .text._localeconv_r
                0x00004060        0x8 d:/psoc creator/4.4/psoc creator/import/gnu/arm/5.4.1/bin/../lib/gcc/arm-none-eabi/5.4.1/../../../../arm-none-eabi/lib/armv7-m\libg_nano.a(lib_a-locale.o)
                0x00004060                _localeconv_r
 .text.malloc   0x00004068       0x10 d:/psoc creator/4.4/psoc creator/import/gnu/arm/5.4.1/bin/../lib/gcc/arm-none-eabi/5.4.1/../../../../arm-none-eabi/lib/armv7-m\libg_nano.a(lib_a-malloc.o)
                0x00004068                malloc
 .text._Balloc  0x00004078       0x6a d:/psoc creator/4.4/psoc creator/import/gnu/arm/5.4.1/bin/../lib/gcc/arm-none-eabi/5.4.1/../../../../arm-none-eabi/lib/armv7-m\libg_nano.a(lib_a-mprec.o)
                0x00004078                _Balloc
 .text._Bfree   0x000040e2       0x2e d:/psoc creator/4.4/psoc creator/import/gnu/arm/5.4.1/bin/../lib/gcc/arm-none-eabi/5.4.1/../../../../arm-none-eabi/lib/armv7-m\libg_nano.a(lib_a-mprec.o)
                0x000040e2                _Bfree
 .text.__multadd
                0x00004110       0x76 d:/psoc creator/4.4/psoc creator/import/gnu/arm/5.4.1/bin/../lib/gcc/arm-none-eabi/5.4.1/../../../../arm-none-eabi/lib/armv7-m\libg_nano.a(lib_a-mprec.o)
                0x00004110                __multadd
 .text.__hi0bits
                0x00004186       0x40 d:/psoc creator/4.4/psoc creator/import/gnu/arm/5.4.1/bin/../lib/gcc/arm-none-eabi/5.4.1/../../../../arm-none-eabi/lib/armv7-m\libg_nano.a(lib_a-mprec.o)
                0x00004186                __hi0bits
 .text.__lo0bits
                0x000041c6       0x5a d:/psoc creator/4.4/psoc creator/import/gnu/arm/5.4.1/bin/../lib/gcc/arm-none-eabi/5.4.1/../../../../arm-none-eabi/lib/armv7-m\libg_nano.a(lib_a-mprec.o)
                0x000041c6                __lo0bits
 .text.__i2b    0x00004220       0x12 d:/psoc creator/4.4/psoc creator/import/gnu/arm/5.4.1/bin/../lib/gcc/arm-none-eabi/5.4.1/../../../../arm-none-eabi/lib/armv7-m\libg_nano.a(lib_a-mprec.o)
                0x00004220                __i2b
 .text.__multiply
                0x00004232      0x120 d:/psoc creator/4.4/psoc creator/import/gnu/arm/5.4.1/bin/../lib/gcc/arm-none-eabi/5.4.1/../../../../arm-none-eabi/lib/armv7-m\libg_nano.a(lib_a-mprec.o)
                0x00004232                __multiply
 *fill*         0x00004352        0x2 
 .text.__pow5mult
                0x00004354       0x9c d:/psoc creator/4.4/psoc creator/import/gnu/arm/5.4.1/bin/../lib/gcc/arm-none-eabi/5.4.1/../../../../arm-none-eabi/lib/armv7-m\libg_nano.a(lib_a-mprec.o)
                0x00004354                __pow5mult
 .text.__lshift
                0x000043f0       0xa2 d:/psoc creator/4.4/psoc creator/import/gnu/arm/5.4.1/bin/../lib/gcc/arm-none-eabi/5.4.1/../../../../arm-none-eabi/lib/armv7-m\libg_nano.a(lib_a-mprec.o)
                0x000043f0                __lshift
 .text.__mcmp   0x00004492       0x38 d:/psoc creator/4.4/psoc creator/import/gnu/arm/5.4.1/bin/../lib/gcc/arm-none-eabi/5.4.1/../../../../arm-none-eabi/lib/armv7-m\libg_nano.a(lib_a-mprec.o)
                0x00004492                __mcmp
 .text.__mdiff  0x000044ca       0xbe d:/psoc creator/4.4/psoc creator/import/gnu/arm/5.4.1/bin/../lib/gcc/arm-none-eabi/5.4.1/../../../../arm-none-eabi/lib/armv7-m\libg_nano.a(lib_a-mprec.o)
                0x000044ca                __mdiff
 .text.__d2b    0x00004588       0x9c d:/psoc creator/4.4/psoc creator/import/gnu/arm/5.4.1/bin/../lib/gcc/arm-none-eabi/5.4.1/../../../../arm-none-eabi/lib/armv7-m\libg_nano.a(lib_a-mprec.o)
                0x00004588                __d2b
 .text._calloc_r
                0x00004624       0x1c d:/psoc creator/4.4/psoc creator/import/gnu/arm/5.4.1/bin/../lib/gcc/arm-none-eabi/5.4.1/../../../../arm-none-eabi/lib/armv7-m\libg_nano.a(lib_a-nano-callocr.o)
                0x00004624                _calloc_r
 .text._malloc_r
                0x00004640       0xbc d:/psoc creator/4.4/psoc creator/import/gnu/arm/5.4.1/bin/../lib/gcc/arm-none-eabi/5.4.1/../../../../arm-none-eabi/lib/armv7-m\libg_nano.a(lib_a-nano-mallocr.o)
                0x00004640                _malloc_r
 .text._sbrk_r  0x000046fc       0x20 d:/psoc creator/4.4/psoc creator/import/gnu/arm/5.4.1/bin/../lib/gcc/arm-none-eabi/5.4.1/../../../../arm-none-eabi/lib/armv7-m\libg_nano.a(lib_a-sbrkr.o)
                0x000046fc                _sbrk_r
 .text.__malloc_lock
                0x0000471c        0x2 d:/psoc creator/4.4/psoc creator/import/gnu/arm/5.4.1/bin/../lib/gcc/arm-none-eabi/5.4.1/../../../../arm-none-eabi/lib/armv7-m\libg_nano.a(lib_a-mlock.o)
                0x0000471c                __malloc_lock
 .text.__malloc_unlock
                0x0000471e        0x2 d:/psoc creator/4.4/psoc creator/import/gnu/arm/5.4.1/bin/../lib/gcc/arm-none-eabi/5.4.1/../../../../arm-none-eabi/lib/armv7-m\libg_nano.a(lib_a-mlock.o)
                0x0000471e                __malloc_unlock
 .text          0x00004720       0x2c d:/psoc creator/4.4/psoc creator/import/gnu/arm/5.4.1/bin/../lib/gcc/arm-none-eabi/5.4.1/armv7-m\libgcc.a(_arm_unorddf2.o)
                0x00004720                __unorddf2
                0x00004720                __aeabi_dcmpun
 *(.plt)
 *(.gnu.warning)
 *(.glue_7t)
 .glue_7t       0x0000474c        0x0 linker stubs
 *(.glue_7)
 .glue_7        0x0000474c        0x0 linker stubs
 *(.vfp11_veneer)
 .vfp11_veneer  0x0000474c        0x0 linker stubs
 *(.bootloader)
 *(.ARM.extab* .gnu.linkonce.armextab.*)
 *(.gcc_except_table)

.v4_bx          0x0000474c        0x0
 .v4_bx         0x0000474c        0x0 linker stubs

.iplt           0x0000474c        0x0
 .iplt          0x0000474c        0x0 d:/psoc creator/4.4/psoc creator/import/gnu/arm/5.4.1/bin/../lib/gcc/arm-none-eabi/5.4.1/armv7-m/crtbegin.o

.eh_frame_hdr
 *(.eh_frame_hdr)

.eh_frame       0x0000474c        0x4
 *(.eh_frame)
 .eh_frame      0x0000474c        0x0 d:/psoc creator/4.4/psoc creator/import/gnu/arm/5.4.1/bin/../lib/gcc/arm-none-eabi/5.4.1/armv7-m/crtbegin.o
 .eh_frame      0x0000474c        0x4 d:/psoc creator/4.4/psoc creator/import/gnu/arm/5.4.1/bin/../lib/gcc/arm-none-eabi/5.4.1/armv7-m/crtend.o
                [!provide]                PROVIDE (__exidx_start, .)

.ARM.exidx
 *(.ARM.exidx* .gnu.linkonce.armexidx.*)
                0x00004750                __exidx_end = .

.rodata         0x00004750      0x340
 *(.rodata .rodata.* .gnu.linkonce.r.*)
 .rodata        0x00004750       0x2a .\CortexM3\ARM_GCC_541\Debug\cyfitter_cfg.o
 *fill*         0x0000477a        0x2 
 .rodata.str1.4
                0x0000477c       0x14 .\CortexM3\ARM_GCC_541\Debug\Design_301_project.a(USBUART_std.o)
                                 0x11 (size before relaxing)
 .rodata        0x00004790      0x19a .\CortexM3\ARM_GCC_541\Debug\Design_301_project.a(USBUART_descr.o)
                0x00004790                USBUART_MSOS_CONFIGURATION_DESCR
                0x000047b8                USBUART_MSOS_DESCRIPTOR
                0x000047cc                USBUART_TABLE
                0x000047d4                USBUART_DEVICE0_TABLE
                0x000047ec                USBUART_DEVICE0_CONFIGURATION0_TABLE
                0x00004814                USBUART_DEVICE0_CONFIGURATION0_INTERFACE_CLASS
                0x00004818                USBUART_DEVICE0_CONFIGURATION0_EP_SETTINGS_TABLE
                0x00004830                USBUART_SN_STRING_DESCRIPTOR
                0x00004834                USBUART_STRING_DESCRIPTORS
                0x000048d4                USBUART_DEVICE0_CONFIGURATION0_DESCR
                0x00004918                USBUART_DEVICE0_DESCR
 .rodata.str1.1
                0x0000492a        0x2 d:/psoc creator/4.4/psoc creator/import/gnu/arm/5.4.1/bin/../lib/gcc/arm-none-eabi/5.4.1/../../../../arm-none-eabi/lib/armv7-m\libg_nano.a(lib_a-impure.o)
 .rodata.str1.1
                0x0000492c       0x12 d:/psoc creator/4.4/psoc creator/import/gnu/arm/5.4.1/bin/../lib/gcc/arm-none-eabi/5.4.1/../../../../arm-none-eabi/lib/armv7-m\libg_nano.a(lib_a-nano-vfprintf_float.o)
 .rodata.str1.1
                0x0000493e        0xd d:/psoc creator/4.4/psoc creator/import/gnu/arm/5.4.1/bin/../lib/gcc/arm-none-eabi/5.4.1/../../../../arm-none-eabi/lib/armv7-m\libg_nano.a(lib_a-dtoa.o)
                                  0xf (size before relaxing)
 .rodata.str1.1
                0x0000494b        0x8 d:/psoc creator/4.4/psoc creator/import/gnu/arm/5.4.1/bin/../lib/gcc/arm-none-eabi/5.4.1/../../../../arm-none-eabi/lib/armv7-m\libg_nano.a(lib_a-locale.o)
                                  0xb (size before relaxing)
 *fill*         0x00004953        0x5 
 .rodata.__mprec_tens
                0x00004958       0xc8 d:/psoc creator/4.4/psoc creator/import/gnu/arm/5.4.1/bin/../lib/gcc/arm-none-eabi/5.4.1/../../../../arm-none-eabi/lib/armv7-m\libg_nano.a(lib_a-mprec.o)
                0x00004958                __mprec_tens
 .rodata.p05.5408
                0x00004a20        0xc d:/psoc creator/4.4/psoc creator/import/gnu/arm/5.4.1/bin/../lib/gcc/arm-none-eabi/5.4.1/../../../../arm-none-eabi/lib/armv7-m\libg_nano.a(lib_a-mprec.o)
 *fill*         0x00004a2c        0x4 
 .rodata.__mprec_bigtens
                0x00004a30       0x28 d:/psoc creator/4.4/psoc creator/import/gnu/arm/5.4.1/bin/../lib/gcc/arm-none-eabi/5.4.1/../../../../arm-none-eabi/lib/armv7-m\libg_nano.a(lib_a-mprec.o)
                0x00004a30                __mprec_bigtens
                0x00004a58                . = ALIGN (0x4)
 *(.init)
 .init          0x00004a58        0x4 d:/psoc creator/4.4/psoc creator/import/gnu/arm/5.4.1/bin/../lib/gcc/arm-none-eabi/5.4.1/armv7-m/crti.o
                0x00004a58                _init
 .init          0x00004a5c        0x8 d:/psoc creator/4.4/psoc creator/import/gnu/arm/5.4.1/bin/../lib/gcc/arm-none-eabi/5.4.1/armv7-m/crtn.o
                0x00004a64                . = ALIGN (0x4)
                0x00004a64                __preinit_array_start = .
 *(.preinit_array)
                0x00004a64                __preinit_array_end = .
                0x00004a64                . = ALIGN (0x4)
                0x00004a64                __init_array_start = .
 *(SORT(.init_array.*))
 *(.init_array)
 .init_array    0x00004a64        0x4 d:/psoc creator/4.4/psoc creator/import/gnu/arm/5.4.1/bin/../lib/gcc/arm-none-eabi/5.4.1/armv7-m/crtbegin.o
 .init_array    0x00004a68        0x4 .\CortexM3\ARM_GCC_541\Debug\Cm3Start.o
                0x00004a6c                __init_array_end = .
                0x00004a6c                . = ALIGN (0x4)
 *(.fini)
 .fini          0x00004a6c        0x4 d:/psoc creator/4.4/psoc creator/import/gnu/arm/5.4.1/bin/../lib/gcc/arm-none-eabi/5.4.1/armv7-m/crti.o
                0x00004a6c                _fini
 .fini          0x00004a70        0x8 d:/psoc creator/4.4/psoc creator/import/gnu/arm/5.4.1/bin/../lib/gcc/arm-none-eabi/5.4.1/armv7-m/crtn.o
                0x00004a78                . = ALIGN (0x4)
                0x00004a78                __fini_array_start = .
 *(.fini_array)
 .fini_array    0x00004a78        0x4 d:/psoc creator/4.4/psoc creator/import/gnu/arm/5.4.1/bin/../lib/gcc/arm-none-eabi/5.4.1/armv7-m/crtbegin.o
 *(SORT(.fini_array.*))
                0x00004a7c                __fini_array_end = .
                0x00004a7c                . = ALIGN (0x4)
 *crtbegin.o(.ctors)
 *(EXCLUDE_FILE(*crtend.o) .ctors)
 *(SORT(.ctors.*))
 *crtend.o(.ctors)
                0x00004a7c                . = ALIGN (0x4)
 *crtbegin.o(.dtors)
 *(EXCLUDE_FILE(*crtend.o) .dtors)
 *(SORT(.dtors.*))
 *crtend.o(.dtors)
                0x00004a7c                . = ALIGN (0x4)
                0x00004a7c                __cy_regions = .
                0x00004a7c        0x4 LONG 0x4a90 __cy_region_init_ram
                0x00004a80        0x4 LONG 0x1fff80c8 __cy_region_start_data
                0x00004a84        0x4 LONG 0x168 __cy_region_init_size_ram
                0x00004a88        0x4 LONG 0x228 __cy_region_zero_size_ram
                0x00004a8c                __cy_regions_end = .
                0x00004a90                . = ALIGN (0x8)
 *fill*         0x00004a8c        0x4 
                0x00004a90                _etext = .

.cy_checksum_exclude
                0x00004a90        0x0
 *(.cy_checksum_exclude)

.ramvectors     0x1fff8000       0xc0
                0x1fff8000                __cy_region_start_ram = .
 *(.ramvectors)
 .ramvectors    0x1fff8000       0xc0 .\CortexM3\ARM_GCC_541\Debug\Cm3Start.o
                0x1fff8000                CyRamVectors

.noinit         0x1fff80c0        0x1
 *(.noinit)
 .noinit        0x1fff80c0        0x1 .\CortexM3\ARM_GCC_541\Debug\Design_301_project.a(CyLib.o)
                0x1fff80c0                CyResetStatus

.data           0x1fff80c8      0x168 load address 0x00004a90
                0x1fff80c8                __cy_region_start_data = .
 *(.jcr)
 .jcr           0x1fff80c8        0x0 d:/psoc creator/4.4/psoc creator/import/gnu/arm/5.4.1/bin/../lib/gcc/arm-none-eabi/5.4.1/armv7-m/crtbegin.o
 .jcr           0x1fff80c8        0x4 d:/psoc creator/4.4/psoc creator/import/gnu/arm/5.4.1/bin/../lib/gcc/arm-none-eabi/5.4.1/armv7-m/crtend.o
 *(.got.plt)
 *(.got)
 *(.shdata)
 *(.data .data.* .gnu.linkonce.d.*)
 .data          0x1fff80cc       0x91 .\CortexM3\ARM_GCC_541\Debug\main.o
                0x1fff80cc                next_Motion
                0x1fff80cd                current_Motion
                0x1fff80d0                speed_M1
                0x1fff80d4                speed_M2
                0x1fff80d8                Stop_flag
                0x1fff80dc                displaystring
                0x1fff811c                message_encoder
                0x1fff815c                flag_rf_transmission_active
 *fill*         0x1fff815d        0x3 
 .data          0x1fff8160        0x4 .\CortexM3\ARM_GCC_541\Debug\Cm3Start.o
 .data          0x1fff8164       0x1a .\CortexM3\ARM_GCC_541\Debug\Design_301_project.a(USBUART_cdc.o)
                0x1fff8164                USBUART_linesCoding
 *fill*         0x1fff817e        0x2 
 .data          0x1fff8180       0x10 .\CortexM3\ARM_GCC_541\Debug\Design_301_project.a(CyLib.o)
                0x1fff8180                cydelay_32k_ms
                0x1fff8184                cydelay_freq_khz
                0x1fff8188                cydelay_freq_mhz
                0x1fff818c                cydelay_freq_hz
 .data.impure_data
                0x1fff8190       0x60 d:/psoc creator/4.4/psoc creator/import/gnu/arm/5.4.1/bin/../lib/gcc/arm-none-eabi/5.4.1/../../../../arm-none-eabi/lib/armv7-m\libg_nano.a(lib_a-impure.o)
 .data._impure_ptr
                0x1fff81f0        0x4 d:/psoc creator/4.4/psoc creator/import/gnu/arm/5.4.1/bin/../lib/gcc/arm-none-eabi/5.4.1/../../../../arm-none-eabi/lib/armv7-m\libg_nano.a(lib_a-impure.o)
                0x1fff81f0                _impure_ptr
 .data.lconv    0x1fff81f4       0x38 d:/psoc creator/4.4/psoc creator/import/gnu/arm/5.4.1/bin/../lib/gcc/arm-none-eabi/5.4.1/../../../../arm-none-eabi/lib/armv7-m\libg_nano.a(lib_a-locale.o)
                0x1fff8230                . = ALIGN (0x8)
 *fill*         0x1fff822c        0x4 
 *(.ram)
                0x1fff8230                _edata = .

.igot.plt       0x1fff8230        0x0 load address 0x00004bf8
 .igot.plt      0x1fff8230        0x0 d:/psoc creator/4.4/psoc creator/import/gnu/arm/5.4.1/bin/../lib/gcc/arm-none-eabi/5.4.1/armv7-m/crtbegin.o

.bss            0x1fff8230      0x228 load address 0x00004bf8
                0x1fff8230                PROVIDE (__bss_start__, .)
 *(.shbss)
 *(.bss .bss.* .gnu.linkonce.b.*)
 .bss           0x1fff8230       0x1c d:/psoc creator/4.4/psoc creator/import/gnu/arm/5.4.1/bin/../lib/gcc/arm-none-eabi/5.4.1/armv7-m/crtbegin.o
 .bss           0x1fff824c       0x2d .\CortexM3\ARM_GCC_541\Debug\main.o
                0x1fff824c                count_waitstop
                0x1fff8254                flag_KB_string
                0x1fff8258                decoder_flag
                0x1fff825c                speed_flag
                0x1fff8260                count_encoder
                0x1fff8264                count_forward
                0x1fff8268                dataready_flag
                0x1fff8269                flag_packet
                0x1fff826a                flag_rx
                0x1fff826b                flag_ts_display
                0x1fff826c                flag_ts_speed
                0x1fff826d                flag_ts_update
                0x1fff826e                flag_ts_enc
                0x1fff8270                ts_display
                0x1fff8272                ts_speed
                0x1fff8274                ts_update
                0x1fff8276                ts_enc
                0x1fff8278                ts
 .bss           0x1fff8279        0x1 .\CortexM3\ARM_GCC_541\Debug\Design_301_project.a(QuadDec_M1.o)
                0x1fff8279                QuadDec_M1_initVar
 .bss           0x1fff827a        0x1 .\CortexM3\ARM_GCC_541\Debug\Design_301_project.a(QuadDec_M2.o)
                0x1fff827a                QuadDec_M2_initVar
 .bss           0x1fff827b        0x1 .\CortexM3\ARM_GCC_541\Debug\Design_301_project.a(PWM_1.o)
                0x1fff827b                PWM_1_initVar
 .bss           0x1fff827c        0x1 .\CortexM3\ARM_GCC_541\Debug\Design_301_project.a(PWM_2.o)
                0x1fff827c                PWM_2_initVar
 .bss           0x1fff827d        0x1 .\CortexM3\ARM_GCC_541\Debug\Design_301_project.a(Timer_1.o)
                0x1fff827d                Timer_1_initVar
 .bss           0x1fff827e        0x1 .\CortexM3\ARM_GCC_541\Debug\Design_301_project.a(USBUART.o)
                0x1fff827e                USBUART_initVar
 *fill*         0x1fff827f        0x1 
 .bss           0x1fff8280        0x2 .\CortexM3\ARM_GCC_541\Debug\Design_301_project.a(USBUART_std.o)
 .bss           0x1fff8282        0x1 .\CortexM3\ARM_GCC_541\Debug\Design_301_project.a(Timer_2.o)
                0x1fff8282                Timer_2_initVar
 *fill*         0x1fff8283        0x1 
 .bss           0x1fff8284        0x1 .\CortexM3\ARM_GCC_541\Debug\Design_301_project.a(Timer_2_PM.o)
 .bss           0x1fff8285        0x1 .\CortexM3\ARM_GCC_541\Debug\Design_301_project.a(QuadDec_M1_Cnt16.o)
                0x1fff8285                QuadDec_M1_Cnt16_initVar
 .bss           0x1fff8286        0x1 .\CortexM3\ARM_GCC_541\Debug\Design_301_project.a(QuadDec_M2_Cnt16.o)
                0x1fff8286                QuadDec_M2_Cnt16_initVar
 *fill*         0x1fff8287        0x1 
 .bss.__malloc_sbrk_start
                0x1fff8288        0x4 d:/psoc creator/4.4/psoc creator/import/gnu/arm/5.4.1/bin/../lib/gcc/arm-none-eabi/5.4.1/../../../../arm-none-eabi/lib/armv7-m\libg_nano.a(lib_a-nano-mallocr.o)
                0x1fff8288                __malloc_sbrk_start
 .bss.__malloc_free_list
                0x1fff828c        0x4 d:/psoc creator/4.4/psoc creator/import/gnu/arm/5.4.1/bin/../lib/gcc/arm-none-eabi/5.4.1/../../../../arm-none-eabi/lib/armv7-m\libg_nano.a(lib_a-nano-mallocr.o)
                0x1fff828c                __malloc_free_list
 *(COMMON)
 COMMON         0x1fff8290       0xe8 .\CortexM3\ARM_GCC_541\Debug\main.o
                0x1fff8290                entry
                0x1fff82d0                c_M1
                0x1fff82d4                system_state
                0x1fff82f4                line
                0x1fff8334                usbBuffer
                0x1fff8374                c_M2
 COMMON         0x1fff8378       0x18 .\CortexM3\ARM_GCC_541\Debug\Design_301_project.a(USBUART_cdc.o)
                0x1fff8378                USBUART_linesChanged
                0x1fff837c                USBUART_cdcDataInEp
                0x1fff8380                USBUART_cdcCommInInterruptEp
                0x1fff8384                USBUART_cdcDataOutEp
                0x1fff8388                USBUART_serialStateBitmap
                0x1fff838c                USBUART_linesControlBitmap
 COMMON         0x1fff8390       0x9a .\CortexM3\ARM_GCC_541\Debug\Design_301_project.a(USBUART_drv.o)
                0x1fff8390                USBUART_lastPacketSize
                0x1fff8391                USBUART_device
                0x1fff8392                USBUART_transferByteCount
                0x1fff8394                USBUART_transferState
                0x1fff8398                USBUART_interfaceSettingLast
                0x1fff839c                USBUART_currentTD
                0x1fff83a8                USBUART_interfaceNumber
                0x1fff83ac                USBUART_interfaceClass
                0x1fff83b0                USBUART_configurationChanged
                0x1fff83b1                USBUART_ep0Mode
                0x1fff83b2                USBUART_deviceAddress
                0x1fff83b3                USBUART_configuration
                0x1fff83b4                USBUART_ep0Count
                0x1fff83b5                USBUART_deviceStatus
                0x1fff83b8                USBUART_EP
                0x1fff8424                USBUART_interfaceSetting
                0x1fff8426                USBUART_ep0Toggle
                0x1fff8428                USBUART_interfaceStatus
 *fill*         0x1fff842a        0x2 
 COMMON         0x1fff842c       0x22 .\CortexM3\ARM_GCC_541\Debug\Design_301_project.a(USBUART_descr.o)
                0x1fff842c                USBUART_idSerialNumberStringDescriptor
 *fill*         0x1fff844e        0x2 
 COMMON         0x1fff8450        0x4 d:/psoc creator/4.4/psoc creator/import/gnu/arm/5.4.1/bin/../lib/gcc/arm-none-eabi/5.4.1/../../../../arm-none-eabi/lib/armv7-m\libg_nano.a(lib_a-reent.o)
                0x1fff8450                errno
                0x1fff8458                . = ALIGN (0x8)
 *fill*         0x1fff8454        0x4 
 *(.ram.b)
                0x1fff8458                _end = .
                0x1fff8458                __end = .
                0x1fff8458                PROVIDE (end, .)
                0x1fff8458                PROVIDE (__bss_end__, .)
                0x00004a90                __cy_region_init_ram = LOADADDR (.data)
                0x00000168                __cy_region_init_size_ram = (_edata - ADDR (.data))
                0x00000228                __cy_region_zero_size_ram = (_end - _edata)

.heap           0x1fff8458      0x200 load address 0x00004bf8
                0x1fff8458                . = _end
                0x1fff8658                . = (. + 0x200)
 *fill*         0x1fff8458      0x200 
                0x1fff8658                __cy_heap_limit = .

.stack          0x20007800      0x800
                0x20007800                __cy_stack_limit = .
                0x20008000                . = (. + 0x800)
 *fill*         0x20007800      0x800 
                0x00000001                ASSERT ((__cy_stack_limit >= __cy_heap_limit), region RAM overflowed with stack)
                0x00000000                cy_checksum_exclude_size = (CY_APPL_LOADABLE == 0x1)?SIZEOF (.cy_checksum_exclude):0x0
                0x00000001                ASSERT ((cy_checksum_exclude_size <= CY_CHECKSUM_EXCLUDE_SIZE), CY_BOOT: Section .cy_checksum_exclude size exceedes specified limit.)

.cyloadermeta
 *(.cyloadermeta)

.cyloadablemeta
 *(.cyloadablemeta)

.cyconfigecc    0x80000000      0xa7c
 *(.cyconfigecc)
 .cyconfigecc   0x80000000      0xa7c .\CortexM3\ARM_GCC_541\Debug\cymetadata.o
                0x80000000                cy_meta_configecc

.cycustnvl      0x90000000        0x4
 *(.cycustnvl)
 .cycustnvl     0x90000000        0x4 .\CortexM3\ARM_GCC_541\Debug\cymetadata.o
                0x90000000                cy_meta_custnvl

.cywolatch      0x90100000        0x4
 *(.cywolatch)
 .cywolatch     0x90100000        0x4 .\CortexM3\ARM_GCC_541\Debug\cymetadata.o
                0x90100000                cy_meta_wonvl

.cyeeprom       0x90200000        0x0
 *(.cyeeprom)
                0x00000001                ASSERT ((. <= ((0x90200000 + ee_offset) + ee_size)), .cyeeprom data will not fit in EEPROM)

.cyflashprotect
                0x90400000      0x100
 *(.cyflashprotect)
 .cyflashprotect
                0x90400000      0x100 .\CortexM3\ARM_GCC_541\Debug\cymetadata.o
                0x90400000                cy_meta_flashprotect

.cymeta         0x90500000        0xc
 *(.cymeta)
 .cymeta        0x90500000        0xc .\CortexM3\ARM_GCC_541\Debug\cymetadata.o
                0x90500000                cy_metadata

.rel.dyn        0x00004bf8        0x0 load address 0x9050000c
 .rel.iplt      0x00004bf8        0x0 d:/psoc creator/4.4/psoc creator/import/gnu/arm/5.4.1/bin/../lib/gcc/arm-none-eabi/5.4.1/armv7-m/crtbegin.o

.stab
 *(.stab)

.stabstr
 *(.stabstr)

.debug
 *(.debug)

.line
 *(.line)

.debug_srcinfo
 *(.debug_srcinfo)

.debug_sfnames
 *(.debug_sfnames)

.debug_aranges  0x00000000     0x1100
 *(.debug_aranges)
 .debug_aranges
                0x00000000       0x80 .\CortexM3\ARM_GCC_541\Debug\main.o
 .debug_aranges
                0x00000080       0x58 .\CortexM3\ARM_GCC_541\Debug\cyfitter_cfg.o
 .debug_aranges
                0x000000d8       0x18 .\CortexM3\ARM_GCC_541\Debug\cymetadata.o
 .debug_aranges
                0x000000f0       0x48 .\CortexM3\ARM_GCC_541\Debug\Cm3Start.o
 .debug_aranges
                0x00000138       0x38 .\CortexM3\ARM_GCC_541\Debug\Design_301_project.a(M2_D1.o)
 .debug_aranges
                0x00000170       0x60 .\CortexM3\ARM_GCC_541\Debug\Design_301_project.a(QuadDec_M1.o)
 .debug_aranges
                0x000001d0       0x60 .\CortexM3\ARM_GCC_541\Debug\Design_301_project.a(QuadDec_M2.o)
 .debug_aranges
                0x00000230       0x78 .\CortexM3\ARM_GCC_541\Debug\Design_301_project.a(PWM_1.o)
 .debug_aranges
                0x000002a8       0x38 .\CortexM3\ARM_GCC_541\Debug\Design_301_project.a(PWM_1_PM.o)
 .debug_aranges
                0x000002e0       0x78 .\CortexM3\ARM_GCC_541\Debug\Design_301_project.a(PWM_2.o)
 .debug_aranges
                0x00000358       0x38 .\CortexM3\ARM_GCC_541\Debug\Design_301_project.a(PWM_2_PM.o)
 .debug_aranges
                0x00000390       0x88 .\CortexM3\ARM_GCC_541\Debug\Design_301_project.a(Timer_1.o)
 .debug_aranges
                0x00000418       0x80 .\CortexM3\ARM_GCC_541\Debug\Design_301_project.a(isr_US.o)
 .debug_aranges
                0x00000498       0xc8 .\CortexM3\ARM_GCC_541\Debug\Design_301_project.a(USBUART.o)
 .debug_aranges
                0x00000560       0xe8 .\CortexM3\ARM_GCC_541\Debug\Design_301_project.a(USBUART_cdc.o)
 .debug_aranges
                0x00000648       0x98 .\CortexM3\ARM_GCC_541\Debug\Design_301_project.a(USBUART_drv.o)
 .debug_aranges
                0x000006e0       0x40 .\CortexM3\ARM_GCC_541\Debug\Design_301_project.a(USBUART_episr.o)
 .debug_aranges
                0x00000720       0x40 .\CortexM3\ARM_GCC_541\Debug\Design_301_project.a(USBUART_pm.o)
 .debug_aranges
                0x00000760       0x80 .\CortexM3\ARM_GCC_541\Debug\Design_301_project.a(USBUART_std.o)
 .debug_aranges
                0x000007e0       0x20 .\CortexM3\ARM_GCC_541\Debug\Design_301_project.a(USBUART_vnd.o)
 .debug_aranges
                0x00000800       0x28 .\CortexM3\ARM_GCC_541\Debug\Design_301_project.a(RF_BT_SELECT.o)
 .debug_aranges
                0x00000828       0x38 .\CortexM3\ARM_GCC_541\Debug\Design_301_project.a(Vo6.o)
 .debug_aranges
                0x00000860       0x38 .\CortexM3\ARM_GCC_541\Debug\Design_301_project.a(Vo1.o)
 .debug_aranges
                0x00000898       0x38 .\CortexM3\ARM_GCC_541\Debug\Design_301_project.a(Vo2.o)
 .debug_aranges
                0x000008d0       0x38 .\CortexM3\ARM_GCC_541\Debug\Design_301_project.a(Vo5.o)
 .debug_aranges
                0x00000908       0x38 .\CortexM3\ARM_GCC_541\Debug\Design_301_project.a(Vo3.o)
 .debug_aranges
                0x00000940       0x38 .\CortexM3\ARM_GCC_541\Debug\Design_301_project.a(Vo4.o)
 .debug_aranges
                0x00000978       0x38 .\CortexM3\ARM_GCC_541\Debug\Design_301_project.a(M1_D1.o)
 .debug_aranges
                0x000009b0       0x88 .\CortexM3\ARM_GCC_541\Debug\Design_301_project.a(Timer_2.o)
 .debug_aranges
                0x00000a38       0x38 .\CortexM3\ARM_GCC_541\Debug\Design_301_project.a(Timer_2_PM.o)
 .debug_aranges
                0x00000a70       0x80 .\CortexM3\ARM_GCC_541\Debug\Design_301_project.a(isr_T2.o)
 .debug_aranges
                0x00000af0       0x98 .\CortexM3\ARM_GCC_541\Debug\Design_301_project.a(QuadDec_M1_Cnt16.o)
 .debug_aranges
                0x00000b88       0x98 .\CortexM3\ARM_GCC_541\Debug\Design_301_project.a(QuadDec_M2_Cnt16.o)
 .debug_aranges
                0x00000c20       0x48 .\CortexM3\ARM_GCC_541\Debug\Design_301_project.a(USBUART_Dp.o)
 .debug_aranges
                0x00000c68      0x2a0 .\CortexM3\ARM_GCC_541\Debug\Design_301_project.a(CyLib.o)
 .debug_aranges
                0x00000f08       0x98 .\CortexM3\ARM_GCC_541\Debug\Design_301_project.a(cyPm.o)
 .debug_aranges
                0x00000fa0       0x20 .\CortexM3\ARM_GCC_541\Debug\Design_301_project.a(CyBootAsmGnu.o)
 .debug_aranges
                0x00000fc0       0x20 .\CortexM3\ARM_GCC_541\Debug\Design_301_project.a(USBUART_cls.o)
 .debug_aranges
                0x00000fe0       0x18 .\CortexM3\ARM_GCC_541\Debug\Design_301_project.a(USBUART_descr.o)
 .debug_aranges
                0x00000ff8       0x88 .\CortexM3\ARM_GCC_541\Debug\Design_301_project.a(CyFlash.o)
 .debug_aranges
                0x00001080       0x80 .\CortexM3\ARM_GCC_541\Debug\Design_301_project.a(CySpc.o)

.debug_pubnames
 *(.debug_pubnames)

.debug_info     0x00000000     0x9cc9
 *(.debug_info .gnu.linkonce.wi.*)
 .debug_info    0x00000000      0xbab .\CortexM3\ARM_GCC_541\Debug\main.o
 .debug_info    0x00000bab      0x549 .\CortexM3\ARM_GCC_541\Debug\cyfitter_cfg.o
 .debug_info    0x000010f4      0x139 .\CortexM3\ARM_GCC_541\Debug\cymetadata.o
 .debug_info    0x0000122d      0x3bb .\CortexM3\ARM_GCC_541\Debug\Cm3Start.o
 .debug_info    0x000015e8      0x11f .\CortexM3\ARM_GCC_541\Debug\Design_301_project.a(M2_D1.o)
 .debug_info    0x00001707      0x2d4 .\CortexM3\ARM_GCC_541\Debug\Design_301_project.a(QuadDec_M1.o)
 .debug_info    0x000019db      0x2d4 .\CortexM3\ARM_GCC_541\Debug\Design_301_project.a(QuadDec_M2.o)
 .debug_info    0x00001caf      0x27f .\CortexM3\ARM_GCC_541\Debug\Design_301_project.a(PWM_1.o)
 .debug_info    0x00001f2e      0x153 .\CortexM3\ARM_GCC_541\Debug\Design_301_project.a(PWM_1_PM.o)
 .debug_info    0x00002081      0x27f .\CortexM3\ARM_GCC_541\Debug\Design_301_project.a(PWM_2.o)
 .debug_info    0x00002300      0x153 .\CortexM3\ARM_GCC_541\Debug\Design_301_project.a(PWM_2_PM.o)
 .debug_info    0x00002453      0x291 .\CortexM3\ARM_GCC_541\Debug\Design_301_project.a(Timer_1.o)
 .debug_info    0x000026e4      0x2d2 .\CortexM3\ARM_GCC_541\Debug\Design_301_project.a(isr_US.o)
 .debug_info    0x000029b6      0x995 .\CortexM3\ARM_GCC_541\Debug\Design_301_project.a(USBUART.o)
 .debug_info    0x0000334b      0xaf7 .\CortexM3\ARM_GCC_541\Debug\Design_301_project.a(USBUART_cdc.o)
 .debug_info    0x00003e42      0x655 .\CortexM3\ARM_GCC_541\Debug\Design_301_project.a(USBUART_drv.o)
 .debug_info    0x00004497      0x254 .\CortexM3\ARM_GCC_541\Debug\Design_301_project.a(USBUART_episr.o)
 .debug_info    0x000046eb      0x2e4 .\CortexM3\ARM_GCC_541\Debug\Design_301_project.a(USBUART_pm.o)
 .debug_info    0x000049cf      0xb36 .\CortexM3\ARM_GCC_541\Debug\Design_301_project.a(USBUART_std.o)
 .debug_info    0x00005505      0x1be .\CortexM3\ARM_GCC_541\Debug\Design_301_project.a(USBUART_vnd.o)
 .debug_info    0x000056c3       0xd6 .\CortexM3\ARM_GCC_541\Debug\Design_301_project.a(RF_BT_SELECT.o)
 .debug_info    0x00005799      0x11f .\CortexM3\ARM_GCC_541\Debug\Design_301_project.a(Vo6.o)
 .debug_info    0x000058b8      0x11f .\CortexM3\ARM_GCC_541\Debug\Design_301_project.a(Vo1.o)
 .debug_info    0x000059d7      0x11f .\CortexM3\ARM_GCC_541\Debug\Design_301_project.a(Vo2.o)
 .debug_info    0x00005af6      0x11f .\CortexM3\ARM_GCC_541\Debug\Design_301_project.a(Vo5.o)
 .debug_info    0x00005c15      0x11f .\CortexM3\ARM_GCC_541\Debug\Design_301_project.a(Vo3.o)
 .debug_info    0x00005d34      0x11f .\CortexM3\ARM_GCC_541\Debug\Design_301_project.a(Vo4.o)
 .debug_info    0x00005e53      0x11f .\CortexM3\ARM_GCC_541\Debug\Design_301_project.a(M1_D1.o)
 .debug_info    0x00005f72      0x293 .\CortexM3\ARM_GCC_541\Debug\Design_301_project.a(Timer_2.o)
 .debug_info    0x00006205      0x153 .\CortexM3\ARM_GCC_541\Debug\Design_301_project.a(Timer_2_PM.o)
 .debug_info    0x00006358      0x2d2 .\CortexM3\ARM_GCC_541\Debug\Design_301_project.a(isr_T2.o)
 .debug_info    0x0000662a      0x348 .\CortexM3\ARM_GCC_541\Debug\Design_301_project.a(QuadDec_M1_Cnt16.o)
 .debug_info    0x00006972      0x348 .\CortexM3\ARM_GCC_541\Debug\Design_301_project.a(QuadDec_M2_Cnt16.o)
 .debug_info    0x00006cba      0x174 .\CortexM3\ARM_GCC_541\Debug\Design_301_project.a(USBUART_Dp.o)
 .debug_info    0x00006e2e     0x1374 .\CortexM3\ARM_GCC_541\Debug\Design_301_project.a(CyLib.o)
 .debug_info    0x000081a2      0xa2a .\CortexM3\ARM_GCC_541\Debug\Design_301_project.a(cyPm.o)
 .debug_info    0x00008bcc       0xa1 .\CortexM3\ARM_GCC_541\Debug\Design_301_project.a(CyBootAsmGnu.o)
 .debug_info    0x00008c6d      0x1de .\CortexM3\ARM_GCC_541\Debug\Design_301_project.a(USBUART_cls.o)
 .debug_info    0x00008e4b      0x2e1 .\CortexM3\ARM_GCC_541\Debug\Design_301_project.a(USBUART_descr.o)
 .debug_info    0x0000912c      0x64d .\CortexM3\ARM_GCC_541\Debug\Design_301_project.a(CyFlash.o)
 .debug_info    0x00009779      0x550 .\CortexM3\ARM_GCC_541\Debug\Design_301_project.a(CySpc.o)

.debug_abbrev   0x00000000     0x2ea2
 *(.debug_abbrev)
 .debug_abbrev  0x00000000      0x250 .\CortexM3\ARM_GCC_541\Debug\main.o
 .debug_abbrev  0x00000250      0x1fe .\CortexM3\ARM_GCC_541\Debug\cyfitter_cfg.o
 .debug_abbrev  0x0000044e       0x77 .\CortexM3\ARM_GCC_541\Debug\cymetadata.o
 .debug_abbrev  0x000004c5      0x1e8 .\CortexM3\ARM_GCC_541\Debug\Cm3Start.o
 .debug_abbrev  0x000006ad       0x90 .\CortexM3\ARM_GCC_541\Debug\Design_301_project.a(M2_D1.o)
 .debug_abbrev  0x0000073d      0x151 .\CortexM3\ARM_GCC_541\Debug\Design_301_project.a(QuadDec_M1.o)
 .debug_abbrev  0x0000088e      0x151 .\CortexM3\ARM_GCC_541\Debug\Design_301_project.a(QuadDec_M2.o)
 .debug_abbrev  0x000009df      0x12d .\CortexM3\ARM_GCC_541\Debug\Design_301_project.a(PWM_1.o)
 .debug_abbrev  0x00000b0c       0xc4 .\CortexM3\ARM_GCC_541\Debug\Design_301_project.a(PWM_1_PM.o)
 .debug_abbrev  0x00000bd0      0x12d .\CortexM3\ARM_GCC_541\Debug\Design_301_project.a(PWM_2.o)
 .debug_abbrev  0x00000cfd       0xc4 .\CortexM3\ARM_GCC_541\Debug\Design_301_project.a(PWM_2_PM.o)
 .debug_abbrev  0x00000dc1      0x11a .\CortexM3\ARM_GCC_541\Debug\Design_301_project.a(Timer_1.o)
 .debug_abbrev  0x00000edb      0x173 .\CortexM3\ARM_GCC_541\Debug\Design_301_project.a(isr_US.o)
 .debug_abbrev  0x0000104e      0x215 .\CortexM3\ARM_GCC_541\Debug\Design_301_project.a(USBUART.o)
 .debug_abbrev  0x00001263      0x245 .\CortexM3\ARM_GCC_541\Debug\Design_301_project.a(USBUART_cdc.o)
 .debug_abbrev  0x000014a8      0x189 .\CortexM3\ARM_GCC_541\Debug\Design_301_project.a(USBUART_drv.o)
 .debug_abbrev  0x00001631      0x11b .\CortexM3\ARM_GCC_541\Debug\Design_301_project.a(USBUART_episr.o)
 .debug_abbrev  0x0000174c      0x108 .\CortexM3\ARM_GCC_541\Debug\Design_301_project.a(USBUART_pm.o)
 .debug_abbrev  0x00001854      0x20a .\CortexM3\ARM_GCC_541\Debug\Design_301_project.a(USBUART_std.o)
 .debug_abbrev  0x00001a5e       0xe1 .\CortexM3\ARM_GCC_541\Debug\Design_301_project.a(USBUART_vnd.o)
 .debug_abbrev  0x00001b3f       0x81 .\CortexM3\ARM_GCC_541\Debug\Design_301_project.a(RF_BT_SELECT.o)
 .debug_abbrev  0x00001bc0       0x90 .\CortexM3\ARM_GCC_541\Debug\Design_301_project.a(Vo6.o)
 .debug_abbrev  0x00001c50       0x90 .\CortexM3\ARM_GCC_541\Debug\Design_301_project.a(Vo1.o)
 .debug_abbrev  0x00001ce0       0x90 .\CortexM3\ARM_GCC_541\Debug\Design_301_project.a(Vo2.o)
 .debug_abbrev  0x00001d70       0x90 .\CortexM3\ARM_GCC_541\Debug\Design_301_project.a(Vo5.o)
 .debug_abbrev  0x00001e00       0x90 .\CortexM3\ARM_GCC_541\Debug\Design_301_project.a(Vo3.o)
 .debug_abbrev  0x00001e90       0x90 .\CortexM3\ARM_GCC_541\Debug\Design_301_project.a(Vo4.o)
 .debug_abbrev  0x00001f20       0x90 .\CortexM3\ARM_GCC_541\Debug\Design_301_project.a(M1_D1.o)
 .debug_abbrev  0x00001fb0      0x11a .\CortexM3\ARM_GCC_541\Debug\Design_301_project.a(Timer_2.o)
 .debug_abbrev  0x000020ca       0xc4 .\CortexM3\ARM_GCC_541\Debug\Design_301_project.a(Timer_2_PM.o)
 .debug_abbrev  0x0000218e      0x173 .\CortexM3\ARM_GCC_541\Debug\Design_301_project.a(isr_T2.o)
 .debug_abbrev  0x00002301      0x117 .\CortexM3\ARM_GCC_541\Debug\Design_301_project.a(QuadDec_M1_Cnt16.o)
 .debug_abbrev  0x00002418      0x117 .\CortexM3\ARM_GCC_541\Debug\Design_301_project.a(QuadDec_M2_Cnt16.o)
 .debug_abbrev  0x0000252f       0x90 .\CortexM3\ARM_GCC_541\Debug\Design_301_project.a(USBUART_Dp.o)
 .debug_abbrev  0x000025bf      0x254 .\CortexM3\ARM_GCC_541\Debug\Design_301_project.a(CyLib.o)
 .debug_abbrev  0x00002813      0x1ab .\CortexM3\ARM_GCC_541\Debug\Design_301_project.a(cyPm.o)
 .debug_abbrev  0x000029be       0x14 .\CortexM3\ARM_GCC_541\Debug\Design_301_project.a(CyBootAsmGnu.o)
 .debug_abbrev  0x000029d2       0xe1 .\CortexM3\ARM_GCC_541\Debug\Design_301_project.a(USBUART_cls.o)
 .debug_abbrev  0x00002ab3       0xb4 .\CortexM3\ARM_GCC_541\Debug\Design_301_project.a(USBUART_descr.o)
 .debug_abbrev  0x00002b67      0x1a7 .\CortexM3\ARM_GCC_541\Debug\Design_301_project.a(CyFlash.o)
 .debug_abbrev  0x00002d0e      0x194 .\CortexM3\ARM_GCC_541\Debug\Design_301_project.a(CySpc.o)

.debug_line     0x00000000     0x3d2e
 *(.debug_line)
 .debug_line    0x00000000      0x45b .\CortexM3\ARM_GCC_541\Debug\main.o
 .debug_line    0x0000045b        0x0 .\CortexM3\ARM_GCC_541\Debug\store.o
 .debug_line    0x0000045b      0x1c4 .\CortexM3\ARM_GCC_541\Debug\cyfitter_cfg.o
 .debug_line    0x0000061f      0x109 .\CortexM3\ARM_GCC_541\Debug\cymetadata.o
 .debug_line    0x00000728      0x1fc .\CortexM3\ARM_GCC_541\Debug\Cm3Start.o
 .debug_line    0x00000924       0x92 .\CortexM3\ARM_GCC_541\Debug\Design_301_project.a(M2_D1.o)
 .debug_line    0x000009b6      0x120 .\CortexM3\ARM_GCC_541\Debug\Design_301_project.a(QuadDec_M1.o)
 .debug_line    0x00000ad6      0x120 .\CortexM3\ARM_GCC_541\Debug\Design_301_project.a(QuadDec_M2.o)
 .debug_line    0x00000bf6      0x133 .\CortexM3\ARM_GCC_541\Debug\Design_301_project.a(PWM_1.o)
 .debug_line    0x00000d29       0xa0 .\CortexM3\ARM_GCC_541\Debug\Design_301_project.a(PWM_1_PM.o)
 .debug_line    0x00000dc9      0x133 .\CortexM3\ARM_GCC_541\Debug\Design_301_project.a(PWM_2.o)
 .debug_line    0x00000efc       0xa0 .\CortexM3\ARM_GCC_541\Debug\Design_301_project.a(PWM_2_PM.o)
 .debug_line    0x00000f9c      0x155 .\CortexM3\ARM_GCC_541\Debug\Design_301_project.a(Timer_1.o)
 .debug_line    0x000010f1      0x133 .\CortexM3\ARM_GCC_541\Debug\Design_301_project.a(isr_US.o)
 .debug_line    0x00001224      0x2dc .\CortexM3\ARM_GCC_541\Debug\Design_301_project.a(USBUART.o)
 .debug_line    0x00001500      0x2f2 .\CortexM3\ARM_GCC_541\Debug\Design_301_project.a(USBUART_cdc.o)
 .debug_line    0x000017f2      0x221 .\CortexM3\ARM_GCC_541\Debug\Design_301_project.a(USBUART_drv.o)
 .debug_line    0x00001a13       0xe6 .\CortexM3\ARM_GCC_541\Debug\Design_301_project.a(USBUART_episr.o)
 .debug_line    0x00001af9      0x10e .\CortexM3\ARM_GCC_541\Debug\Design_301_project.a(USBUART_pm.o)
 .debug_line    0x00001c07      0x3dc .\CortexM3\ARM_GCC_541\Debug\Design_301_project.a(USBUART_std.o)
 .debug_line    0x00001fe3       0x8b .\CortexM3\ARM_GCC_541\Debug\Design_301_project.a(USBUART_vnd.o)
 .debug_line    0x0000206e       0x74 .\CortexM3\ARM_GCC_541\Debug\Design_301_project.a(RF_BT_SELECT.o)
 .debug_line    0x000020e2       0x90 .\CortexM3\ARM_GCC_541\Debug\Design_301_project.a(Vo6.o)
 .debug_line    0x00002172       0x90 .\CortexM3\ARM_GCC_541\Debug\Design_301_project.a(Vo1.o)
 .debug_line    0x00002202       0x90 .\CortexM3\ARM_GCC_541\Debug\Design_301_project.a(Vo2.o)
 .debug_line    0x00002292       0x90 .\CortexM3\ARM_GCC_541\Debug\Design_301_project.a(Vo5.o)
 .debug_line    0x00002322       0x90 .\CortexM3\ARM_GCC_541\Debug\Design_301_project.a(Vo3.o)
 .debug_line    0x000023b2       0x90 .\CortexM3\ARM_GCC_541\Debug\Design_301_project.a(Vo4.o)
 .debug_line    0x00002442       0x92 .\CortexM3\ARM_GCC_541\Debug\Design_301_project.a(M1_D1.o)
 .debug_line    0x000024d4      0x155 .\CortexM3\ARM_GCC_541\Debug\Design_301_project.a(Timer_2.o)
 .debug_line    0x00002629       0xa4 .\CortexM3\ARM_GCC_541\Debug\Design_301_project.a(Timer_2_PM.o)
 .debug_line    0x000026cd      0x133 .\CortexM3\ARM_GCC_541\Debug\Design_301_project.a(isr_T2.o)
 .debug_line    0x00002800      0x190 .\CortexM3\ARM_GCC_541\Debug\Design_301_project.a(QuadDec_M1_Cnt16.o)
 .debug_line    0x00002990      0x190 .\CortexM3\ARM_GCC_541\Debug\Design_301_project.a(QuadDec_M2_Cnt16.o)
 .debug_line    0x00002b20       0xbb .\CortexM3\ARM_GCC_541\Debug\Design_301_project.a(USBUART_Dp.o)
 .debug_line    0x00002bdb      0x816 .\CortexM3\ARM_GCC_541\Debug\Design_301_project.a(CyLib.o)
 .debug_line    0x000033f1      0x367 .\CortexM3\ARM_GCC_541\Debug\Design_301_project.a(cyPm.o)
 .debug_line    0x00003758       0x66 .\CortexM3\ARM_GCC_541\Debug\Design_301_project.a(CyBootAsmGnu.o)
 .debug_line    0x000037be       0x95 .\CortexM3\ARM_GCC_541\Debug\Design_301_project.a(USBUART_cls.o)
 .debug_line    0x00003853       0x61 .\CortexM3\ARM_GCC_541\Debug\Design_301_project.a(USBUART_descr.o)
 .debug_line    0x000038b4      0x21a .\CortexM3\ARM_GCC_541\Debug\Design_301_project.a(CyFlash.o)
 .debug_line    0x00003ace      0x260 .\CortexM3\ARM_GCC_541\Debug\Design_301_project.a(CySpc.o)

.debug_frame    0x00000000     0x2d44
 *(.debug_frame)
 .debug_frame   0x00000000      0x178 .\CortexM3\ARM_GCC_541\Debug\main.o
 .debug_frame   0x00000178       0xe4 .\CortexM3\ARM_GCC_541\Debug\cyfitter_cfg.o
 .debug_frame   0x0000025c       0xb8 .\CortexM3\ARM_GCC_541\Debug\Cm3Start.o
 .debug_frame   0x00000314       0x50 .\CortexM3\ARM_GCC_541\Debug\Design_301_project.a(M2_D1.o)
 .debug_frame   0x00000364       0xdc .\CortexM3\ARM_GCC_541\Debug\Design_301_project.a(QuadDec_M1.o)
 .debug_frame   0x00000440       0xdc .\CortexM3\ARM_GCC_541\Debug\Design_301_project.a(QuadDec_M2.o)
 .debug_frame   0x0000051c       0xe8 .\CortexM3\ARM_GCC_541\Debug\Design_301_project.a(PWM_1.o)
 .debug_frame   0x00000604       0x68 .\CortexM3\ARM_GCC_541\Debug\Design_301_project.a(PWM_1_PM.o)
 .debug_frame   0x0000066c       0xe8 .\CortexM3\ARM_GCC_541\Debug\Design_301_project.a(PWM_2.o)
 .debug_frame   0x00000754       0x68 .\CortexM3\ARM_GCC_541\Debug\Design_301_project.a(PWM_2_PM.o)
 .debug_frame   0x000007bc      0x108 .\CortexM3\ARM_GCC_541\Debug\Design_301_project.a(Timer_1.o)
 .debug_frame   0x000008c4      0x104 .\CortexM3\ARM_GCC_541\Debug\Design_301_project.a(isr_US.o)
 .debug_frame   0x000009c8      0x1dc .\CortexM3\ARM_GCC_541\Debug\Design_301_project.a(USBUART.o)
 .debug_frame   0x00000ba4      0x27c .\CortexM3\ARM_GCC_541\Debug\Design_301_project.a(USBUART_cdc.o)
 .debug_frame   0x00000e20      0x194 .\CortexM3\ARM_GCC_541\Debug\Design_301_project.a(USBUART_drv.o)
 .debug_frame   0x00000fb4       0x6c .\CortexM3\ARM_GCC_541\Debug\Design_301_project.a(USBUART_episr.o)
 .debug_frame   0x00001020       0xa0 .\CortexM3\ARM_GCC_541\Debug\Design_301_project.a(USBUART_pm.o)
 .debug_frame   0x000010c0      0x17c .\CortexM3\ARM_GCC_541\Debug\Design_301_project.a(USBUART_std.o)
 .debug_frame   0x0000123c       0x2c .\CortexM3\ARM_GCC_541\Debug\Design_301_project.a(USBUART_vnd.o)
 .debug_frame   0x00001268       0x30 .\CortexM3\ARM_GCC_541\Debug\Design_301_project.a(RF_BT_SELECT.o)
 .debug_frame   0x00001298       0x50 .\CortexM3\ARM_GCC_541\Debug\Design_301_project.a(Vo6.o)
 .debug_frame   0x000012e8       0x50 .\CortexM3\ARM_GCC_541\Debug\Design_301_project.a(Vo1.o)
 .debug_frame   0x00001338       0x50 .\CortexM3\ARM_GCC_541\Debug\Design_301_project.a(Vo2.o)
 .debug_frame   0x00001388       0x50 .\CortexM3\ARM_GCC_541\Debug\Design_301_project.a(Vo5.o)
 .debug_frame   0x000013d8       0x50 .\CortexM3\ARM_GCC_541\Debug\Design_301_project.a(Vo3.o)
 .debug_frame   0x00001428       0x50 .\CortexM3\ARM_GCC_541\Debug\Design_301_project.a(Vo4.o)
 .debug_frame   0x00001478       0x50 .\CortexM3\ARM_GCC_541\Debug\Design_301_project.a(M1_D1.o)
 .debug_frame   0x000014c8      0x108 .\CortexM3\ARM_GCC_541\Debug\Design_301_project.a(Timer_2.o)
 .debug_frame   0x000015d0       0x68 .\CortexM3\ARM_GCC_541\Debug\Design_301_project.a(Timer_2_PM.o)
 .debug_frame   0x00001638      0x104 .\CortexM3\ARM_GCC_541\Debug\Design_301_project.a(isr_T2.o)
 .debug_frame   0x0000173c      0x134 .\CortexM3\ARM_GCC_541\Debug\Design_301_project.a(QuadDec_M1_Cnt16.o)
 .debug_frame   0x00001870      0x134 .\CortexM3\ARM_GCC_541\Debug\Design_301_project.a(QuadDec_M2_Cnt16.o)
 .debug_frame   0x000019a4       0x70 .\CortexM3\ARM_GCC_541\Debug\Design_301_project.a(USBUART_Dp.o)
 .debug_frame   0x00001a14      0x738 .\CortexM3\ARM_GCC_541\Debug\Design_301_project.a(CyLib.o)
 .debug_frame   0x0000214c      0x1f8 .\CortexM3\ARM_GCC_541\Debug\Design_301_project.a(cyPm.o)
 .debug_frame   0x00002344       0x2c .\CortexM3\ARM_GCC_541\Debug\Design_301_project.a(USBUART_cls.o)
 .debug_frame   0x00002370      0x194 .\CortexM3\ARM_GCC_541\Debug\Design_301_project.a(CyFlash.o)
 .debug_frame   0x00002504      0x180 .\CortexM3\ARM_GCC_541\Debug\Design_301_project.a(CySpc.o)
 .debug_frame   0x00002684       0x20 d:/psoc creator/4.4/psoc creator/import/gnu/arm/5.4.1/bin/../lib/gcc/arm-none-eabi/5.4.1/../../../../arm-none-eabi/lib/armv7-m\libg_nano.a(lib_a-errno.o)
 .debug_frame   0x000026a4       0x28 d:/psoc creator/4.4/psoc creator/import/gnu/arm/5.4.1/bin/../lib/gcc/arm-none-eabi/5.4.1/../../../../arm-none-eabi/lib/armv7-m\libg_nano.a(lib_a-exit.o)
 .debug_frame   0x000026cc       0x2c d:/psoc creator/4.4/psoc creator/import/gnu/arm/5.4.1/bin/../lib/gcc/arm-none-eabi/5.4.1/../../../../arm-none-eabi/lib/armv7-m\libg_nano.a(lib_a-init.o)
 .debug_frame   0x000026f8       0x28 d:/psoc creator/4.4/psoc creator/import/gnu/arm/5.4.1/bin/../lib/gcc/arm-none-eabi/5.4.1/../../../../arm-none-eabi/lib/armv7-m\libg_nano.a(lib_a-memcpy-stub.o)
 .debug_frame   0x00002720       0x20 d:/psoc creator/4.4/psoc creator/import/gnu/arm/5.4.1/bin/../lib/gcc/arm-none-eabi/5.4.1/../../../../arm-none-eabi/lib/armv7-m\libg_nano.a(lib_a-memset.o)
 .debug_frame   0x00002740       0x8c d:/psoc creator/4.4/psoc creator/import/gnu/arm/5.4.1/bin/../lib/gcc/arm-none-eabi/5.4.1/../../../../arm-none-eabi/lib/armv7-m\libg_nano.a(lib_a-nano-vfprintf_float.o)
 .debug_frame   0x000027cc       0x60 d:/psoc creator/4.4/psoc creator/import/gnu/arm/5.4.1/bin/../lib/gcc/arm-none-eabi/5.4.1/../../../../arm-none-eabi/lib/armv7-m\libg_nano.a(lib_a-nano-vfprintf_i.o)
 .debug_frame   0x0000282c       0x20 d:/psoc creator/4.4/psoc creator/import/gnu/arm/5.4.1/bin/../lib/gcc/arm-none-eabi/5.4.1/../../../../arm-none-eabi/lib/armv7-m\libg_nano.a(lib_a-strcpy.o)
 .debug_frame   0x0000284c       0x6c d:/psoc creator/4.4/psoc creator/import/gnu/arm/5.4.1/bin/../lib/gcc/arm-none-eabi/5.4.1/../../../../arm-none-eabi/lib/armv7-m\libg_nano.a(lib_a-dtoa.o)
 .debug_frame   0x000028b8       0x98 d:/psoc creator/4.4/psoc creator/import/gnu/arm/5.4.1/bin/../lib/gcc/arm-none-eabi/5.4.1/../../../../arm-none-eabi/lib/armv7-m\libg_nano.a(lib_a-locale.o)
 .debug_frame   0x00002950       0x30 d:/psoc creator/4.4/psoc creator/import/gnu/arm/5.4.1/bin/../lib/gcc/arm-none-eabi/5.4.1/../../../../arm-none-eabi/lib/armv7-m\libg_nano.a(lib_a-malloc.o)
 .debug_frame   0x00002980       0x28 d:/psoc creator/4.4/psoc creator/import/gnu/arm/5.4.1/bin/../lib/gcc/arm-none-eabi/5.4.1/../../../../arm-none-eabi/lib/armv7-m\libg_nano.a(lib_a-memchr-stub.o)
 .debug_frame   0x000029a8      0x234 d:/psoc creator/4.4/psoc creator/import/gnu/arm/5.4.1/bin/../lib/gcc/arm-none-eabi/5.4.1/../../../../arm-none-eabi/lib/armv7-m\libg_nano.a(lib_a-mprec.o)
 .debug_frame   0x00002bdc       0x2c d:/psoc creator/4.4/psoc creator/import/gnu/arm/5.4.1/bin/../lib/gcc/arm-none-eabi/5.4.1/../../../../arm-none-eabi/lib/armv7-m\libg_nano.a(lib_a-nano-callocr.o)
 .debug_frame   0x00002c08       0x38 d:/psoc creator/4.4/psoc creator/import/gnu/arm/5.4.1/bin/../lib/gcc/arm-none-eabi/5.4.1/../../../../arm-none-eabi/lib/armv7-m\libg_nano.a(lib_a-nano-freer.o)
 .debug_frame   0x00002c40       0x2c d:/psoc creator/4.4/psoc creator/import/gnu/arm/5.4.1/bin/../lib/gcc/arm-none-eabi/5.4.1/../../../../arm-none-eabi/lib/armv7-m\libg_nano.a(lib_a-nano-mallocr.o)
 .debug_frame   0x00002c6c       0x2c d:/psoc creator/4.4/psoc creator/import/gnu/arm/5.4.1/bin/../lib/gcc/arm-none-eabi/5.4.1/../../../../arm-none-eabi/lib/armv7-m\libg_nano.a(lib_a-sbrkr.o)
 .debug_frame   0x00002c98       0x20 d:/psoc creator/4.4/psoc creator/import/gnu/arm/5.4.1/bin/../lib/gcc/arm-none-eabi/5.4.1/../../../../arm-none-eabi/lib/armv7-m\libg_nano.a(lib_a-strcmp.o)
 .debug_frame   0x00002cb8       0x30 d:/psoc creator/4.4/psoc creator/import/gnu/arm/5.4.1/bin/../lib/gcc/arm-none-eabi/5.4.1/../../../../arm-none-eabi/lib/armv7-m\libg_nano.a(lib_a-mlock.o)
 .debug_frame   0x00002ce8       0x5c d:/psoc creator/4.4/psoc creator/import/gnu/arm/5.4.1/bin/../lib/gcc/arm-none-eabi/5.4.1/../../../../arm-none-eabi/lib/armv7-m\libg_nano.a(lib_a-reent.o)

.debug_str      0x00000000     0x3973
 *(.debug_str)
 .debug_str     0x00000000      0x6c7 .\CortexM3\ARM_GCC_541\Debug\main.o
                                0x751 (size before relaxing)
 .debug_str     0x000006c7        0x8 .\CortexM3\ARM_GCC_541\Debug\store.o
                                 0xe9 (size before relaxing)
 .debug_str     0x000006cf      0x180 .\CortexM3\ARM_GCC_541\Debug\cyfitter_cfg.o
                                0x326 (size before relaxing)
 .debug_str     0x0000084f       0x7f .\CortexM3\ARM_GCC_541\Debug\cymetadata.o
                                0x1f5 (size before relaxing)
 .debug_str     0x000008ce      0x13e .\CortexM3\ARM_GCC_541\Debug\Cm3Start.o
                                0x31b (size before relaxing)
 .debug_str     0x00000a0c       0x5f .\CortexM3\ARM_GCC_541\Debug\Design_301_project.a(M2_D1.o)
                                0x1f3 (size before relaxing)
 .debug_str     0x00000a6b      0x168 .\CortexM3\ARM_GCC_541\Debug\Design_301_project.a(QuadDec_M1.o)
                                0x35b (size before relaxing)
 .debug_str     0x00000bd3      0x11e .\CortexM3\ARM_GCC_541\Debug\Design_301_project.a(QuadDec_M2.o)
                                0x35b (size before relaxing)
 .debug_str     0x00000cf1      0x10a .\CortexM3\ARM_GCC_541\Debug\Design_301_project.a(PWM_1.o)
                                0x2de (size before relaxing)
 .debug_str     0x00000dfb       0x7e .\CortexM3\ARM_GCC_541\Debug\Design_301_project.a(PWM_1_PM.o)
                                0x23e (size before relaxing)
 .debug_str     0x00000e79       0xd9 .\CortexM3\ARM_GCC_541\Debug\Design_301_project.a(PWM_2.o)
                                0x2de (size before relaxing)
 .debug_str     0x00000f52       0x6f .\CortexM3\ARM_GCC_541\Debug\Design_301_project.a(PWM_2_PM.o)
                                0x23e (size before relaxing)
 .debug_str     0x00000fc1      0x148 .\CortexM3\ARM_GCC_541\Debug\Design_301_project.a(Timer_1.o)
                                0x326 (size before relaxing)
 .debug_str     0x00001109       0xfd .\CortexM3\ARM_GCC_541\Debug\Design_301_project.a(isr_US.o)
                                0x2c5 (size before relaxing)
 .debug_str     0x00001206      0x434 .\CortexM3\ARM_GCC_541\Debug\Design_301_project.a(USBUART.o)
                                0x67b (size before relaxing)
 .debug_str     0x0000163a      0x4bd .\CortexM3\ARM_GCC_541\Debug\Design_301_project.a(USBUART_cdc.o)
                                0x7e2 (size before relaxing)
 .debug_str     0x00001af7      0x291 .\CortexM3\ARM_GCC_541\Debug\Design_301_project.a(USBUART_drv.o)
                                0x659 (size before relaxing)
 .debug_str     0x00001d88       0x80 .\CortexM3\ARM_GCC_541\Debug\Design_301_project.a(USBUART_episr.o)
                                0x2f0 (size before relaxing)
 .debug_str     0x00001e08       0xd2 .\CortexM3\ARM_GCC_541\Debug\Design_301_project.a(USBUART_pm.o)
                                0x301 (size before relaxing)
 .debug_str     0x00001eda      0x288 .\CortexM3\ARM_GCC_541\Debug\Design_301_project.a(USBUART_std.o)
                                0x7e0 (size before relaxing)
 .debug_str     0x00002162       0x46 .\CortexM3\ARM_GCC_541\Debug\Design_301_project.a(USBUART_vnd.o)
                                0x2a0 (size before relaxing)
 .debug_str     0x000021a8       0x38 .\CortexM3\ARM_GCC_541\Debug\Design_301_project.a(RF_BT_SELECT.o)
                                0x1d5 (size before relaxing)
 .debug_str     0x000021e0       0x48 .\CortexM3\ARM_GCC_541\Debug\Design_301_project.a(Vo6.o)
                                0x1e9 (size before relaxing)
 .debug_str     0x00002228       0x48 .\CortexM3\ARM_GCC_541\Debug\Design_301_project.a(Vo1.o)
                                0x1e9 (size before relaxing)
 .debug_str     0x00002270       0x48 .\CortexM3\ARM_GCC_541\Debug\Design_301_project.a(Vo2.o)
                                0x1e9 (size before relaxing)
 .debug_str     0x000022b8       0x48 .\CortexM3\ARM_GCC_541\Debug\Design_301_project.a(Vo5.o)
                                0x1e9 (size before relaxing)
 .debug_str     0x00002300       0x48 .\CortexM3\ARM_GCC_541\Debug\Design_301_project.a(Vo3.o)
                                0x1e9 (size before relaxing)
 .debug_str     0x00002348       0x48 .\CortexM3\ARM_GCC_541\Debug\Design_301_project.a(Vo4.o)
                                0x1e9 (size before relaxing)
 .debug_str     0x00002390       0x4f .\CortexM3\ARM_GCC_541\Debug\Design_301_project.a(M1_D1.o)
                                0x1f3 (size before relaxing)
 .debug_str     0x000023df      0x136 .\CortexM3\ARM_GCC_541\Debug\Design_301_project.a(Timer_2.o)
                                0x326 (size before relaxing)
 .debug_str     0x00002515       0x91 .\CortexM3\ARM_GCC_541\Debug\Design_301_project.a(Timer_2_PM.o)
                                0x252 (size before relaxing)
 .debug_str     0x000025a6       0xe5 .\CortexM3\ARM_GCC_541\Debug\Design_301_project.a(isr_T2.o)
                                0x2c5 (size before relaxing)
 .debug_str     0x0000268b      0x1dd .\CortexM3\ARM_GCC_541\Debug\Design_301_project.a(QuadDec_M1_Cnt16.o)
                                0x43a (size before relaxing)
 .debug_str     0x00002868      0x1ce .\CortexM3\ARM_GCC_541\Debug\Design_301_project.a(QuadDec_M2_Cnt16.o)
                                0x43a (size before relaxing)
 .debug_str     0x00002a36       0x99 .\CortexM3\ARM_GCC_541\Debug\Design_301_project.a(USBUART_Dp.o)
                                0x252 (size before relaxing)
 .debug_str     0x00002acf      0x7af .\CortexM3\ARM_GCC_541\Debug\Design_301_project.a(CyLib.o)
                                0xa58 (size before relaxing)
 .debug_str     0x0000327e      0x365 .\CortexM3\ARM_GCC_541\Debug\Design_301_project.a(cyPm.o)
                                0x744 (size before relaxing)
 .debug_str     0x000035e3       0x25 .\CortexM3\ARM_GCC_541\Debug\Design_301_project.a(USBUART_cls.o)