Archive member included to satisfy reference by file (symbol)

.\CortexM3\ARM_GCC_541\Debug\Design_301_project.a(M2_D1.o)
                              .\CortexM3\ARM_GCC_541\Debug\main.o (M2_D1_Write)
.\CortexM3\ARM_GCC_541\Debug\Design_301_project.a(PWM_1.o)
                              .\CortexM3\ARM_GCC_541\Debug\main.o (PWM_1_WriteCompare)
.\CortexM3\ARM_GCC_541\Debug\Design_301_project.a(PWM_1_PM.o)
                              .\CortexM3\ARM_GCC_541\Debug\main.o (PWM_1_SaveConfig)
.\CortexM3\ARM_GCC_541\Debug\Design_301_project.a(PWM_2.o)
                              .\CortexM3\ARM_GCC_541\Debug\main.o (PWM_2_WriteCompare)
.\CortexM3\ARM_GCC_541\Debug\Design_301_project.a(PWM_2_PM.o)
                              .\CortexM3\ARM_GCC_541\Debug\main.o (PWM_2_SaveConfig)
.\CortexM3\ARM_GCC_541\Debug\Design_301_project.a(Timer_1.o)
                              .\CortexM3\ARM_GCC_541\Debug\main.o (Timer_1_Enable)
.\CortexM3\ARM_GCC_541\Debug\Design_301_project.a(Timer_1_PM.o)
                              .\CortexM3\ARM_GCC_541\Debug\main.o (Timer_1_Sleep)
.\CortexM3\ARM_GCC_541\Debug\Design_301_project.a(isr_US.o)
                              .\CortexM3\ARM_GCC_541\Debug\main.o (isr_US_StartEx)
.\CortexM3\ARM_GCC_541\Debug\Design_301_project.a(USBUART.o)
                              .\CortexM3\ARM_GCC_541\Debug\main.o (USBUART_Start)
.\CortexM3\ARM_GCC_541\Debug\Design_301_project.a(USBUART_cdc.o)
                              .\CortexM3\ARM_GCC_541\Debug\main.o (USBUART_CDC_Init)
.\CortexM3\ARM_GCC_541\Debug\Design_301_project.a(USBUART_drv.o)
                              .\CortexM3\ARM_GCC_541\Debug\Design_301_project.a(USBUART.o) (USBUART_lastPacketSize)
.\CortexM3\ARM_GCC_541\Debug\Design_301_project.a(USBUART_episr.o)
                              .\CortexM3\ARM_GCC_541\Debug\Design_301_project.a(USBUART.o) (USBUART_EP_1_ISR)
.\CortexM3\ARM_GCC_541\Debug\Design_301_project.a(USBUART_pm.o)
                              .\CortexM3\ARM_GCC_541\Debug\Design_301_project.a(USBUART.o) (USBUART_DP_ISR)
.\CortexM3\ARM_GCC_541\Debug\Design_301_project.a(USBUART_std.o)
                              .\CortexM3\ARM_GCC_541\Debug\Design_301_project.a(USBUART_pm.o) (USBUART_ConfigReg)
.\CortexM3\ARM_GCC_541\Debug\Design_301_project.a(USBUART_vnd.o)
                              .\CortexM3\ARM_GCC_541\Debug\Design_301_project.a(USBUART_drv.o) (USBUART_HandleVendorRqst)
.\CortexM3\ARM_GCC_541\Debug\Design_301_project.a(RF_BT_SELECT.o)
                              .\CortexM3\ARM_GCC_541\Debug\main.o (RF_BT_SELECT_Write)
.\CortexM3\ARM_GCC_541\Debug\Design_301_project.a(Vo6.o)
                              .\CortexM3\ARM_GCC_541\Debug\main.o (Vo6_Read)
.\CortexM3\ARM_GCC_541\Debug\Design_301_project.a(Vo1.o)
                              .\CortexM3\ARM_GCC_541\Debug\main.o (Vo1_Read)
.\CortexM3\ARM_GCC_541\Debug\Design_301_project.a(Vo5.o)
                              .\CortexM3\ARM_GCC_541\Debug\main.o (Vo5_Read)
.\CortexM3\ARM_GCC_541\Debug\Design_301_project.a(Vo3.o)
                              .\CortexM3\ARM_GCC_541\Debug\main.o (Vo3_Read)
.\CortexM3\ARM_GCC_541\Debug\Design_301_project.a(M1_D1.o)
                              .\CortexM3\ARM_GCC_541\Debug\main.o (M1_D1_Write)
.\CortexM3\ARM_GCC_541\Debug\Design_301_project.a(Timer_2.o)
                              .\CortexM3\ARM_GCC_541\Debug\main.o (Timer_2_Init)
.\CortexM3\ARM_GCC_541\Debug\Design_301_project.a(Timer_2_PM.o)
                              .\CortexM3\ARM_GCC_541\Debug\main.o (Timer_2_Sleep)
.\CortexM3\ARM_GCC_541\Debug\Design_301_project.a(isr_T2.o)
                              .\CortexM3\ARM_GCC_541\Debug\main.o (isr_T2_StartEx)
.\CortexM3\ARM_GCC_541\Debug\Design_301_project.a(USBUART_Dp.o)
                              .\CortexM3\ARM_GCC_541\Debug\Design_301_project.a(USBUART.o) (USBUART_Dp_ClearInterrupt)
.\CortexM3\ARM_GCC_541\Debug\Design_301_project.a(CyLib.o)
                              .\CortexM3\ARM_GCC_541\Debug\Cm3Start.o (CyHalt)
.\CortexM3\ARM_GCC_541\Debug\Design_301_project.a(cyPm.o)
                              .\CortexM3\ARM_GCC_541\Debug\Design_301_project.a(CyLib.o) (CyPmReadStatus)
.\CortexM3\ARM_GCC_541\Debug\Design_301_project.a(CyBootAsmGnu.o)
                              .\CortexM3\ARM_GCC_541\Debug\cyfitter_cfg.o (CyDelayCycles)
.\CortexM3\ARM_GCC_541\Debug\Design_301_project.a(USBUART_cls.o)
                              .\CortexM3\ARM_GCC_541\Debug\Design_301_project.a(USBUART_drv.o) (USBUART_DispatchClassRqst)
.\CortexM3\ARM_GCC_541\Debug\Design_301_project.a(USBUART_descr.o)
                              .\CortexM3\ARM_GCC_541\Debug\Design_301_project.a(USBUART_std.o) (USBUART_idSerialNumberStringDescriptor)
.\CortexM3\ARM_GCC_541\Debug\Design_301_project.a(CyFlash.o)
                              .\CortexM3\ARM_GCC_541\Debug\Design_301_project.a(cyPm.o) (CyFlash_SetWaitCycles)
.\CortexM3\ARM_GCC_541\Debug\Design_301_project.a(CySpc.o)
[...]
Memory Configuration

Name             Origin             Length             Attributes
rom              0x00000000         0x00040000         xr
ram              0x1fff8000         0x00010000         xrw
*default*        0x00000000         0xffffffff

Linker script and memory map

LOAD c:/program files (x86)/cypress/psoc creator/4.4/psoc creator/import/gnu/arm/5.4.1/bin/../lib/gcc/arm-none-eabi/5.4.1/armv7-m/crti.o
LOAD c:/program files (x86)/cypress/psoc creator/4.4/psoc creator/import/gnu/arm/5.4.1/bin/../lib/gcc/arm-none-eabi/5.4.1/armv7-m/crtbegin.o
LOAD c:/program files (x86)/cypress/psoc creator/4.4/psoc creator/import/gnu/arm/5.4.1/bin/../lib/gcc/arm-none-eabi/5.4.1/../../../../arm-none-eabi/lib/armv7-m/crt0.o
START GROUP
LOAD .\CortexM3\ARM_GCC_541\Debug\main.o
LOAD .\CortexM3\ARM_GCC_541\Debug\store.o
LOAD .\CortexM3\ARM_GCC_541\Debug\cyfitter_cfg.o
LOAD .\CortexM3\ARM_GCC_541\Debug\cymetadata.o
LOAD .\CortexM3\ARM_GCC_541\Debug\Cm3Start.o
LOAD .\CortexM3\ARM_GCC_541\Debug\Design_301_project.a
LOAD C:\Program Files (x86)\Cypress\PSoC Creator\4.4\PSoC Creator\psoc\content\cycomponentlibrary\CyComponentLibrary.cylib\CortexM3\ARM_GCC_541\Debug\CyComponentLibrary.a
END GROUP
START GROUP
LOAD c:/program files (x86)/cypress/psoc creator/4.4/psoc creator/import/gnu/arm/5.4.1/bin/../lib/gcc/arm-none-eabi/5.4.1/armv7-m\libgcc.a
LOAD c:/program files (x86)/cypress/psoc creator/4.4/psoc creator/import/gnu/arm/5.4.1/bin/../lib/gcc/arm-none-eabi/5.4.1/../../../../arm-none-eabi/lib/armv7-m\libg_nano.a
LOAD c:/program files (x86)/cypress/psoc creator/4.4/psoc creator/import/gnu/arm/5.4.1/bin/../lib/gcc/arm-none-eabi/5.4.1/../../../../arm-none-eabi/lib/armv7-m\libc_nano.a
END GROUP
START GROUP
LOAD c:/program files (x86)/cypress/psoc creator/4.4/psoc creator/import/gnu/arm/5.4.1/bin/../lib/gcc/arm-none-eabi/5.4.1/armv7-m\libgcc.a
LOAD c:/program files (x86)/cypress/psoc creator/4.4/psoc creator/import/gnu/arm/5.4.1/bin/../lib/gcc/arm-none-eabi/5.4.1/../../../../arm-none-eabi/lib/armv7-m\libc_nano.a
END GROUP
LOAD c:/program files (x86)/cypress/psoc creator/4.4/psoc creator/import/gnu/arm/5.4.1/bin/../lib/gcc/arm-none-eabi/5.4.1/armv7-m/crtend.o
LOAD c:/program files (x86)/cypress/psoc creator/4.4/psoc creator/import/gnu/arm/5.4.1/bin/../lib/gcc/arm-none-eabi/5.4.1/armv7-m/crtn.o
START GROUP
LOAD c:/program files (x86)/cypress/psoc creator/4.4/psoc creator/import/gnu/arm/5.4.1/bin/../lib/gcc/arm-none-eabi/5.4.1/armv7-m\libgcc.a
LOAD c:/program files (x86)/cypress/psoc creator/4.4/psoc creator/import/gnu/arm/5.4.1/bin/../lib/gcc/arm-none-eabi/5.4.1/../../../../arm-none-eabi/lib/armv7-m\libc.a
LOAD c:/program files (x86)/cypress/psoc creator/4.4/psoc creator/import/gnu/arm/5.4.1/bin/../lib/gcc/arm-none-eabi/5.4.1/../../../../arm-none-eabi/lib/armv7-m\libnosys.a
END GROUP
                0x00000000                CY_APPL_ORIGIN = 0x0
                0x00000100                CY_FLASH_ROW_SIZE = 0x100
                0x00000020                CY_ECC_ROW_SIZE = 0x20
                0x00000000                CY_EE_IN_BTLDR = 0x0
                0x00000000                CY_APPL_LOADABLE = 0x0
                0x00000800                CY_EE_SIZE = 0x800
                0x00000001                CY_APPL_NUM = 0x1
                0x00000001                CY_APPL_MAX = 0x1
                0x00000040                CY_METADATA_SIZE = 0x40
                0x00000000                CY_APPL_LOADABLE = 0x0
                0x00000000                CY_CHECKSUM_EXCLUDE_SIZE = ALIGN (0x0, CY_FLASH_ROW_SIZE)
                [!provide]                PROVIDE (__cy_heap_start, _end)
                0x00000001                PROVIDE (__cy_region_num, ((__cy_regions_end - __cy_regions) / 0x10))
                0x20008000                PROVIDE (__cy_stack, (ORIGIN (ram) + LENGTH (ram)))
                [!provide]                PROVIDE (__cy_heap_end, (__cy_stack - 0x800))

.cybootloader   0x00000000        0x0
 *(.cybootloader)
                0x00000000                appl1_start = CY_APPL_ORIGIN?CY_APPL_ORIGIN:ALIGN (CY_FLASH_ROW_SIZE)
                0x0001ff00                appl2_start = (appl1_start + ALIGN ((((LENGTH (rom) - appl1_start) - (0x2 * CY_FLASH_ROW_SIZE)) / 0x2), CY_FLASH_ROW_SIZE))
                0x00000000                appl_start = (CY_APPL_NUM == 0x1)?appl1_start:appl2_start
                0x00000000                ecc_offset = ((appl_start / CY_FLASH_ROW_SIZE) * CY_ECC_ROW_SIZE)
                0x00000000                ee_offset = (CY_APPL_LOADABLE && ! (CY_EE_IN_BTLDR))?((CY_EE_SIZE / CY_APPL_MAX) * (CY_APPL_NUM - 0x1)):0x0
                0x00000800                ee_size = (CY_APPL_LOADABLE && ! (CY_EE_IN_BTLDR))?(CY_EE_SIZE / CY_APPL_MAX):CY_EE_SIZE
                [!provide]                PROVIDE (CY_ECC_OFFSET, ecc_offset)

.text           0x00000000     0x428c
 CREATE_OBJECT_SYMBOLS
                0x00000000                PROVIDE (__cy_interrupt_vector, RomVectors)
 *(.romvectors)
 .romvectors    0x00000000       0x10 .\CortexM3\ARM_GCC_541\Debug\Cm3Start.o
                0x00000000                RomVectors
                0x00000001                ASSERT ((. != __cy_interrupt_vector), No interrupt vector)
                0x00000001                ASSERT (CY_APPL_ORIGIN?(SIZEOF (.cybootloader) <= CY_APPL_ORIGIN):0x1, Wrong image location)
                0x00000010                PROVIDE (__cy_reset, Reset)
 *(.text.Reset)
 .text.Reset    0x00000010       0x18 .\CortexM3\ARM_GCC_541\Debug\Cm3Start.o
                0x00000010                Reset
                0x00000001                ASSERT ((. != __cy_reset), No reset code)
 *(.dma_init)
                0x00000001                ASSERT ((((appl_start + .) <= 0x10000) || 0x1), DMA Init must be within the first 64k of flash)
 *(.text .text.* .gnu.linkonce.t.*)
 .text          0x00000028       0x5c c:/program files (x86)/cypress/psoc creator/4.4/psoc creator/import/gnu/arm/5.4.1/bin/../lib/gcc/arm-none-eabi/5.4.1/armv7-m/crtbegin.o
 .text.isr_UpdateState
                0x00000084       0x38 .\CortexM3\ARM_GCC_541\Debug\main.o
                0x00000084                isr_UpdateState
 .text.isr_StopInterval
                0x000000bc       0x28 .\CortexM3\ARM_GCC_541\Debug\main.o
                0x000000bc                isr_StopInterval
 .text.M1_set_speed
                0x000000e4       0x3c .\CortexM3\ARM_GCC_541\Debug\main.o
                0x000000e4                M1_set_speed
 .text.M2_set_speed
                0x00000120       0x40 .\CortexM3\ARM_GCC_541\Debug\main.o
                0x00000120                M2_set_speed
 .text.movement
                0x00000160       0x5c .\CortexM3\ARM_GCC_541\Debug\main.o
                0x00000160                movement
 .text.decide_motion
                0x000001bc       0xac .\CortexM3\ARM_GCC_541\Debug\main.o
                0x000001bc                decide_motion
 .text.main     0x00000268       0x5c .\CortexM3\ARM_GCC_541\Debug\main.o
                0x00000268                main
 .text.CyClockStartupError
                0x000002c4        0x4 .\CortexM3\ARM_GCC_541\Debug\cyfitter_cfg.o
 .text.cfg_write_bytes32
                0x000002c8       0x34 .\CortexM3\ARM_GCC_541\Debug\cyfitter_cfg.o
 .text.AnalogSetDefault
                0x000002fc       0x28 .\CortexM3\ARM_GCC_541\Debug\cyfitter_cfg.o
 .text.CYMEMZERO
                0x00000324        0xc .\CortexM3\ARM_GCC_541\Debug\cyfitter_cfg.o
 .text.ClockSetup
                0x00000330       0xe4 .\CortexM3\ARM_GCC_541\Debug\cyfitter_cfg.o
 .text.CYCONFIGCPY
                0x00000414        0x8 .\CortexM3\ARM_GCC_541\Debug\cyfitter_cfg.o
 .text.cyfitter_cfg
                0x0000041c      0x128 .\CortexM3\ARM_GCC_541\Debug\cyfitter_cfg.o
                0x0000041c                cyfitter_cfg
 .text.IntDefaultHandler
                0x00000544       0x10 .\CortexM3\ARM_GCC_541\Debug\Cm3Start.o
                0x00000544                IntDefaultHandler
 .text._sbrk    0x00000554       0x30 .\CortexM3\ARM_GCC_541\Debug\Cm3Start.o
                0x00000554                _sbrk
 .text.Start_c  0x00000584       0x4c .\CortexM3\ARM_GCC_541\Debug\Cm3Start.o
                0x00000584                Start_c
 .text.initialize_psoc
                0x000005d0       0x68 .\CortexM3\ARM_GCC_541\Debug\Cm3Start.o
                0x000005d0                initialize_psoc
 .text.M2_D1_Write
                0x00000638       0x18 .\CortexM3\ARM_GCC_541\Debug\Design_301_project.a(M2_D1.o)
                0x00000638                M2_D1_Write
 .text.PWM_1_Enable
                0x00000650       0x28 .\CortexM3\ARM_GCC_541\Debug\Design_301_project.a(PWM_1.o)
                0x00000650                PWM_1_Enable
 .text.PWM_1_WritePeriod
                0x00000678        0xc .\CortexM3\ARM_GCC_541\Debug\Design_301_project.a(PWM_1.o)
                0x00000678                PWM_1_WritePeriod
 .text.PWM_1_WriteCompare
                0x00000684        0xc .\CortexM3\ARM_GCC_541\Debug\Design_301_project.a(PWM_1.o)
                0x00000684                PWM_1_WriteCompare
 .text.PWM_1_SetInterruptMode
                0x00000690        0xc .\CortexM3\ARM_GCC_541\Debug\Design_301_project.a(PWM_1.o)
                0x00000690                PWM_1_SetInterruptMode
 .text.PWM_1_Init
                0x0000069c       0x74 .\CortexM3\ARM_GCC_541\Debug\Design_301_project.a(PWM_1.o)
                0x0000069c                PWM_1_Init
 .text.PWM_1_Start
                0x00000710       0x1c .\CortexM3\ARM_GCC_541\Debug\Design_301_project.a(PWM_1.o)
                0x00000710                PWM_1_Start
 .text.PWM_1_ReadPeriod
                0x0000072c        0xc .\CortexM3\ARM_GCC_541\Debug\Design_301_project.a(PWM_1.o)
                0x0000072c                PWM_1_ReadPeriod
 .text.PWM_1_SaveConfig
                0x00000738        0x4 .\CortexM3\ARM_GCC_541\Debug\Design_301_project.a(PWM_1_PM.o)
                0x00000738                PWM_1_SaveConfig
 .text.PWM_2_Enable
                0x0000073c       0x28 .\CortexM3\ARM_GCC_541\Debug\Design_301_project.a(PWM_2.o)
                0x0000073c                PWM_2_Enable
 .text.PWM_2_WritePeriod
                0x00000764        0xc .\CortexM3\ARM_GCC_541\Debug\Design_301_project.a(PWM_2.o)
                0x00000764                PWM_2_WritePeriod
 .text.PWM_2_WriteCompare
                0x00000770        0xc .\CortexM3\ARM_GCC_541\Debug\Design_301_project.a(PWM_2.o)
                0x00000770                PWM_2_WriteCompare
 .text.PWM_2_SetInterruptMode
                0x0000077c        0xc .\CortexM3\ARM_GCC_541\Debug\Design_301_project.a(PWM_2.o)
                0x0000077c                PWM_2_SetInterruptMode
 .text.PWM_2_Init
                0x00000788       0x74 .\CortexM3\ARM_GCC_541\Debug\Design_301_project.a(PWM_2.o)
                0x00000788                PWM_2_Init
 .text.PWM_2_Start
                0x000007fc       0x1c .\CortexM3\ARM_GCC_541\Debug\Design_301_project.a(PWM_2.o)
                0x000007fc                PWM_2_Start
 .text.PWM_2_ReadPeriod
                0x00000818        0xc .\CortexM3\ARM_GCC_541\Debug\Design_301_project.a(PWM_2.o)
                0x00000818                PWM_2_ReadPeriod
 .text.PWM_2_SaveConfig
                0x00000824        0x4 .\CortexM3\ARM_GCC_541\Debug\Design_301_project.a(PWM_2_PM.o)
                0x00000824                PWM_2_SaveConfig
 .text.Timer_1_Enable
                0x00000828       0x28 .\CortexM3\ARM_GCC_541\Debug\Design_301_project.a(Timer_1.o)
                0x00000828                Timer_1_Enable
 .text.Timer_1_Stop
                0x00000850       0x28 .\CortexM3\ARM_GCC_541\Debug\Design_301_project.a(Timer_1.o)
                0x00000850                Timer_1_Stop
 .text.Timer_1_SetInterruptMode
                0x00000878        0xc .\CortexM3\ARM_GCC_541\Debug\Design_301_project.a(Timer_1.o)
                0x00000878                Timer_1_SetInterruptMode
 .text.Timer_1_WritePeriod
                0x00000884        0xc .\CortexM3\ARM_GCC_541\Debug\Design_301_project.a(Timer_1.o)
                0x00000884                Timer_1_WritePeriod
 .text.Timer_1_WriteCounter
                0x00000890        0xc .\CortexM3\ARM_GCC_541\Debug\Design_301_project.a(Timer_1.o)
                0x00000890                Timer_1_WriteCounter
 .text.Timer_1_Init
                0x0000089c       0x64 .\CortexM3\ARM_GCC_541\Debug\Design_301_project.a(Timer_1.o)
                0x0000089c                Timer_1_Init
 .text.Timer_1_Start
                0x00000900       0x1c .\CortexM3\ARM_GCC_541\Debug\Design_301_project.a(Timer_1.o)
                0x00000900                Timer_1_Start
 .text.Timer_1_Sleep
                0x0000091c       0x28 .\CortexM3\ARM_GCC_541\Debug\Design_301_project.a(Timer_1_PM.o)
                0x0000091c                Timer_1_Sleep
 .text.isr_US_SetVector
                0x00000944        0xc .\CortexM3\ARM_GCC_541\Debug\Design_301_project.a(isr_US.o)
                0x00000944                isr_US_SetVector
 .text.isr_US_SetPriority
                0x00000950       0x10 .\CortexM3\ARM_GCC_541\Debug\Design_301_project.a(isr_US.o)
                0x00000950                isr_US_SetPriority
 .text.isr_US_Enable
                0x00000960        0xc .\CortexM3\ARM_GCC_541\Debug\Design_301_project.a(isr_US.o)
                0x00000960                isr_US_Enable
 .text.isr_US_Disable
                0x0000096c        0xc .\CortexM3\ARM_GCC_541\Debug\Design_301_project.a(isr_US.o)
                0x0000096c                isr_US_Disable
 .text.isr_US_StartEx
                0x00000978       0x1c .\CortexM3\ARM_GCC_541\Debug\Design_301_project.a(isr_US.o)
                0x00000978                isr_US_StartEx
 .text.USBUART_Init
                0x00000994      0x140 .\CortexM3\ARM_GCC_541\Debug\Design_301_project.a(USBUART.o)
                0x00000994                USBUART_Init
 .text.USBUART_InitComponent
                0x00000ad4       0xb8 .\CortexM3\ARM_GCC_541\Debug\Design_301_project.a(USBUART.o)
                0x00000ad4                USBUART_InitComponent
 .text.USBUART_Start
                0x00000b8c       0x24 .\CortexM3\ARM_GCC_541\Debug\Design_301_project.a(USBUART.o)
                0x00000b8c                USBUART_Start
 .text.USBUART_ReInitComponent
                0x00000bb0       0x4c .\CortexM3\ARM_GCC_541\Debug\Design_301_project.a(USBUART.o)
                0x00000bb0                USBUART_ReInitComponent
 .text.USBUART_GetInterfaceComPort
                0x00000bfc       0x38 .\CortexM3\ARM_GCC_541\Debug\Design_301_project.a(USBUART_cdc.o)
                0x00000bfc                USBUART_GetInterfaceComPort
 .text.USBUART_DispatchCDCClassRqst
                0x00000c34       0x98 .\CortexM3\ARM_GCC_541\Debug\Design_301_project.a(USBUART_cdc.o)
                0x00000c34                USBUART_DispatchCDCClassRqst
 .text.USBUART_Cdc_EpInit
                0x00000ccc       0x50 .\CortexM3\ARM_GCC_541\Debug\Design_301_project.a(USBUART_cdc.o)
                0x00000ccc                USBUART_Cdc_EpInit
 .text.USBUART_LoadEP0
                0x00000d1c       0x98 .\CortexM3\ARM_GCC_541\Debug\Design_301_project.a(USBUART_drv.o)
                0x00000d1c                USBUART_LoadEP0
 .text.USBUART_InitZeroLengthControlTransfer
                0x00000db4       0x34 .\CortexM3\ARM_GCC_541\Debug\Design_301_project.a(USBUART_drv.o)
                0x00000db4                USBUART_InitZeroLengthControlTransfer
 .text.USBUART_ControlReadDataStage
                0x00000de8        0x8 .\CortexM3\ARM_GCC_541\Debug\Design_301_project.a(USBUART_drv.o)
                0x00000de8                USBUART_ControlReadDataStage
 .text.USBUART_ControlWriteDataStage
                0x00000df0       0x84 .\CortexM3\ARM_GCC_541\Debug\Design_301_project.a(USBUART_drv.o)
                0x00000df0                USBUART_ControlWriteDataStage
 .text.USBUART_InitNoDataControlTransfer
                0x00000e74       0x2c .\CortexM3\ARM_GCC_541\Debug\Design_301_project.a(USBUART_drv.o)
                0x00000e74                USBUART_InitNoDataControlTransfer
 .text.USBUART_UpdateStatusBlock
                0x00000ea0       0x24 .\CortexM3\ARM_GCC_541\Debug\Design_301_project.a(USBUART_drv.o)
                0x00000ea0                USBUART_UpdateStatusBlock
 .text.USBUART_HandleSetup
                0x00000ec4       0x5c .\CortexM3\ARM_GCC_541\Debug\Design_301_project.a(USBUART_drv.o)
                0x00000ec4                USBUART_HandleSetup
 .text.USBUART_ControlReadStatusStage
                0x00000f20       0x38 .\CortexM3\ARM_GCC_541\Debug\Design_301_project.a(USBUART_drv.o)
                0x00000f20                USBUART_ControlReadStatusStage
 .text.USBUART_HandleOUT
                0x00000f58       0x38 .\CortexM3\ARM_GCC_541\Debug\Design_301_project.a(USBUART_drv.o)
                0x00000f58                USBUART_HandleOUT
 .text.USBUART_ControlWriteStatusStage
                0x00000f90       0x20 .\CortexM3\ARM_GCC_541\Debug\Design_301_project.a(USBUART_drv.o)
                0x00000f90                USBUART_ControlWriteStatusStage
 .text.USBUART_NoDataControlStatusStage
                0x00000fb0       0x40 .\CortexM3\ARM_GCC_541\Debug\Design_301_project.a(USBUART_drv.o)
                0x00000fb0                USBUART_NoDataControlStatusStage
 .text.USBUART_HandleIN
                0x00000ff0       0x2c .\CortexM3\ARM_GCC_541\Debug\Design_301_project.a(USBUART_drv.o)
                0x00000ff0                USBUART_HandleIN
 .text.USBUART_EP_0_ISR
                0x0000101c       0xb8 .\CortexM3\ARM_GCC_541\Debug\Design_301_project.a(USBUART_drv.o)
                0x0000101c                USBUART_EP_0_ISR
 .text.USBUART_InitializeStatusBlock
                0x000010d4       0x24 .\CortexM3\ARM_GCC_541\Debug\Design_301_project.a(USBUART_drv.o)
                0x000010d4                USBUART_InitializeStatusBlock
 .text.USBUART_InitControlRead
                0x000010f8       0x50 .\CortexM3\ARM_GCC_541\Debug\Design_301_project.a(USBUART_drv.o)
                0x000010f8                USBUART_InitControlRead
 .text.USBUART_InitControlWrite
                0x00001148       0x48 .\CortexM3\ARM_GCC_541\Debug\Design_301_project.a(USBUART_drv.o)
                0x00001148                USBUART_InitControlWrite
 .text.USBUART_EP_1_ISR
                0x00001190       0x30 .\CortexM3\ARM_GCC_541\Debug\Design_301_project.a(USBUART_episr.o)
                0x00001190                USBUART_EP_1_ISR
 .text.USBUART_EP_2_ISR
                0x000011c0       0x34 .\CortexM3\ARM_GCC_541\Debug\Design_301_project.a(USBUART_episr.o)
                0x000011c0                USBUART_EP_2_ISR
 .text.USBUART_EP_3_ISR
                0x000011f4       0x3c .\CortexM3\ARM_GCC_541\Debug\Design_301_project.a(USBUART_episr.o)
                0x000011f4                USBUART_EP_3_ISR
 .text.USBUART_SOF_ISR
                0x00001230        0x4 .\CortexM3\ARM_GCC_541\Debug\Design_301_project.a(USBUART_episr.o)
                0x00001230                USBUART_SOF_ISR
 .text.USBUART_BUS_RESET_ISR
                0x00001234        0x8 .\CortexM3\ARM_GCC_541\Debug\Design_301_project.a(USBUART_episr.o)
                0x00001234                USBUART_BUS_RESET_ISR
 .text.USBUART_DP_ISR
                0x0000123c        0x8 .\CortexM3\ARM_GCC_541\Debug\Design_301_project.a(USBUART_pm.o)
                0x0000123c                USBUART_DP_ISR
 .text.USBUART_ReadDieID
                0x00001244       0x6c .\CortexM3\ARM_GCC_541\Debug\Design_301_project.a(USBUART_std.o)
                0x00001244                USBUART_ReadDieID
 .text.USBUART_ConfigReg
                0x000012b0       0xa4 .\CortexM3\ARM_GCC_541\Debug\Design_301_project.a(USBUART_std.o)
                0x000012b0                USBUART_ConfigReg
 .text.USBUART_GetConfigTablePtr
                0x00001354       0x28 .\CortexM3\ARM_GCC_541\Debug\Design_301_project.a(USBUART_std.o)
                0x00001354                USBUART_GetConfigTablePtr
 .text.USBUART_ConfigAltChanged
                0x0000137c      0x11c .\CortexM3\ARM_GCC_541\Debug\Design_301_project.a(USBUART_std.o)
                0x0000137c                USBUART_ConfigAltChanged
 .text.USBUART_GetDeviceTablePtr
                0x00001498       0x18 .\CortexM3\ARM_GCC_541\Debug\Design_301_project.a(USBUART_std.o)
                0x00001498                USBUART_GetDeviceTablePtr
 .text.USBUART_GetInterfaceClassTablePtr
                0x000014b0       0x28 .\CortexM3\ARM_GCC_541\Debug\Design_301_project.a(USBUART_std.o)
                0x000014b0                USBUART_GetInterfaceClassTablePtr
 .text.USBUART_Config
                0x000014d8      0x1e4 .\CortexM3\ARM_GCC_541\Debug\Design_301_project.a(USBUART_std.o)
                0x000014d8                USBUART_Config
 .text.USBUART_SetEndpointHalt
                0x000016bc       0x64 .\CortexM3\ARM_GCC_541\Debug\Design_301_project.a(USBUART_std.o)
                0x000016bc                USBUART_SetEndpointHalt
 .text.USBUART_ClearEndpointHalt
                0x00001720       0xac .\CortexM3\ARM_GCC_541\Debug\Design_301_project.a(USBUART_std.o)
                0x00001720                USBUART_ClearEndpointHalt
 .text.USBUART_ValidateAlternateSetting
                0x000017cc       0x4c .\CortexM3\ARM_GCC_541\Debug\Design_301_project.a(USBUART_std.o)
                0x000017cc                USBUART_ValidateAlternateSetting
 .text.USBUART_HandleStandardRqst
                0x00001818      0x35c .\CortexM3\ARM_GCC_541\Debug\Design_301_project.a(USBUART_std.o)
                0x00001818                USBUART_HandleStandardRqst
 .text.USBUART_HandleVendorRqst
                0x00001b74       0x3c .\CortexM3\ARM_GCC_541\Debug\Design_301_project.a(USBUART_vnd.o)
                0x00001b74                USBUART_HandleVendorRqst
 .text.RF_BT_SELECT_Write
                0x00001bb0        0xc .\CortexM3\ARM_GCC_541\Debug\Design_301_project.a(RF_BT_SELECT.o)
                0x00001bb0                RF_BT_SELECT_Write
 .text.Vo6_Read
                0x00001bbc       0x10 .\CortexM3\ARM_GCC_541\Debug\Design_301_project.a(Vo6.o)
                0x00001bbc                Vo6_Read
 .text.Vo1_Read
                0x00001bcc       0x10 .\CortexM3\ARM_GCC_541\Debug\Design_301_project.a(Vo1.o)
                0x00001bcc                Vo1_Read
 .text.Vo5_Read
                0x00001bdc       0x10 .\CortexM3\ARM_GCC_541\Debug\Design_301_project.a(Vo5.o)
                0x00001bdc                Vo5_Read
 .text.Vo3_Read
                0x00001bec        0xc .\CortexM3\ARM_GCC_541\Debug\Design_301_project.a(Vo3.o)
                0x00001bec                Vo3_Read
 .text.M1_D1_Write
                0x00001bf8       0x18 .\CortexM3\ARM_GCC_541\Debug\Design_301_project.a(M1_D1.o)
                0x00001bf8                M1_D1_Write
 .text.Timer_2_Enable
                0x00001c10       0x28 .\CortexM3\ARM_GCC_541\Debug\Design_301_project.a(Timer_2.o)
                0x00001c10                Timer_2_Enable
 .text.Timer_2_Stop
                0x00001c38       0x28 .\CortexM3\ARM_GCC_541\Debug\Design_301_project.a(Timer_2.o)
                0x00001c38                Timer_2_Stop
 .text.Timer_2_SetInterruptMode
                0x00001c60        0xc .\CortexM3\ARM_GCC_541\Debug\Design_301_project.a(Timer_2.o)
                0x00001c60                Timer_2_SetInterruptMode
 .text.Timer_2_WritePeriod
                0x00001c6c        0xc .\CortexM3\ARM_GCC_541\Debug\Design_301_project.a(Timer_2.o)
                0x00001c6c                Timer_2_WritePeriod
 .text.Timer_2_WriteCounter
                0x00001c78        0xc .\CortexM3\ARM_GCC_541\Debug\Design_301_project.a(Timer_2.o)
                0x00001c78                Timer_2_WriteCounter
 .text.Timer_2_Init
                0x00001c84       0x64 .\CortexM3\ARM_GCC_541\Debug\Design_301_project.a(Timer_2.o)
                0x00001c84                Timer_2_Init
 .text.Timer_2_Start
                0x00001ce8       0x1c .\CortexM3\ARM_GCC_541\Debug\Design_301_project.a(Timer_2.o)
                0x00001ce8                Timer_2_Start
 .text.Timer_2_Sleep
                0x00001d04       0x28 .\CortexM3\ARM_GCC_541\Debug\Design_301_project.a(Timer_2_PM.o)
                0x00001d04                Timer_2_Sleep
 .text.Timer_2_Wakeup
                0x00001d2c       0x14 .\CortexM3\ARM_GCC_541\Debug\Design_301_project.a(Timer_2_PM.o)
                0x00001d2c                Timer_2_Wakeup
 .text.isr_T2_SetVector
                0x00001d40        0xc .\CortexM3\ARM_GCC_541\Debug\Design_301_project.a(isr_T2.o)
                0x00001d40                isr_T2_SetVector
 .text.isr_T2_SetPriority
                0x00001d4c       0x10 .\CortexM3\ARM_GCC_541\Debug\Design_301_project.a(isr_T2.o)
                0x00001d4c                isr_T2_SetPriority
 .text.isr_T2_Enable
                0x00001d5c        0xc .\CortexM3\ARM_GCC_541\Debug\Design_301_project.a(isr_T2.o)
                0x00001d5c                isr_T2_Enable
 .text.isr_T2_Disable
                0x00001d68        0xc .\CortexM3\ARM_GCC_541\Debug\Design_301_project.a(isr_T2.o)
                0x00001d68                isr_T2_Disable
 .text.isr_T2_StartEx
                0x00001d74       0x1c .\CortexM3\ARM_GCC_541\Debug\Design_301_project.a(isr_T2.o)
                0x00001d74                isr_T2_StartEx
 .text.USBUART_Dp_ClearInterrupt
                0x00001d90       0x10 .\CortexM3\ARM_GCC_541\Debug\Design_301_project.a(USBUART_Dp.o)
                0x00001d90                USBUART_Dp_ClearInterrupt
 .text.CyHalt   0x00001da0        0x4 .\CortexM3\ARM_GCC_541\Debug\Design_301_project.a(CyLib.o)
                0x00001da0                CyHalt
 .text.CyDelayUs
                0x00001da4       0x14 .\CortexM3\ARM_GCC_541\Debug\Design_301_project.a(CyLib.o)
                0x00001da4                CyDelayUs
 .text.CyIntSetVector
                0x00001db8       0x28 .\CortexM3\ARM_GCC_541\Debug\Design_301_project.a(CyLib.o)
                0x00001db8                CyIntSetVector
 .text.CyIntSetPriority
                0x00001de0       0x30 .\CortexM3\ARM_GCC_541\Debug\Design_301_project.a(CyLib.o)
                0x00001de0                CyIntSetPriority
 .text.CyGetUniqueId
                0x00001e10       0x70 .\CortexM3\ARM_GCC_541\Debug\Design_301_project.a(CyLib.o)
                0x00001e10                CyGetUniqueId
 .text          0x00001e80       0x20 .\CortexM3\ARM_GCC_541\Debug\Design_301_project.a(CyBootAsmGnu.o)
                0x00001e80                CyDelayCycles
                0x00001e90                CyEnterCriticalSection
                0x00001e98                CyExitCriticalSection
 .text.USBUART_DispatchClassRqst
                0x00001ea0       0x60 .\CortexM3\ARM_GCC_541\Debug\Design_301_project.a(USBUART_cls.o)
                0x00001ea0                USBUART_DispatchClassRqst
 .text          0x00001f00      0x370 c:/program files (x86)/cypress/psoc creator/4.4/psoc creator/import/gnu/arm/5.4.1/bin/../lib/gcc/arm-none-eabi/5.4.1/armv7-m\libgcc.a(_arm_addsubdf3.o)
                0x00001f00                __aeabi_drsub
                0x00001f08                __aeabi_dsub
                0x00001f08                __subdf3
                0x00001f0c                __aeabi_dadd
                0x00001f0c                __adddf3
                0x00002184                __floatunsidf
                0x00002184                __aeabi_ui2d
                0x000021a4                __floatsidf
                0x000021a4                __aeabi_i2d
                0x000021c8                __aeabi_f2d
                0x000021c8                __extendsfdf2
                0x00002204                __floatundidf
                0x00002204                __aeabi_ul2d
                0x00002214                __floatdidf
                0x00002214                __aeabi_l2d
 .text          0x00002270      0x424 c:/program files (x86)/cypress/psoc creator/4.4/psoc creator/import/gnu/arm/5.4.1/bin/../lib/gcc/arm-none-eabi/5.4.1/armv7-m\libgcc.a(_arm_muldivdf3.o)
                0x00002270                __aeabi_dmul
                0x00002270                __muldf3
                0x000024c4                __divdf3
                0x000024c4                __aeabi_ddiv
 .text          0x00002694       0x40 c:/program files (x86)/cypress/psoc creator/4.4/psoc creator/import/gnu/arm/5.4.1/bin/../lib/gcc/arm-none-eabi/5.4.1/armv7-m\libgcc.a(_arm_fixunsdfsi.o)
                0x00002694                __aeabi_d2uiz
                0x00002694                __fixunsdfsi
 .text.__errno  0x000026d4        0xc c:/program files (x86)/cypress/psoc creator/4.4/psoc creator/import/gnu/arm/5.4.1/bin/../lib/gcc/arm-none-eabi/5.4.1/../../../../arm-none-eabi/lib/armv7-m\libg_nano.a(lib_a-errno.o)
                0x000026d4                __errno
 .text.__libc_init_array
                0x000026e0       0x4c c:/program files (x86)/cypress/psoc creator/4.4/psoc creator/import/gnu/arm/5.4.1/bin/../lib/gcc/arm-none-eabi/5.4.1/../../../../arm-none-eabi/lib/armv7-m\libg_nano.a(lib_a-init.o)
                0x000026e0                __libc_init_array
 .text.memcpy   0x0000272c       0x16 c:/program files (x86)/cypress/psoc creator/4.4/psoc creator/import/gnu/arm/5.4.1/bin/../lib/gcc/arm-none-eabi/5.4.1/../../../../arm-none-eabi/lib/armv7-m\libg_nano.a(lib_a-memcpy-stub.o)
                0x0000272c                memcpy
 .text.memset   0x00002742       0x10 c:/program files (x86)/cypress/psoc creator/4.4/psoc creator/import/gnu/arm/5.4.1/bin/../lib/gcc/arm-none-eabi/5.4.1/../../../../arm-none-eabi/lib/armv7-m\libg_nano.a(lib_a-memset.o)
                0x00002742                memset
 .text.__cvt    0x00002752       0xc0 c:/program files (x86)/cypress/psoc creator/4.4/psoc creator/import/gnu/arm/5.4.1/bin/../lib/gcc/arm-none-eabi/5.4.1/../../../../arm-none-eabi/lib/armv7-m\libg_nano.a(lib_a-nano-vfprintf_float.o)
                0x00002752                __cvt
 .text.__exponent
                0x00002812       0x62 c:/program files (x86)/cypress/psoc creator/4.4/psoc creator/import/gnu/arm/5.4.1/bin/../lib/gcc/arm-none-eabi/5.4.1/../../../../arm-none-eabi/lib/armv7-m\libg_nano.a(lib_a-nano-vfprintf_float.o)
                0x00002812                __exponent
 .text._printf_float
                0x00002874      0x488 c:/program files (x86)/cypress/psoc creator/4.4/psoc creator/import/gnu/arm/5.4.1/bin/../lib/gcc/arm-none-eabi/5.4.1/../../../../arm-none-eabi/lib/armv7-m\libg_nano.a(lib_a-nano-vfprintf_float.o)
                0x00002874                _printf_float
 .text._printf_common
                0x00002cfc       0xec c:/program files (x86)/cypress/psoc creator/4.4/psoc creator/import/gnu/arm/5.4.1/bin/../lib/gcc/arm-none-eabi/5.4.1/../../../../arm-none-eabi/lib/armv7-m\libg_nano.a(lib_a-nano-vfprintf_i.o)
                0x00002cfc                _printf_common
 .text          0x00002de8       0x10 c:/program files (x86)/cypress/psoc creator/4.4/psoc creator/import/gnu/arm/5.4.1/bin/../lib/gcc/arm-none-eabi/5.4.1/../../../../arm-none-eabi/lib/armv7-m\libg_nano.a(lib_a-strlen.o)
                0x00002de8                strlen
 .text.quorem   0x00002df8      0x116 c:/program files (x86)/cypress/psoc creator/4.4/psoc creator/import/gnu/arm/5.4.1/bin/../lib/gcc/arm-none-eabi/5.4.1/../../../../arm-none-eabi/lib/armv7-m\libg_nano.a(lib_a-dtoa.o)
 *fill*         0x00002f0e        0x2 
 .text._dtoa_r  0x00002f10      0xb30 c:/program files (x86)/cypress/psoc creator/4.4/psoc creator/import/gnu/arm/5.4.1/bin/../lib/gcc/arm-none-eabi/5.4.1/../../../../arm-none-eabi/lib/armv7-m\libg_nano.a(lib_a-dtoa.o)
                0x00002f10                _dtoa_r
 .text._localeconv_r
                0x00003a40        0x8 c:/program files (x86)/cypress/psoc creator/4.4/psoc creator/import/gnu/arm/5.4.1/bin/../lib/gcc/arm-none-eabi/5.4.1/../../../../arm-none-eabi/lib/armv7-m\libg_nano.a(lib_a-locale.o)
                0x00003a40                _localeconv_r
 .text.malloc   0x00003a48       0x10 c:/program files (x86)/cypress/psoc creator/4.4/psoc creator/import/gnu/arm/5.4.1/bin/../lib/gcc/arm-none-eabi/5.4.1/../../../../arm-none-eabi/lib/armv7-m\libg_nano.a(lib_a-malloc.o)
                0x00003a48                malloc
 .text._Balloc  0x00003a58       0x6a c:/program files (x86)/cypress/psoc creator/4.4/psoc creator/import/gnu/arm/5.4.1/bin/../lib/gcc/arm-none-eabi/5.4.1/../../../../arm-none-eabi/lib/armv7-m\libg_nano.a(lib_a-mprec.o)
                0x00003a58                _Balloc
 .text._Bfree   0x00003ac2       0x2e c:/program files (x86)/cypress/psoc creator/4.4/psoc creator/import/gnu/arm/5.4.1/bin/../lib/gcc/arm-none-eabi/5.4.1/../../../../arm-none-eabi/lib/armv7-m\libg_nano.a(lib_a-mprec.o)
                0x00003ac2                _Bfree
 .text.__multadd
                0x00003af0       0x76 c:/program files (x86)/cypress/psoc creator/4.4/psoc creator/import/gnu/arm/5.4.1/bin/../lib/gcc/arm-none-eabi/5.4.1/../../../../arm-none-eabi/lib/armv7-m\libg_nano.a(lib_a-mprec.o)
                0x00003af0                __multadd
 .text.__hi0bits
                0x00003b66       0x40 c:/program files (x86)/cypress/psoc creator/4.4/psoc creator/import/gnu/arm/5.4.1/bin/../lib/gcc/arm-none-eabi/5.4.1/../../../../arm-none-eabi/lib/armv7-m\libg_nano.a(lib_a-mprec.o)
                0x00003b66                __hi0bits
 .text.__lo0bits
                0x00003ba6       0x5a c:/program files (x86)/cypress/psoc creator/4.4/psoc creator/import/gnu/arm/5.4.1/bin/../lib/gcc/arm-none-eabi/5.4.1/../../../../arm-none-eabi/lib/armv7-m\libg_nano.a(lib_a-mprec.o)
                0x00003ba6                __lo0bits
 .text.__i2b    0x00003c00       0x12 c:/program files (x86)/cypress/psoc creator/4.4/psoc creator/import/gnu/arm/5.4.1/bin/../lib/gcc/arm-none-eabi/5.4.1/../../../../arm-none-eabi/lib/armv7-m\libg_nano.a(lib_a-mprec.o)
                0x00003c00                __i2b
 .text.__multiply
                0x00003c12      0x120 c:/program files (x86)/cypress/psoc creator/4.4/psoc creator/import/gnu/arm/5.4.1/bin/../lib/gcc/arm-none-eabi/5.4.1/../../../../arm-none-eabi/lib/armv7-m\libg_nano.a(lib_a-mprec.o)
                0x00003c12                __multiply
 *fill*         0x00003d32        0x2 
 .text.__pow5mult
                0x00003d34       0x9c c:/program files (x86)/cypress/psoc creator/4.4/psoc creator/import/gnu/arm/5.4.1/bin/../lib/gcc/arm-none-eabi/5.4.1/../../../../arm-none-eabi/lib/armv7-m\libg_nano.a(lib_a-mprec.o)
                0x00003d34                __pow5mult
 .text.__lshift
                0x00003dd0       0xa2 c:/program files (x86)/cypress/psoc creator/4.4/psoc creator/import/gnu/arm/5.4.1/bin/../lib/gcc/arm-none-eabi/5.4.1/../../../../arm-none-eabi/lib/armv7-m\libg_nano.a(lib_a-mprec.o)
                0x00003dd0                __lshift
 .text.__mcmp   0x00003e72       0x38 c:/program files (x86)/cypress/psoc creator/4.4/psoc creator/import/gnu/arm/5.4.1/bin/../lib/gcc/arm-none-eabi/5.4.1/../../../../arm-none-eabi/lib/armv7-m\libg_nano.a(lib_a-mprec.o)
                0x00003e72                __mcmp
 .text.__mdiff  0x00003eaa       0xbe c:/program files (x86)/cypress/psoc creator/4.4/psoc creator/import/gnu/arm/5.4.1/bin/../lib/gcc/arm-none-eabi/5.4.1/../../../../arm-none-eabi/lib/armv7-m\libg_nano.a(lib_a-mprec.o)
                0x00003eaa                __mdiff
 .text.__d2b    0x00003f68       0x9c c:/program files (x86)/cypress/psoc creator/4.4/psoc creator/import/gnu/arm/5.4.1/bin/../lib/gcc/arm-none-eabi/5.4.1/../../../../arm-none-eabi/lib/armv7-m\libg_nano.a(lib_a-mprec.o)
                0x00003f68                __d2b
 .text._calloc_r
                0x00004004       0x1c c:/program files (x86)/cypress/psoc creator/4.4/psoc creator/import/gnu/arm/5.4.1/bin/../lib/gcc/arm-none-eabi/5.4.1/../../../../arm-none-eabi/lib/armv7-m\libg_nano.a(lib_a-nano-callocr.o)
                0x00004004                _calloc_r
 .text._malloc_r
                0x00004020       0xbc c:/program files (x86)/cypress/psoc creator/4.4/psoc creator/import/gnu/arm/5.4.1/bin/../lib/gcc/arm-none-eabi/5.4.1/../../../../arm-none-eabi/lib/armv7-m\libg_nano.a(lib_a-nano-mallocr.o)
                0x00004020                _malloc_r
 .text._sbrk_r  0x000040dc       0x20 c:/program files (x86)/cypress/psoc creator/4.4/psoc creator/import/gnu/arm/5.4.1/bin/../lib/gcc/arm-none-eabi/5.4.1/../../../../arm-none-eabi/lib/armv7-m\libg_nano.a(lib_a-sbrkr.o)
                0x000040dc                _sbrk_r
 .text.__malloc_lock
                0x000040fc        0x2 c:/program files (x86)/cypress/psoc creator/4.4/psoc creator/import/gnu/arm/5.4.1/bin/../lib/gcc/arm-none-eabi/5.4.1/../../../../arm-none-eabi/lib/armv7-m\libg_nano.a(lib_a-mlock.o)
                0x000040fc                __malloc_lock
 .text.__malloc_unlock
                0x000040fe        0x2 c:/program files (x86)/cypress/psoc creator/4.4/psoc creator/import/gnu/arm/5.4.1/bin/../lib/gcc/arm-none-eabi/5.4.1/../../../../arm-none-eabi/lib/armv7-m\libg_nano.a(lib_a-mlock.o)
                0x000040fe                __malloc_unlock
 .text          0x00004100      0x110 c:/program files (x86)/cypress/psoc creator/4.4/psoc creator/import/gnu/arm/5.4.1/bin/../lib/gcc/arm-none-eabi/5.4.1/armv7-m\libgcc.a(_arm_cmpdf2.o)
                0x00004100                __gtdf2
                0x00004100                __gedf2
                0x00004108                __ltdf2
                0x00004108                __ledf2
                0x00004110                __nedf2
                0x00004110                __eqdf2
                0x00004110                __cmpdf2
                0x0000418c                __aeabi_cdrcmple
                0x0000419c                __aeabi_cdcmpeq
                0x0000419c                __aeabi_cdcmple
                0x000041ac                __aeabi_dcmpeq
                0x000041c0                __aeabi_dcmplt
                0x000041d4                __aeabi_dcmple
                0x000041e8                __aeabi_dcmpge
                0x000041fc                __aeabi_dcmpgt
 .text          0x00004210       0x2c c:/program files (x86)/cypress/psoc creator/4.4/psoc creator/import/gnu/arm/5.4.1/bin/../lib/gcc/arm-none-eabi/5.4.1/armv7-m\libgcc.a(_arm_unorddf2.o)
                0x00004210                __unorddf2
                0x00004210                __aeabi_dcmpun
 .text          0x0000423c       0x50 c:/program files (x86)/cypress/psoc creator/4.4/psoc creator/import/gnu/arm/5.4.1/bin/../lib/gcc/arm-none-eabi/5.4.1/armv7-m\libgcc.a(_arm_fixdfsi.o)
                0x0000423c                __aeabi_d2iz
                0x0000423c                __fixdfsi
 *(.plt)
 *(.gnu.warning)
 *(.glue_7t)
 .glue_7t       0x0000428c        0x0 linker stubs
 *(.glue_7)
 .glue_7        0x0000428c        0x0 linker stubs
 *(.vfp11_veneer)
 .vfp11_veneer  0x0000428c        0x0 linker stubs
 *(.bootloader)
 *(.ARM.extab* .gnu.linkonce.armextab.*)
 *(.gcc_except_table)

.v4_bx          0x0000428c        0x0
 .v4_bx         0x0000428c        0x0 linker stubs

.iplt           0x0000428c        0x0
 .iplt          0x0000428c        0x0 c:/program files (x86)/cypress/psoc creator/4.4/psoc creator/import/gnu/arm/5.4.1/bin/../lib/gcc/arm-none-eabi/5.4.1/armv7-m/crtbegin.o

.eh_frame_hdr
 *(.eh_frame_hdr)

.eh_frame       0x0000428c        0x4
 *(.eh_frame)
 .eh_frame      0x0000428c        0x0 c:/program files (x86)/cypress/psoc creator/4.4/psoc creator/import/gnu/arm/5.4.1/bin/../lib/gcc/arm-none-eabi/5.4.1/armv7-m/crtbegin.o
 .eh_frame      0x0000428c        0x4 c:/program files (x86)/cypress/psoc creator/4.4/psoc creator/import/gnu/arm/5.4.1/bin/../lib/gcc/arm-none-eabi/5.4.1/armv7-m/crtend.o
                [!provide]                PROVIDE (__exidx_start, .)

.ARM.exidx
 *(.ARM.exidx* .gnu.linkonce.armexidx.*)
                0x00004290                __exidx_end = .

.rodata         0x00004290      0x340
 *(.rodata .rodata.* .gnu.linkonce.r.*)
 .rodata        0x00004290       0x2a .\CortexM3\ARM_GCC_541\Debug\cyfitter_cfg.o
 *fill*         0x000042ba        0x2 
 .rodata.str1.4
                0x000042bc       0x14 .\CortexM3\ARM_GCC_541\Debug\Design_301_project.a(USBUART_std.o)
                                 0x11 (size before relaxing)
 .rodata        0x000042d0      0x19a .\CortexM3\ARM_GCC_541\Debug\Design_301_project.a(USBUART_descr.o)
                0x000042d0                USBUART_MSOS_CONFIGURATION_DESCR
                0x000042f8                USBUART_MSOS_DESCRIPTOR
                0x0000430c                USBUART_TABLE
                0x00004314                USBUART_DEVICE0_TABLE
                0x0000432c                USBUART_DEVICE0_CONFIGURATION0_TABLE
                0x00004354                USBUART_DEVICE0_CONFIGURATION0_INTERFACE_CLASS
                0x00004358                USBUART_DEVICE0_CONFIGURATION0_EP_SETTINGS_TABLE
                0x00004370                USBUART_SN_STRING_DESCRIPTOR
                0x00004374                USBUART_STRING_DESCRIPTORS
                0x00004414                USBUART_DEVICE0_CONFIGURATION0_DESCR
                0x00004458                USBUART_DEVICE0_DESCR
 .rodata.str1.1
                0x0000446a        0x2 c:/program files (x86)/cypress/psoc creator/4.4/psoc creator/import/gnu/arm/5.4.1/bin/../lib/gcc/arm-none-eabi/5.4.1/../../../../arm-none-eabi/lib/armv7-m\libg_nano.a(lib_a-impure.o)
 .rodata.str1.1
                0x0000446c       0x12 c:/program files (x86)/cypress/psoc creator/4.4/psoc creator/import/gnu/arm/5.4.1/bin/../lib/gcc/arm-none-eabi/5.4.1/../../../../arm-none-eabi/lib/armv7-m\libg_nano.a(lib_a-nano-vfprintf_float.o)
 .rodata.str1.1
                0x0000447e        0xd c:/program files (x86)/cypress/psoc creator/4.4/psoc creator/import/gnu/arm/5.4.1/bin/../lib/gcc/arm-none-eabi/5.4.1/../../../../arm-none-eabi/lib/armv7-m\libg_nano.a(lib_a-dtoa.o)
                                  0xf (size before relaxing)
 .rodata.str1.1
                0x0000448b        0x8 c:/program files (x86)/cypress/psoc creator/4.4/psoc creator/import/gnu/arm/5.4.1/bin/../lib/gcc/arm-none-eabi/5.4.1/../../../../arm-none-eabi/lib/armv7-m\libg_nano.a(lib_a-locale.o)
                                  0xb (size before relaxing)
 *fill*         0x00004493        0x5 
 .rodata.__mprec_tens
                0x00004498       0xc8 c:/program files (x86)/cypress/psoc creator/4.4/psoc creator/import/gnu/arm/5.4.1/bin/../lib/gcc/arm-none-eabi/5.4.1/../../../../arm-none-eabi/lib/armv7-m\libg_nano.a(lib_a-mprec.o)
                0x00004498                __mprec_tens
 .rodata.p05.5408
                0x00004560        0xc c:/program files (x86)/cypress/psoc creator/4.4/psoc creator/import/gnu/arm/5.4.1/bin/../lib/gcc/arm-none-eabi/5.4.1/../../../../arm-none-eabi/lib/armv7-m\libg_nano.a(lib_a-mprec.o)
 *fill*         0x0000456c        0x4 
 .rodata.__mprec_bigtens
                0x00004570       0x28 c:/program files (x86)/cypress/psoc creator/4.4/psoc creator/import/gnu/arm/5.4.1/bin/../lib/gcc/arm-none-eabi/5.4.1/../../../../arm-none-eabi/lib/armv7-m\libg_nano.a(lib_a-mprec.o)
                0x00004570                __mprec_bigtens
                0x00004598                . = ALIGN (0x4)
 *(.init)
 .init          0x00004598        0x4 c:/program files (x86)/cypress/psoc creator/4.4/psoc creator/import/gnu/arm/5.4.1/bin/../lib/gcc/arm-none-eabi/5.4.1/armv7-m/crti.o
                0x00004598                _init
 .init          0x0000459c        0x8 c:/program files (x86)/cypress/psoc creator/4.4/psoc creator/import/gnu/arm/5.4.1/bin/../lib/gcc/arm-none-eabi/5.4.1/armv7-m/crtn.o
                0x000045a4                . = ALIGN (0x4)
                0x000045a4                __preinit_array_start = .
 *(.preinit_array)
                0x000045a4                __preinit_array_end = .
                0x000045a4                . = ALIGN (0x4)
                0x000045a4                __init_array_start = .
 *(SORT(.init_array.*))
 *(.init_array)
 .init_array    0x000045a4        0x4 c:/program files (x86)/cypress/psoc creator/4.4/psoc creator/import/gnu/arm/5.4.1/bin/../lib/gcc/arm-none-eabi/5.4.1/armv7-m/crtbegin.o
 .init_array    0x000045a8        0x4 .\CortexM3\ARM_GCC_541\Debug\Cm3Start.o
                0x000045ac                __init_array_end = .
                0x000045ac                . = ALIGN (0x4)
 *(.fini)
 .fini          0x000045ac        0x4 c:/program files (x86)/cypress/psoc creator/4.4/psoc creator/import/gnu/arm/5.4.1/bin/../lib/gcc/arm-none-eabi/5.4.1/armv7-m/crti.o
                0x000045ac                _fini
 .fini          0x000045b0        0x8 c:/program files (x86)/cypress/psoc creator/4.4/psoc creator/import/gnu/arm/5.4.1/bin/../lib/gcc/arm-none-eabi/5.4.1/armv7-m/crtn.o
                0x000045b8                . = ALIGN (0x4)
                0x000045b8                __fini_array_start = .
 *(.fini_array)
 .fini_array    0x000045b8        0x4 c:/program files (x86)/cypress/psoc creator/4.4/psoc creator/import/gnu/arm/5.4.1/bin/../lib/gcc/arm-none-eabi/5.4.1/armv7-m/crtbegin.o
 *(SORT(.fini_array.*))
                0x000045bc                __fini_array_end = .
                0x000045bc                . = ALIGN (0x4)
 *crtbegin.o(.ctors)
 *(EXCLUDE_FILE(*crtend.o) .ctors)
 *(SORT(.ctors.*))
 *crtend.o(.ctors)
                0x000045bc                . = ALIGN (0x4)
 *crtbegin.o(.dtors)
 *(EXCLUDE_FILE(*crtend.o) .dtors)
 *(SORT(.dtors.*))
 *crtend.o(.dtors)
                0x000045bc                . = ALIGN (0x4)
                0x000045bc                __cy_regions = .
                0x000045bc        0x4 LONG 0x45d0 __cy_region_init_ram
                0x000045c0        0x4 LONG 0x1fff80c8 __cy_region_start_data
                0x000045c4        0x4 LONG 0x158 __cy_region_init_size_ram
                0x000045c8        0x4 LONG 0x218 __cy_region_zero_size_ram
                0x000045cc                __cy_regions_end = .
                0x000045d0                . = ALIGN (0x8)
 *fill*         0x000045cc        0x4 
                0x000045d0                _etext = .

.cy_checksum_exclude
                0x000045d0        0x0
 *(.cy_checksum_exclude)

.ramvectors     0x1fff8000       0xc0
                0x1fff8000                __cy_region_start_ram = .
 *(.ramvectors)
 .ramvectors    0x1fff8000       0xc0 .\CortexM3\ARM_GCC_541\Debug\Cm3Start.o
                0x1fff8000                CyRamVectors

.noinit         0x1fff80c0        0x1
 *(.noinit)
 .noinit        0x1fff80c0        0x1 .\CortexM3\ARM_GCC_541\Debug\Design_301_project.a(CyLib.o)
                0x1fff80c0                CyResetStatus

.data           0x1fff80c8      0x158 load address 0x000045d0
                0x1fff80c8                __cy_region_start_data = .
 *(.jcr)
 .jcr           0x1fff80c8        0x0 c:/program files (x86)/cypress/psoc creator/4.4/psoc creator/import/gnu/arm/5.4.1/bin/../lib/gcc/arm-none-eabi/5.4.1/armv7-m/crtbegin.o
 .jcr           0x1fff80c8        0x4 c:/program files (x86)/cypress/psoc creator/4.4/psoc creator/import/gnu/arm/5.4.1/bin/../lib/gcc/arm-none-eabi/5.4.1/armv7-m/crtend.o
 *(.got.plt)
 *(.got)
 *(.shdata)
 *(.data .data.* .gnu.linkonce.d.*)
 .data          0x1fff80cc       0x85 .\CortexM3\ARM_GCC_541\Debug\main.o
                0x1fff80cc                Stop_flag
                0x1fff80d0                displaystring
                0x1fff8110                message_encoder
                0x1fff8150                flag_rf_transmission_active
 *fill*         0x1fff8151        0x3 
 .data          0x1fff8154        0x4 .\CortexM3\ARM_GCC_541\Debug\Cm3Start.o
 .data          0x1fff8158       0x1a .\CortexM3\ARM_GCC_541\Debug\Design_301_project.a(USBUART_cdc.o)
                0x1fff8158                USBUART_linesCoding
 *fill*         0x1fff8172        0x2 
 .data          0x1fff8174       0x10 .\CortexM3\ARM_GCC_541\Debug\Design_301_project.a(CyLib.o)
                0x1fff8174                cydelay_32k_ms
                0x1fff8178                cydelay_freq_khz
                0x1fff817c                cydelay_freq_mhz
                0x1fff8180                cydelay_freq_hz
 .data.impure_data
                0x1fff8184       0x60 c:/program files (x86)/cypress/psoc creator/4.4/psoc creator/import/gnu/arm/5.4.1/bin/../lib/gcc/arm-none-eabi/5.4.1/../../../../arm-none-eabi/lib/armv7-m\libg_nano.a(lib_a-impure.o)
 .data._impure_ptr
                0x1fff81e4        0x4 c:/program files (x86)/cypress/psoc creator/4.4/psoc creator/import/gnu/arm/5.4.1/bin/../lib/gcc/arm-none-eabi/5.4.1/../../../../arm-none-eabi/lib/armv7-m\libg_nano.a(lib_a-impure.o)
                0x1fff81e4                _impure_ptr
 .data.lconv    0x1fff81e8       0x38 c:/program files (x86)/cypress/psoc creator/4.4/psoc creator/import/gnu/arm/5.4.1/bin/../lib/gcc/arm-none-eabi/5.4.1/../../../../arm-none-eabi/lib/armv7-m\libg_nano.a(lib_a-locale.o)
                0x1fff8220                . = ALIGN (0x8)
 *(.ram)
                0x1fff8220                _edata = .

.igot.plt       0x1fff8220        0x0 load address 0x00004728
 .igot.plt      0x1fff8220        0x0 c:/program files (x86)/cypress/psoc creator/4.4/psoc creator/import/gnu/arm/5.4.1/bin/../lib/gcc/arm-none-eabi/5.4.1/armv7-m/crtbegin.o

.bss            0x1fff8220      0x218 load address 0x00004728
                0x1fff8220                PROVIDE (__bss_start__, .)
 *(.shbss)
 *(.bss .bss.* .gnu.linkonce.b.*)
 .bss           0x1fff8220       0x1c c:/program files (x86)/cypress/psoc creator/4.4/psoc creator/import/gnu/arm/5.4.1/bin/../lib/gcc/arm-none-eabi/5.4.1/armv7-m/crtbegin.o
 .bss           0x1fff823c       0x19 .\CortexM3\ARM_GCC_541\Debug\main.o
                0x1fff823c                count
                0x1fff8244                flag_KB_string
                0x1fff8245                dataready_flag
                0x1fff8246                flag_packet
                0x1fff8247                flag_rx
                0x1fff8248                flag_ts_display
                0x1fff8249                flag_ts_speed
                0x1fff824a                flag_ts_update
                0x1fff824b                flag_ts_enc
                0x1fff824c                ts_display
                0x1fff824e                ts_speed
                0x1fff8250                ts_update
                0x1fff8252                ts_enc
                0x1fff8254                ts
 .bss           0x1fff8255        0x1 .\CortexM3\ARM_GCC_541\Debug\Design_301_project.a(PWM_1.o)
                0x1fff8255                PWM_1_initVar
 .bss           0x1fff8256        0x1 .\CortexM3\ARM_GCC_541\Debug\Design_301_project.a(PWM_2.o)
                0x1fff8256                PWM_2_initVar
 .bss           0x1fff8257        0x1 .\CortexM3\ARM_GCC_541\Debug\Design_301_project.a(Timer_1.o)
                0x1fff8257                Timer_1_initVar
 .bss           0x1fff8258        0x1 .\CortexM3\ARM_GCC_541\Debug\Design_301_project.a(Timer_1_PM.o)
 .bss           0x1fff8259        0x1 .\CortexM3\ARM_GCC_541\Debug\Design_301_project.a(USBUART.o)
                0x1fff8259                USBUART_initVar
 *fill*         0x1fff825a        0x2 
 .bss           0x1fff825c        0x2 .\CortexM3\ARM_GCC_541\Debug\Design_301_project.a(USBUART_std.o)
 .bss           0x1fff825e        0x1 .\CortexM3\ARM_GCC_541\Debug\Design_301_project.a(Timer_2.o)
                0x1fff825e                Timer_2_initVar
 *fill*         0x1fff825f        0x1 
 .bss           0x1fff8260        0x1 .\CortexM3\ARM_GCC_541\Debug\Design_301_project.a(Timer_2_PM.o)
 *fill*         0x1fff8261        0x3 
 .bss.__malloc_sbrk_start
                0x1fff8264        0x4 c:/program files (x86)/cypress/psoc creator/4.4/psoc creator/import/gnu/arm/5.4.1/bin/../lib/gcc/arm-none-eabi/5.4.1/../../../../arm-none-eabi/lib/armv7-m\libg_nano.a(lib_a-nano-mallocr.o)
                0x1fff8264                __malloc_sbrk_start
 .bss.__malloc_free_list
                0x1fff8268        0x4 c:/program files (x86)/cypress/psoc creator/4.4/psoc creator/import/gnu/arm/5.4.1/bin/../lib/gcc/arm-none-eabi/5.4.1/../../../../arm-none-eabi/lib/armv7-m\libg_nano.a(lib_a-nano-mallocr.o)
                0x1fff8268                __malloc_free_list
 *(COMMON)
 COMMON         0x1fff826c       0xec .\CortexM3\ARM_GCC_541\Debug\main.o
                0x1fff826c                entry
                0x1fff82ac                next_Motion
                0x1fff82b0                system_state
                0x1fff82d0                line
                0x1fff8310                usbBuffer
                0x1fff8350                current_Motion
                0x1fff8354                last_Motion
 COMMON         0x1fff8358       0x18 .\CortexM3\ARM_GCC_541\Debug\Design_301_project.a(USBUART_cdc.o)
                0x1fff8358                USBUART_linesChanged
                0x1fff835c                USBUART_cdcDataInEp
                0x1fff8360                USBUART_cdcCommInInterruptEp
                0x1fff8364                USBUART_cdcDataOutEp
                0x1fff8368                USBUART_serialStateBitmap
                0x1fff836c                USBUART_linesControlBitmap
 COMMON         0x1fff8370       0x9a .\CortexM3\ARM_GCC_541\Debug\Design_301_project.a(USBUART_drv.o)
                0x1fff8370                USBUART_lastPacketSize
                0x1fff8371                USBUART_device
                0x1fff8372                USBUART_transferByteCount
                0x1fff8374                USBUART_transferState
                0x1fff8378                USBUART_interfaceSettingLast
                0x1fff837c                USBUART_currentTD
                0x1fff8388                USBUART_interfaceNumber
                0x1fff838c                USBUART_interfaceClass
                0x1fff8390                USBUART_configurationChanged
                0x1fff8391                USBUART_ep0Mode
                0x1fff8392                USBUART_deviceAddress
                0x1fff8393                USBUART_configuration
                0x1fff8394                USBUART_ep0Count
                0x1fff8395                USBUART_deviceStatus
                0x1fff8398                USBUART_EP
                0x1fff8404                USBUART_interfaceSetting
                0x1fff8406                USBUART_ep0Toggle
                0x1fff8408                USBUART_interfaceStatus
 *fill*         0x1fff840a        0x2 
 COMMON         0x1fff840c       0x22 .\CortexM3\ARM_GCC_541\Debug\Design_301_project.a(USBUART_descr.o)
                0x1fff840c                USBUART_idSerialNumberStringDescriptor
 *fill*         0x1fff842e        0x2 
 COMMON         0x1fff8430        0x4 c:/program files (x86)/cypress/psoc creator/4.4/psoc creator/import/gnu/arm/5.4.1/bin/../lib/gcc/arm-none-eabi/5.4.1/../../../../arm-none-eabi/lib/armv7-m\libg_nano.a(lib_a-reent.o)
                0x1fff8430                errno
                0x1fff8438                . = ALIGN (0x8)
 *fill*         0x1fff8434        0x4 
 *(.ram.b)
                0x1fff8438                _end = .
                0x1fff8438                __end = .
                0x1fff8438                PROVIDE (end, .)
                0x1fff8438                PROVIDE (__bss_end__, .)
                0x000045d0                __cy_region_init_ram = LOADADDR (.data)
                0x00000158                __cy_region_init_size_ram = (_edata - ADDR (.data))
                0x00000218                __cy_region_zero_size_ram = (_end - _edata)

.heap           0x1fff8438      0x200 load address 0x00004728
                0x1fff8438                . = _end
                0x1fff8638                . = (. + 0x200)
 *fill*         0x1fff8438      0x200 
                0x1fff8638                __cy_heap_limit = .

.stack          0x20007800      0x800
                0x20007800                __cy_stack_limit = .
                0x20008000                . = (. + 0x800)
 *fill*         0x20007800      0x800 
                0x00000001                ASSERT ((__cy_stack_limit >= __cy_heap_limit), region RAM overflowed with stack)
                0x00000000                cy_checksum_exclude_size = (CY_APPL_LOADABLE == 0x1)?SIZEOF (.cy_checksum_exclude):0x0
                0x00000001                ASSERT ((cy_checksum_exclude_size <= CY_CHECKSUM_EXCLUDE_SIZE), CY_BOOT: Section .cy_checksum_exclude size exceedes specified limit.)

.cyloadermeta
 *(.cyloadermeta)

.cyloadablemeta
 *(.cyloadablemeta)

.cyconfigecc    0x80000000      0xa7c
 *(.cyconfigecc)
 .cyconfigecc   0x80000000      0xa7c .\CortexM3\ARM_GCC_541\Debug\cymetadata.o
                0x80000000                cy_meta_configecc

.cycustnvl      0x90000000        0x4
 *(.cycustnvl)
 .cycustnvl     0x90000000        0x4 .\CortexM3\ARM_GCC_541\Debug\cymetadata.o
                0x90000000                cy_meta_custnvl

.cywolatch      0x90100000        0x4
 *(.cywolatch)
 .cywolatch     0x90100000        0x4 .\CortexM3\ARM_GCC_541\Debug\cymetadata.o
                0x90100000                cy_meta_wonvl

.cyeeprom       0x90200000        0x0
 *(.cyeeprom)
                0x00000001                ASSERT ((. <= ((0x90200000 + ee_offset) + ee_size)), .cyeeprom data will not fit in EEPROM)

.cyflashprotect
                0x90400000      0x100
 *(.cyflashprotect)
 .cyflashprotect
                0x90400000      0x100 .\CortexM3\ARM_GCC_541\Debug\cymetadata.o
                0x90400000                cy_meta_flashprotect

.cymeta         0x90500000        0xc
 *(.cymeta)
 .cymeta        0x90500000        0xc .\CortexM3\ARM_GCC_541\Debug\cymetadata.o
                0x90500000                cy_metadata

.rel.dyn        0x00004728        0x0 load address 0x9050000c
 .rel.iplt      0x00004728        0x0 c:/program files (x86)/cypress/psoc creator/4.4/psoc creator/import/gnu/arm/5.4.1/bin/../lib/gcc/arm-none-eabi/5.4.1/armv7-m/crtbegin.o

.stab
 *(.stab)

.stabstr
 *(.stabstr)

.debug
 *(.debug)

.line
 *(.line)

.debug_srcinfo
 *(.debug_srcinfo)

.debug_sfnames
 *(.debug_sfnames)

.debug_aranges  0x00000000      0xec0
 *(.debug_aranges)
 .debug_aranges
                0x00000000       0x68 .\CortexM3\ARM_GCC_541\Debug\main.o
 .debug_aranges
                0x00000068       0x58 .\CortexM3\ARM_GCC_541\Debug\cyfitter_cfg.o
 .debug_aranges
                0x000000c0       0x18 .\CortexM3\ARM_GCC_541\Debug\cymetadata.o
 .debug_aranges
                0x000000d8       0x48 .\CortexM3\ARM_GCC_541\Debug\Cm3Start.o
 .debug_aranges
                0x00000120       0x38 .\CortexM3\ARM_GCC_541\Debug\Design_301_project.a(M2_D1.o)
 .debug_aranges
                0x00000158       0x78 .\CortexM3\ARM_GCC_541\Debug\Design_301_project.a(PWM_1.o)
 .debug_aranges
                0x000001d0       0x38 .\CortexM3\ARM_GCC_541\Debug\Design_301_project.a(PWM_1_PM.o)
 .debug_aranges
                0x00000208       0x78 .\CortexM3\ARM_GCC_541\Debug\Design_301_project.a(PWM_2.o)
 .debug_aranges
                0x00000280       0x38 .\CortexM3\ARM_GCC_541\Debug\Design_301_project.a(PWM_2_PM.o)
 .debug_aranges
                0x000002b8       0x88 .\CortexM3\ARM_GCC_541\Debug\Design_301_project.a(Timer_1.o)
 .debug_aranges
                0x00000340       0x38 .\CortexM3\ARM_GCC_541\Debug\Design_301_project.a(Timer_1_PM.o)
 .debug_aranges
                0x00000378       0x80 .\CortexM3\ARM_GCC_541\Debug\Design_301_project.a(isr_US.o)
 .debug_aranges
                0x000003f8       0xc8 .\CortexM3\ARM_GCC_541\Debug\Design_301_project.a(USBUART.o)
 .debug_aranges
                0x000004c0       0xe8 .\CortexM3\ARM_GCC_541\Debug\Design_301_project.a(USBUART_cdc.o)
 .debug_aranges
                0x000005a8       0x98 .\CortexM3\ARM_GCC_541\Debug\Design_301_project.a(USBUART_drv.o)
 .debug_aranges
                0x00000640       0x40 .\CortexM3\ARM_GCC_541\Debug\Design_301_project.a(USBUART_episr.o)
 .debug_aranges
                0x00000680       0x40 .\CortexM3\ARM_GCC_541\Debug\Design_301_project.a(USBUART_pm.o)
 .debug_aranges
                0x000006c0       0x80 .\CortexM3\ARM_GCC_541\Debug\Design_301_project.a(USBUART_std.o)
 .debug_aranges
                0x00000740       0x20 .\CortexM3\ARM_GCC_541\Debug\Design_301_project.a(USBUART_vnd.o)
 .debug_aranges
                0x00000760       0x28 .\CortexM3\ARM_GCC_541\Debug\Design_301_project.a(RF_BT_SELECT.o)
 .debug_aranges
                0x00000788       0x38 .\CortexM3\ARM_GCC_541\Debug\Design_301_project.a(Vo6.o)
 .debug_aranges
                0x000007c0       0x38 .\CortexM3\ARM_GCC_541\Debug\Design_301_project.a(Vo1.o)
 .debug_aranges
                0x000007f8       0x38 .\CortexM3\ARM_GCC_541\Debug\Design_301_project.a(Vo5.o)
 .debug_aranges
                0x00000830       0x38 .\CortexM3\ARM_GCC_541\Debug\Design_301_project.a(Vo3.o)
 .debug_aranges
                0x00000868       0x38 .\CortexM3\ARM_GCC_541\Debug\Design_301_project.a(M1_D1.o)
 .debug_aranges
                0x000008a0       0x88 .\CortexM3\ARM_GCC_541\Debug\Design_301_project.a(Timer_2.o)
 .debug_aranges
                0x00000928       0x38 .\CortexM3\ARM_GCC_541\Debug\Design_301_project.a(Timer_2_PM.o)
 .debug_aranges
                0x00000960       0x80 .\CortexM3\ARM_GCC_541\Debug\Design_301_project.a(isr_T2.o)
 .debug_aranges
                0x000009e0       0x48 .\CortexM3\ARM_GCC_541\Debug\Design_301_project.a(USBUART_Dp.o)
 .debug_aranges
                0x00000a28      0x2a0 .\CortexM3\ARM_GCC_541\Debug\Design_301_project.a(CyLib.o)
 .debug_aranges
                0x00000cc8       0x98 .\CortexM3\ARM_GCC_541\Debug\Design_301_project.a(cyPm.o)
 .debug_aranges
                0x00000d60       0x20 .\CortexM3\ARM_GCC_541\Debug\Design_301_project.a(CyBootAsmGnu.o)
 .debug_aranges
                0x00000d80       0x20 .\CortexM3\ARM_GCC_541\Debug\Design_301_project.a(USBUART_cls.o)
 .debug_aranges
                0x00000da0       0x18 .\CortexM3\ARM_GCC_541\Debug\Design_301_project.a(USBUART_descr.o)
 .debug_aranges
                0x00000db8       0x88 .\CortexM3\ARM_GCC_541\Debug\Design_301_project.a(CyFlash.o)
 .debug_aranges
                0x00000e40       0x80 .\CortexM3\ARM_GCC_541\Debug\Design_301_project.a(CySpc.o)

.debug_pubnames
 *(.debug_pubnames)

.debug_info     0x00000000     0x8d8e
 *(.debug_info .gnu.linkonce.wi.*)
 .debug_info    0x00000000      0x995 .\CortexM3\ARM_GCC_541\Debug\main.o
 .debug_info    0x00000995      0x549 .\CortexM3\ARM_GCC_541\Debug\cyfitter_cfg.o
 .debug_info    0x00000ede      0x139 .\CortexM3\ARM_GCC_541\Debug\cymetadata.o
 .debug_info    0x00001017      0x3bb .\CortexM3\ARM_GCC_541\Debug\Cm3Start.o
 .debug_info    0x000013d2      0x11f .\CortexM3\ARM_GCC_541\Debug\Design_301_project.a(M2_D1.o)
 .debug_info    0x000014f1      0x27f .\CortexM3\ARM_GCC_541\Debug\Design_301_project.a(PWM_1.o)
 .debug_info    0x00001770      0x153 .\CortexM3\ARM_GCC_541\Debug\Design_301_project.a(PWM_1_PM.o)
 .debug_info    0x000018c3      0x27f .\CortexM3\ARM_GCC_541\Debug\Design_301_project.a(PWM_2.o)
 .debug_info    0x00001b42      0x153 .\CortexM3\ARM_GCC_541\Debug\Design_301_project.a(PWM_2_PM.o)
 .debug_info    0x00001c95      0x291 .\CortexM3\ARM_GCC_541\Debug\Design_301_project.a(Timer_1.o)
 .debug_info    0x00001f26      0x153 .\CortexM3\ARM_GCC_541\Debug\Design_301_project.a(Timer_1_PM.o)
 .debug_info    0x00002079      0x2d2 .\CortexM3\ARM_GCC_541\Debug\Design_301_project.a(isr_US.o)
 .debug_info    0x0000234b      0x995 .\CortexM3\ARM_GCC_541\Debug\Design_301_project.a(USBUART.o)
 .debug_info    0x00002ce0      0xaf7 .\CortexM3\ARM_GCC_541\Debug\Design_301_project.a(USBUART_cdc.o)
 .debug_info    0x000037d7      0x655 .\CortexM3\ARM_GCC_541\Debug\Design_301_project.a(USBUART_drv.o)
 .debug_info    0x00003e2c      0x254 .\CortexM3\ARM_GCC_541\Debug\Design_301_project.a(USBUART_episr.o)
 .debug_info    0x00004080      0x2e4 .\CortexM3\ARM_GCC_541\Debug\Design_301_project.a(USBUART_pm.o)
 .debug_info    0x00004364      0xb36 .\CortexM3\ARM_GCC_541\Debug\Design_301_project.a(USBUART_std.o)
 .debug_info    0x00004e9a      0x1be .\CortexM3\ARM_GCC_541\Debug\Design_301_project.a(USBUART_vnd.o)
 .debug_info    0x00005058       0xd6 .\CortexM3\ARM_GCC_541\Debug\Design_301_project.a(RF_BT_SELECT.o)
 .debug_info    0x0000512e      0x11f .\CortexM3\ARM_GCC_541\Debug\Design_301_project.a(Vo6.o)
 .debug_info    0x0000524d      0x11f .\CortexM3\ARM_GCC_541\Debug\Design_301_project.a(Vo1.o)
 .debug_info    0x0000536c      0x11f .\CortexM3\ARM_GCC_541\Debug\Design_301_project.a(Vo5.o)
 .debug_info    0x0000548b      0x11f .\CortexM3\ARM_GCC_541\Debug\Design_301_project.a(Vo3.o)
 .debug_info    0x000055aa      0x11f .\CortexM3\ARM_GCC_541\Debug\Design_301_project.a(M1_D1.o)
 .debug_info    0x000056c9      0x293 .\CortexM3\ARM_GCC_541\Debug\Design_301_project.a(Timer_2.o)
 .debug_info    0x0000595c      0x153 .\CortexM3\ARM_GCC_541\Debug\Design_301_project.a(Timer_2_PM.o)
 .debug_info    0x00005aaf      0x2d2 .\CortexM3\ARM_GCC_541\Debug\Design_301_project.a(isr_T2.o)
 .debug_info    0x00005d81      0x174 .\CortexM3\ARM_GCC_541\Debug\Design_301_project.a(USBUART_Dp.o)
 .debug_info    0x00005ef5     0x1374 .\CortexM3\ARM_GCC_541\Debug\Design_301_project.a(CyLib.o)
 .debug_info    0x00007269      0xa2a .\CortexM3\ARM_GCC_541\Debug\Design_301_project.a(cyPm.o)
 .debug_info    0x00007c93       0x9f .\CortexM3\ARM_GCC_541\Debug\Design_301_project.a(CyBootAsmGnu.o)
 .debug_info    0x00007d32      0x1de .\CortexM3\ARM_GCC_541\Debug\Design_301_project.a(USBUART_cls.o)
 .debug_info    0x00007f10      0x2e1 .\CortexM3\ARM_GCC_541\Debug\Design_301_project.a(USBUART_descr.o)
 .debug_info    0x000081f1      0x64d .\CortexM3\ARM_GCC_541\Debug\Design_301_project.a(CyFlash.o)
 .debug_info    0x0000883e      0x550 .\CortexM3\ARM_GCC_541\Debug\Design_301_project.a(CySpc.o)

.debug_abbrev   0x00000000     0x290e
 *(.debug_abbrev)
 .debug_abbrev  0x00000000      0x1e8 .\CortexM3\ARM_GCC_541\Debug\main.o
 .debug_abbrev  0x000001e8      0x1fe .\CortexM3\ARM_GCC_541\Debug\cyfitter_cfg.o
 .debug_abbrev  0x000003e6       0x77 .\CortexM3\ARM_GCC_541\Debug\cymetadata.o
 .debug_abbrev  0x0000045d      0x1e8 .\CortexM3\ARM_GCC_541\Debug\Cm3Start.o
 .debug_abbrev  0x00000645       0x90 .\CortexM3\ARM_GCC_541\Debug\Design_301_project.a(M2_D1.o)
 .debug_abbrev  0x000006d5      0x12d .\CortexM3\ARM_GCC_541\Debug\Design_301_project.a(PWM_1.o)
 .debug_abbrev  0x00000802       0xc4 .\CortexM3\ARM_GCC_541\Debug\Design_301_project.a(PWM_1_PM.o)
 .debug_abbrev  0x000008c6      0x12d .\CortexM3\ARM_GCC_541\Debug\Design_301_project.a(PWM_2.o)
 .debug_abbrev  0x000009f3       0xc4 .\CortexM3\ARM_GCC_541\Debug\Design_301_project.a(PWM_2_PM.o)
 .debug_abbrev  0x00000ab7      0x11a .\CortexM3\ARM_GCC_541\Debug\Design_301_project.a(Timer_1.o)
 .debug_abbrev  0x00000bd1       0xc4 .\CortexM3\ARM_GCC_541\Debug\Design_301_project.a(Timer_1_PM.o)
 .debug_abbrev  0x00000c95      0x173 .\CortexM3\ARM_GCC_541\Debug\Design_301_project.a(isr_US.o)
 .debug_abbrev  0x00000e08      0x215 .\CortexM3\ARM_GCC_541\Debug\Design_301_project.a(USBUART.o)
 .debug_abbrev  0x0000101d      0x245 .\CortexM3\ARM_GCC_541\Debug\Design_301_project.a(USBUART_cdc.o)
 .debug_abbrev  0x00001262      0x189 .\CortexM3\ARM_GCC_541\Debug\Design_301_project.a(USBUART_drv.o)
 .debug_abbrev  0x000013eb      0x11b .\CortexM3\ARM_GCC_541\Debug\Design_301_project.a(USBUART_episr.o)
 .debug_abbrev  0x00001506      0x108 .\CortexM3\ARM_GCC_541\Debug\Design_301_project.a(USBUART_pm.o)
 .debug_abbrev  0x0000160e      0x20a .\CortexM3\ARM_GCC_541\Debug\Design_301_project.a(USBUART_std.o)
 .debug_abbrev  0x00001818       0xe1 .\CortexM3\ARM_GCC_541\Debug\Design_301_project.a(USBUART_vnd.o)
 .debug_abbrev  0x000018f9       0x81 .\CortexM3\ARM_GCC_541\Debug\Design_301_project.a(RF_BT_SELECT.o)
 .debug_abbrev  0x0000197a       0x90 .\CortexM3\ARM_GCC_541\Debug\Design_301_project.a(Vo6.o)
 .debug_abbrev  0x00001a0a       0x90 .\CortexM3\ARM_GCC_541\Debug\Design_301_project.a(Vo1.o)
 .debug_abbrev  0x00001a9a       0x90 .\CortexM3\ARM_GCC_541\Debug\Design_301_project.a(Vo5.o)
 .debug_abbrev  0x00001b2a       0x90 .\CortexM3\ARM_GCC_541\Debug\Design_301_project.a(Vo3.o)
 .debug_abbrev  0x00001bba       0x90 .\CortexM3\ARM_GCC_541\Debug\Design_301_project.a(M1_D1.o)
 .debug_abbrev  0x00001c4a      0x11a .\CortexM3\ARM_GCC_541\Debug\Design_301_project.a(Timer_2.o)
 .debug_abbrev  0x00001d64       0xc4 .\CortexM3\ARM_GCC_541\Debug\Design_301_project.a(Timer_2_PM.o)
 .debug_abbrev  0x00001e28      0x173 .\CortexM3\ARM_GCC_541\Debug\Design_301_project.a(isr_T2.o)
 .debug_abbrev  0x00001f9b       0x90 .\CortexM3\ARM_GCC_541\Debug\Design_301_project.a(USBUART_Dp.o)
 .debug_abbrev  0x0000202b      0x254 .\CortexM3\ARM_GCC_541\Debug\Design_301_project.a(CyLib.o)
 .debug_abbrev  0x0000227f      0x1ab .\CortexM3\ARM_GCC_541\Debug\Design_301_project.a(cyPm.o)
 .debug_abbrev  0x0000242a       0x14 .\CortexM3\ARM_GCC_541\Debug\Design_301_project.a(CyBootAsmGnu.o)
 .debug_abbrev  0x0000243e       0xe1 .\CortexM3\ARM_GCC_541\Debug\Design_301_project.a(USBUART_cls.o)
 .debug_abbrev  0x0000251f       0xb4 .\CortexM3\ARM_GCC_541\Debug\Design_301_project.a(USBUART_descr.o)
 .debug_abbrev  0x000025d3      0x1a7 .\CortexM3\ARM_GCC_541\Debug\Design_301_project.a(CyFlash.o)
 .debug_abbrev  0x0000277a      0x194 .\CortexM3\ARM_GCC_541\Debug\Design_301_project.a(CySpc.o)

.debug_line     0x00000000     0x3773
 *(.debug_line)
 .debug_line    0x00000000      0x3f0 .\CortexM3\ARM_GCC_541\Debug\main.o
 .debug_line    0x000003f0        0x0 .\CortexM3\ARM_GCC_541\Debug\store.o
 .debug_line    0x000003f0      0x1e0 .\CortexM3\ARM_GCC_541\Debug\cyfitter_cfg.o
 .debug_line    0x000005d0      0x141 .\CortexM3\ARM_GCC_541\Debug\cymetadata.o
 .debug_line    0x00000711      0x234 .\CortexM3\ARM_GCC_541\Debug\Cm3Start.o
 .debug_line    0x00000945       0x92 .\CortexM3\ARM_GCC_541\Debug\Design_301_project.a(M2_D1.o)
 .debug_line    0x000009d7      0x133 .\CortexM3\ARM_GCC_541\Debug\Design_301_project.a(PWM_1.o)
 .debug_line    0x00000b0a       0xa0 .\CortexM3\ARM_GCC_541\Debug\Design_301_project.a(PWM_1_PM.o)
 .debug_line    0x00000baa      0x133 .\CortexM3\ARM_GCC_541\Debug\Design_301_project.a(PWM_2.o)
 .debug_line    0x00000cdd       0xa0 .\CortexM3\ARM_GCC_541\Debug\Design_301_project.a(PWM_2_PM.o)
 .debug_line    0x00000d7d      0x155 .\CortexM3\ARM_GCC_541\Debug\Design_301_project.a(Timer_1.o)
 .debug_line    0x00000ed2       0xa4 .\CortexM3\ARM_GCC_541\Debug\Design_301_project.a(Timer_1_PM.o)
 .debug_line    0x00000f76      0x133 .\CortexM3\ARM_GCC_541\Debug\Design_301_project.a(isr_US.o)
 .debug_line    0x000010a9      0x2dc .\CortexM3\ARM_GCC_541\Debug\Design_301_project.a(USBUART.o)
 .debug_line    0x00001385      0x2f2 .\CortexM3\ARM_GCC_541\Debug\Design_301_project.a(USBUART_cdc.o)
 .debug_line    0x00001677      0x221 .\CortexM3\ARM_GCC_541\Debug\Design_301_project.a(USBUART_drv.o)
 .debug_line    0x00001898       0xe6 .\CortexM3\ARM_GCC_541\Debug\Design_301_project.a(USBUART_episr.o)
 .debug_line    0x0000197e      0x10e .\CortexM3\ARM_GCC_541\Debug\Design_301_project.a(USBUART_pm.o)
 .debug_line    0x00001a8c      0x3dc .\CortexM3\ARM_GCC_541\Debug\Design_301_project.a(USBUART_std.o)
 .debug_line    0x00001e68       0x8b .\CortexM3\ARM_GCC_541\Debug\Design_301_project.a(USBUART_vnd.o)
 .debug_line    0x00001ef3       0x74 .\CortexM3\ARM_GCC_541\Debug\Design_301_project.a(RF_BT_SELECT.o)
 .debug_line    0x00001f67       0x90 .\CortexM3\ARM_GCC_541\Debug\Design_301_project.a(Vo6.o)
 .debug_line    0x00001ff7       0x90 .\CortexM3\ARM_GCC_541\Debug\Design_301_project.a(Vo1.o)
 .debug_line    0x00002087       0x90 .\CortexM3\ARM_GCC_541\Debug\Design_301_project.a(Vo5.o)
 .debug_line    0x00002117       0x90 .\CortexM3\ARM_GCC_541\Debug\Design_301_project.a(Vo3.o)
 .debug_line    0x000021a7       0x92 .\CortexM3\ARM_GCC_541\Debug\Design_301_project.a(M1_D1.o)
 .debug_line    0x00002239      0x155 .\CortexM3\ARM_GCC_541\Debug\Design_301_project.a(Timer_2.o)
 .debug_line    0x0000238e       0xa4 .\CortexM3\ARM_GCC_541\Debug\Design_301_project.a(Timer_2_PM.o)
 .debug_line    0x00002432      0x133 .\CortexM3\ARM_GCC_541\Debug\Design_301_project.a(isr_T2.o)
 .debug_line    0x00002565       0xbb .\CortexM3\ARM_GCC_541\Debug\Design_301_project.a(USBUART_Dp.o)
 .debug_line    0x00002620      0x816 .\CortexM3\ARM_GCC_541\Debug\Design_301_project.a(CyLib.o)
 .debug_line    0x00002e36      0x367 .\CortexM3\ARM_GCC_541\Debug\Design_301_project.a(cyPm.o)
 .debug_line    0x0000319d       0x66 .\CortexM3\ARM_GCC_541\Debug\Design_301_project.a(CyBootAsmGnu.o)
 .debug_line    0x00003203       0x95 .\CortexM3\ARM_GCC_541\Debug\Design_301_project.a(USBUART_cls.o)
 .debug_line    0x00003298       0x61 .\CortexM3\ARM_GCC_541\Debug\Design_301_project.a(USBUART_descr.o)
 .debug_line    0x000032f9      0x21a .\CortexM3\ARM_GCC_541\Debug\Design_301_project.a(CyFlash.o)
 .debug_line    0x00003513      0x260 .\CortexM3\ARM_GCC_541\Debug\Design_301_project.a(CySpc.o)

.debug_frame    0x00000000     0x2890
 *(.debug_frame)
 .debug_frame   0x00000000      0x11c .\CortexM3\ARM_GCC_541\Debug\main.o
 .debug_frame   0x0000011c       0xe4 .\CortexM3\ARM_GCC_541\Debug\cyfitter_cfg.o
 .debug_frame   0x00000200       0xb8 .\CortexM3\ARM_GCC_541\Debug\Cm3Start.o
 .debug_frame   0x000002b8       0x50 .\CortexM3\ARM_GCC_541\Debug\Design_301_project.a(M2_D1.o)
 .debug_frame   0x00000308       0xe8 .\CortexM3\ARM_GCC_541\Debug\Design_301_project.a(PWM_1.o)
 .debug_frame   0x000003f0       0x68 .\CortexM3\ARM_GCC_541\Debug\Design_301_project.a(PWM_1_PM.o)
 .debug_frame   0x00000458       0xe8 .\CortexM3\ARM_GCC_541\Debug\Design_301_project.a(PWM_2.o)
 .debug_frame   0x00000540       0x68 .\CortexM3\ARM_GCC_541\Debug\Design_301_project.a(PWM_2_PM.o)
 .debug_frame   0x000005a8      0x108 .\CortexM3\ARM_GCC_541\Debug\Design_301_project.a(Timer_1.o)
 .debug_frame   0x000006b0       0x68 .\CortexM3\ARM_GCC_541\Debug\Design_301_project.a(Timer_1_PM.o)
 .debug_frame   0x00000718      0x104 .\CortexM3\ARM_GCC_541\Debug\Design_301_project.a(isr_US.o)
 .debug_frame   0x0000081c      0x1dc .\CortexM3\ARM_GCC_541\Debug\Design_301_project.a(USBUART.o)
 .debug_frame   0x000009f8      0x27c .\CortexM3\ARM_GCC_541\Debug\Design_301_project.a(USBUART_cdc.o)
 .debug_frame   0x00000c74      0x194 .\CortexM3\ARM_GCC_541\Debug\Design_301_project.a(USBUART_drv.o)
 .debug_frame   0x00000e08       0x6c .\CortexM3\ARM_GCC_541\Debug\Design_301_project.a(USBUART_episr.o)
 .debug_frame   0x00000e74       0xa0 .\CortexM3\ARM_GCC_541\Debug\Design_301_project.a(USBUART_pm.o)
 .debug_frame   0x00000f14      0x17c .\CortexM3\ARM_GCC_541\Debug\Design_301_project.a(USBUART_std.o)
 .debug_frame   0x00001090       0x2c .\CortexM3\ARM_GCC_541\Debug\Design_301_project.a(USBUART_vnd.o)
 .debug_frame   0x000010bc       0x30 .\CortexM3\ARM_GCC_541\Debug\Design_301_project.a(RF_BT_SELECT.o)
 .debug_frame   0x000010ec       0x50 .\CortexM3\ARM_GCC_541\Debug\Design_301_project.a(Vo6.o)
 .debug_frame   0x0000113c       0x50 .\CortexM3\ARM_GCC_541\Debug\Design_301_project.a(Vo1.o)
 .debug_frame   0x0000118c       0x50 .\CortexM3\ARM_GCC_541\Debug\Design_301_project.a(Vo5.o)
 .debug_frame   0x000011dc       0x50 .\CortexM3\ARM_GCC_541\Debug\Design_301_project.a(Vo3.o)
 .debug_frame   0x0000122c       0x50 .\CortexM3\ARM_GCC_541\Debug\Design_301_project.a(M1_D1.o)
 .debug_frame   0x0000127c      0x108 .\CortexM3\ARM_GCC_541\Debug\Design_301_project.a(Timer_2.o)
 .debug_frame   0x00001384       0x68 .\CortexM3\ARM_GCC_541\Debug\Design_301_project.a(Timer_2_PM.o)
 .debug_frame   0x000013ec      0x104 .\CortexM3\ARM_GCC_541\Debug\Design_301_project.a(isr_T2.o)
 .debug_frame   0x000014f0       0x70 .\CortexM3\ARM_GCC_541\Debug\Design_301_project.a(USBUART_Dp.o)
 .debug_frame   0x00001560      0x738 .\CortexM3\ARM_GCC_541\Debug\Design_301_project.a(CyLib.o)
 .debug_frame   0x00001c98      0x1f8 .\CortexM3\ARM_GCC_541\Debug\Design_301_project.a(cyPm.o)
 .debug_frame   0x00001e90       0x2c .\CortexM3\ARM_GCC_541\Debug\Design_301_project.a(USBUART_cls.o)
 .debug_frame   0x00001ebc      0x194 .\CortexM3\ARM_GCC_541\Debug\Design_301_project.a(CyFlash.o)
 .debug_frame   0x00002050      0x180 .\CortexM3\ARM_GCC_541\Debug\Design_301_project.a(CySpc.o)
 .debug_frame   0x000021d0       0x20 c:/program files (x86)/cypress/psoc creator/4.4/psoc creator/import/gnu/arm/5.4.1/bin/../lib/gcc/arm-none-eabi/5.4.1/../../../../arm-none-eabi/lib/armv7-m\libg_nano.a(lib_a-errno.o)
 .debug_frame   0x000021f0       0x28 c:/program files (x86)/cypress/psoc creator/4.4/psoc creator/import/gnu/arm/5.4.1/bin/../lib/gcc/arm-none-eabi/5.4.1/../../../../arm-none-eabi/lib/armv7-m\libg_nano.a(lib_a-exit.o)
 .debug_frame   0x00002218       0x2c c:/program files (x86)/cypress/psoc creator/4.4/psoc creator/import/gnu/arm/5.4.1/bin/../lib/gcc/arm-none-eabi/5.4.1/../../../../arm-none-eabi/lib/armv7-m\libg_nano.a(lib_a-init.o)
 .debug_frame   0x00002244       0x28 c:/program files (x86)/cypress/psoc creator/4.4/psoc creator/import/gnu/arm/5.4.1/bin/../lib/gcc/arm-none-eabi/5.4.1/../../../../arm-none-eabi/lib/armv7-m\libg_nano.a(lib_a-memcpy-stub.o)
 .debug_frame   0x0000226c       0x20 c:/program files (x86)/cypress/psoc creator/4.4/psoc creator/import/gnu/arm/5.4.1/bin/../lib/gcc/arm-none-eabi/5.4.1/../../../../arm-none-eabi/lib/armv7-m\libg_nano.a(lib_a-memset.o)
 .debug_frame   0x0000228c       0x8c c:/program files (x86)/cypress/psoc creator/4.4/psoc creator/import/gnu/arm/5.4.1/bin/../lib/gcc/arm-none-eabi/5.4.1/../../../../arm-none-eabi/lib/armv7-m\libg_nano.a(lib_a-nano-vfprintf_float.o)
 .debug_frame   0x00002318       0x60 c:/program files (x86)/cypress/psoc creator/4.4/psoc creator/import/gnu/arm/5.4.1/bin/../lib/gcc/arm-none-eabi/5.4.1/../../../../arm-none-eabi/lib/armv7-m\libg_nano.a(lib_a-nano-vfprintf_i.o)
 .debug_frame   0x00002378       0x20 c:/program files (x86)/cypress/psoc creator/4.4/psoc creator/import/gnu/arm/5.4.1/bin/../lib/gcc/arm-none-eabi/5.4.1/../../../../arm-none-eabi/lib/armv7-m\libg_nano.a(lib_a-strcpy.o)
 .debug_frame   0x00002398       0x6c c:/program files (x86)/cypress/psoc creator/4.4/psoc creator/import/gnu/arm/5.4.1/bin/../lib/gcc/arm-none-eabi/5.4.1/../../../../arm-none-eabi/lib/armv7-m\libg_nano.a(lib_a-dtoa.o)
 .debug_frame   0x00002404       0x98 c:/program files (x86)/cypress/psoc creator/4.4/psoc creator/import/gnu/arm/5.4.1/bin/../lib/gcc/arm-none-eabi/5.4.1/../../../../arm-none-eabi/lib/armv7-m\libg_nano.a(lib_a-locale.o)
 .debug_frame   0x0000249c       0x30 c:/program files (x86)/cypress/psoc creator/4.4/psoc creator/import/gnu/arm/5.4.1/bin/../lib/gcc/arm-none-eabi/5.4.1/../../../../arm-none-eabi/lib/armv7-m\libg_nano.a(lib_a-malloc.o)
 .debug_frame   0x000024cc       0x28 c:/program files (x86)/cypress/psoc creator/4.4/psoc creator/import/gnu/arm/5.4.1/bin/../lib/gcc/arm-none-eabi/5.4.1/../../../../arm-none-eabi/lib/armv7-m\libg_nano.a(lib_a-memchr-stub.o)
 .debug_frame   0x000024f4      0x234 c:/program files (x86)/cypress/psoc creator/4.4/psoc creator/import/gnu/arm/5.4.1/bin/../lib/gcc/arm-none-eabi/5.4.1/../../../../arm-none-eabi/lib/armv7-m\libg_nano.a(lib_a-mprec.o)
 .debug_frame   0x00002728       0x2c c:/program files (x86)/cypress/psoc creator/4.4/psoc creator/import/gnu/arm/5.4.1/bin/../lib/gcc/arm-none-eabi/5.4.1/../../../../arm-none-eabi/lib/armv7-m\libg_nano.a(lib_a-nano-callocr.o)
 .debug_frame   0x00002754       0x38 c:/program files (x86)/cypress/psoc creator/4.4/psoc creator/import/gnu/arm/5.4.1/bin/../lib/gcc/arm-none-eabi/5.4.1/../../../../arm-none-eabi/lib/armv7-m\libg_nano.a(lib_a-nano-freer.o)
 .debug_frame   0x0000278c       0x2c c:/program files (x86)/cypress/psoc creator/4.4/psoc creator/import/gnu/arm/5.4.1/bin/../lib/gcc/arm-none-eabi/5.4.1/../../../../arm-none-eabi/lib/armv7-m\libg_nano.a(lib_a-nano-mallocr.o)
 .debug_frame   0x000027b8       0x2c c:/program files (x86)/cypress/psoc creator/4.4/psoc creator/import/gnu/arm/5.4.1/bin/../lib/gcc/arm-none-eabi/5.4.1/../../../../arm-none-eabi/lib/armv7-m\libg_nano.a(lib_a-sbrkr.o)
 .debug_frame   0x000027e4       0x20 c:/program files (x86)/cypress/psoc creator/4.4/psoc creator/import/gnu/arm/5.4.1/bin/../lib/gcc/arm-none-eabi/5.4.1/../../../../arm-none-eabi/lib/armv7-m\libg_nano.a(lib_a-strcmp.o)
 .debug_frame   0x00002804       0x30 c:/program files (x86)/cypress/psoc creator/4.4/psoc creator/import/gnu/arm/5.4.1/bin/../lib/gcc/arm-none-eabi/5.4.1/../../../../arm-none-eabi/lib/armv7-m\libg_nano.a(lib_a-mlock.o)
 .debug_frame   0x00002834       0x5c c:/program files (x86)/cypress/psoc creator/4.4/psoc creator/import/gnu/arm/5.4.1/bin/../lib/gcc/arm-none-eabi/5.4.1/../../../../arm-none-eabi/lib/armv7-m\libg_nano.a(lib_a-reent.o)

.debug_str      0x00000000     0x3278
 *(.debug_str)
 .debug_str     0x00000000      0x5dd .\CortexM3\ARM_GCC_541\Debug\main.o
                                0x661 (size before relaxing)
 .debug_str     0x000005dd        0x8 .\CortexM3\ARM_GCC_541\Debug\store.o
                                 0xe7 (size before relaxing)
 .debug_str     0x000005e5      0x17a .\CortexM3\ARM_GCC_541\Debug\cyfitter_cfg.o
                                0x324 (size before relaxing)
 .debug_str     0x0000075f       0x7f .\CortexM3\ARM_GCC_541\Debug\cymetadata.o
                                0x1f3 (size before relaxing)
 .debug_str     0x000007de      0x13e .\CortexM3\ARM_GCC_541\Debug\Cm3Start.o
                                0x319 (size before relaxing)
 .debug_str     0x0000091c       0x5f .\CortexM3\ARM_GCC_541\Debug\Design_301_project.a(M2_D1.o)
                                0x1f1 (size before relaxing)
 .debug_str     0x0000097b      0x10a .\CortexM3\ARM_GCC_541\Debug\Design_301_project.a(PWM_1.o)
                                0x2dc (size before relaxing)
 .debug_str     0x00000a85       0x7e .\CortexM3\ARM_GCC_541\Debug\Design_301_project.a(PWM_1_PM.o)
                                0x23c (size before relaxing)
 .debug_str     0x00000b03       0xd9 .\CortexM3\ARM_GCC_541\Debug\Design_301_project.a(PWM_2.o)
                                0x2dc (size before relaxing)
 .debug_str     0x00000bdc       0x6f .\CortexM3\ARM_GCC_541\Debug\Design_301_project.a(PWM_2_PM.o)
                                0x23c (size before relaxing)
 .debug_str     0x00000c4b      0x13b .\CortexM3\ARM_GCC_541\Debug\Design_301_project.a(Timer_1.o)
                                0x324 (size before relaxing)
 .debug_str     0x00000d86       0x91 .\CortexM3\ARM_GCC_541\Debug\Design_301_project.a(Timer_1_PM.o)
                                0x250 (size before relaxing)
 .debug_str     0x00000e17       0xfd .\CortexM3\ARM_GCC_541\Debug\Design_301_project.a(isr_US.o)
                                0x2c3 (size before relaxing)
 .debug_str     0x00000f14      0x472 .\CortexM3\ARM_GCC_541\Debug\Design_301_project.a(USBUART.o)
                                0x679 (size before relaxing)
 .debug_str     0x00001386      0x4bd .\CortexM3\ARM_GCC_541\Debug\Design_301_project.a(USBUART_cdc.o)
                                0x7e0 (size before relaxing)
 .debug_str     0x00001843      0x291 .\CortexM3\ARM_GCC_541\Debug\Design_301_project.a(USBUART_drv.o)
                                0x657 (size before relaxing)
 .debug_str     0x00001ad4       0x80 .\CortexM3\ARM_GCC_541\Debug\Design_301_project.a(USBUART_episr.o)
                                0x2ee (size before relaxing)
 .debug_str     0x00001b54       0xd2 .\CortexM3\ARM_GCC_541\Debug\Design_301_project.a(USBUART_pm.o)
                                0x2ff (size before relaxing)
 .debug_str     0x00001c26      0x288 .\CortexM3\ARM_GCC_541\Debug\Design_301_project.a(USBUART_std.o)
                                0x7de (size before relaxing)
 .debug_str     0x00001eae       0x46 .\CortexM3\ARM_GCC_541\Debug\Design_301_project.a(USBUART_vnd.o)
                                0x29e (size before relaxing)
 .debug_str     0x00001ef4       0x38 .\CortexM3\ARM_GCC_541\Debug\Design_301_project.a(RF_BT_SELECT.o)
                                0x1d3 (size before relaxing)
 .debug_str     0x00001f2c       0x48 .\CortexM3\ARM_GCC_541\Debug\Design_301_project.a(Vo6.o)
                                0x1e7 (size before relaxing)
 .debug_str     0x00001f74       0x48 .\CortexM3\ARM_GCC_541\Debug\Design_301_project.a(Vo1.o)
                                0x1e7 (size before relaxing)
 .debug_str     0x00001fbc       0x48 .\CortexM3\ARM_GCC_541\Debug\Design_301_project.a(Vo5.o)
                                0x1e7 (size before relaxing)
 .debug_str     0x00002004       0x48 .\CortexM3\ARM_GCC_541\Debug\Design_301_project.a(Vo3.o)
                                0x1e7 (size before relaxing)
 .debug_str     0x0000204c       0x4f .\CortexM3\ARM_GCC_541\Debug\Design_301_project.a(M1_D1.o)
                                0x1f1 (size before relaxing)
 .debug_str     0x0000209b      0x136 .\CortexM3\ARM_GCC_541\Debug\Design_301_project.a(Timer_2.o)
                                0x324 (size before relaxing)
 .debug_str     0x000021d1       0x71 .\CortexM3\ARM_GCC_541\Debug\Design_301_project.a(Timer_2_PM.o)
                                0x250 (size before relaxing)
 .debug_str     0x00002242       0xe5 .\CortexM3\ARM_GCC_541\Debug\Design_301_project.a(isr_T2.o)
                                0x2c3 (size before relaxing)
 .debug_str     0x00002327       0x99 .\CortexM3\ARM_GCC_541\Debug\Design_301_project.a(USBUART_Dp.o)
                                0x250 (size before relaxing)
 .debug_str     0x000023c0      0x7c3 .\CortexM3\ARM_GCC_541\Debug\Design_301_project.a(CyLib.o)
                                0xa56 (size before relaxing)
 .debug_str     0x00002b83      0x365 .\CortexM3\ARM_GCC_541\Debug\Design_301_project.a(cyPm.o)
                                0x742 (size before relaxing)
 .debug_str     0x00002ee8       0x25 .\CortexM3\ARM_GCC_541\Debug\Design_301_project.a(USBUART_cls.o)
                                0x2bb (size before relaxing)
 .debug_str     0x00002f0d      0x104 .\CortexM3\ARM_GCC_541\Debug\Design_301_project.a(USBUART_descr.o)
                                0x3a1 (size before relaxing)
 .debug_str     0x00003011      0x1bb .\CortexM3\ARM_GCC_541\Debug\Design_301_project.a(CyFlash.o)
                                0x3cf (size before relaxing)
 .debug_str     0x000031cc       0xac .\CortexM3\ARM_GCC_541\Debug\Design_301_project.a(CySpc.o)
                                0x347 (size before relaxing)

.debug_loc      0x00000000     0x322d
 *(.debug_loc)
 .debug_loc     0x00000000       0xdb .\CortexM3\ARM_GCC_541\Debug\main.o
 .debug_loc     0x000000db      0x1d7 .\CortexM3\ARM_GCC_541\Debug\cyfitter_cfg.o
 .debug_loc     0x000002b2      0x144 .\CortexM3\ARM_GCC_541\Debug\Cm3Start.o
 .debug_loc     0x000003f6       0x42 .\CortexM3\ARM_GCC_541\Debug\Design_301_project.a(M2_D1.o)
 .debug_loc     0x00000438       0x13 .\CortexM3\ARM_GCC_541\Debug\Design_301_project.a(PWM_1.o)
 .debug_loc     0x0000044b       0x13 .\CortexM3\ARM_GCC_541\Debug\Design_301_project.a(PWM_2.o)
 .debug_loc     0x0000045e       0x56 .\CortexM3\ARM_GCC_541\Debug\Design_301_project.a(isr_US.o)
 .debug_loc     0x000004b4      0x3e1 .\CortexM3\ARM_GCC_541\Debug\Design_301_project.a(USBUART.o)
 .debug_loc     0x00000895      0x557 .\CortexM3\ARM_GCC_541\Debug\Design_301_project.a(USBUART_cdc.o)
 .debug_loc     0x00000dec      0x171 .\CortexM3\ARM_GCC_541\Debug\Design_301_project.a(USBUART_drv.o)
 .debug_loc     0x00000f5d       0x26 .\CortexM3\ARM_GCC_541\Debug\Design_301_project.a(USBUART_pm.o)
 .debug_loc     0x00000f83      0x93a .\CortexM3\ARM_GCC_541\Debug\Design_301_project.a(USBUART_std.o)
 .debug_loc     0x000018bd       0x36 .\CortexM3\ARM_GCC_541\Debug\Design_301_project.a(USBUART_vnd.o)
 .debug_loc     0x000018f3       0x42 .\CortexM3\ARM_GCC_541\Debug\Design_301_project.a(Vo6.o)
 .debug_loc     0x00001935       0x42 .\CortexM3\ARM_GCC_541\Debug\Design_301_project.a(Vo1.o)
 .debug_loc     0x00001977       0x42 .\CortexM3\ARM_GCC_541\Debug\Design_301_project.a(Vo5.o)
 .debug_loc     0x000019b9       0x42 .\CortexM3\ARM_GCC_541\Debug\Design_301_project.a(Vo3.o)
 .debug_loc     0x000019fb       0x42 .\CortexM3\ARM_GCC_541\Debug\Design_301_project.a(M1_D1.o)
 .debug_loc     0x00001a3d       0x56 .\CortexM3\ARM_GCC_541\Debug\Design_301_project.a(isr_T2.o)
 .debug_loc     0x00001a93       0x84 .\CortexM3\ARM_GCC_541\Debug\Design_301_project.a(USBUART_Dp.o)
 .debug_loc     0x00001b17      0xa11 .\CortexM3\ARM_GCC_541\Debug\Design_301_project.a(CyLib.o)
 .debug_loc     0x00002528      0x1e4 .\CortexM3\ARM_GCC_541\Debug\Design_301_project.a(cyPm.o)
 .debug_loc     0x0000270c       0x6a .\CortexM3\ARM_GCC_541\Debug\Design_301_project.a(USBUART_cls.o)
 .debug_loc     0x00002776      0x3b2 .\CortexM3\ARM_GCC_541\Debug\Design_301_project.a(CyFlash.o)
 .debug_loc     0x00002b28      0x705 .\CortexM3\ARM_GCC_541\Debug\Design_301_project.a(CySpc.o)

.debug_macinfo
 *(.debug_macinfo)

.debug_ranges   0x00000000      0xc78
 *(.debug_ranges)
 .debug_ranges  0x00000000       0x58 .\CortexM3\ARM_GCC_541\Debug\main.o
 .debug_ranges  0x00000058       0x48 .\CortexM3\ARM_GCC_541\Debug\cyfitter_cfg.o
 .debug_ranges  0x000000a0       0x38 .\CortexM3\ARM_GCC_541\Debug\Cm3Start.o
 .debug_ranges  0x000000d8       0x28 .\CortexM3\ARM_GCC_541\Debug\Design_301_project.a(M2_D1.o)
 .debug_ranges  0x00000100       0x68 .\CortexM3\ARM_GCC_541\Debug\Design_301_project.a(PWM_1.o)
 .debug_ranges  0x00000168       0x28 .\CortexM3\ARM_GCC_541\Debug\Design_301_project.a(PWM_1_PM.o)
 .debug_ranges  0x00000190       0x68 .\CortexM3\ARM_GCC_541\Debug\Design_301_project.a(PWM_2.o)
 .debug_ranges  0x000001f8       0x28 .\CortexM3\ARM_GCC_541\Debug\Design_301_project.a(PWM_2_PM.o)
 .debug_ranges  0x00000220       0x78 .\CortexM3\ARM_GCC_541\Debug\Design_301_project.a(Timer_1.o)
 .debug_ranges  0x00000298       0x28 .\CortexM3\ARM_GCC_541\Debug\Design_301_project.a(Timer_1_PM.o)
 .debug_ranges  0x000002c0       0x70 .\CortexM3\ARM_GCC_541\Debug\Design_301_project.a(isr_US.o)
 .debug_ranges  0x00000330       0xd0 .\CortexM3\ARM_GCC_541\Debug\Design_301_project.a(USBUART.o)
 .debug_ranges  0x00000400       0xd8 .\CortexM3\ARM_GCC_541\Debug\Design_301_project.a(USBUART_cdc.o)
 .debug_ranges  0x000004d8       0x88 .\CortexM3\ARM_GCC_541\Debug\Design_301_project.a(USBUART_drv.o)
 .debug_ranges  0x00000560       0x30 .\CortexM3\ARM_GCC_541\Debug\Design_301_project.a(USBUART_episr.o)
 .debug_ranges  0x00000590       0x30 .\CortexM3\ARM_GCC_541\Debug\Design_301_project.a(USBUART_pm.o)
 .debug_ranges  0x000005c0       0x70 .\CortexM3\ARM_GCC_541\Debug\Design_301_project.a(USBUART_std.o)
 .debug_ranges  0x00000630       0x10 .\CortexM3\ARM_GCC_541\Debug\Design_301_project.a(USBUART_vnd.o)
 .debug_ranges  0x00000640       0x18 .\CortexM3\ARM_GCC_541\Debug\Design_301_project.a(RF_BT_SELECT.o)
 .debug_ranges  0x00000658       0x28 .\CortexM3\ARM_GCC_541\Debug\Design_301_project.a(Vo6.o)
 .debug_ranges  0x00000680       0x28 .\CortexM3\ARM_GCC_541\Debug\Design_301_project.a(Vo1.o)
 .debug_ranges  0x000006a8       0x28 .\CortexM3\ARM_GCC_541\Debug\Design_301_project.a(Vo5.o)
 .debug_ranges  0x000006d0       0x28 .\CortexM3\ARM_GCC_541\Debug\Design_301_project.a(Vo3.o)
 .debug_ranges  0x000006f8       0x28 .\CortexM3\ARM_GCC_541\Debug\Design_301_project.a(M1_D1.o)
 .debug_ranges  0x00000720       0x78 .\CortexM3\ARM_GCC_541\Debug\Design_301_project.a(Timer_2.o)
 .debug_ranges  0x00000798       0x28 .\CortexM3\ARM_GCC_541\Debug\Design_301_project.a(Timer_2_PM.o)
 .debug_ranges  0x000007c0       0x70 .\CortexM3\ARM_GCC_541\Debug\Design_301_project.a(isr_T2.o)
 .debug_ranges  0x00000830       0x38 .\CortexM3\ARM_GCC_541\Debug\Design_301_project.a(USBUART_Dp.o)
 .debug_ranges  0x00000868      0x290 .\CortexM3\ARM_GCC_541\Debug\Design_301_project.a(CyLib.o)
 .debug_ranges  0x00000af8       0x88 .\CortexM3\ARM_GCC_541\Debug\Design_301_project.a(cyPm.o)
 .debug_ranges  0x00000b80       0x10 .\CortexM3\ARM_GCC_541\Debug\Design_301_project.a(USBUART_cls.o)
 .debug_ranges  0x00000b90       0x78 .\CortexM3\ARM_GCC_541\Debug\Design_301_project.a(CyFlash.o)
 .debug_ranges  0x00000c08       0x70 .\CortexM3\ARM_GCC_541\Debug\Design_301_project.a(CySpc.o)

.comment        0x00000000       0x6e
 .comment       0x00000000       0x6e .\CortexM3\ARM_GCC_541\Debug\main.o
                                 0x6f (size before relaxing)
 .comment       0x0000006e       0x6f .\CortexM3\ARM_GCC_541\Debug\store.o
 .comment       0x0000006e       0x6f .\CortexM3\ARM_GCC_541\Debug\cyfitter_cfg.o
 .comment       0x0000006e       0x6f .\CortexM3\ARM_GCC_541\Debug\cymetadata.o
 .comment       0x0000006e       0x6f .\CortexM3\ARM_GCC_541\Debug\Cm3Start.o
 .comment       0x0000006e       0x6f .\CortexM3\ARM_GCC_541\Debug\Design_301_project.a(M2_D1.o)
 .comment       0x0000006e       0x6f .\CortexM3\ARM_GCC_541\Debug\Design_301_project.a(PWM_1.o)
 .comment       0x0000006e       0x6f .\CortexM3\ARM_GCC_541\Debug\Design_301_project.a(PWM_1_PM.o)
 .comment       0x0000006e       0x6f .\CortexM3\ARM_GCC_541\Debug\Design_301_project.a(PWM_2.o)
 .comment       0x0000006e       0x6f .\CortexM3\ARM_GCC_541\Debug\Design_301_project.a(PWM_2_PM.o)
 .comment       0x0000006e       0x6f .\CortexM3\ARM_GCC_541\Debug\Design_301_project.a(Timer_1.o)
 .comment       0x0000006e       0x6f .\CortexM3\ARM_GCC_541\Debug\Design_301_project.a(Timer_1_PM.o)
 .comment       0x0000006e       0x6f .\CortexM3\ARM_GCC_541\Debug\Design_301_project.a(isr_US.o)
 .comment       0x0000006e       0x6f .\CortexM3\ARM_GCC_541\Debug\Design_301_project.a(USBUART.o)
 .comment       0x0000006e       0x6f .\CortexM3\ARM_GCC_541\Debug\Design_301_project.a(USBUART_cdc.o)
 .comment       0x0000006e       0x6f .\CortexM3\ARM_GCC_541\Debug\Design_301_project.a(USBUART_drv.o)
 .comment       0x0000006e       0x6f .\CortexM3\ARM_GCC_541\Debug\Design_301_project.a(USBUART_episr.o)
 .comment       0x0000006e       0x6f .\CortexM3\ARM_GCC_541\Debug\Design_301_project.a(USBUART_pm.o)
 .comment       0x0000006e       0x6f .\CortexM3\ARM_GCC_541\Debug\Design_301_project.a(USBUART_std.o)
 .comment       0x0000006e       0x6f .\CortexM3\ARM_GCC_541\Debug\Design_301_project.a(USBUART_vnd.o)
 .comment       0x0000006e       0x6f .\CortexM3\ARM_GCC_541\Debug\Design_301_project.a(RF_BT_SELECT.o)
 .comment       0x0000006e       0x6f .\CortexM3\ARM_GCC_541\Debug\Design_301_project.a(Vo6.o)
 .comment       0x0000006e       0x6f .\CortexM3\ARM_GCC_541\Debug\Design_301_project.a(Vo1.o)
 .comment       0x0000006e       0x6f .\CortexM3\ARM_GCC_541\Debug\Design_301_project.a(Vo5.o)
 .comment       0x0000006e       0x6f .\CortexM3\ARM_GCC_541\Debug\Design_301_project.a(Vo3.o)