Archive member included to satisfy reference by file (symbol)

.\CortexM3\ARM_GCC_541\Debug\Design_301_project.a(M2_D1.o)
                              .\CortexM3\ARM_GCC_541\Debug\main.o (M2_D1_Write)
.\CortexM3\ARM_GCC_541\Debug\Design_301_project.a(QuadDec_M1.o)
                              .\CortexM3\ARM_GCC_541\Debug\main.o (QuadDec_M1_GetCounter)
.\CortexM3\ARM_GCC_541\Debug\Design_301_project.a(QuadDec_M2.o)
                              .\CortexM3\ARM_GCC_541\Debug\main.o (QuadDec_M2_GetCounter)
.\CortexM3\ARM_GCC_541\Debug\Design_301_project.a(PWM_1.o)
                              .\CortexM3\ARM_GCC_541\Debug\main.o (PWM_1_WriteCompare)
.\CortexM3\ARM_GCC_541\Debug\Design_301_project.a(PWM_1_PM.o)
                              .\CortexM3\ARM_GCC_541\Debug\main.o (PWM_1_SaveConfig)
.\CortexM3\ARM_GCC_541\Debug\Design_301_project.a(PWM_2.o)
                              .\CortexM3\ARM_GCC_541\Debug\main.o (PWM_2_WriteCompare)
.\CortexM3\ARM_GCC_541\Debug\Design_301_project.a(PWM_2_PM.o)
                              .\CortexM3\ARM_GCC_541\Debug\main.o (PWM_2_SaveConfig)
.\CortexM3\ARM_GCC_541\Debug\Design_301_project.a(Timer_1.o)
                              .\CortexM3\ARM_GCC_541\Debug\main.o (Timer_1_Enable)
.\CortexM3\ARM_GCC_541\Debug\Design_301_project.a(isr_US.o)
                              .\CortexM3\ARM_GCC_541\Debug\main.o (isr_US_StartEx)
.\CortexM3\ARM_GCC_541\Debug\Design_301_project.a(USBUART.o)
                              .\CortexM3\ARM_GCC_541\Debug\main.o (USBUART_Start)
.\CortexM3\ARM_GCC_541\Debug\Design_301_project.a(USBUART_cdc.o)
                              .\CortexM3\ARM_GCC_541\Debug\main.o (USBUART_CDC_Init)
.\CortexM3\ARM_GCC_541\Debug\Design_301_project.a(USBUART_drv.o)
                              .\CortexM3\ARM_GCC_541\Debug\Design_301_project.a(USBUART.o) (USBUART_lastPacketSize)
.\CortexM3\ARM_GCC_541\Debug\Design_301_project.a(USBUART_episr.o)
                              .\CortexM3\ARM_GCC_541\Debug\Design_301_project.a(USBUART.o) (USBUART_EP_1_ISR)
.\CortexM3\ARM_GCC_541\Debug\Design_301_project.a(USBUART_pm.o)
                              .\CortexM3\ARM_GCC_541\Debug\Design_301_project.a(USBUART.o) (USBUART_DP_ISR)
.\CortexM3\ARM_GCC_541\Debug\Design_301_project.a(USBUART_std.o)
                              .\CortexM3\ARM_GCC_541\Debug\Design_301_project.a(USBUART_pm.o) (USBUART_ConfigReg)
.\CortexM3\ARM_GCC_541\Debug\Design_301_project.a(USBUART_vnd.o)
                              .\CortexM3\ARM_GCC_541\Debug\Design_301_project.a(USBUART_drv.o) (USBUART_HandleVendorRqst)
.\CortexM3\ARM_GCC_541\Debug\Design_301_project.a(RF_BT_SELECT.o)
                              .\CortexM3\ARM_GCC_541\Debug\main.o (RF_BT_SELECT_Write)
.\CortexM3\ARM_GCC_541\Debug\Design_301_project.a(Vo6.o)
                              .\CortexM3\ARM_GCC_541\Debug\main.o (Vo6_Read)
.\CortexM3\ARM_GCC_541\Debug\Design_301_project.a(Vo1.o)
                              .\CortexM3\ARM_GCC_541\Debug\main.o (Vo1_Read)
.\CortexM3\ARM_GCC_541\Debug\Design_301_project.a(Vo2.o)
                              .\CortexM3\ARM_GCC_541\Debug\main.o (Vo2_Read)
.\CortexM3\ARM_GCC_541\Debug\Design_301_project.a(Vo5.o)
                              .\CortexM3\ARM_GCC_541\Debug\main.o (Vo5_Read)
.\CortexM3\ARM_GCC_541\Debug\Design_301_project.a(Vo3.o)
                              .\CortexM3\ARM_GCC_541\Debug\main.o (Vo3_Read)
.\CortexM3\ARM_GCC_541\Debug\Design_301_project.a(Vo4.o)
                              .\CortexM3\ARM_GCC_541\Debug\main.o (Vo4_Read)
.\CortexM3\ARM_GCC_541\Debug\Design_301_project.a(M1_D1.o)
                              .\CortexM3\ARM_GCC_541\Debug\main.o (M1_D1_Write)
.\CortexM3\ARM_GCC_541\Debug\Design_301_project.a(Timer_2.o)
                              .\CortexM3\ARM_GCC_541\Debug\main.o (Timer_2_Init)
.\CortexM3\ARM_GCC_541\Debug\Design_301_project.a(Timer_2_PM.o)
                              .\CortexM3\ARM_GCC_541\Debug\main.o (Timer_2_Sleep)
.\CortexM3\ARM_GCC_541\Debug\Design_301_project.a(isr_T2.o)
                              .\CortexM3\ARM_GCC_541\Debug\main.o (isr_T2_StartEx)
.\CortexM3\ARM_GCC_541\Debug\Design_301_project.a(QuadDec_M1_Cnt16.o)
                              .\CortexM3\ARM_GCC_541\Debug\Design_301_project.a(QuadDec_M1.o) (QuadDec_M1_Cnt16_Stop)
.\CortexM3\ARM_GCC_541\Debug\Design_301_project.a(QuadDec_M2_Cnt16.o)
                              .\CortexM3\ARM_GCC_541\Debug\Design_301_project.a(QuadDec_M2.o) (QuadDec_M2_Cnt16_Stop)
.\CortexM3\ARM_GCC_541\Debug\Design_301_project.a(USBUART_Dp.o)
                              .\CortexM3\ARM_GCC_541\Debug\Design_301_project.a(USBUART.o) (USBUART_Dp_ClearInterrupt)
.\CortexM3\ARM_GCC_541\Debug\Design_301_project.a(CyLib.o)
                              .\CortexM3\ARM_GCC_541\Debug\Cm3Start.o (CyHalt)
.\CortexM3\ARM_GCC_541\Debug\Design_301_project.a(cyPm.o)
                              .\CortexM3\ARM_GCC_541\Debug\Design_301_project.a(CyLib.o) (CyPmReadStatus)
[...]
Memory Configuration

Name             Origin             Length             Attributes
rom              0x00000000         0x00040000         xr
ram              0x1fff8000         0x00010000         xrw
*default*        0x00000000         0xffffffff

Linker script and memory map

LOAD c:/program files (x86)/cypress/psoc creator/4.4/psoc creator/import/gnu/arm/5.4.1/bin/../lib/gcc/arm-none-eabi/5.4.1/armv7-m/crti.o
LOAD c:/program files (x86)/cypress/psoc creator/4.4/psoc creator/import/gnu/arm/5.4.1/bin/../lib/gcc/arm-none-eabi/5.4.1/armv7-m/crtbegin.o
LOAD c:/program files (x86)/cypress/psoc creator/4.4/psoc creator/import/gnu/arm/5.4.1/bin/../lib/gcc/arm-none-eabi/5.4.1/../../../../arm-none-eabi/lib/armv7-m/crt0.o
START GROUP
LOAD .\CortexM3\ARM_GCC_541\Debug\main.o
LOAD .\CortexM3\ARM_GCC_541\Debug\store.o
LOAD .\CortexM3\ARM_GCC_541\Debug\cyfitter_cfg.o
LOAD .\CortexM3\ARM_GCC_541\Debug\cymetadata.o
LOAD .\CortexM3\ARM_GCC_541\Debug\Cm3Start.o
LOAD .\CortexM3\ARM_GCC_541\Debug\Design_301_project.a
LOAD C:\Program Files (x86)\Cypress\PSoC Creator\4.4\PSoC Creator\psoc\content\cycomponentlibrary\CyComponentLibrary.cylib\CortexM3\ARM_GCC_541\Debug\CyComponentLibrary.a
END GROUP
START GROUP
LOAD c:/program files (x86)/cypress/psoc creator/4.4/psoc creator/import/gnu/arm/5.4.1/bin/../lib/gcc/arm-none-eabi/5.4.1/armv7-m\libgcc.a
LOAD c:/program files (x86)/cypress/psoc creator/4.4/psoc creator/import/gnu/arm/5.4.1/bin/../lib/gcc/arm-none-eabi/5.4.1/../../../../arm-none-eabi/lib/armv7-m\libg_nano.a
LOAD c:/program files (x86)/cypress/psoc creator/4.4/psoc creator/import/gnu/arm/5.4.1/bin/../lib/gcc/arm-none-eabi/5.4.1/../../../../arm-none-eabi/lib/armv7-m\libc_nano.a
END GROUP
START GROUP
LOAD c:/program files (x86)/cypress/psoc creator/4.4/psoc creator/import/gnu/arm/5.4.1/bin/../lib/gcc/arm-none-eabi/5.4.1/armv7-m\libgcc.a
LOAD c:/program files (x86)/cypress/psoc creator/4.4/psoc creator/import/gnu/arm/5.4.1/bin/../lib/gcc/arm-none-eabi/5.4.1/../../../../arm-none-eabi/lib/armv7-m\libc_nano.a
END GROUP
LOAD c:/program files (x86)/cypress/psoc creator/4.4/psoc creator/import/gnu/arm/5.4.1/bin/../lib/gcc/arm-none-eabi/5.4.1/armv7-m/crtend.o
LOAD c:/program files (x86)/cypress/psoc creator/4.4/psoc creator/import/gnu/arm/5.4.1/bin/../lib/gcc/arm-none-eabi/5.4.1/armv7-m/crtn.o
START GROUP
LOAD c:/program files (x86)/cypress/psoc creator/4.4/psoc creator/import/gnu/arm/5.4.1/bin/../lib/gcc/arm-none-eabi/5.4.1/armv7-m\libgcc.a
LOAD c:/program files (x86)/cypress/psoc creator/4.4/psoc creator/import/gnu/arm/5.4.1/bin/../lib/gcc/arm-none-eabi/5.4.1/../../../../arm-none-eabi/lib/armv7-m\libc.a
LOAD c:/program files (x86)/cypress/psoc creator/4.4/psoc creator/import/gnu/arm/5.4.1/bin/../lib/gcc/arm-none-eabi/5.4.1/../../../../arm-none-eabi/lib/armv7-m\libnosys.a
END GROUP
                0x00000000                CY_APPL_ORIGIN = 0x0
                0x00000100                CY_FLASH_ROW_SIZE = 0x100
                0x00000020                CY_ECC_ROW_SIZE = 0x20
                0x00000000                CY_EE_IN_BTLDR = 0x0
                0x00000000                CY_APPL_LOADABLE = 0x0
                0x00000800                CY_EE_SIZE = 0x800
                0x00000001                CY_APPL_NUM = 0x1
                0x00000001                CY_APPL_MAX = 0x1
                0x00000040                CY_METADATA_SIZE = 0x40
                0x00000000                CY_APPL_LOADABLE = 0x0
                0x00000000                CY_CHECKSUM_EXCLUDE_SIZE = ALIGN (0x0, CY_FLASH_ROW_SIZE)
                [!provide]                PROVIDE (__cy_heap_start, _end)
                0x00000001                PROVIDE (__cy_region_num, ((__cy_regions_end - __cy_regions) / 0x10))
                0x20008000                PROVIDE (__cy_stack, (ORIGIN (ram) + LENGTH (ram)))
                [!provide]                PROVIDE (__cy_heap_end, (__cy_stack - 0x800))

.cybootloader   0x00000000        0x0
 *(.cybootloader)
                0x00000000                appl1_start = CY_APPL_ORIGIN?CY_APPL_ORIGIN:ALIGN (CY_FLASH_ROW_SIZE)
                0x0001ff00                appl2_start = (appl1_start + ALIGN ((((LENGTH (rom) - appl1_start) - (0x2 * CY_FLASH_ROW_SIZE)) / 0x2), CY_FLASH_ROW_SIZE))
                0x00000000                appl_start = (CY_APPL_NUM == 0x1)?appl1_start:appl2_start
                0x00000000                ecc_offset = ((appl_start / CY_FLASH_ROW_SIZE) * CY_ECC_ROW_SIZE)
                0x00000000                ee_offset = (CY_APPL_LOADABLE && ! (CY_EE_IN_BTLDR))?((CY_EE_SIZE / CY_APPL_MAX) * (CY_APPL_NUM - 0x1)):0x0
                0x00000800                ee_size = (CY_APPL_LOADABLE && ! (CY_EE_IN_BTLDR))?(CY_EE_SIZE / CY_APPL_MAX):CY_EE_SIZE
                [!provide]                PROVIDE (CY_ECC_OFFSET, ecc_offset)

.text           0x00000000     0x47d4
 CREATE_OBJECT_SYMBOLS
                0x00000000                PROVIDE (__cy_interrupt_vector, RomVectors)
 *(.romvectors)
 .romvectors    0x00000000       0x10 .\CortexM3\ARM_GCC_541\Debug\Cm3Start.o
                0x00000000                RomVectors
                0x00000001                ASSERT ((. != __cy_interrupt_vector), No interrupt vector)
                0x00000001                ASSERT (CY_APPL_ORIGIN?(SIZEOF (.cybootloader) <= CY_APPL_ORIGIN):0x1, Wrong image location)
                0x00000010                PROVIDE (__cy_reset, Reset)
 *(.text.Reset)
 .text.Reset    0x00000010       0x18 .\CortexM3\ARM_GCC_541\Debug\Cm3Start.o
                0x00000010                Reset
                0x00000001                ASSERT ((. != __cy_reset), No reset code)
 *(.dma_init)
                0x00000001                ASSERT ((((appl_start + .) <= 0x10000) || 0x1), DMA Init must be within the first 64k of flash)
 *(.text .text.* .gnu.linkonce.t.*)
 .text          0x00000028       0x5c c:/program files (x86)/cypress/psoc creator/4.4/psoc creator/import/gnu/arm/5.4.1/bin/../lib/gcc/arm-none-eabi/5.4.1/armv7-m/crtbegin.o
 .text.isr_UpdateState
                0x00000084       0x4c .\CortexM3\ARM_GCC_541\Debug\main.o
                0x00000084                isr_UpdateState
 .text.isr_StopInterval
                0x000000d0       0x24 .\CortexM3\ARM_GCC_541\Debug\main.o
                0x000000d0                isr_StopInterval
 .text.usbPutString
                0x000000f4       0x28 .\CortexM3\ARM_GCC_541\Debug\main.o
                0x000000f4                usbPutString
 .text.M1_set_speed
                0x0000011c       0x40 .\CortexM3\ARM_GCC_541\Debug\main.o
                0x0000011c                M1_set_speed
 .text.M2_set_speed
                0x0000015c       0x3c .\CortexM3\ARM_GCC_541\Debug\main.o
                0x0000015c                M2_set_speed
 .text.movement
                0x00000198       0x80 .\CortexM3\ARM_GCC_541\Debug\main.o
                0x00000198                movement
 .text.decide_motion
                0x00000218       0x9c .\CortexM3\ARM_GCC_541\Debug\main.o
                0x00000218                decide_motion
 .text.main     0x000002b4       0xd4 .\CortexM3\ARM_GCC_541\Debug\main.o
                0x000002b4                main
 .text.CyClockStartupError
                0x00000388        0x4 .\CortexM3\ARM_GCC_541\Debug\cyfitter_cfg.o
 .text.cfg_write_bytes32
                0x0000038c       0x34 .\CortexM3\ARM_GCC_541\Debug\cyfitter_cfg.o
 .text.AnalogSetDefault
                0x000003c0       0x28 .\CortexM3\ARM_GCC_541\Debug\cyfitter_cfg.o
 .text.CYMEMZERO
                0x000003e8        0xc .\CortexM3\ARM_GCC_541\Debug\cyfitter_cfg.o
 .text.ClockSetup
                0x000003f4       0xe4 .\CortexM3\ARM_GCC_541\Debug\cyfitter_cfg.o
 .text.CYCONFIGCPY
                0x000004d8        0x8 .\CortexM3\ARM_GCC_541\Debug\cyfitter_cfg.o
 .text.cyfitter_cfg
                0x000004e0      0x128 .\CortexM3\ARM_GCC_541\Debug\cyfitter_cfg.o
                0x000004e0                cyfitter_cfg
 .text.IntDefaultHandler
                0x00000608       0x10 .\CortexM3\ARM_GCC_541\Debug\Cm3Start.o
                0x00000608                IntDefaultHandler
 .text._sbrk    0x00000618       0x30 .\CortexM3\ARM_GCC_541\Debug\Cm3Start.o
                0x00000618                _sbrk
 .text.Start_c  0x00000648       0x4c .\CortexM3\ARM_GCC_541\Debug\Cm3Start.o
                0x00000648                Start_c
 .text.initialize_psoc
                0x00000694       0x68 .\CortexM3\ARM_GCC_541\Debug\Cm3Start.o
                0x00000694                initialize_psoc
 .text.M2_D1_Write
                0x000006fc       0x18 .\CortexM3\ARM_GCC_541\Debug\Design_301_project.a(M2_D1.o)
                0x000006fc                M2_D1_Write
 .text.QuadDec_M1_GetCounter
                0x00000714       0x10 .\CortexM3\ARM_GCC_541\Debug\Design_301_project.a(QuadDec_M1.o)
                0x00000714                QuadDec_M1_GetCounter
 .text.QuadDec_M1_SetCounter
                0x00000724       0x1c .\CortexM3\ARM_GCC_541\Debug\Design_301_project.a(QuadDec_M1.o)
                0x00000724                QuadDec_M1_SetCounter
 .text.QuadDec_M1_GetEvents
                0x00000740       0x10 .\CortexM3\ARM_GCC_541\Debug\Design_301_project.a(QuadDec_M1.o)
                0x00000740                QuadDec_M1_GetEvents
 .text.QuadDec_M1_SetInterruptMask
                0x00000750        0xc .\CortexM3\ARM_GCC_541\Debug\Design_301_project.a(QuadDec_M1.o)
                0x00000750                QuadDec_M1_SetInterruptMask
 .text.QuadDec_M1_Enable
                0x0000075c       0x24 .\CortexM3\ARM_GCC_541\Debug\Design_301_project.a(QuadDec_M1.o)
                0x0000075c                QuadDec_M1_Enable
 .text.QuadDec_M1_Start
                0x00000780       0x24 .\CortexM3\ARM_GCC_541\Debug\Design_301_project.a(QuadDec_M1.o)
                0x00000780                QuadDec_M1_Start
 .text.QuadDec_M2_GetCounter
                0x000007a4       0x10 .\CortexM3\ARM_GCC_541\Debug\Design_301_project.a(QuadDec_M2.o)
                0x000007a4                QuadDec_M2_GetCounter
 .text.QuadDec_M2_SetCounter
                0x000007b4       0x1c .\CortexM3\ARM_GCC_541\Debug\Design_301_project.a(QuadDec_M2.o)
                0x000007b4                QuadDec_M2_SetCounter
 .text.QuadDec_M2_GetEvents
                0x000007d0       0x10 .\CortexM3\ARM_GCC_541\Debug\Design_301_project.a(QuadDec_M2.o)
                0x000007d0                QuadDec_M2_GetEvents
 .text.QuadDec_M2_SetInterruptMask
                0x000007e0        0xc .\CortexM3\ARM_GCC_541\Debug\Design_301_project.a(QuadDec_M2.o)
                0x000007e0                QuadDec_M2_SetInterruptMask
 .text.QuadDec_M2_Enable
                0x000007ec       0x24 .\CortexM3\ARM_GCC_541\Debug\Design_301_project.a(QuadDec_M2.o)
                0x000007ec                QuadDec_M2_Enable
 .text.QuadDec_M2_Start
                0x00000810       0x24 .\CortexM3\ARM_GCC_541\Debug\Design_301_project.a(QuadDec_M2.o)
                0x00000810                QuadDec_M2_Start
 .text.PWM_1_Enable
                0x00000834       0x28 .\CortexM3\ARM_GCC_541\Debug\Design_301_project.a(PWM_1.o)
                0x00000834                PWM_1_Enable
 .text.PWM_1_WritePeriod
                0x0000085c        0xc .\CortexM3\ARM_GCC_541\Debug\Design_301_project.a(PWM_1.o)
                0x0000085c                PWM_1_WritePeriod
 .text.PWM_1_WriteCompare
                0x00000868        0xc .\CortexM3\ARM_GCC_541\Debug\Design_301_project.a(PWM_1.o)
                0x00000868                PWM_1_WriteCompare
 .text.PWM_1_SetInterruptMode
                0x00000874        0xc .\CortexM3\ARM_GCC_541\Debug\Design_301_project.a(PWM_1.o)
                0x00000874                PWM_1_SetInterruptMode
 .text.PWM_1_Init
                0x00000880       0x74 .\CortexM3\ARM_GCC_541\Debug\Design_301_project.a(PWM_1.o)
                0x00000880                PWM_1_Init
 .text.PWM_1_Start
                0x000008f4       0x1c .\CortexM3\ARM_GCC_541\Debug\Design_301_project.a(PWM_1.o)
                0x000008f4                PWM_1_Start
 .text.PWM_1_ReadPeriod
                0x00000910        0xc .\CortexM3\ARM_GCC_541\Debug\Design_301_project.a(PWM_1.o)
                0x00000910                PWM_1_ReadPeriod
 .text.PWM_1_SaveConfig
                0x0000091c        0x4 .\CortexM3\ARM_GCC_541\Debug\Design_301_project.a(PWM_1_PM.o)
                0x0000091c                PWM_1_SaveConfig
 .text.PWM_2_Enable
                0x00000920       0x28 .\CortexM3\ARM_GCC_541\Debug\Design_301_project.a(PWM_2.o)
                0x00000920                PWM_2_Enable
 .text.PWM_2_WritePeriod
                0x00000948        0xc .\CortexM3\ARM_GCC_541\Debug\Design_301_project.a(PWM_2.o)
                0x00000948                PWM_2_WritePeriod
 .text.PWM_2_WriteCompare
                0x00000954        0xc .\CortexM3\ARM_GCC_541\Debug\Design_301_project.a(PWM_2.o)
                0x00000954                PWM_2_WriteCompare
 .text.PWM_2_SetInterruptMode
                0x00000960        0xc .\CortexM3\ARM_GCC_541\Debug\Design_301_project.a(PWM_2.o)
                0x00000960                PWM_2_SetInterruptMode
 .text.PWM_2_Init
                0x0000096c       0x74 .\CortexM3\ARM_GCC_541\Debug\Design_301_project.a(PWM_2.o)
                0x0000096c                PWM_2_Init
 .text.PWM_2_Start
                0x000009e0       0x1c .\CortexM3\ARM_GCC_541\Debug\Design_301_project.a(PWM_2.o)
                0x000009e0                PWM_2_Start
 .text.PWM_2_ReadPeriod
                0x000009fc        0xc .\CortexM3\ARM_GCC_541\Debug\Design_301_project.a(PWM_2.o)
                0x000009fc                PWM_2_ReadPeriod
 .text.PWM_2_SaveConfig
                0x00000a08        0x4 .\CortexM3\ARM_GCC_541\Debug\Design_301_project.a(PWM_2_PM.o)
                0x00000a08                PWM_2_SaveConfig
 .text.Timer_1_Enable
                0x00000a0c       0x28 .\CortexM3\ARM_GCC_541\Debug\Design_301_project.a(Timer_1.o)
                0x00000a0c                Timer_1_Enable
 .text.Timer_1_SetInterruptMode
                0x00000a34        0xc .\CortexM3\ARM_GCC_541\Debug\Design_301_project.a(Timer_1.o)
                0x00000a34                Timer_1_SetInterruptMode
 .text.Timer_1_WritePeriod
                0x00000a40        0xc .\CortexM3\ARM_GCC_541\Debug\Design_301_project.a(Timer_1.o)
                0x00000a40                Timer_1_WritePeriod
 .text.Timer_1_WriteCounter
                0x00000a4c        0xc .\CortexM3\ARM_GCC_541\Debug\Design_301_project.a(Timer_1.o)
                0x00000a4c                Timer_1_WriteCounter
 .text.Timer_1_Init
                0x00000a58       0x64 .\CortexM3\ARM_GCC_541\Debug\Design_301_project.a(Timer_1.o)
                0x00000a58                Timer_1_Init
 .text.Timer_1_Start
                0x00000abc       0x1c .\CortexM3\ARM_GCC_541\Debug\Design_301_project.a(Timer_1.o)
                0x00000abc                Timer_1_Start
 .text.isr_US_SetVector
                0x00000ad8        0xc .\CortexM3\ARM_GCC_541\Debug\Design_301_project.a(isr_US.o)
                0x00000ad8                isr_US_SetVector
 .text.isr_US_SetPriority
                0x00000ae4       0x10 .\CortexM3\ARM_GCC_541\Debug\Design_301_project.a(isr_US.o)
                0x00000ae4                isr_US_SetPriority
 .text.isr_US_Enable
                0x00000af4        0xc .\CortexM3\ARM_GCC_541\Debug\Design_301_project.a(isr_US.o)
                0x00000af4                isr_US_Enable
 .text.isr_US_Disable
                0x00000b00        0xc .\CortexM3\ARM_GCC_541\Debug\Design_301_project.a(isr_US.o)
                0x00000b00                isr_US_Disable
 .text.isr_US_StartEx
                0x00000b0c       0x1c .\CortexM3\ARM_GCC_541\Debug\Design_301_project.a(isr_US.o)
                0x00000b0c                isr_US_StartEx
 .text.USBUART_Init
                0x00000b28      0x140 .\CortexM3\ARM_GCC_541\Debug\Design_301_project.a(USBUART.o)
                0x00000b28                USBUART_Init
 .text.USBUART_InitComponent
                0x00000c68       0xb8 .\CortexM3\ARM_GCC_541\Debug\Design_301_project.a(USBUART.o)
                0x00000c68                USBUART_InitComponent
 .text.USBUART_Start
                0x00000d20       0x24 .\CortexM3\ARM_GCC_541\Debug\Design_301_project.a(USBUART.o)
                0x00000d20                USBUART_Start
 .text.USBUART_ReInitComponent
                0x00000d44       0x4c .\CortexM3\ARM_GCC_541\Debug\Design_301_project.a(USBUART.o)
                0x00000d44                USBUART_ReInitComponent
 .text.USBUART_GetEPState
                0x00000d90       0x14 .\CortexM3\ARM_GCC_541\Debug\Design_301_project.a(USBUART.o)
                0x00000d90                USBUART_GetEPState
 .text.USBUART_LoadInEP
                0x00000da4       0x94 .\CortexM3\ARM_GCC_541\Debug\Design_301_project.a(USBUART.o)
                0x00000da4                USBUART_LoadInEP
 .text.USBUART_GetInterfaceComPort
                0x00000e38       0x38 .\CortexM3\ARM_GCC_541\Debug\Design_301_project.a(USBUART_cdc.o)
                0x00000e38                USBUART_GetInterfaceComPort
 .text.USBUART_DispatchCDCClassRqst
                0x00000e70       0x98 .\CortexM3\ARM_GCC_541\Debug\Design_301_project.a(USBUART_cdc.o)
                0x00000e70                USBUART_DispatchCDCClassRqst
 .text.USBUART_PutData
                0x00000f08       0x50 .\CortexM3\ARM_GCC_541\Debug\Design_301_project.a(USBUART_cdc.o)
                0x00000f08                USBUART_PutData
 .text.USBUART_CDCIsReady
                0x00000f58       0x18 .\CortexM3\ARM_GCC_541\Debug\Design_301_project.a(USBUART_cdc.o)
                0x00000f58                USBUART_CDCIsReady
 .text.USBUART_Cdc_EpInit
                0x00000f70       0x50 .\CortexM3\ARM_GCC_541\Debug\Design_301_project.a(USBUART_cdc.o)
                0x00000f70                USBUART_Cdc_EpInit
 .text.USBUART_LoadEP0
                0x00000fc0       0x98 .\CortexM3\ARM_GCC_541\Debug\Design_301_project.a(USBUART_drv.o)
                0x00000fc0                USBUART_LoadEP0
 .text.USBUART_InitZeroLengthControlTransfer
                0x00001058       0x34 .\CortexM3\ARM_GCC_541\Debug\Design_301_project.a(USBUART_drv.o)
                0x00001058                USBUART_InitZeroLengthControlTransfer
 .text.USBUART_ControlReadDataStage
                0x0000108c        0x8 .\CortexM3\ARM_GCC_541\Debug\Design_301_project.a(USBUART_drv.o)
                0x0000108c                USBUART_ControlReadDataStage
 .text.USBUART_ControlWriteDataStage
                0x00001094       0x84 .\CortexM3\ARM_GCC_541\Debug\Design_301_project.a(USBUART_drv.o)
                0x00001094                USBUART_ControlWriteDataStage
 .text.USBUART_InitNoDataControlTransfer
                0x00001118       0x2c .\CortexM3\ARM_GCC_541\Debug\Design_301_project.a(USBUART_drv.o)
                0x00001118                USBUART_InitNoDataControlTransfer
 .text.USBUART_UpdateStatusBlock
                0x00001144       0x24 .\CortexM3\ARM_GCC_541\Debug\Design_301_project.a(USBUART_drv.o)
                0x00001144                USBUART_UpdateStatusBlock
 .text.USBUART_HandleSetup
                0x00001168       0x5c .\CortexM3\ARM_GCC_541\Debug\Design_301_project.a(USBUART_drv.o)
                0x00001168                USBUART_HandleSetup
 .text.USBUART_ControlReadStatusStage
                0x000011c4       0x38 .\CortexM3\ARM_GCC_541\Debug\Design_301_project.a(USBUART_drv.o)
                0x000011c4                USBUART_ControlReadStatusStage
 .text.USBUART_HandleOUT
                0x000011fc       0x38 .\CortexM3\ARM_GCC_541\Debug\Design_301_project.a(USBUART_drv.o)
                0x000011fc                USBUART_HandleOUT
 .text.USBUART_ControlWriteStatusStage
                0x00001234       0x20 .\CortexM3\ARM_GCC_541\Debug\Design_301_project.a(USBUART_drv.o)
                0x00001234                USBUART_ControlWriteStatusStage
 .text.USBUART_NoDataControlStatusStage
                0x00001254       0x40 .\CortexM3\ARM_GCC_541\Debug\Design_301_project.a(USBUART_drv.o)
                0x00001254                USBUART_NoDataControlStatusStage
 .text.USBUART_HandleIN
                0x00001294       0x2c .\CortexM3\ARM_GCC_541\Debug\Design_301_project.a(USBUART_drv.o)
                0x00001294                USBUART_HandleIN
 .text.USBUART_EP_0_ISR
                0x000012c0       0xb8 .\CortexM3\ARM_GCC_541\Debug\Design_301_project.a(USBUART_drv.o)
                0x000012c0                USBUART_EP_0_ISR
 .text.USBUART_InitializeStatusBlock
                0x00001378       0x24 .\CortexM3\ARM_GCC_541\Debug\Design_301_project.a(USBUART_drv.o)
                0x00001378                USBUART_InitializeStatusBlock
 .text.USBUART_InitControlRead
                0x0000139c       0x50 .\CortexM3\ARM_GCC_541\Debug\Design_301_project.a(USBUART_drv.o)
                0x0000139c                USBUART_InitControlRead
 .text.USBUART_InitControlWrite
                0x000013ec       0x48 .\CortexM3\ARM_GCC_541\Debug\Design_301_project.a(USBUART_drv.o)
                0x000013ec                USBUART_InitControlWrite
 .text.USBUART_EP_1_ISR
                0x00001434       0x30 .\CortexM3\ARM_GCC_541\Debug\Design_301_project.a(USBUART_episr.o)
                0x00001434                USBUART_EP_1_ISR
 .text.USBUART_EP_2_ISR
                0x00001464       0x34 .\CortexM3\ARM_GCC_541\Debug\Design_301_project.a(USBUART_episr.o)
                0x00001464                USBUART_EP_2_ISR
 .text.USBUART_EP_3_ISR
                0x00001498       0x3c .\CortexM3\ARM_GCC_541\Debug\Design_301_project.a(USBUART_episr.o)
                0x00001498                USBUART_EP_3_ISR
 .text.USBUART_SOF_ISR
                0x000014d4        0x4 .\CortexM3\ARM_GCC_541\Debug\Design_301_project.a(USBUART_episr.o)
                0x000014d4                USBUART_SOF_ISR
 .text.USBUART_BUS_RESET_ISR
                0x000014d8        0x8 .\CortexM3\ARM_GCC_541\Debug\Design_301_project.a(USBUART_episr.o)
                0x000014d8                USBUART_BUS_RESET_ISR
 .text.USBUART_DP_ISR
                0x000014e0        0x8 .\CortexM3\ARM_GCC_541\Debug\Design_301_project.a(USBUART_pm.o)
                0x000014e0                USBUART_DP_ISR
 .text.USBUART_ReadDieID
                0x000014e8       0x6c .\CortexM3\ARM_GCC_541\Debug\Design_301_project.a(USBUART_std.o)
                0x000014e8                USBUART_ReadDieID
 .text.USBUART_ConfigReg
                0x00001554       0xa4 .\CortexM3\ARM_GCC_541\Debug\Design_301_project.a(USBUART_std.o)
                0x00001554                USBUART_ConfigReg
 .text.USBUART_GetConfigTablePtr
                0x000015f8       0x28 .\CortexM3\ARM_GCC_541\Debug\Design_301_project.a(USBUART_std.o)
                0x000015f8                USBUART_GetConfigTablePtr
 .text.USBUART_ConfigAltChanged
                0x00001620      0x11c .\CortexM3\ARM_GCC_541\Debug\Design_301_project.a(USBUART_std.o)
                0x00001620                USBUART_ConfigAltChanged
 .text.USBUART_GetDeviceTablePtr
                0x0000173c       0x18 .\CortexM3\ARM_GCC_541\Debug\Design_301_project.a(USBUART_std.o)
                0x0000173c                USBUART_GetDeviceTablePtr
 .text.USBUART_GetInterfaceClassTablePtr
                0x00001754       0x28 .\CortexM3\ARM_GCC_541\Debug\Design_301_project.a(USBUART_std.o)
                0x00001754                USBUART_GetInterfaceClassTablePtr
 .text.USBUART_Config
                0x0000177c      0x1e4 .\CortexM3\ARM_GCC_541\Debug\Design_301_project.a(USBUART_std.o)
                0x0000177c                USBUART_Config
 .text.USBUART_SetEndpointHalt
                0x00001960       0x64 .\CortexM3\ARM_GCC_541\Debug\Design_301_project.a(USBUART_std.o)
                0x00001960                USBUART_SetEndpointHalt
 .text.USBUART_ClearEndpointHalt
                0x000019c4       0xac .\CortexM3\ARM_GCC_541\Debug\Design_301_project.a(USBUART_std.o)
                0x000019c4                USBUART_ClearEndpointHalt
 .text.USBUART_ValidateAlternateSetting
                0x00001a70       0x4c .\CortexM3\ARM_GCC_541\Debug\Design_301_project.a(USBUART_std.o)
                0x00001a70                USBUART_ValidateAlternateSetting
 .text.USBUART_HandleStandardRqst
                0x00001abc      0x35c .\CortexM3\ARM_GCC_541\Debug\Design_301_project.a(USBUART_std.o)
                0x00001abc                USBUART_HandleStandardRqst
 .text.USBUART_HandleVendorRqst
                0x00001e18       0x3c .\CortexM3\ARM_GCC_541\Debug\Design_301_project.a(USBUART_vnd.o)
                0x00001e18                USBUART_HandleVendorRqst
 .text.RF_BT_SELECT_Write
                0x00001e54        0xc .\CortexM3\ARM_GCC_541\Debug\Design_301_project.a(RF_BT_SELECT.o)
                0x00001e54                RF_BT_SELECT_Write
 .text.Vo6_Read
                0x00001e60       0x10 .\CortexM3\ARM_GCC_541\Debug\Design_301_project.a(Vo6.o)
                0x00001e60                Vo6_Read
 .text.Vo1_Read
                0x00001e70       0x10 .\CortexM3\ARM_GCC_541\Debug\Design_301_project.a(Vo1.o)
                0x00001e70                Vo1_Read
 .text.Vo2_Read
                0x00001e80       0x10 .\CortexM3\ARM_GCC_541\Debug\Design_301_project.a(Vo2.o)
                0x00001e80                Vo2_Read
 .text.Vo5_Read
                0x00001e90       0x10 .\CortexM3\ARM_GCC_541\Debug\Design_301_project.a(Vo5.o)
                0x00001e90                Vo5_Read
 .text.Vo3_Read
                0x00001ea0        0xc .\CortexM3\ARM_GCC_541\Debug\Design_301_project.a(Vo3.o)
                0x00001ea0                Vo3_Read
 .text.Vo4_Read
                0x00001eac        0xc .\CortexM3\ARM_GCC_541\Debug\Design_301_project.a(Vo4.o)
                0x00001eac                Vo4_Read
 .text.M1_D1_Write
                0x00001eb8       0x18 .\CortexM3\ARM_GCC_541\Debug\Design_301_project.a(M1_D1.o)
                0x00001eb8                M1_D1_Write
 .text.Timer_2_Enable
                0x00001ed0       0x28 .\CortexM3\ARM_GCC_541\Debug\Design_301_project.a(Timer_2.o)
                0x00001ed0                Timer_2_Enable
 .text.Timer_2_Stop
                0x00001ef8       0x28 .\CortexM3\ARM_GCC_541\Debug\Design_301_project.a(Timer_2.o)
                0x00001ef8                Timer_2_Stop
 .text.Timer_2_SetInterruptMode
                0x00001f20        0xc .\CortexM3\ARM_GCC_541\Debug\Design_301_project.a(Timer_2.o)
                0x00001f20                Timer_2_SetInterruptMode
 .text.Timer_2_WritePeriod
                0x00001f2c        0xc .\CortexM3\ARM_GCC_541\Debug\Design_301_project.a(Timer_2.o)
                0x00001f2c                Timer_2_WritePeriod
 .text.Timer_2_WriteCounter
                0x00001f38        0xc .\CortexM3\ARM_GCC_541\Debug\Design_301_project.a(Timer_2.o)
                0x00001f38                Timer_2_WriteCounter
 .text.Timer_2_Init
                0x00001f44       0x64 .\CortexM3\ARM_GCC_541\Debug\Design_301_project.a(Timer_2.o)
                0x00001f44                Timer_2_Init
 .text.Timer_2_Start
                0x00001fa8       0x1c .\CortexM3\ARM_GCC_541\Debug\Design_301_project.a(Timer_2.o)
                0x00001fa8                Timer_2_Start
 .text.Timer_2_Sleep
                0x00001fc4       0x28 .\CortexM3\ARM_GCC_541\Debug\Design_301_project.a(Timer_2_PM.o)
                0x00001fc4                Timer_2_Sleep
 .text.isr_T2_SetVector
                0x00001fec        0xc .\CortexM3\ARM_GCC_541\Debug\Design_301_project.a(isr_T2.o)
                0x00001fec                isr_T2_SetVector
 .text.isr_T2_SetPriority
                0x00001ff8       0x10 .\CortexM3\ARM_GCC_541\Debug\Design_301_project.a(isr_T2.o)
                0x00001ff8                isr_T2_SetPriority
 .text.isr_T2_Enable
                0x00002008        0xc .\CortexM3\ARM_GCC_541\Debug\Design_301_project.a(isr_T2.o)
                0x00002008                isr_T2_Enable
 .text.isr_T2_Disable
                0x00002014        0xc .\CortexM3\ARM_GCC_541\Debug\Design_301_project.a(isr_T2.o)
                0x00002014                isr_T2_Disable
 .text.isr_T2_StartEx
                0x00002020       0x1c .\CortexM3\ARM_GCC_541\Debug\Design_301_project.a(isr_T2.o)
                0x00002020                isr_T2_StartEx
 .text.QuadDec_M1_Cnt16_Enable
                0x0000203c       0x10 .\CortexM3\ARM_GCC_541\Debug\Design_301_project.a(QuadDec_M1_Cnt16.o)
                0x0000203c                QuadDec_M1_Cnt16_Enable
 .text.QuadDec_M1_Cnt16_SetInterruptMode
                0x0000204c        0xc .\CortexM3\ARM_GCC_541\Debug\Design_301_project.a(QuadDec_M1_Cnt16.o)
                0x0000204c                QuadDec_M1_Cnt16_SetInterruptMode
 .text.QuadDec_M1_Cnt16_ReadStatusRegister
                0x00002058        0xc .\CortexM3\ARM_GCC_541\Debug\Design_301_project.a(QuadDec_M1_Cnt16.o)
                0x00002058                QuadDec_M1_Cnt16_ReadStatusRegister
 .text.QuadDec_M1_Cnt16_WriteCounter
                0x00002064        0xc .\CortexM3\ARM_GCC_541\Debug\Design_301_project.a(QuadDec_M1_Cnt16.o)
                0x00002064                QuadDec_M1_Cnt16_WriteCounter
 .text.QuadDec_M1_Cnt16_ReadCounter
                0x00002070       0x14 .\CortexM3\ARM_GCC_541\Debug\Design_301_project.a(QuadDec_M1_Cnt16.o)
                0x00002070                QuadDec_M1_Cnt16_ReadCounter
 .text.QuadDec_M1_Cnt16_ReadCapture
                0x00002084        0xc .\CortexM3\ARM_GCC_541\Debug\Design_301_project.a(QuadDec_M1_Cnt16.o)
                0x00002084                QuadDec_M1_Cnt16_ReadCapture
 .text.QuadDec_M1_Cnt16_WritePeriod
                0x00002090        0xc .\CortexM3\ARM_GCC_541\Debug\Design_301_project.a(QuadDec_M1_Cnt16.o)
                0x00002090                QuadDec_M1_Cnt16_WritePeriod
 .text.QuadDec_M1_Cnt16_WriteCompare
                0x0000209c        0xc .\CortexM3\ARM_GCC_541\Debug\Design_301_project.a(QuadDec_M1_Cnt16.o)
                0x0000209c                QuadDec_M1_Cnt16_WriteCompare
 .text.QuadDec_M1_Cnt16_ClearFIFO
                0x000020a8       0x14 .\CortexM3\ARM_GCC_541\Debug\Design_301_project.a(QuadDec_M1_Cnt16.o)
                0x000020a8                QuadDec_M1_Cnt16_ClearFIFO
 .text.QuadDec_M1_Cnt16_Init
                0x000020bc       0x58 .\CortexM3\ARM_GCC_541\Debug\Design_301_project.a(QuadDec_M1_Cnt16.o)
                0x000020bc                QuadDec_M1_Cnt16_Init
 .text.QuadDec_M1_Cnt16_Start
                0x00002114       0x1c .\CortexM3\ARM_GCC_541\Debug\Design_301_project.a(QuadDec_M1_Cnt16.o)
                0x00002114                QuadDec_M1_Cnt16_Start
 .text.QuadDec_M2_Cnt16_Enable
                0x00002130       0x10 .\CortexM3\ARM_GCC_541\Debug\Design_301_project.a(QuadDec_M2_Cnt16.o)
                0x00002130                QuadDec_M2_Cnt16_Enable
 .text.QuadDec_M2_Cnt16_SetInterruptMode
                0x00002140        0xc .\CortexM3\ARM_GCC_541\Debug\Design_301_project.a(QuadDec_M2_Cnt16.o)
                0x00002140                QuadDec_M2_Cnt16_SetInterruptMode
 .text.QuadDec_M2_Cnt16_ReadStatusRegister
                0x0000214c        0xc .\CortexM3\ARM_GCC_541\Debug\Design_301_project.a(QuadDec_M2_Cnt16.o)
                0x0000214c                QuadDec_M2_Cnt16_ReadStatusRegister
 .text.QuadDec_M2_Cnt16_WriteCounter
                0x00002158        0xc .\CortexM3\ARM_GCC_541\Debug\Design_301_project.a(QuadDec_M2_Cnt16.o)
                0x00002158                QuadDec_M2_Cnt16_WriteCounter
 .text.QuadDec_M2_Cnt16_ReadCounter
                0x00002164       0x14 .\CortexM3\ARM_GCC_541\Debug\Design_301_project.a(QuadDec_M2_Cnt16.o)
                0x00002164                QuadDec_M2_Cnt16_ReadCounter
 .text.QuadDec_M2_Cnt16_ReadCapture
                0x00002178        0xc .\CortexM3\ARM_GCC_541\Debug\Design_301_project.a(QuadDec_M2_Cnt16.o)
                0x00002178                QuadDec_M2_Cnt16_ReadCapture
 .text.QuadDec_M2_Cnt16_WritePeriod
                0x00002184        0xc .\CortexM3\ARM_GCC_541\Debug\Design_301_project.a(QuadDec_M2_Cnt16.o)
                0x00002184                QuadDec_M2_Cnt16_WritePeriod
 .text.QuadDec_M2_Cnt16_WriteCompare
                0x00002190        0xc .\CortexM3\ARM_GCC_541\Debug\Design_301_project.a(QuadDec_M2_Cnt16.o)
                0x00002190                QuadDec_M2_Cnt16_WriteCompare
 .text.QuadDec_M2_Cnt16_ClearFIFO
                0x0000219c       0x14 .\CortexM3\ARM_GCC_541\Debug\Design_301_project.a(QuadDec_M2_Cnt16.o)
                0x0000219c                QuadDec_M2_Cnt16_ClearFIFO
 .text.QuadDec_M2_Cnt16_Init
                0x000021b0       0x58 .\CortexM3\ARM_GCC_541\Debug\Design_301_project.a(QuadDec_M2_Cnt16.o)
                0x000021b0                QuadDec_M2_Cnt16_Init
 .text.QuadDec_M2_Cnt16_Start
                0x00002208       0x1c .\CortexM3\ARM_GCC_541\Debug\Design_301_project.a(QuadDec_M2_Cnt16.o)
                0x00002208                QuadDec_M2_Cnt16_Start
 .text.USBUART_Dp_ClearInterrupt
                0x00002224       0x10 .\CortexM3\ARM_GCC_541\Debug\Design_301_project.a(USBUART_Dp.o)
                0x00002224                USBUART_Dp_ClearInterrupt
 .text.CyHalt   0x00002234        0x4 .\CortexM3\ARM_GCC_541\Debug\Design_301_project.a(CyLib.o)
                0x00002234                CyHalt
 .text.CyDelayUs
                0x00002238       0x14 .\CortexM3\ARM_GCC_541\Debug\Design_301_project.a(CyLib.o)
                0x00002238                CyDelayUs
 .text.CyIntSetVector
                0x0000224c       0x28 .\CortexM3\ARM_GCC_541\Debug\Design_301_project.a(CyLib.o)
                0x0000224c                CyIntSetVector
 .text.CyIntSetPriority
                0x00002274       0x30 .\CortexM3\ARM_GCC_541\Debug\Design_301_project.a(CyLib.o)
                0x00002274                CyIntSetPriority
 .text.CyGetUniqueId
                0x000022a4       0x70 .\CortexM3\ARM_GCC_541\Debug\Design_301_project.a(CyLib.o)
                0x000022a4                CyGetUniqueId
 *fill*         0x00002314        0x4 
 .text          0x00002318       0x20 .\CortexM3\ARM_GCC_541\Debug\Design_301_project.a(CyBootAsmGnu.o)
                0x00002318                CyDelayCycles
                0x00002328                CyEnterCriticalSection
                0x00002330                CyExitCriticalSection
 .text.USBUART_DispatchClassRqst
                0x00002338       0x60 .\CortexM3\ARM_GCC_541\Debug\Design_301_project.a(USBUART_cls.o)
                0x00002338                USBUART_DispatchClassRqst
 .text          0x00002398      0x370 c:/program files (x86)/cypress/psoc creator/4.4/psoc creator/import/gnu/arm/5.4.1/bin/../lib/gcc/arm-none-eabi/5.4.1/armv7-m\libgcc.a(_arm_addsubdf3.o)
                0x00002398                __aeabi_drsub
                0x000023a0                __aeabi_dsub
                0x000023a0                __subdf3
                0x000023a4                __aeabi_dadd
                0x000023a4                __adddf3
                0x0000261c                __floatunsidf
                0x0000261c                __aeabi_ui2d
                0x0000263c                __floatsidf
                0x0000263c                __aeabi_i2d
                0x00002660                __aeabi_f2d
                0x00002660                __extendsfdf2
                0x0000269c                __floatundidf
                0x0000269c                __aeabi_ul2d
                0x000026ac                __floatdidf
                0x000026ac                __aeabi_l2d
 .text          0x00002708      0x424 c:/program files (x86)/cypress/psoc creator/4.4/psoc creator/import/gnu/arm/5.4.1/bin/../lib/gcc/arm-none-eabi/5.4.1/armv7-m\libgcc.a(_arm_muldivdf3.o)
                0x00002708                __aeabi_dmul
                0x00002708                __muldf3
                0x0000295c                __divdf3
                0x0000295c                __aeabi_ddiv
 .text          0x00002b2c       0x40 c:/program files (x86)/cypress/psoc creator/4.4/psoc creator/import/gnu/arm/5.4.1/bin/../lib/gcc/arm-none-eabi/5.4.1/armv7-m\libgcc.a(_arm_fixunsdfsi.o)
                0x00002b2c                __aeabi_d2uiz
                0x00002b2c                __fixunsdfsi
 .text.__errno  0x00002b6c        0xc c:/program files (x86)/cypress/psoc creator/4.4/psoc creator/import/gnu/arm/5.4.1/bin/../lib/gcc/arm-none-eabi/5.4.1/../../../../arm-none-eabi/lib/armv7-m\libg_nano.a(lib_a-errno.o)
                0x00002b6c                __errno
 .text.__libc_init_array
                0x00002b78       0x4c c:/program files (x86)/cypress/psoc creator/4.4/psoc creator/import/gnu/arm/5.4.1/bin/../lib/gcc/arm-none-eabi/5.4.1/../../../../arm-none-eabi/lib/armv7-m\libg_nano.a(lib_a-init.o)
                0x00002b78                __libc_init_array
 .text.__itoa   0x00002bc4       0x2e c:/program files (x86)/cypress/psoc creator/4.4/psoc creator/import/gnu/arm/5.4.1/bin/../lib/gcc/arm-none-eabi/5.4.1/../../../../arm-none-eabi/lib/armv7-m\libg_nano.a(lib_a-itoa.o)
                0x00002bc4                __itoa
 .text.itoa     0x00002bf2        0x4 c:/program files (x86)/cypress/psoc creator/4.4/psoc creator/import/gnu/arm/5.4.1/bin/../lib/gcc/arm-none-eabi/5.4.1/../../../../arm-none-eabi/lib/armv7-m\libg_nano.a(lib_a-itoa.o)
                0x00002bf2                itoa
 .text.memcpy   0x00002bf6       0x16 c:/program files (x86)/cypress/psoc creator/4.4/psoc creator/import/gnu/arm/5.4.1/bin/../lib/gcc/arm-none-eabi/5.4.1/../../../../arm-none-eabi/lib/armv7-m\libg_nano.a(lib_a-memcpy-stub.o)
                0x00002bf6                memcpy
 .text.memset   0x00002c0c       0x10 c:/program files (x86)/cypress/psoc creator/4.4/psoc creator/import/gnu/arm/5.4.1/bin/../lib/gcc/arm-none-eabi/5.4.1/../../../../arm-none-eabi/lib/armv7-m\libg_nano.a(lib_a-memset.o)
                0x00002c0c                memset
 .text.__cvt    0x00002c1c       0xc0 c:/program files (x86)/cypress/psoc creator/4.4/psoc creator/import/gnu/arm/5.4.1/bin/../lib/gcc/arm-none-eabi/5.4.1/../../../../arm-none-eabi/lib/armv7-m\libg_nano.a(lib_a-nano-vfprintf_float.o)
                0x00002c1c                __cvt
 .text.__exponent
                0x00002cdc       0x62 c:/program files (x86)/cypress/psoc creator/4.4/psoc creator/import/gnu/arm/5.4.1/bin/../lib/gcc/arm-none-eabi/5.4.1/../../../../arm-none-eabi/lib/armv7-m\libg_nano.a(lib_a-nano-vfprintf_float.o)
                0x00002cdc                __exponent
 *fill*         0x00002d3e        0x2 
 .text._printf_float
                0x00002d40      0x488 c:/program files (x86)/cypress/psoc creator/4.4/psoc creator/import/gnu/arm/5.4.1/bin/../lib/gcc/arm-none-eabi/5.4.1/../../../../arm-none-eabi/lib/armv7-m\libg_nano.a(lib_a-nano-vfprintf_float.o)
                0x00002d40                _printf_float
 .text._printf_common
                0x000031c8       0xec c:/program files (x86)/cypress/psoc creator/4.4/psoc creator/import/gnu/arm/5.4.1/bin/../lib/gcc/arm-none-eabi/5.4.1/../../../../arm-none-eabi/lib/armv7-m\libg_nano.a(lib_a-nano-vfprintf_i.o)
                0x000031c8                _printf_common
 .text          0x000032b4       0x10 c:/program files (x86)/cypress/psoc creator/4.4/psoc creator/import/gnu/arm/5.4.1/bin/../lib/gcc/arm-none-eabi/5.4.1/../../../../arm-none-eabi/lib/armv7-m\libg_nano.a(lib_a-strlen.o)
                0x000032b4                strlen
 .text.__utoa   0x000032c4       0x78 c:/program files (x86)/cypress/psoc creator/4.4/psoc creator/import/gnu/arm/5.4.1/bin/../lib/gcc/arm-none-eabi/5.4.1/../../../../arm-none-eabi/lib/armv7-m\libg_nano.a(lib_a-utoa.o)
                0x000032c4                __utoa
 .text.quorem   0x0000333c      0x116 c:/program files (x86)/cypress/psoc creator/4.4/psoc creator/import/gnu/arm/5.4.1/bin/../lib/gcc/arm-none-eabi/5.4.1/../../../../arm-none-eabi/lib/armv7-m\libg_nano.a(lib_a-dtoa.o)
 *fill*         0x00003452        0x6 
 .text._dtoa_r  0x00003458      0xb30 c:/program files (x86)/cypress/psoc creator/4.4/psoc creator/import/gnu/arm/5.4.1/bin/../lib/gcc/arm-none-eabi/5.4.1/../../../../arm-none-eabi/lib/armv7-m\libg_nano.a(lib_a-dtoa.o)
                0x00003458                _dtoa_r
 .text._localeconv_r
                0x00003f88        0x8 c:/program files (x86)/cypress/psoc creator/4.4/psoc creator/import/gnu/arm/5.4.1/bin/../lib/gcc/arm-none-eabi/5.4.1/../../../../arm-none-eabi/lib/armv7-m\libg_nano.a(lib_a-locale.o)
                0x00003f88                _localeconv_r
 .text.malloc   0x00003f90       0x10 c:/program files (x86)/cypress/psoc creator/4.4/psoc creator/import/gnu/arm/5.4.1/bin/../lib/gcc/arm-none-eabi/5.4.1/../../../../arm-none-eabi/lib/armv7-m\libg_nano.a(lib_a-malloc.o)
                0x00003f90                malloc
 .text._Balloc  0x00003fa0       0x6a c:/program files (x86)/cypress/psoc creator/4.4/psoc creator/import/gnu/arm/5.4.1/bin/../lib/gcc/arm-none-eabi/5.4.1/../../../../arm-none-eabi/lib/armv7-m\libg_nano.a(lib_a-mprec.o)
                0x00003fa0                _Balloc
 .text._Bfree   0x0000400a       0x2e c:/program files (x86)/cypress/psoc creator/4.4/psoc creator/import/gnu/arm/5.4.1/bin/../lib/gcc/arm-none-eabi/5.4.1/../../../../arm-none-eabi/lib/armv7-m\libg_nano.a(lib_a-mprec.o)
                0x0000400a                _Bfree
 .text.__multadd
                0x00004038       0x76 c:/program files (x86)/cypress/psoc creator/4.4/psoc creator/import/gnu/arm/5.4.1/bin/../lib/gcc/arm-none-eabi/5.4.1/../../../../arm-none-eabi/lib/armv7-m\libg_nano.a(lib_a-mprec.o)
                0x00004038                __multadd
 .text.__hi0bits
                0x000040ae       0x40 c:/program files (x86)/cypress/psoc creator/4.4/psoc creator/import/gnu/arm/5.4.1/bin/../lib/gcc/arm-none-eabi/5.4.1/../../../../arm-none-eabi/lib/armv7-m\libg_nano.a(lib_a-mprec.o)
                0x000040ae                __hi0bits
 .text.__lo0bits
                0x000040ee       0x5a c:/program files (x86)/cypress/psoc creator/4.4/psoc creator/import/gnu/arm/5.4.1/bin/../lib/gcc/arm-none-eabi/5.4.1/../../../../arm-none-eabi/lib/armv7-m\libg_nano.a(lib_a-mprec.o)
                0x000040ee                __lo0bits
 .text.__i2b    0x00004148       0x12 c:/program files (x86)/cypress/psoc creator/4.4/psoc creator/import/gnu/arm/5.4.1/bin/../lib/gcc/arm-none-eabi/5.4.1/../../../../arm-none-eabi/lib/armv7-m\libg_nano.a(lib_a-mprec.o)
                0x00004148                __i2b
 .text.__multiply
                0x0000415a      0x120 c:/program files (x86)/cypress/psoc creator/4.4/psoc creator/import/gnu/arm/5.4.1/bin/../lib/gcc/arm-none-eabi/5.4.1/../../../../arm-none-eabi/lib/armv7-m\libg_nano.a(lib_a-mprec.o)
                0x0000415a                __multiply
 *fill*         0x0000427a        0x2 
 .text.__pow5mult
                0x0000427c       0x9c c:/program files (x86)/cypress/psoc creator/4.4/psoc creator/import/gnu/arm/5.4.1/bin/../lib/gcc/arm-none-eabi/5.4.1/../../../../arm-none-eabi/lib/armv7-m\libg_nano.a(lib_a-mprec.o)
                0x0000427c                __pow5mult
 .text.__lshift
                0x00004318       0xa2 c:/program files (x86)/cypress/psoc creator/4.4/psoc creator/import/gnu/arm/5.4.1/bin/../lib/gcc/arm-none-eabi/5.4.1/../../../../arm-none-eabi/lib/armv7-m\libg_nano.a(lib_a-mprec.o)
                0x00004318                __lshift
 .text.__mcmp   0x000043ba       0x38 c:/program files (x86)/cypress/psoc creator/4.4/psoc creator/import/gnu/arm/5.4.1/bin/../lib/gcc/arm-none-eabi/5.4.1/../../../../arm-none-eabi/lib/armv7-m\libg_nano.a(lib_a-mprec.o)
                0x000043ba                __mcmp
 .text.__mdiff  0x000043f2       0xbe c:/program files (x86)/cypress/psoc creator/4.4/psoc creator/import/gnu/arm/5.4.1/bin/../lib/gcc/arm-none-eabi/5.4.1/../../../../arm-none-eabi/lib/armv7-m\libg_nano.a(lib_a-mprec.o)
                0x000043f2                __mdiff
 .text.__d2b    0x000044b0       0x9c c:/program files (x86)/cypress/psoc creator/4.4/psoc creator/import/gnu/arm/5.4.1/bin/../lib/gcc/arm-none-eabi/5.4.1/../../../../arm-none-eabi/lib/armv7-m\libg_nano.a(lib_a-mprec.o)
                0x000044b0                __d2b
 .text._calloc_r
                0x0000454c       0x1c c:/program files (x86)/cypress/psoc creator/4.4/psoc creator/import/gnu/arm/5.4.1/bin/../lib/gcc/arm-none-eabi/5.4.1/../../../../arm-none-eabi/lib/armv7-m\libg_nano.a(lib_a-nano-callocr.o)
                0x0000454c                _calloc_r
 .text._malloc_r
                0x00004568       0xbc c:/program files (x86)/cypress/psoc creator/4.4/psoc creator/import/gnu/arm/5.4.1/bin/../lib/gcc/arm-none-eabi/5.4.1/../../../../arm-none-eabi/lib/armv7-m\libg_nano.a(lib_a-nano-mallocr.o)
                0x00004568                _malloc_r
 .text._sbrk_r  0x00004624       0x20 c:/program files (x86)/cypress/psoc creator/4.4/psoc creator/import/gnu/arm/5.4.1/bin/../lib/gcc/arm-none-eabi/5.4.1/../../../../arm-none-eabi/lib/armv7-m\libg_nano.a(lib_a-sbrkr.o)
                0x00004624                _sbrk_r
 .text.__malloc_lock
                0x00004644        0x2 c:/program files (x86)/cypress/psoc creator/4.4/psoc creator/import/gnu/arm/5.4.1/bin/../lib/gcc/arm-none-eabi/5.4.1/../../../../arm-none-eabi/lib/armv7-m\libg_nano.a(lib_a-mlock.o)
                0x00004644                __malloc_lock
 .text.__malloc_unlock
                0x00004646        0x2 c:/program files (x86)/cypress/psoc creator/4.4/psoc creator/import/gnu/arm/5.4.1/bin/../lib/gcc/arm-none-eabi/5.4.1/../../../../arm-none-eabi/lib/armv7-m\libg_nano.a(lib_a-mlock.o)
                0x00004646                __malloc_unlock
 .text          0x00004648      0x110 c:/program files (x86)/cypress/psoc creator/4.4/psoc creator/import/gnu/arm/5.4.1/bin/../lib/gcc/arm-none-eabi/5.4.1/armv7-m\libgcc.a(_arm_cmpdf2.o)
                0x00004648                __gtdf2
                0x00004648                __gedf2
                0x00004650                __ltdf2
                0x00004650                __ledf2
                0x00004658                __nedf2
                0x00004658                __eqdf2
                0x00004658                __cmpdf2
                0x000046d4                __aeabi_cdrcmple
                0x000046e4                __aeabi_cdcmpeq
                0x000046e4                __aeabi_cdcmple
                0x000046f4                __aeabi_dcmpeq
                0x00004708                __aeabi_dcmplt
                0x0000471c                __aeabi_dcmple
                0x00004730                __aeabi_dcmpge
                0x00004744                __aeabi_dcmpgt
 .text          0x00004758       0x2c c:/program files (x86)/cypress/psoc creator/4.4/psoc creator/import/gnu/arm/5.4.1/bin/../lib/gcc/arm-none-eabi/5.4.1/armv7-m\libgcc.a(_arm_unorddf2.o)
                0x00004758                __unorddf2
                0x00004758                __aeabi_dcmpun
 .text          0x00004784       0x50 c:/program files (x86)/cypress/psoc creator/4.4/psoc creator/import/gnu/arm/5.4.1/bin/../lib/gcc/arm-none-eabi/5.4.1/armv7-m\libgcc.a(_arm_fixdfsi.o)
                0x00004784                __aeabi_d2iz
                0x00004784                __fixdfsi
 *(.plt)
 *(.gnu.warning)
 *(.glue_7t)
 .glue_7t       0x000047d4        0x0 linker stubs
 *(.glue_7)
 .glue_7        0x000047d4        0x0 linker stubs
 *(.vfp11_veneer)
 .vfp11_veneer  0x000047d4        0x0 linker stubs
 *(.bootloader)
 *(.ARM.extab* .gnu.linkonce.armextab.*)
 *(.gcc_except_table)

.v4_bx          0x000047d4        0x0
 .v4_bx         0x000047d4        0x0 linker stubs

.iplt           0x000047d4        0x0
 .iplt          0x000047d4        0x0 c:/program files (x86)/cypress/psoc creator/4.4/psoc creator/import/gnu/arm/5.4.1/bin/../lib/gcc/arm-none-eabi/5.4.1/armv7-m/crtbegin.o

.eh_frame_hdr
 *(.eh_frame_hdr)

.eh_frame       0x000047d4        0x4
 *(.eh_frame)
 .eh_frame      0x000047d4        0x0 c:/program files (x86)/cypress/psoc creator/4.4/psoc creator/import/gnu/arm/5.4.1/bin/../lib/gcc/arm-none-eabi/5.4.1/armv7-m/crtbegin.o
 .eh_frame      0x000047d4        0x4 c:/program files (x86)/cypress/psoc creator/4.4/psoc creator/import/gnu/arm/5.4.1/bin/../lib/gcc/arm-none-eabi/5.4.1/armv7-m/crtend.o
                [!provide]                PROVIDE (__exidx_start, .)

.ARM.exidx
 *(.ARM.exidx* .gnu.linkonce.armexidx.*)
                0x000047d8                __exidx_end = .

.rodata         0x000047d8      0x378
 *(.rodata .rodata.* .gnu.linkonce.r.*)
 .rodata.str1.4
                0x000047d8       0x13 .\CortexM3\ARM_GCC_541\Debug\main.o
 *fill*         0x000047eb        0x1 
 .rodata        0x000047ec       0x2a .\CortexM3\ARM_GCC_541\Debug\cyfitter_cfg.o
 *fill*         0x00004816        0x2 
 .rodata.str1.4
                0x00004818       0x14 .\CortexM3\ARM_GCC_541\Debug\Design_301_project.a(USBUART_std.o)
                                 0x11 (size before relaxing)
 .rodata        0x0000482c      0x19a .\CortexM3\ARM_GCC_541\Debug\Design_301_project.a(USBUART_descr.o)
                0x0000482c                USBUART_MSOS_CONFIGURATION_DESCR
                0x00004854                USBUART_MSOS_DESCRIPTOR
                0x00004868                USBUART_TABLE
                0x00004870                USBUART_DEVICE0_TABLE
                0x00004888                USBUART_DEVICE0_CONFIGURATION0_TABLE
                0x000048b0                USBUART_DEVICE0_CONFIGURATION0_INTERFACE_CLASS
                0x000048b4                USBUART_DEVICE0_CONFIGURATION0_EP_SETTINGS_TABLE
                0x000048cc                USBUART_SN_STRING_DESCRIPTOR
                0x000048d0                USBUART_STRING_DESCRIPTORS
                0x00004970                USBUART_DEVICE0_CONFIGURATION0_DESCR
                0x000049b4                USBUART_DEVICE0_DESCR
 .rodata.str1.1
                0x000049c6        0x2 c:/program files (x86)/cypress/psoc creator/4.4/psoc creator/import/gnu/arm/5.4.1/bin/../lib/gcc/arm-none-eabi/5.4.1/../../../../arm-none-eabi/lib/armv7-m\libg_nano.a(lib_a-impure.o)
 .rodata.str1.1
                0x000049c8       0x12 c:/program files (x86)/cypress/psoc creator/4.4/psoc creator/import/gnu/arm/5.4.1/bin/../lib/gcc/arm-none-eabi/5.4.1/../../../../arm-none-eabi/lib/armv7-m\libg_nano.a(lib_a-nano-vfprintf_float.o)
 .rodata.str1.1
                0x000049da       0x25 c:/program files (x86)/cypress/psoc creator/4.4/psoc creator/import/gnu/arm/5.4.1/bin/../lib/gcc/arm-none-eabi/5.4.1/../../../../arm-none-eabi/lib/armv7-m\libg_nano.a(lib_a-utoa.o)
 .rodata.str1.1
                0x000049ff        0xd c:/program files (x86)/cypress/psoc creator/4.4/psoc creator/import/gnu/arm/5.4.1/bin/../lib/gcc/arm-none-eabi/5.4.1/../../../../arm-none-eabi/lib/armv7-m\libg_nano.a(lib_a-dtoa.o)
                                  0xf (size before relaxing)
 .rodata.str1.1
                0x00004a0c        0x8 c:/program files (x86)/cypress/psoc creator/4.4/psoc creator/import/gnu/arm/5.4.1/bin/../lib/gcc/arm-none-eabi/5.4.1/../../../../arm-none-eabi/lib/armv7-m\libg_nano.a(lib_a-locale.o)
                                  0xb (size before relaxing)
 *fill*         0x00004a14        0x4 
 .rodata.__mprec_tens
                0x00004a18       0xc8 c:/program files (x86)/cypress/psoc creator/4.4/psoc creator/import/gnu/arm/5.4.1/bin/../lib/gcc/arm-none-eabi/5.4.1/../../../../arm-none-eabi/lib/armv7-m\libg_nano.a(lib_a-mprec.o)
                0x00004a18                __mprec_tens
 .rodata.p05.5408
                0x00004ae0        0xc c:/program files (x86)/cypress/psoc creator/4.4/psoc creator/import/gnu/arm/5.4.1/bin/../lib/gcc/arm-none-eabi/5.4.1/../../../../arm-none-eabi/lib/armv7-m\libg_nano.a(lib_a-mprec.o)
 *fill*         0x00004aec        0x4 
 .rodata.__mprec_bigtens
                0x00004af0       0x28 c:/program files (x86)/cypress/psoc creator/4.4/psoc creator/import/gnu/arm/5.4.1/bin/../lib/gcc/arm-none-eabi/5.4.1/../../../../arm-none-eabi/lib/armv7-m\libg_nano.a(lib_a-mprec.o)
                0x00004af0                __mprec_bigtens
                0x00004b18                . = ALIGN (0x4)
 *(.init)
 .init          0x00004b18        0x4 c:/program files (x86)/cypress/psoc creator/4.4/psoc creator/import/gnu/arm/5.4.1/bin/../lib/gcc/arm-none-eabi/5.4.1/armv7-m/crti.o
                0x00004b18                _init
 .init          0x00004b1c        0x8 c:/program files (x86)/cypress/psoc creator/4.4/psoc creator/import/gnu/arm/5.4.1/bin/../lib/gcc/arm-none-eabi/5.4.1/armv7-m/crtn.o
                0x00004b24                . = ALIGN (0x4)
                0x00004b24                __preinit_array_start = .
 *(.preinit_array)
                0x00004b24                __preinit_array_end = .
                0x00004b24                . = ALIGN (0x4)
                0x00004b24                __init_array_start = .
 *(SORT(.init_array.*))
 *(.init_array)
 .init_array    0x00004b24        0x4 c:/program files (x86)/cypress/psoc creator/4.4/psoc creator/import/gnu/arm/5.4.1/bin/../lib/gcc/arm-none-eabi/5.4.1/armv7-m/crtbegin.o
 .init_array    0x00004b28        0x4 .\CortexM3\ARM_GCC_541\Debug\Cm3Start.o
                0x00004b2c                __init_array_end = .
                0x00004b2c                . = ALIGN (0x4)
 *(.fini)
 .fini          0x00004b2c        0x4 c:/program files (x86)/cypress/psoc creator/4.4/psoc creator/import/gnu/arm/5.4.1/bin/../lib/gcc/arm-none-eabi/5.4.1/armv7-m/crti.o
                0x00004b2c                _fini
 .fini          0x00004b30        0x8 c:/program files (x86)/cypress/psoc creator/4.4/psoc creator/import/gnu/arm/5.4.1/bin/../lib/gcc/arm-none-eabi/5.4.1/armv7-m/crtn.o
                0x00004b38                . = ALIGN (0x4)
                0x00004b38                __fini_array_start = .
 *(.fini_array)
 .fini_array    0x00004b38        0x4 c:/program files (x86)/cypress/psoc creator/4.4/psoc creator/import/gnu/arm/5.4.1/bin/../lib/gcc/arm-none-eabi/5.4.1/armv7-m/crtbegin.o
 *(SORT(.fini_array.*))
                0x00004b3c                __fini_array_end = .
                0x00004b3c                . = ALIGN (0x4)
 *crtbegin.o(.ctors)
 *(EXCLUDE_FILE(*crtend.o) .ctors)
 *(SORT(.ctors.*))
 *crtend.o(.ctors)
                0x00004b3c                . = ALIGN (0x4)
 *crtbegin.o(.dtors)
 *(EXCLUDE_FILE(*crtend.o) .dtors)
 *(SORT(.dtors.*))
 *crtend.o(.dtors)
                0x00004b3c                . = ALIGN (0x4)
                0x00004b3c                __cy_regions = .
                0x00004b3c        0x4 LONG 0x4b50 __cy_region_init_ram
                0x00004b40        0x4 LONG 0x1fff80c8 __cy_region_start_data
                0x00004b44        0x4 LONG 0x160 __cy_region_init_size_ram
                0x00004b48        0x4 LONG 0x210 __cy_region_zero_size_ram
                0x00004b4c                __cy_regions_end = .
                0x00004b50                . = ALIGN (0x8)
 *fill*         0x00004b4c        0x4 
                0x00004b50                _etext = .

.cy_checksum_exclude
                0x00004b50        0x0
 *(.cy_checksum_exclude)

.ramvectors     0x1fff8000       0xc0
                0x1fff8000                __cy_region_start_ram = .
 *(.ramvectors)
 .ramvectors    0x1fff8000       0xc0 .\CortexM3\ARM_GCC_541\Debug\Cm3Start.o
                0x1fff8000                CyRamVectors

.noinit         0x1fff80c0        0x1
 *(.noinit)
 .noinit        0x1fff80c0        0x1 .\CortexM3\ARM_GCC_541\Debug\Design_301_project.a(CyLib.o)
                0x1fff80c0                CyResetStatus

.data           0x1fff80c8      0x160 load address 0x00004b50
                0x1fff80c8                __cy_region_start_data = .
 *(.jcr)
 .jcr           0x1fff80c8        0x0 c:/program files (x86)/cypress/psoc creator/4.4/psoc creator/import/gnu/arm/5.4.1/bin/../lib/gcc/arm-none-eabi/5.4.1/armv7-m/crtbegin.o
 .jcr           0x1fff80c8        0x4 c:/program files (x86)/cypress/psoc creator/4.4/psoc creator/import/gnu/arm/5.4.1/bin/../lib/gcc/arm-none-eabi/5.4.1/armv7-m/crtend.o
 *(.got.plt)
 *(.got)
 *(.shdata)
 *(.data .data.* .gnu.linkonce.d.*)
 .data          0x1fff80cc       0x89 .\CortexM3\ARM_GCC_541\Debug\main.o
                0x1fff80cc                next_Motion
                0x1fff80cd                current_Motion
                0x1fff80d0                Stop_flag
                0x1fff80d4                displaystring
                0x1fff8114                message_encoder
                0x1fff8154                flag_rf_transmission_active
 *fill*         0x1fff8155        0x3 
 .data          0x1fff8158        0x4 .\CortexM3\ARM_GCC_541\Debug\Cm3Start.o
 .data          0x1fff815c       0x1a .\CortexM3\ARM_GCC_541\Debug\Design_301_project.a(USBUART_cdc.o)
                0x1fff815c                USBUART_linesCoding
 *fill*         0x1fff8176        0x2 
 .data          0x1fff8178       0x10 .\CortexM3\ARM_GCC_541\Debug\Design_301_project.a(CyLib.o)
                0x1fff8178                cydelay_32k_ms
                0x1fff817c                cydelay_freq_khz
                0x1fff8180                cydelay_freq_mhz
                0x1fff8184                cydelay_freq_hz
 .data.impure_data
                0x1fff8188       0x60 c:/program files (x86)/cypress/psoc creator/4.4/psoc creator/import/gnu/arm/5.4.1/bin/../lib/gcc/arm-none-eabi/5.4.1/../../../../arm-none-eabi/lib/armv7-m\libg_nano.a(lib_a-impure.o)
 .data._impure_ptr
                0x1fff81e8        0x4 c:/program files (x86)/cypress/psoc creator/4.4/psoc creator/import/gnu/arm/5.4.1/bin/../lib/gcc/arm-none-eabi/5.4.1/../../../../arm-none-eabi/lib/armv7-m\libg_nano.a(lib_a-impure.o)
                0x1fff81e8                _impure_ptr
 .data.lconv    0x1fff81ec       0x38 c:/program files (x86)/cypress/psoc creator/4.4/psoc creator/import/gnu/arm/5.4.1/bin/../lib/gcc/arm-none-eabi/5.4.1/../../../../arm-none-eabi/lib/armv7-m\libg_nano.a(lib_a-locale.o)
                0x1fff8228                . = ALIGN (0x8)
 *fill*         0x1fff8224        0x4 
 *(.ram)
                0x1fff8228                _edata = .

.igot.plt       0x1fff8228        0x0 load address 0x00004cb0
 .igot.plt      0x1fff8228        0x0 c:/program files (x86)/cypress/psoc creator/4.4/psoc creator/import/gnu/arm/5.4.1/bin/../lib/gcc/arm-none-eabi/5.4.1/armv7-m/crtbegin.o

.bss            0x1fff8228      0x210 load address 0x00004cb0
                0x1fff8228                PROVIDE (__bss_start__, .)
 *(.shbss)
 *(.bss .bss.* .gnu.linkonce.b.*)
 .bss           0x1fff8228       0x1c c:/program files (x86)/cypress/psoc creator/4.4/psoc creator/import/gnu/arm/5.4.1/bin/../lib/gcc/arm-none-eabi/5.4.1/armv7-m/crtbegin.o
 .bss           0x1fff8244       0x1d .\CortexM3\ARM_GCC_541\Debug\main.o
                0x1fff8244                count
                0x1fff8248                decoder_flag
                0x1fff8250                flag_KB_string
                0x1fff8251                dataready_flag
                0x1fff8252                flag_packet
                0x1fff8253                flag_rx
                0x1fff8254                flag_ts_display
                0x1fff8255                flag_ts_speed
                0x1fff8256                flag_ts_update
                0x1fff8257                flag_ts_enc
                0x1fff8258                ts_display
                0x1fff825a                ts_speed
                0x1fff825c                ts_update
                0x1fff825e                ts_enc
                0x1fff8260                ts
 .bss           0x1fff8261        0x1 .\CortexM3\ARM_GCC_541\Debug\Design_301_project.a(QuadDec_M1.o)
                0x1fff8261                QuadDec_M1_initVar
 .bss           0x1fff8262        0x1 .\CortexM3\ARM_GCC_541\Debug\Design_301_project.a(QuadDec_M2.o)
                0x1fff8262                QuadDec_M2_initVar
 .bss           0x1fff8263        0x1 .\CortexM3\ARM_GCC_541\Debug\Design_301_project.a(PWM_1.o)
                0x1fff8263                PWM_1_initVar
 .bss           0x1fff8264        0x1 .\CortexM3\ARM_GCC_541\Debug\Design_301_project.a(PWM_2.o)
                0x1fff8264                PWM_2_initVar
 .bss           0x1fff8265        0x1 .\CortexM3\ARM_GCC_541\Debug\Design_301_project.a(Timer_1.o)
                0x1fff8265                Timer_1_initVar
 .bss           0x1fff8266        0x1 .\CortexM3\ARM_GCC_541\Debug\Design_301_project.a(USBUART.o)
                0x1fff8266                USBUART_initVar
 .bss           0x1fff8267        0x1 .\CortexM3\ARM_GCC_541\Debug\Design_301_project.a(USBUART_cdc.o)
 .bss           0x1fff8268        0x2 .\CortexM3\ARM_GCC_541\Debug\Design_301_project.a(USBUART_std.o)
 .bss           0x1fff826a        0x1 .\CortexM3\ARM_GCC_541\Debug\Design_301_project.a(Timer_2.o)
                0x1fff826a                Timer_2_initVar
 *fill*         0x1fff826b        0x1 
 .bss           0x1fff826c        0x1 .\CortexM3\ARM_GCC_541\Debug\Design_301_project.a(Timer_2_PM.o)
 .bss           0x1fff826d        0x1 .\CortexM3\ARM_GCC_541\Debug\Design_301_project.a(QuadDec_M1_Cnt16.o)
                0x1fff826d                QuadDec_M1_Cnt16_initVar
 .bss           0x1fff826e        0x1 .\CortexM3\ARM_GCC_541\Debug\Design_301_project.a(QuadDec_M2_Cnt16.o)
                0x1fff826e                QuadDec_M2_Cnt16_initVar
 *fill*         0x1fff826f        0x1 
 .bss.__malloc_sbrk_start
                0x1fff8270        0x4 c:/program files (x86)/cypress/psoc creator/4.4/psoc creator/import/gnu/arm/5.4.1/bin/../lib/gcc/arm-none-eabi/5.4.1/../../../../arm-none-eabi/lib/armv7-m\libg_nano.a(lib_a-nano-mallocr.o)
                0x1fff8270                __malloc_sbrk_start
 .bss.__malloc_free_list
                0x1fff8274        0x4 c:/program files (x86)/cypress/psoc creator/4.4/psoc creator/import/gnu/arm/5.4.1/bin/../lib/gcc/arm-none-eabi/5.4.1/../../../../arm-none-eabi/lib/armv7-m\libg_nano.a(lib_a-nano-mallocr.o)
                0x1fff8274                __malloc_free_list
 *(COMMON)
 COMMON         0x1fff8278       0xe4 .\CortexM3\ARM_GCC_541\Debug\main.o
                0x1fff8278                entry
                0x1fff82b8                system_state
                0x1fff82d8                line
                0x1fff8318                usbBuffer
                0x1fff8358                count_encoder
 COMMON         0x1fff835c       0x18 .\CortexM3\ARM_GCC_541\Debug\Design_301_project.a(USBUART_cdc.o)
                0x1fff835c                USBUART_linesChanged
                0x1fff8360                USBUART_cdcDataInEp
                0x1fff8364                USBUART_cdcCommInInterruptEp
                0x1fff8368                USBUART_cdcDataOutEp
                0x1fff836c                USBUART_serialStateBitmap
                0x1fff8370                USBUART_linesControlBitmap
 COMMON         0x1fff8374       0x9a .\CortexM3\ARM_GCC_541\Debug\Design_301_project.a(USBUART_drv.o)
                0x1fff8374                USBUART_lastPacketSize
                0x1fff8375                USBUART_device
                0x1fff8376                USBUART_transferByteCount
                0x1fff8378                USBUART_transferState
                0x1fff837c                USBUART_interfaceSettingLast
                0x1fff8380                USBUART_currentTD
                0x1fff838c                USBUART_interfaceNumber
                0x1fff8390                USBUART_interfaceClass
                0x1fff8394                USBUART_configurationChanged
                0x1fff8395                USBUART_ep0Mode
                0x1fff8396                USBUART_deviceAddress
                0x1fff8397                USBUART_configuration
                0x1fff8398                USBUART_ep0Count
                0x1fff8399                USBUART_deviceStatus
                0x1fff839c                USBUART_EP
                0x1fff8408                USBUART_interfaceSetting
                0x1fff840a                USBUART_ep0Toggle
                0x1fff840c                USBUART_interfaceStatus
 *fill*         0x1fff840e        0x2 
 COMMON         0x1fff8410       0x22 .\CortexM3\ARM_GCC_541\Debug\Design_301_project.a(USBUART_descr.o)
                0x1fff8410                USBUART_idSerialNumberStringDescriptor
 *fill*         0x1fff8432        0x2 
 COMMON         0x1fff8434        0x4 c:/program files (x86)/cypress/psoc creator/4.4/psoc creator/import/gnu/arm/5.4.1/bin/../lib/gcc/arm-none-eabi/5.4.1/../../../../arm-none-eabi/lib/armv7-m\libg_nano.a(lib_a-reent.o)
                0x1fff8434                errno
                0x1fff8438                . = ALIGN (0x8)
 *(.ram.b)
                0x1fff8438                _end = .
                0x1fff8438                __end = .
                0x1fff8438                PROVIDE (end, .)
                0x1fff8438                PROVIDE (__bss_end__, .)
                0x00004b50                __cy_region_init_ram = LOADADDR (.data)
                0x00000160                __cy_region_init_size_ram = (_edata - ADDR (.data))
                0x00000210                __cy_region_zero_size_ram = (_end - _edata)

.heap           0x1fff8438      0x200 load address 0x00004cb0
                0x1fff8438                . = _end
                0x1fff8638                . = (. + 0x200)
 *fill*         0x1fff8438      0x200 
                0x1fff8638                __cy_heap_limit = .

.stack          0x20007800      0x800
                0x20007800                __cy_stack_limit = .
                0x20008000                . = (. + 0x800)
 *fill*         0x20007800      0x800 
                0x00000001                ASSERT ((__cy_stack_limit >= __cy_heap_limit), region RAM overflowed with stack)
                0x00000000                cy_checksum_exclude_size = (CY_APPL_LOADABLE == 0x1)?SIZEOF (.cy_checksum_exclude):0x0
                0x00000001                ASSERT ((cy_checksum_exclude_size <= CY_CHECKSUM_EXCLUDE_SIZE), CY_BOOT: Section .cy_checksum_exclude size exceedes specified limit.)

.cyloadermeta
 *(.cyloadermeta)

.cyloadablemeta
 *(.cyloadablemeta)

.cyconfigecc    0x80000000      0xa7c
 *(.cyconfigecc)
 .cyconfigecc   0x80000000      0xa7c .\CortexM3\ARM_GCC_541\Debug\cymetadata.o
                0x80000000                cy_meta_configecc

.cycustnvl      0x90000000        0x4
 *(.cycustnvl)
 .cycustnvl     0x90000000        0x4 .\CortexM3\ARM_GCC_541\Debug\cymetadata.o
                0x90000000                cy_meta_custnvl

.cywolatch      0x90100000        0x4
 *(.cywolatch)
 .cywolatch     0x90100000        0x4 .\CortexM3\ARM_GCC_541\Debug\cymetadata.o
                0x90100000                cy_meta_wonvl

.cyeeprom       0x90200000        0x0
 *(.cyeeprom)
                0x00000001                ASSERT ((. <= ((0x90200000 + ee_offset) + ee_size)), .cyeeprom data will not fit in EEPROM)

.cyflashprotect
                0x90400000      0x100
 *(.cyflashprotect)
 .cyflashprotect
                0x90400000      0x100 .\CortexM3\ARM_GCC_541\Debug\cymetadata.o
                0x90400000                cy_meta_flashprotect

.cymeta         0x90500000        0xc
 *(.cymeta)
 .cymeta        0x90500000        0xc .\CortexM3\ARM_GCC_541\Debug\cymetadata.o
                0x90500000                cy_metadata

.rel.dyn        0x00004cb0        0x0 load address 0x9050000c
 .rel.iplt      0x00004cb0        0x0 c:/program files (x86)/cypress/psoc creator/4.4/psoc creator/import/gnu/arm/5.4.1/bin/../lib/gcc/arm-none-eabi/5.4.1/armv7-m/crtbegin.o

.stab
 *(.stab)

.stabstr
 *(.stabstr)

.debug
 *(.debug)

.line
 *(.line)

.debug_srcinfo
 *(.debug_srcinfo)

.debug_sfnames
 *(.debug_sfnames)

.debug_aranges  0x00000000     0x10e8
 *(.debug_aranges)
 .debug_aranges
                0x00000000       0x68 .\CortexM3\ARM_GCC_541\Debug\main.o
 .debug_aranges
                0x00000068       0x58 .\CortexM3\ARM_GCC_541\Debug\cyfitter_cfg.o
 .debug_aranges
                0x000000c0       0x18 .\CortexM3\ARM_GCC_541\Debug\cymetadata.o
 .debug_aranges
                0x000000d8       0x48 .\CortexM3\ARM_GCC_541\Debug\Cm3Start.o
 .debug_aranges
                0x00000120       0x38 .\CortexM3\ARM_GCC_541\Debug\Design_301_project.a(M2_D1.o)
 .debug_aranges
                0x00000158       0x60 .\CortexM3\ARM_GCC_541\Debug\Design_301_project.a(QuadDec_M1.o)
 .debug_aranges
                0x000001b8       0x60 .\CortexM3\ARM_GCC_541\Debug\Design_301_project.a(QuadDec_M2.o)
 .debug_aranges
                0x00000218       0x78 .\CortexM3\ARM_GCC_541\Debug\Design_301_project.a(PWM_1.o)
 .debug_aranges
                0x00000290       0x38 .\CortexM3\ARM_GCC_541\Debug\Design_301_project.a(PWM_1_PM.o)
 .debug_aranges
                0x000002c8       0x78 .\CortexM3\ARM_GCC_541\Debug\Design_301_project.a(PWM_2.o)
 .debug_aranges
                0x00000340       0x38 .\CortexM3\ARM_GCC_541\Debug\Design_301_project.a(PWM_2_PM.o)
 .debug_aranges
                0x00000378       0x88 .\CortexM3\ARM_GCC_541\Debug\Design_301_project.a(Timer_1.o)
 .debug_aranges
                0x00000400       0x80 .\CortexM3\ARM_GCC_541\Debug\Design_301_project.a(isr_US.o)
 .debug_aranges
                0x00000480       0xc8 .\CortexM3\ARM_GCC_541\Debug\Design_301_project.a(USBUART.o)
 .debug_aranges
                0x00000548       0xe8 .\CortexM3\ARM_GCC_541\Debug\Design_301_project.a(USBUART_cdc.o)
 .debug_aranges
                0x00000630       0x98 .\CortexM3\ARM_GCC_541\Debug\Design_301_project.a(USBUART_drv.o)
 .debug_aranges
                0x000006c8       0x40 .\CortexM3\ARM_GCC_541\Debug\Design_301_project.a(USBUART_episr.o)
 .debug_aranges
                0x00000708       0x40 .\CortexM3\ARM_GCC_541\Debug\Design_301_project.a(USBUART_pm.o)
 .debug_aranges
                0x00000748       0x80 .\CortexM3\ARM_GCC_541\Debug\Design_301_project.a(USBUART_std.o)
 .debug_aranges
                0x000007c8       0x20 .\CortexM3\ARM_GCC_541\Debug\Design_301_project.a(USBUART_vnd.o)
 .debug_aranges
                0x000007e8       0x28 .\CortexM3\ARM_GCC_541\Debug\Design_301_project.a(RF_BT_SELECT.o)
 .debug_aranges
                0x00000810       0x38 .\CortexM3\ARM_GCC_541\Debug\Design_301_project.a(Vo6.o)
 .debug_aranges
                0x00000848       0x38 .\CortexM3\ARM_GCC_541\Debug\Design_301_project.a(Vo1.o)
 .debug_aranges
                0x00000880       0x38 .\CortexM3\ARM_GCC_541\Debug\Design_301_project.a(Vo2.o)
 .debug_aranges
                0x000008b8       0x38 .\CortexM3\ARM_GCC_541\Debug\Design_301_project.a(Vo5.o)
 .debug_aranges
                0x000008f0       0x38 .\CortexM3\ARM_GCC_541\Debug\Design_301_project.a(Vo3.o)
 .debug_aranges
                0x00000928       0x38 .\CortexM3\ARM_GCC_541\Debug\Design_301_project.a(Vo4.o)
 .debug_aranges
                0x00000960       0x38 .\CortexM3\ARM_GCC_541\Debug\Design_301_project.a(M1_D1.o)
 .debug_aranges
                0x00000998       0x88 .\CortexM3\ARM_GCC_541\Debug\Design_301_project.a(Timer_2.o)
 .debug_aranges
                0x00000a20       0x38 .\CortexM3\ARM_GCC_541\Debug\Design_301_project.a(Timer_2_PM.o)
 .debug_aranges
                0x00000a58       0x80 .\CortexM3\ARM_GCC_541\Debug\Design_301_project.a(isr_T2.o)
 .debug_aranges
                0x00000ad8       0x98 .\CortexM3\ARM_GCC_541\Debug\Design_301_project.a(QuadDec_M1_Cnt16.o)
 .debug_aranges
                0x00000b70       0x98 .\CortexM3\ARM_GCC_541\Debug\Design_301_project.a(QuadDec_M2_Cnt16.o)
 .debug_aranges
                0x00000c08       0x48 .\CortexM3\ARM_GCC_541\Debug\Design_301_project.a(USBUART_Dp.o)
 .debug_aranges
                0x00000c50      0x2a0 .\CortexM3\ARM_GCC_541\Debug\Design_301_project.a(CyLib.o)
 .debug_aranges
                0x00000ef0       0x98 .\CortexM3\ARM_GCC_541\Debug\Design_301_project.a(cyPm.o)
 .debug_aranges
                0x00000f88       0x20 .\CortexM3\ARM_GCC_541\Debug\Design_301_project.a(CyBootAsmGnu.o)
 .debug_aranges
                0x00000fa8       0x20 .\CortexM3\ARM_GCC_541\Debug\Design_301_project.a(USBUART_cls.o)
 .debug_aranges
                0x00000fc8       0x18 .\CortexM3\ARM_GCC_541\Debug\Design_301_project.a(USBUART_descr.o)
 .debug_aranges
                0x00000fe0       0x88 .\CortexM3\ARM_GCC_541\Debug\Design_301_project.a(CyFlash.o)
 .debug_aranges
                0x00001068       0x80 .\CortexM3\ARM_GCC_541\Debug\Design_301_project.a(CySpc.o)

.debug_pubnames
 *(.debug_pubnames)

.debug_info     0x00000000     0x9cc5
 *(.debug_info .gnu.linkonce.wi.*)
 .debug_info    0x00000000      0xba9 .\CortexM3\ARM_GCC_541\Debug\main.o
 .debug_info    0x00000ba9      0x549 .\CortexM3\ARM_GCC_541\Debug\cyfitter_cfg.o
 .debug_info    0x000010f2      0x139 .\CortexM3\ARM_GCC_541\Debug\cymetadata.o
 .debug_info    0x0000122b      0x3bb .\CortexM3\ARM_GCC_541\Debug\Cm3Start.o
 .debug_info    0x000015e6      0x11f .\CortexM3\ARM_GCC_541\Debug\Design_301_project.a(M2_D1.o)
 .debug_info    0x00001705      0x2d4 .\CortexM3\ARM_GCC_541\Debug\Design_301_project.a(QuadDec_M1.o)
 .debug_info    0x000019d9      0x2d4 .\CortexM3\ARM_GCC_541\Debug\Design_301_project.a(QuadDec_M2.o)
 .debug_info    0x00001cad      0x27f .\CortexM3\ARM_GCC_541\Debug\Design_301_project.a(PWM_1.o)
 .debug_info    0x00001f2c      0x153 .\CortexM3\ARM_GCC_541\Debug\Design_301_project.a(PWM_1_PM.o)
 .debug_info    0x0000207f      0x27f .\CortexM3\ARM_GCC_541\Debug\Design_301_project.a(PWM_2.o)
 .debug_info    0x000022fe      0x153 .\CortexM3\ARM_GCC_541\Debug\Design_301_project.a(PWM_2_PM.o)
 .debug_info    0x00002451      0x291 .\CortexM3\ARM_GCC_541\Debug\Design_301_project.a(Timer_1.o)
 .debug_info    0x000026e2      0x2d2 .\CortexM3\ARM_GCC_541\Debug\Design_301_project.a(isr_US.o)
 .debug_info    0x000029b4      0x995 .\CortexM3\ARM_GCC_541\Debug\Design_301_project.a(USBUART.o)
 .debug_info    0x00003349      0xaf7 .\CortexM3\ARM_GCC_541\Debug\Design_301_project.a(USBUART_cdc.o)
 .debug_info    0x00003e40      0x655 .\CortexM3\ARM_GCC_541\Debug\Design_301_project.a(USBUART_drv.o)
 .debug_info    0x00004495      0x254 .\CortexM3\ARM_GCC_541\Debug\Design_301_project.a(USBUART_episr.o)
 .debug_info    0x000046e9      0x2e4 .\CortexM3\ARM_GCC_541\Debug\Design_301_project.a(USBUART_pm.o)
 .debug_info    0x000049cd      0xb36 .\CortexM3\ARM_GCC_541\Debug\Design_301_project.a(USBUART_std.o)
 .debug_info    0x00005503      0x1be .\CortexM3\ARM_GCC_541\Debug\Design_301_project.a(USBUART_vnd.o)
 .debug_info    0x000056c1       0xd6 .\CortexM3\ARM_GCC_541\Debug\Design_301_project.a(RF_BT_SELECT.o)
 .debug_info    0x00005797      0x11f .\CortexM3\ARM_GCC_541\Debug\Design_301_project.a(Vo6.o)
 .debug_info    0x000058b6      0x11f .\CortexM3\ARM_GCC_541\Debug\Design_301_project.a(Vo1.o)
 .debug_info    0x000059d5      0x11f .\CortexM3\ARM_GCC_541\Debug\Design_301_project.a(Vo2.o)
 .debug_info    0x00005af4      0x11f .\CortexM3\ARM_GCC_541\Debug\Design_301_project.a(Vo5.o)
 .debug_info    0x00005c13      0x11f .\CortexM3\ARM_GCC_541\Debug\Design_301_project.a(Vo3.o)
 .debug_info    0x00005d32      0x11f .\CortexM3\ARM_GCC_541\Debug\Design_301_project.a(Vo4.o)
 .debug_info    0x00005e51      0x11f .\CortexM3\ARM_GCC_541\Debug\Design_301_project.a(M1_D1.o)
 .debug_info    0x00005f70      0x293 .\CortexM3\ARM_GCC_541\Debug\Design_301_project.a(Timer_2.o)
 .debug_info    0x00006203      0x153 .\CortexM3\ARM_GCC_541\Debug\Design_301_project.a(Timer_2_PM.o)
 .debug_info    0x00006356      0x2d2 .\CortexM3\ARM_GCC_541\Debug\Design_301_project.a(isr_T2.o)
 .debug_info    0x00006628      0x348 .\CortexM3\ARM_GCC_541\Debug\Design_301_project.a(QuadDec_M1_Cnt16.o)
 .debug_info    0x00006970      0x348 .\CortexM3\ARM_GCC_541\Debug\Design_301_project.a(QuadDec_M2_Cnt16.o)
 .debug_info    0x00006cb8      0x174 .\CortexM3\ARM_GCC_541\Debug\Design_301_project.a(USBUART_Dp.o)
 .debug_info    0x00006e2c     0x1374 .\CortexM3\ARM_GCC_541\Debug\Design_301_project.a(CyLib.o)
 .debug_info    0x000081a0      0xa2a .\CortexM3\ARM_GCC_541\Debug\Design_301_project.a(cyPm.o)
 .debug_info    0x00008bca       0x9f .\CortexM3\ARM_GCC_541\Debug\Design_301_project.a(CyBootAsmGnu.o)
 .debug_info    0x00008c69      0x1de .\CortexM3\ARM_GCC_541\Debug\Design_301_project.a(USBUART_cls.o)
 .debug_info    0x00008e47      0x2e1 .\CortexM3\ARM_GCC_541\Debug\Design_301_project.a(USBUART_descr.o)
 .debug_info    0x00009128      0x64d .\CortexM3\ARM_GCC_541\Debug\Design_301_project.a(CyFlash.o)
 .debug_info    0x00009775      0x550 .\CortexM3\ARM_GCC_541\Debug\Design_301_project.a(CySpc.o)

.debug_abbrev   0x00000000     0x2e70
 *(.debug_abbrev)
 .debug_abbrev  0x00000000      0x21e .\CortexM3\ARM_GCC_541\Debug\main.o
 .debug_abbrev  0x0000021e      0x1fe .\CortexM3\ARM_GCC_541\Debug\cyfitter_cfg.o
 .debug_abbrev  0x0000041c       0x77 .\CortexM3\ARM_GCC_541\Debug\cymetadata.o
 .debug_abbrev  0x00000493      0x1e8 .\CortexM3\ARM_GCC_541\Debug\Cm3Start.o
 .debug_abbrev  0x0000067b       0x90 .\CortexM3\ARM_GCC_541\Debug\Design_301_project.a(M2_D1.o)
 .debug_abbrev  0x0000070b      0x151 .\CortexM3\ARM_GCC_541\Debug\Design_301_project.a(QuadDec_M1.o)
 .debug_abbrev  0x0000085c      0x151 .\CortexM3\ARM_GCC_541\Debug\Design_301_project.a(QuadDec_M2.o)
 .debug_abbrev  0x000009ad      0x12d .\CortexM3\ARM_GCC_541\Debug\Design_301_project.a(PWM_1.o)
 .debug_abbrev  0x00000ada       0xc4 .\CortexM3\ARM_GCC_541\Debug\Design_301_project.a(PWM_1_PM.o)
 .debug_abbrev  0x00000b9e      0x12d .\CortexM3\ARM_GCC_541\Debug\Design_301_project.a(PWM_2.o)
 .debug_abbrev  0x00000ccb       0xc4 .\CortexM3\ARM_GCC_541\Debug\Design_301_project.a(PWM_2_PM.o)
 .debug_abbrev  0x00000d8f      0x11a .\CortexM3\ARM_GCC_541\Debug\Design_301_project.a(Timer_1.o)
 .debug_abbrev  0x00000ea9      0x173 .\CortexM3\ARM_GCC_541\Debug\Design_301_project.a(isr_US.o)
 .debug_abbrev  0x0000101c      0x215 .\CortexM3\ARM_GCC_541\Debug\Design_301_project.a(USBUART.o)
 .debug_abbrev  0x00001231      0x245 .\CortexM3\ARM_GCC_541\Debug\Design_301_project.a(USBUART_cdc.o)
 .debug_abbrev  0x00001476      0x189 .\CortexM3\ARM_GCC_541\Debug\Design_301_project.a(USBUART_drv.o)
 .debug_abbrev  0x000015ff      0x11b .\CortexM3\ARM_GCC_541\Debug\Design_301_project.a(USBUART_episr.o)
 .debug_abbrev  0x0000171a      0x108 .\CortexM3\ARM_GCC_541\Debug\Design_301_project.a(USBUART_pm.o)
 .debug_abbrev  0x00001822      0x20a .\CortexM3\ARM_GCC_541\Debug\Design_301_project.a(USBUART_std.o)
 .debug_abbrev  0x00001a2c       0xe1 .\CortexM3\ARM_GCC_541\Debug\Design_301_project.a(USBUART_vnd.o)
 .debug_abbrev  0x00001b0d       0x81 .\CortexM3\ARM_GCC_541\Debug\Design_301_project.a(RF_BT_SELECT.o)
 .debug_abbrev  0x00001b8e       0x90 .\CortexM3\ARM_GCC_541\Debug\Design_301_project.a(Vo6.o)
 .debug_abbrev  0x00001c1e       0x90 .\CortexM3\ARM_GCC_541\Debug\Design_301_project.a(Vo1.o)
 .debug_abbrev  0x00001cae       0x90 .\CortexM3\ARM_GCC_541\Debug\Design_301_project.a(Vo2.o)
 .debug_abbrev  0x00001d3e       0x90 .\CortexM3\ARM_GCC_541\Debug\Design_301_project.a(Vo5.o)
 .debug_abbrev  0x00001dce       0x90 .\CortexM3\ARM_GCC_541\Debug\Design_301_project.a(Vo3.o)
 .debug_abbrev  0x00001e5e       0x90 .\CortexM3\ARM_GCC_541\Debug\Design_301_project.a(Vo4.o)
 .debug_abbrev  0x00001eee       0x90 .\CortexM3\ARM_GCC_541\Debug\Design_301_project.a(M1_D1.o)
 .debug_abbrev  0x00001f7e      0x11a .\CortexM3\ARM_GCC_541\Debug\Design_301_project.a(Timer_2.o)
 .debug_abbrev  0x00002098       0xc4 .\CortexM3\ARM_GCC_541\Debug\Design_301_project.a(Timer_2_PM.o)
 .debug_abbrev  0x0000215c      0x173 .\CortexM3\ARM_GCC_541\Debug\Design_301_project.a(isr_T2.o)
 .debug_abbrev  0x000022cf      0x117 .\CortexM3\ARM_GCC_541\Debug\Design_301_project.a(QuadDec_M1_Cnt16.o)
 .debug_abbrev  0x000023e6      0x117 .\CortexM3\ARM_GCC_541\Debug\Design_301_project.a(QuadDec_M2_Cnt16.o)
 .debug_abbrev  0x000024fd       0x90 .\CortexM3\ARM_GCC_541\Debug\Design_301_project.a(USBUART_Dp.o)
 .debug_abbrev  0x0000258d      0x254 .\CortexM3\ARM_GCC_541\Debug\Design_301_project.a(CyLib.o)
 .debug_abbrev  0x000027e1      0x1ab .\CortexM3\ARM_GCC_541\Debug\Design_301_project.a(cyPm.o)
 .debug_abbrev  0x0000298c       0x14 .\CortexM3\ARM_GCC_541\Debug\Design_301_project.a(CyBootAsmGnu.o)
 .debug_abbrev  0x000029a0       0xe1 .\CortexM3\ARM_GCC_541\Debug\Design_301_project.a(USBUART_cls.o)
 .debug_abbrev  0x00002a81       0xb4 .\CortexM3\ARM_GCC_541\Debug\Design_301_project.a(USBUART_descr.o)
 .debug_abbrev  0x00002b35      0x1a7 .\CortexM3\ARM_GCC_541\Debug\Design_301_project.a(CyFlash.o)
 .debug_abbrev  0x00002cdc      0x194 .\CortexM3\ARM_GCC_541\Debug\Design_301_project.a(CySpc.o)

.debug_line     0x00000000     0x3d97
 *(.debug_line)
 .debug_line    0x00000000      0x438 .\CortexM3\ARM_GCC_541\Debug\main.o
 .debug_line    0x00000438        0x0 .\CortexM3\ARM_GCC_541\Debug\store.o
 .debug_line    0x00000438      0x1e0 .\CortexM3\ARM_GCC_541\Debug\cyfitter_cfg.o
 .debug_line    0x00000618      0x141 .\CortexM3\ARM_GCC_541\Debug\cymetadata.o
 .debug_line    0x00000759      0x234 .\CortexM3\ARM_GCC_541\Debug\Cm3Start.o
 .debug_line    0x0000098d       0x92 .\CortexM3\ARM_GCC_541\Debug\Design_301_project.a(M2_D1.o)
 .debug_line    0x00000a1f      0x120 .\CortexM3\ARM_GCC_541\Debug\Design_301_project.a(QuadDec_M1.o)
 .debug_line    0x00000b3f      0x120 .\CortexM3\ARM_GCC_541\Debug\Design_301_project.a(QuadDec_M2.o)
 .debug_line    0x00000c5f      0x133 .\CortexM3\ARM_GCC_541\Debug\Design_301_project.a(PWM_1.o)
 .debug_line    0x00000d92       0xa0 .\CortexM3\ARM_GCC_541\Debug\Design_301_project.a(PWM_1_PM.o)
 .debug_line    0x00000e32      0x133 .\CortexM3\ARM_GCC_541\Debug\Design_301_project.a(PWM_2.o)
 .debug_line    0x00000f65       0xa0 .\CortexM3\ARM_GCC_541\Debug\Design_301_project.a(PWM_2_PM.o)
 .debug_line    0x00001005      0x155 .\CortexM3\ARM_GCC_541\Debug\Design_301_project.a(Timer_1.o)
 .debug_line    0x0000115a      0x133 .\CortexM3\ARM_GCC_541\Debug\Design_301_project.a(isr_US.o)
 .debug_line    0x0000128d      0x2dc .\CortexM3\ARM_GCC_541\Debug\Design_301_project.a(USBUART.o)
 .debug_line    0x00001569      0x2f2 .\CortexM3\ARM_GCC_541\Debug\Design_301_project.a(USBUART_cdc.o)
 .debug_line    0x0000185b      0x221 .\CortexM3\ARM_GCC_541\Debug\Design_301_project.a(USBUART_drv.o)
 .debug_line    0x00001a7c       0xe6 .\CortexM3\ARM_GCC_541\Debug\Design_301_project.a(USBUART_episr.o)
 .debug_line    0x00001b62      0x10e .\CortexM3\ARM_GCC_541\Debug\Design_301_project.a(USBUART_pm.o)
 .debug_line    0x00001c70      0x3dc .\CortexM3\ARM_GCC_541\Debug\Design_301_project.a(USBUART_std.o)
 .debug_line    0x0000204c       0x8b .\CortexM3\ARM_GCC_541\Debug\Design_301_project.a(USBUART_vnd.o)
 .debug_line    0x000020d7       0x74 .\CortexM3\ARM_GCC_541\Debug\Design_301_project.a(RF_BT_SELECT.o)
 .debug_line    0x0000214b       0x90 .\CortexM3\ARM_GCC_541\Debug\Design_301_project.a(Vo6.o)
 .debug_line    0x000021db       0x90 .\CortexM3\ARM_GCC_541\Debug\Design_301_project.a(Vo1.o)
 .debug_line    0x0000226b       0x90 .\CortexM3\ARM_GCC_541\Debug\Design_301_project.a(Vo2.o)
 .debug_line    0x000022fb       0x90 .\CortexM3\ARM_GCC_541\Debug\Design_301_project.a(Vo5.o)
 .debug_line    0x0000238b       0x90 .\CortexM3\ARM_GCC_541\Debug\Design_301_project.a(Vo3.o)
 .debug_line    0x0000241b       0x90 .\CortexM3\ARM_GCC_541\Debug\Design_301_project.a(Vo4.o)
 .debug_line    0x000024ab       0x92 .\CortexM3\ARM_GCC_541\Debug\Design_301_project.a(M1_D1.o)
 .debug_line    0x0000253d      0x155 .\CortexM3\ARM_GCC_541\Debug\Design_301_project.a(Timer_2.o)
 .debug_line    0x00002692       0xa4 .\CortexM3\ARM_GCC_541\Debug\Design_301_project.a(Timer_2_PM.o)
 .debug_line    0x00002736      0x133 .\CortexM3\ARM_GCC_541\Debug\Design_301_project.a(isr_T2.o)
 .debug_line    0x00002869      0x190 .\CortexM3\ARM_GCC_541\Debug\Design_301_project.a(QuadDec_M1_Cnt16.o)
 .debug_line    0x000029f9      0x190 .\CortexM3\ARM_GCC_541\Debug\Design_301_project.a(QuadDec_M2_Cnt16.o)
 .debug_line    0x00002b89       0xbb .\CortexM3\ARM_GCC_541\Debug\Design_301_project.a(USBUART_Dp.o)
 .debug_line    0x00002c44      0x816 .\CortexM3\ARM_GCC_541\Debug\Design_301_project.a(CyLib.o)
 .debug_line    0x0000345a      0x367 .\CortexM3\ARM_GCC_541\Debug\Design_301_project.a(cyPm.o)
 .debug_line    0x000037c1       0x66 .\CortexM3\ARM_GCC_541\Debug\Design_301_project.a(CyBootAsmGnu.o)
 .debug_line    0x00003827       0x95 .\CortexM3\ARM_GCC_541\Debug\Design_301_project.a(USBUART_cls.o)
 .debug_line    0x000038bc       0x61 .\CortexM3\ARM_GCC_541\Debug\Design_301_project.a(USBUART_descr.o)
 .debug_line    0x0000391d      0x21a .\CortexM3\ARM_GCC_541\Debug\Design_301_project.a(CyFlash.o)
 .debug_line    0x00003b37      0x260 .\CortexM3\ARM_GCC_541\Debug\Design_301_project.a(CySpc.o)

.debug_frame    0x00000000     0x2d68
 *(.debug_frame)
 .debug_frame   0x00000000      0x120 .\CortexM3\ARM_GCC_541\Debug\main.o
 .debug_frame   0x00000120       0xe4 .\CortexM3\ARM_GCC_541\Debug\cyfitter_cfg.o
 .debug_frame   0x00000204       0xb8 .\CortexM3\ARM_GCC_541\Debug\Cm3Start.o
 .debug_frame   0x000002bc       0x50 .\CortexM3\ARM_GCC_541\Debug\Design_301_project.a(M2_D1.o)
 .debug_frame   0x0000030c       0xdc .\CortexM3\ARM_GCC_541\Debug\Design_301_project.a(QuadDec_M1.o)
 .debug_frame   0x000003e8       0xdc .\CortexM3\ARM_GCC_541\Debug\Design_301_project.a(QuadDec_M2.o)
 .debug_frame   0x000004c4       0xe8 .\CortexM3\ARM_GCC_541\Debug\Design_301_project.a(PWM_1.o)
 .debug_frame   0x000005ac       0x68 .\CortexM3\ARM_GCC_541\Debug\Design_301_project.a(PWM_1_PM.o)
 .debug_frame   0x00000614       0xe8 .\CortexM3\ARM_GCC_541\Debug\Design_301_project.a(PWM_2.o)
 .debug_frame   0x000006fc       0x68 .\CortexM3\ARM_GCC_541\Debug\Design_301_project.a(PWM_2_PM.o)
 .debug_frame   0x00000764      0x108 .\CortexM3\ARM_GCC_541\Debug\Design_301_project.a(Timer_1.o)
 .debug_frame   0x0000086c      0x104 .\CortexM3\ARM_GCC_541\Debug\Design_301_project.a(isr_US.o)
 .debug_frame   0x00000970      0x1dc .\CortexM3\ARM_GCC_541\Debug\Design_301_project.a(USBUART.o)
 .debug_frame   0x00000b4c      0x27c .\CortexM3\ARM_GCC_541\Debug\Design_301_project.a(USBUART_cdc.o)
 .debug_frame   0x00000dc8      0x194 .\CortexM3\ARM_GCC_541\Debug\Design_301_project.a(USBUART_drv.o)
 .debug_frame   0x00000f5c       0x6c .\CortexM3\ARM_GCC_541\Debug\Design_301_project.a(USBUART_episr.o)
 .debug_frame   0x00000fc8       0xa0 .\CortexM3\ARM_GCC_541\Debug\Design_301_project.a(USBUART_pm.o)
 .debug_frame   0x00001068      0x17c .\CortexM3\ARM_GCC_541\Debug\Design_301_project.a(USBUART_std.o)
 .debug_frame   0x000011e4       0x2c .\CortexM3\ARM_GCC_541\Debug\Design_301_project.a(USBUART_vnd.o)
 .debug_frame   0x00001210       0x30 .\CortexM3\ARM_GCC_541\Debug\Design_301_project.a(RF_BT_SELECT.o)
 .debug_frame   0x00001240       0x50 .\CortexM3\ARM_GCC_541\Debug\Design_301_project.a(Vo6.o)
 .debug_frame   0x00001290       0x50 .\CortexM3\ARM_GCC_541\Debug\Design_301_project.a(Vo1.o)
 .debug_frame   0x000012e0       0x50 .\CortexM3\ARM_GCC_541\Debug\Design_301_project.a(Vo2.o)
 .debug_frame   0x00001330       0x50 .\CortexM3\ARM_GCC_541\Debug\Design_301_project.a(Vo5.o)
 .debug_frame   0x00001380       0x50 .\CortexM3\ARM_GCC_541\Debug\Design_301_project.a(Vo3.o)
 .debug_frame   0x000013d0       0x50 .\CortexM3\ARM_GCC_541\Debug\Design_301_project.a(Vo4.o)
 .debug_frame   0x00001420       0x50 .\CortexM3\ARM_GCC_541\Debug\Design_301_project.a(M1_D1.o)
 .debug_frame   0x00001470      0x108 .\CortexM3\ARM_GCC_541\Debug\Design_301_project.a(Timer_2.o)
 .debug_frame   0x00001578       0x68 .\CortexM3\ARM_GCC_541\Debug\Design_301_project.a(Timer_2_PM.o)
 .debug_frame   0x000015e0      0x104 .\CortexM3\ARM_GCC_541\Debug\Design_301_project.a(isr_T2.o)
 .debug_frame   0x000016e4      0x134 .\CortexM3\ARM_GCC_541\Debug\Design_301_project.a(QuadDec_M1_Cnt16.o)
 .debug_frame   0x00001818      0x134 .\CortexM3\ARM_GCC_541\Debug\Design_301_project.a(QuadDec_M2_Cnt16.o)
 .debug_frame   0x0000194c       0x70 .\CortexM3\ARM_GCC_541\Debug\Design_301_project.a(USBUART_Dp.o)
 .debug_frame   0x000019bc      0x738 .\CortexM3\ARM_GCC_541\Debug\Design_301_project.a(CyLib.o)
 .debug_frame   0x000020f4      0x1f8 .\CortexM3\ARM_GCC_541\Debug\Design_301_project.a(cyPm.o)
 .debug_frame   0x000022ec       0x2c .\CortexM3\ARM_GCC_541\Debug\Design_301_project.a(USBUART_cls.o)
 .debug_frame   0x00002318      0x194 .\CortexM3\ARM_GCC_541\Debug\Design_301_project.a(CyFlash.o)
 .debug_frame   0x000024ac      0x180 .\CortexM3\ARM_GCC_541\Debug\Design_301_project.a(CySpc.o)
 .debug_frame   0x0000262c       0x20 c:/program files (x86)/cypress/psoc creator/4.4/psoc creator/import/gnu/arm/5.4.1/bin/../lib/gcc/arm-none-eabi/5.4.1/../../../../arm-none-eabi/lib/armv7-m\libg_nano.a(lib_a-errno.o)
 .debug_frame   0x0000264c       0x28 c:/program files (x86)/cypress/psoc creator/4.4/psoc creator/import/gnu/arm/5.4.1/bin/../lib/gcc/arm-none-eabi/5.4.1/../../../../arm-none-eabi/lib/armv7-m\libg_nano.a(lib_a-exit.o)
 .debug_frame   0x00002674       0x2c c:/program files (x86)/cypress/psoc creator/4.4/psoc creator/import/gnu/arm/5.4.1/bin/../lib/gcc/arm-none-eabi/5.4.1/../../../../arm-none-eabi/lib/armv7-m\libg_nano.a(lib_a-init.o)
 .debug_frame   0x000026a0       0x38 c:/program files (x86)/cypress/psoc creator/4.4/psoc creator/import/gnu/arm/5.4.1/bin/../lib/gcc/arm-none-eabi/5.4.1/../../../../arm-none-eabi/lib/armv7-m\libg_nano.a(lib_a-itoa.o)
 .debug_frame   0x000026d8       0x28 c:/program files (x86)/cypress/psoc creator/4.4/psoc creator/import/gnu/arm/5.4.1/bin/../lib/gcc/arm-none-eabi/5.4.1/../../../../arm-none-eabi/lib/armv7-m\libg_nano.a(lib_a-memcpy-stub.o)
 .debug_frame   0x00002700       0x20 c:/program files (x86)/cypress/psoc creator/4.4/psoc creator/import/gnu/arm/5.4.1/bin/../lib/gcc/arm-none-eabi/5.4.1/../../../../arm-none-eabi/lib/armv7-m\libg_nano.a(lib_a-memset.o)
 .debug_frame   0x00002720       0x8c c:/program files (x86)/cypress/psoc creator/4.4/psoc creator/import/gnu/arm/5.4.1/bin/../lib/gcc/arm-none-eabi/5.4.1/../../../../arm-none-eabi/lib/armv7-m\libg_nano.a(lib_a-nano-vfprintf_float.o)
 .debug_frame   0x000027ac       0x60 c:/program files (x86)/cypress/psoc creator/4.4/psoc creator/import/gnu/arm/5.4.1/bin/../lib/gcc/arm-none-eabi/5.4.1/../../../../arm-none-eabi/lib/armv7-m\libg_nano.a(lib_a-nano-vfprintf_i.o)
 .debug_frame   0x0000280c       0x20 c:/program files (x86)/cypress/psoc creator/4.4/psoc creator/import/gnu/arm/5.4.1/bin/../lib/gcc/arm-none-eabi/5.4.1/../../../../arm-none-eabi/lib/armv7-m\libg_nano.a(lib_a-strcpy.o)
 .debug_frame   0x0000282c       0x44 c:/program files (x86)/cypress/psoc creator/4.4/psoc creator/import/gnu/arm/5.4.1/bin/../lib/gcc/arm-none-eabi/5.4.1/../../../../arm-none-eabi/lib/armv7-m\libg_nano.a(lib_a-utoa.o)
 .debug_frame   0x00002870       0x6c c:/program files (x86)/cypress/psoc creator/4.4/psoc creator/import/gnu/arm/5.4.1/bin/../lib/gcc/arm-none-eabi/5.4.1/../../../../arm-none-eabi/lib/armv7-m\libg_nano.a(lib_a-dtoa.o)
 .debug_frame   0x000028dc       0x98 c:/program files (x86)/cypress/psoc creator/4.4/psoc creator/import/gnu/arm/5.4.1/bin/../lib/gcc/arm-none-eabi/5.4.1/../../../../arm-none-eabi/lib/armv7-m\libg_nano.a(lib_a-locale.o)
 .debug_frame   0x00002974       0x30 c:/program files (x86)/cypress/psoc creator/4.4/psoc creator/import/gnu/arm/5.4.1/bin/../lib/gcc/arm-none-eabi/5.4.1/../../../../arm-none-eabi/lib/armv7-m\libg_nano.a(lib_a-malloc.o)
 .debug_frame   0x000029a4       0x28 c:/program files (x86)/cypress/psoc creator/4.4/psoc creator/import/gnu/arm/5.4.1/bin/../lib/gcc/arm-none-eabi/5.4.1/../../../../arm-none-eabi/lib/armv7-m\libg_nano.a(lib_a-memchr-stub.o)
 .debug_frame   0x000029cc      0x234 c:/program files (x86)/cypress/psoc creator/4.4/psoc creator/import/gnu/arm/5.4.1/bin/../lib/gcc/arm-none-eabi/5.4.1/../../../../arm-none-eabi/lib/armv7-m\libg_nano.a(lib_a-mprec.o)
 .debug_frame   0x00002c00       0x2c c:/program files (x86)/cypress/psoc creator/4.4/psoc creator/import/gnu/arm/5.4.1/bin/../lib/gcc/arm-none-eabi/5.4.1/../../../../arm-none-eabi/lib/armv7-m\libg_nano.a(lib_a-nano-callocr.o)
 .debug_frame   0x00002c2c       0x38 c:/program files (x86)/cypress/psoc creator/4.4/psoc creator/import/gnu/arm/5.4.1/bin/../lib/gcc/arm-none-eabi/5.4.1/../../../../arm-none-eabi/lib/armv7-m\libg_nano.a(lib_a-nano-freer.o)
 .debug_frame   0x00002c64       0x2c c:/program files (x86)/cypress/psoc creator/4.4/psoc creator/import/gnu/arm/5.4.1/bin/../lib/gcc/arm-none-eabi/5.4.1/../../../../arm-none-eabi/lib/armv7-m\libg_nano.a(lib_a-nano-mallocr.o)
 .debug_frame   0x00002c90       0x2c c:/program files (x86)/cypress/psoc creator/4.4/psoc creator/import/gnu/arm/5.4.1/bin/../lib/gcc/arm-none-eabi/5.4.1/../../../../arm-none-eabi/lib/armv7-m\libg_nano.a(lib_a-sbrkr.o)
 .debug_frame   0x00002cbc       0x20 c:/program files (x86)/cypress/psoc creator/4.4/psoc creator/import/gnu/arm/5.4.1/bin/../lib/gcc/arm-none-eabi/5.4.1/../../../../arm-none-eabi/lib/armv7-m\libg_nano.a(lib_a-strcmp.o)
 .debug_frame   0x00002cdc       0x30 c:/program files (x86)/cypress/psoc creator/4.4/psoc creator/import/gnu/arm/5.4.1/bin/../lib/gcc/arm-none-eabi/5.4.1/../../../../arm-none-eabi/lib/armv7-m\libg_nano.a(lib_a-mlock.o)
 .debug_frame   0x00002d0c       0x5c c:/program files (x86)/cypress/psoc creator/4.4/psoc creator/import/gnu/arm/5.4.1/bin/../lib/gcc/arm-none-eabi/5.4.1/../../../../arm-none-eabi/lib/armv7-m\libg_nano.a(lib_a-reent.o)

.debug_str      0x00000000     0x3916
 *(.debug_str)
 .debug_str     0x00000000      0x670 .\CortexM3\ARM_GCC_541\Debug\main.o
                                0x6f4 (size before relaxing)
 .debug_str     0x00000670        0x8 .\CortexM3\ARM_GCC_541\Debug\store.o
                                 0xe7 (size before relaxing)
 .debug_str     0x00000678      0x17a .\CortexM3\ARM_GCC_541\Debug\cyfitter_cfg.o
                                0x324 (size before relaxing)
 .debug_str     0x000007f2       0x7f .\CortexM3\ARM_GCC_541\Debug\cymetadata.o
                                0x1f3 (size before relaxing)
 .debug_str     0x00000871      0x13e .\CortexM3\ARM_GCC_541\Debug\Cm3Start.o
                                0x319 (size before relaxing)
 .debug_str     0x000009af       0x5f .\CortexM3\ARM_GCC_541\Debug\Design_301_project.a(M2_D1.o)
                                0x1f1 (size before relaxing)
 .debug_str     0x00000a0e      0x168 .\CortexM3\ARM_GCC_541\Debug\Design_301_project.a(QuadDec_M1.o)
                                0x359 (size before relaxing)
 .debug_str     0x00000b76      0x11e .\CortexM3\ARM_GCC_541\Debug\Design_301_project.a(QuadDec_M2.o)
                                0x359 (size before relaxing)