Archive member included to satisfy reference by file (symbol)

.\CortexM3\ARM_GCC_541\Debug\Design_301_project.a(M2_D1.o)
                              .\CortexM3\ARM_GCC_541\Debug\main.o (M2_D1_Write)
.\CortexM3\ARM_GCC_541\Debug\Design_301_project.a(QuadDec_M1.o)
                              .\CortexM3\ARM_GCC_541\Debug\main.o (QuadDec_M1_GetCounter)
.\CortexM3\ARM_GCC_541\Debug\Design_301_project.a(QuadDec_M2.o)
                              .\CortexM3\ARM_GCC_541\Debug\main.o (QuadDec_M2_GetCounter)
.\CortexM3\ARM_GCC_541\Debug\Design_301_project.a(PWM_1.o)
                              .\CortexM3\ARM_GCC_541\Debug\main.o (PWM_1_WriteCompare)
.\CortexM3\ARM_GCC_541\Debug\Design_301_project.a(PWM_1_PM.o)
                              .\CortexM3\ARM_GCC_541\Debug\main.o (PWM_1_SaveConfig)
.\CortexM3\ARM_GCC_541\Debug\Design_301_project.a(PWM_2.o)
                              .\CortexM3\ARM_GCC_541\Debug\main.o (PWM_2_WriteCompare)
.\CortexM3\ARM_GCC_541\Debug\Design_301_project.a(PWM_2_PM.o)
                              .\CortexM3\ARM_GCC_541\Debug\main.o (PWM_2_SaveConfig)
.\CortexM3\ARM_GCC_541\Debug\Design_301_project.a(Timer_1.o)
                              .\CortexM3\ARM_GCC_541\Debug\main.o (Timer_1_Enable)
.\CortexM3\ARM_GCC_541\Debug\Design_301_project.a(isr_US.o)
                              .\CortexM3\ARM_GCC_541\Debug\main.o (isr_US_StartEx)
.\CortexM3\ARM_GCC_541\Debug\Design_301_project.a(USBUART.o)
                              .\CortexM3\ARM_GCC_541\Debug\main.o (USBUART_Start)
.\CortexM3\ARM_GCC_541\Debug\Design_301_project.a(USBUART_cdc.o)
                              .\CortexM3\ARM_GCC_541\Debug\main.o (USBUART_CDC_Init)
.\CortexM3\ARM_GCC_541\Debug\Design_301_project.a(USBUART_drv.o)
                              .\CortexM3\ARM_GCC_541\Debug\Design_301_project.a(USBUART.o) (USBUART_lastPacketSize)
.\CortexM3\ARM_GCC_541\Debug\Design_301_project.a(USBUART_episr.o)
                              .\CortexM3\ARM_GCC_541\Debug\Design_301_project.a(USBUART.o) (USBUART_EP_1_ISR)
.\CortexM3\ARM_GCC_541\Debug\Design_301_project.a(USBUART_pm.o)
                              .\CortexM3\ARM_GCC_541\Debug\Design_301_project.a(USBUART.o) (USBUART_DP_ISR)
.\CortexM3\ARM_GCC_541\Debug\Design_301_project.a(USBUART_std.o)
                              .\CortexM3\ARM_GCC_541\Debug\Design_301_project.a(USBUART_pm.o) (USBUART_ConfigReg)
.\CortexM3\ARM_GCC_541\Debug\Design_301_project.a(USBUART_vnd.o)
                              .\CortexM3\ARM_GCC_541\Debug\Design_301_project.a(USBUART_drv.o) (USBUART_HandleVendorRqst)
.\CortexM3\ARM_GCC_541\Debug\Design_301_project.a(RF_BT_SELECT.o)
                              .\CortexM3\ARM_GCC_541\Debug\main.o (RF_BT_SELECT_Write)
.\CortexM3\ARM_GCC_541\Debug\Design_301_project.a(Vo6.o)
                              .\CortexM3\ARM_GCC_541\Debug\main.o (Vo6_Read)
.\CortexM3\ARM_GCC_541\Debug\Design_301_project.a(Vo1.o)
                              .\CortexM3\ARM_GCC_541\Debug\main.o (Vo1_Read)
.\CortexM3\ARM_GCC_541\Debug\Design_301_project.a(Vo2.o)
                              .\CortexM3\ARM_GCC_541\Debug\main.o (Vo2_Read)
.\CortexM3\ARM_GCC_541\Debug\Design_301_project.a(Vo5.o)
                              .\CortexM3\ARM_GCC_541\Debug\main.o (Vo5_Read)
.\CortexM3\ARM_GCC_541\Debug\Design_301_project.a(Vo3.o)
                              .\CortexM3\ARM_GCC_541\Debug\main.o (Vo3_Read)
.\CortexM3\ARM_GCC_541\Debug\Design_301_project.a(Vo4.o)
                              .\CortexM3\ARM_GCC_541\Debug\main.o (Vo4_Read)
.\CortexM3\ARM_GCC_541\Debug\Design_301_project.a(M1_D1.o)
                              .\CortexM3\ARM_GCC_541\Debug\main.o (M1_D1_Write)
.\CortexM3\ARM_GCC_541\Debug\Design_301_project.a(Timer_2.o)
                              .\CortexM3\ARM_GCC_541\Debug\main.o (Timer_2_Init)
.\CortexM3\ARM_GCC_541\Debug\Design_301_project.a(Timer_2_PM.o)
                              .\CortexM3\ARM_GCC_541\Debug\main.o (Timer_2_Sleep)
.\CortexM3\ARM_GCC_541\Debug\Design_301_project.a(isr_T2.o)
                              .\CortexM3\ARM_GCC_541\Debug\main.o (isr_T2_StartEx)
.\CortexM3\ARM_GCC_541\Debug\Design_301_project.a(QuadDec_M1_Cnt16.o)
                              .\CortexM3\ARM_GCC_541\Debug\Design_301_project.a(QuadDec_M1.o) (QuadDec_M1_Cnt16_Stop)
.\CortexM3\ARM_GCC_541\Debug\Design_301_project.a(QuadDec_M2_Cnt16.o)
                              .\CortexM3\ARM_GCC_541\Debug\Design_301_project.a(QuadDec_M2.o) (QuadDec_M2_Cnt16_Stop)
.\CortexM3\ARM_GCC_541\Debug\Design_301_project.a(USBUART_Dp.o)
                              .\CortexM3\ARM_GCC_541\Debug\Design_301_project.a(USBUART.o) (USBUART_Dp_ClearInterrupt)
.\CortexM3\ARM_GCC_541\Debug\Design_301_project.a(CyLib.o)
                              .\CortexM3\ARM_GCC_541\Debug\Cm3Start.o (CyHalt)
.\CortexM3\ARM_GCC_541\Debug\Design_301_project.a(cyPm.o)
                              .\CortexM3\ARM_GCC_541\Debug\Design_301_project.a(CyLib.o) (CyPmReadStatus)
[...]
Memory Configuration

Name             Origin             Length             Attributes
rom              0x00000000         0x00040000         xr
ram              0x1fff8000         0x00010000         xrw
*default*        0x00000000         0xffffffff

Linker script and memory map

LOAD d:/psoc creator/4.4/psoc creator/import/gnu/arm/5.4.1/bin/../lib/gcc/arm-none-eabi/5.4.1/armv7-m/crti.o
LOAD d:/psoc creator/4.4/psoc creator/import/gnu/arm/5.4.1/bin/../lib/gcc/arm-none-eabi/5.4.1/armv7-m/crtbegin.o
LOAD d:/psoc creator/4.4/psoc creator/import/gnu/arm/5.4.1/bin/../lib/gcc/arm-none-eabi/5.4.1/../../../../arm-none-eabi/lib/armv7-m/crt0.o
START GROUP
LOAD .\CortexM3\ARM_GCC_541\Debug\main.o
LOAD .\CortexM3\ARM_GCC_541\Debug\store.o
LOAD .\CortexM3\ARM_GCC_541\Debug\cyfitter_cfg.o
LOAD .\CortexM3\ARM_GCC_541\Debug\cymetadata.o
LOAD .\CortexM3\ARM_GCC_541\Debug\Cm3Start.o
LOAD .\CortexM3\ARM_GCC_541\Debug\Design_301_project.a
LOAD D:\PSoC Creator\4.4\PSoC Creator\psoc\content\cycomponentlibrary\CyComponentLibrary.cylib\CortexM3\ARM_GCC_541\Debug\CyComponentLibrary.a
END GROUP
START GROUP
LOAD d:/psoc creator/4.4/psoc creator/import/gnu/arm/5.4.1/bin/../lib/gcc/arm-none-eabi/5.4.1/armv7-m\libgcc.a
LOAD d:/psoc creator/4.4/psoc creator/import/gnu/arm/5.4.1/bin/../lib/gcc/arm-none-eabi/5.4.1/../../../../arm-none-eabi/lib/armv7-m\libg_nano.a
LOAD d:/psoc creator/4.4/psoc creator/import/gnu/arm/5.4.1/bin/../lib/gcc/arm-none-eabi/5.4.1/../../../../arm-none-eabi/lib/armv7-m\libc_nano.a
END GROUP
START GROUP
LOAD d:/psoc creator/4.4/psoc creator/import/gnu/arm/5.4.1/bin/../lib/gcc/arm-none-eabi/5.4.1/armv7-m\libgcc.a
LOAD d:/psoc creator/4.4/psoc creator/import/gnu/arm/5.4.1/bin/../lib/gcc/arm-none-eabi/5.4.1/../../../../arm-none-eabi/lib/armv7-m\libc_nano.a
END GROUP
LOAD d:/psoc creator/4.4/psoc creator/import/gnu/arm/5.4.1/bin/../lib/gcc/arm-none-eabi/5.4.1/armv7-m/crtend.o
LOAD d:/psoc creator/4.4/psoc creator/import/gnu/arm/5.4.1/bin/../lib/gcc/arm-none-eabi/5.4.1/armv7-m/crtn.o
START GROUP
LOAD d:/psoc creator/4.4/psoc creator/import/gnu/arm/5.4.1/bin/../lib/gcc/arm-none-eabi/5.4.1/armv7-m\libgcc.a
LOAD d:/psoc creator/4.4/psoc creator/import/gnu/arm/5.4.1/bin/../lib/gcc/arm-none-eabi/5.4.1/../../../../arm-none-eabi/lib/armv7-m\libc.a
LOAD d:/psoc creator/4.4/psoc creator/import/gnu/arm/5.4.1/bin/../lib/gcc/arm-none-eabi/5.4.1/../../../../arm-none-eabi/lib/armv7-m\libnosys.a
END GROUP
                0x00000000                CY_APPL_ORIGIN = 0x0
                0x00000100                CY_FLASH_ROW_SIZE = 0x100
                0x00000020                CY_ECC_ROW_SIZE = 0x20
                0x00000000                CY_EE_IN_BTLDR = 0x0
                0x00000000                CY_APPL_LOADABLE = 0x0
                0x00000800                CY_EE_SIZE = 0x800
                0x00000001                CY_APPL_NUM = 0x1
                0x00000001                CY_APPL_MAX = 0x1
                0x00000040                CY_METADATA_SIZE = 0x40
                0x00000000                CY_APPL_LOADABLE = 0x0
                0x00000000                CY_CHECKSUM_EXCLUDE_SIZE = ALIGN (0x0, CY_FLASH_ROW_SIZE)
                [!provide]                PROVIDE (__cy_heap_start, _end)
                0x00000001                PROVIDE (__cy_region_num, ((__cy_regions_end - __cy_regions) / 0x10))
                0x20008000                PROVIDE (__cy_stack, (ORIGIN (ram) + LENGTH (ram)))
                [!provide]                PROVIDE (__cy_heap_end, (__cy_stack - 0x800))

.cybootloader   0x00000000        0x0
 *(.cybootloader)
                0x00000000                appl1_start = CY_APPL_ORIGIN?CY_APPL_ORIGIN:ALIGN (CY_FLASH_ROW_SIZE)
                0x0001ff00                appl2_start = (appl1_start + ALIGN ((((LENGTH (rom) - appl1_start) - (0x2 * CY_FLASH_ROW_SIZE)) / 0x2), CY_FLASH_ROW_SIZE))
                0x00000000                appl_start = (CY_APPL_NUM == 0x1)?appl1_start:appl2_start
                0x00000000                ecc_offset = ((appl_start / CY_FLASH_ROW_SIZE) * CY_ECC_ROW_SIZE)
                0x00000000                ee_offset = (CY_APPL_LOADABLE && ! (CY_EE_IN_BTLDR))?((CY_EE_SIZE / CY_APPL_MAX) * (CY_APPL_NUM - 0x1)):0x0
                0x00000800                ee_size = (CY_APPL_LOADABLE && ! (CY_EE_IN_BTLDR))?(CY_EE_SIZE / CY_APPL_MAX):CY_EE_SIZE
                [!provide]                PROVIDE (CY_ECC_OFFSET, ecc_offset)

.text           0x00000000     0x47c4
 CREATE_OBJECT_SYMBOLS
                0x00000000                PROVIDE (__cy_interrupt_vector, RomVectors)
 *(.romvectors)
 .romvectors    0x00000000       0x10 .\CortexM3\ARM_GCC_541\Debug\Cm3Start.o
                0x00000000                RomVectors
                0x00000001                ASSERT ((. != __cy_interrupt_vector), No interrupt vector)
                0x00000001                ASSERT (CY_APPL_ORIGIN?(SIZEOF (.cybootloader) <= CY_APPL_ORIGIN):0x1, Wrong image location)
                0x00000010                PROVIDE (__cy_reset, Reset)
 *(.text.Reset)
 .text.Reset    0x00000010       0x18 .\CortexM3\ARM_GCC_541\Debug\Cm3Start.o
                0x00000010                Reset
                0x00000001                ASSERT ((. != __cy_reset), No reset code)
 *(.dma_init)
                0x00000001                ASSERT ((((appl_start + .) <= 0x10000) || 0x1), DMA Init must be within the first 64k of flash)
 *(.text .text.* .gnu.linkonce.t.*)
 .text          0x00000028       0x5c d:/psoc creator/4.4/psoc creator/import/gnu/arm/5.4.1/bin/../lib/gcc/arm-none-eabi/5.4.1/armv7-m/crtbegin.o
 .text.isr_UpdateState
                0x00000084       0x54 .\CortexM3\ARM_GCC_541\Debug\main.o
                0x00000084                isr_UpdateState
 .text.isr_StopInterval
                0x000000d8        0x4 .\CortexM3\ARM_GCC_541\Debug\main.o
                0x000000d8                isr_StopInterval
 .text.M1_set_speed
                0x000000dc       0x6c .\CortexM3\ARM_GCC_541\Debug\main.o
                0x000000dc                M1_set_speed
 .text.M2_set_speed
                0x00000148       0x5c .\CortexM3\ARM_GCC_541\Debug\main.o
                0x00000148                M2_set_speed
 .text.decide_motion
                0x000001a4       0xd0 .\CortexM3\ARM_GCC_541\Debug\main.o
                0x000001a4                decide_motion
 *fill*         0x00000274        0x4 
 .text.bias_check
                0x00000278      0x11c .\CortexM3\ARM_GCC_541\Debug\main.o
                0x00000278                bias_check
 .text.movement
                0x00000394       0xfc .\CortexM3\ARM_GCC_541\Debug\main.o
                0x00000394                movement
 .text.main     0x00000490       0xa8 .\CortexM3\ARM_GCC_541\Debug\main.o
                0x00000490                main
 .text.CyClockStartupError
                0x00000538        0x4 .\CortexM3\ARM_GCC_541\Debug\cyfitter_cfg.o
 .text.cfg_write_bytes32
                0x0000053c       0x34 .\CortexM3\ARM_GCC_541\Debug\cyfitter_cfg.o
 .text.AnalogSetDefault
                0x00000570       0x28 .\CortexM3\ARM_GCC_541\Debug\cyfitter_cfg.o
 .text.CYMEMZERO
                0x00000598        0xc .\CortexM3\ARM_GCC_541\Debug\cyfitter_cfg.o
 .text.ClockSetup
                0x000005a4       0xe4 .\CortexM3\ARM_GCC_541\Debug\cyfitter_cfg.o
 .text.CYCONFIGCPY
                0x00000688        0x8 .\CortexM3\ARM_GCC_541\Debug\cyfitter_cfg.o
 .text.cyfitter_cfg
                0x00000690      0x128 .\CortexM3\ARM_GCC_541\Debug\cyfitter_cfg.o
                0x00000690                cyfitter_cfg
 .text.IntDefaultHandler
                0x000007b8       0x10 .\CortexM3\ARM_GCC_541\Debug\Cm3Start.o
                0x000007b8                IntDefaultHandler
 .text._sbrk    0x000007c8       0x30 .\CortexM3\ARM_GCC_541\Debug\Cm3Start.o
                0x000007c8                _sbrk
 .text.Start_c  0x000007f8       0x4c .\CortexM3\ARM_GCC_541\Debug\Cm3Start.o
                0x000007f8                Start_c
 .text.initialize_psoc
                0x00000844       0x68 .\CortexM3\ARM_GCC_541\Debug\Cm3Start.o
                0x00000844                initialize_psoc
 .text.M2_D1_Write
                0x000008ac       0x18 .\CortexM3\ARM_GCC_541\Debug\Design_301_project.a(M2_D1.o)
                0x000008ac                M2_D1_Write
 .text.QuadDec_M1_GetCounter
                0x000008c4       0x10 .\CortexM3\ARM_GCC_541\Debug\Design_301_project.a(QuadDec_M1.o)
                0x000008c4                QuadDec_M1_GetCounter
 .text.QuadDec_M1_SetCounter
                0x000008d4       0x1c .\CortexM3\ARM_GCC_541\Debug\Design_301_project.a(QuadDec_M1.o)
                0x000008d4                QuadDec_M1_SetCounter
 .text.QuadDec_M1_GetEvents
                0x000008f0       0x10 .\CortexM3\ARM_GCC_541\Debug\Design_301_project.a(QuadDec_M1.o)
                0x000008f0                QuadDec_M1_GetEvents
 .text.QuadDec_M1_SetInterruptMask
                0x00000900        0xc .\CortexM3\ARM_GCC_541\Debug\Design_301_project.a(QuadDec_M1.o)
                0x00000900                QuadDec_M1_SetInterruptMask
 .text.QuadDec_M1_Enable
                0x0000090c       0x24 .\CortexM3\ARM_GCC_541\Debug\Design_301_project.a(QuadDec_M1.o)
                0x0000090c                QuadDec_M1_Enable
 .text.QuadDec_M1_Start
                0x00000930       0x24 .\CortexM3\ARM_GCC_541\Debug\Design_301_project.a(QuadDec_M1.o)
                0x00000930                QuadDec_M1_Start
 .text.QuadDec_M2_GetCounter
                0x00000954       0x10 .\CortexM3\ARM_GCC_541\Debug\Design_301_project.a(QuadDec_M2.o)
                0x00000954                QuadDec_M2_GetCounter
 .text.QuadDec_M2_SetCounter
                0x00000964       0x1c .\CortexM3\ARM_GCC_541\Debug\Design_301_project.a(QuadDec_M2.o)
                0x00000964                QuadDec_M2_SetCounter
 .text.QuadDec_M2_GetEvents
                0x00000980       0x10 .\CortexM3\ARM_GCC_541\Debug\Design_301_project.a(QuadDec_M2.o)
                0x00000980                QuadDec_M2_GetEvents
 .text.QuadDec_M2_SetInterruptMask
                0x00000990        0xc .\CortexM3\ARM_GCC_541\Debug\Design_301_project.a(QuadDec_M2.o)
                0x00000990                QuadDec_M2_SetInterruptMask
 .text.QuadDec_M2_Enable
                0x0000099c       0x24 .\CortexM3\ARM_GCC_541\Debug\Design_301_project.a(QuadDec_M2.o)
                0x0000099c                QuadDec_M2_Enable
 .text.QuadDec_M2_Start
                0x000009c0       0x24 .\CortexM3\ARM_GCC_541\Debug\Design_301_project.a(QuadDec_M2.o)
                0x000009c0                QuadDec_M2_Start
 .text.PWM_1_Enable
                0x000009e4       0x28 .\CortexM3\ARM_GCC_541\Debug\Design_301_project.a(PWM_1.o)
                0x000009e4                PWM_1_Enable
 .text.PWM_1_WritePeriod
                0x00000a0c        0xc .\CortexM3\ARM_GCC_541\Debug\Design_301_project.a(PWM_1.o)
                0x00000a0c                PWM_1_WritePeriod
 .text.PWM_1_WriteCompare
                0x00000a18        0xc .\CortexM3\ARM_GCC_541\Debug\Design_301_project.a(PWM_1.o)
                0x00000a18                PWM_1_WriteCompare
 .text.PWM_1_SetInterruptMode
                0x00000a24        0xc .\CortexM3\ARM_GCC_541\Debug\Design_301_project.a(PWM_1.o)
                0x00000a24                PWM_1_SetInterruptMode
 .text.PWM_1_Init
                0x00000a30       0x74 .\CortexM3\ARM_GCC_541\Debug\Design_301_project.a(PWM_1.o)
                0x00000a30                PWM_1_Init
 .text.PWM_1_Start
                0x00000aa4       0x1c .\CortexM3\ARM_GCC_541\Debug\Design_301_project.a(PWM_1.o)
                0x00000aa4                PWM_1_Start
 .text.PWM_1_ReadPeriod
                0x00000ac0        0xc .\CortexM3\ARM_GCC_541\Debug\Design_301_project.a(PWM_1.o)
                0x00000ac0                PWM_1_ReadPeriod
 .text.PWM_1_SaveConfig
                0x00000acc        0x4 .\CortexM3\ARM_GCC_541\Debug\Design_301_project.a(PWM_1_PM.o)
                0x00000acc                PWM_1_SaveConfig
 .text.PWM_2_Enable
                0x00000ad0       0x28 .\CortexM3\ARM_GCC_541\Debug\Design_301_project.a(PWM_2.o)
                0x00000ad0                PWM_2_Enable
 .text.PWM_2_WritePeriod
                0x00000af8        0xc .\CortexM3\ARM_GCC_541\Debug\Design_301_project.a(PWM_2.o)
                0x00000af8                PWM_2_WritePeriod
 .text.PWM_2_WriteCompare
                0x00000b04        0xc .\CortexM3\ARM_GCC_541\Debug\Design_301_project.a(PWM_2.o)
                0x00000b04                PWM_2_WriteCompare
 .text.PWM_2_SetInterruptMode
                0x00000b10        0xc .\CortexM3\ARM_GCC_541\Debug\Design_301_project.a(PWM_2.o)
                0x00000b10                PWM_2_SetInterruptMode
 .text.PWM_2_Init
                0x00000b1c       0x74 .\CortexM3\ARM_GCC_541\Debug\Design_301_project.a(PWM_2.o)
                0x00000b1c                PWM_2_Init
 .text.PWM_2_Start
                0x00000b90       0x1c .\CortexM3\ARM_GCC_541\Debug\Design_301_project.a(PWM_2.o)
                0x00000b90                PWM_2_Start
 .text.PWM_2_ReadPeriod
                0x00000bac        0xc .\CortexM3\ARM_GCC_541\Debug\Design_301_project.a(PWM_2.o)
                0x00000bac                PWM_2_ReadPeriod
 .text.PWM_2_SaveConfig
                0x00000bb8        0x4 .\CortexM3\ARM_GCC_541\Debug\Design_301_project.a(PWM_2_PM.o)
                0x00000bb8                PWM_2_SaveConfig
 .text.Timer_1_Enable
                0x00000bbc       0x28 .\CortexM3\ARM_GCC_541\Debug\Design_301_project.a(Timer_1.o)
                0x00000bbc                Timer_1_Enable
 .text.Timer_1_SetInterruptMode
                0x00000be4        0xc .\CortexM3\ARM_GCC_541\Debug\Design_301_project.a(Timer_1.o)
                0x00000be4                Timer_1_SetInterruptMode
 .text.Timer_1_WritePeriod
                0x00000bf0        0xc .\CortexM3\ARM_GCC_541\Debug\Design_301_project.a(Timer_1.o)
                0x00000bf0                Timer_1_WritePeriod
 .text.Timer_1_WriteCounter
                0x00000bfc        0xc .\CortexM3\ARM_GCC_541\Debug\Design_301_project.a(Timer_1.o)
                0x00000bfc                Timer_1_WriteCounter
 .text.Timer_1_Init
                0x00000c08       0x64 .\CortexM3\ARM_GCC_541\Debug\Design_301_project.a(Timer_1.o)
                0x00000c08                Timer_1_Init
 .text.Timer_1_Start
                0x00000c6c       0x1c .\CortexM3\ARM_GCC_541\Debug\Design_301_project.a(Timer_1.o)
                0x00000c6c                Timer_1_Start
 .text.isr_US_SetVector
                0x00000c88        0xc .\CortexM3\ARM_GCC_541\Debug\Design_301_project.a(isr_US.o)
                0x00000c88                isr_US_SetVector
 .text.isr_US_SetPriority
                0x00000c94       0x10 .\CortexM3\ARM_GCC_541\Debug\Design_301_project.a(isr_US.o)
                0x00000c94                isr_US_SetPriority
 .text.isr_US_Enable
                0x00000ca4        0xc .\CortexM3\ARM_GCC_541\Debug\Design_301_project.a(isr_US.o)
                0x00000ca4                isr_US_Enable
 .text.isr_US_Disable
                0x00000cb0        0xc .\CortexM3\ARM_GCC_541\Debug\Design_301_project.a(isr_US.o)
                0x00000cb0                isr_US_Disable
 .text.isr_US_StartEx
                0x00000cbc       0x1c .\CortexM3\ARM_GCC_541\Debug\Design_301_project.a(isr_US.o)
                0x00000cbc                isr_US_StartEx
 .text.USBUART_Init
                0x00000cd8      0x140 .\CortexM3\ARM_GCC_541\Debug\Design_301_project.a(USBUART.o)
                0x00000cd8                USBUART_Init
 .text.USBUART_InitComponent
                0x00000e18       0xb8 .\CortexM3\ARM_GCC_541\Debug\Design_301_project.a(USBUART.o)
                0x00000e18                USBUART_InitComponent
 .text.USBUART_Start
                0x00000ed0       0x24 .\CortexM3\ARM_GCC_541\Debug\Design_301_project.a(USBUART.o)
                0x00000ed0                USBUART_Start
 .text.USBUART_ReInitComponent
                0x00000ef4       0x4c .\CortexM3\ARM_GCC_541\Debug\Design_301_project.a(USBUART.o)
                0x00000ef4                USBUART_ReInitComponent
 .text.USBUART_GetInterfaceComPort
                0x00000f40       0x38 .\CortexM3\ARM_GCC_541\Debug\Design_301_project.a(USBUART_cdc.o)
                0x00000f40                USBUART_GetInterfaceComPort
 .text.USBUART_DispatchCDCClassRqst
                0x00000f78       0x98 .\CortexM3\ARM_GCC_541\Debug\Design_301_project.a(USBUART_cdc.o)
                0x00000f78                USBUART_DispatchCDCClassRqst
 .text.USBUART_Cdc_EpInit
                0x00001010       0x50 .\CortexM3\ARM_GCC_541\Debug\Design_301_project.a(USBUART_cdc.o)
                0x00001010                USBUART_Cdc_EpInit
 .text.USBUART_LoadEP0
                0x00001060       0x98 .\CortexM3\ARM_GCC_541\Debug\Design_301_project.a(USBUART_drv.o)
                0x00001060                USBUART_LoadEP0
 .text.USBUART_InitZeroLengthControlTransfer
                0x000010f8       0x34 .\CortexM3\ARM_GCC_541\Debug\Design_301_project.a(USBUART_drv.o)
                0x000010f8                USBUART_InitZeroLengthControlTransfer
 .text.USBUART_ControlReadDataStage
                0x0000112c        0x8 .\CortexM3\ARM_GCC_541\Debug\Design_301_project.a(USBUART_drv.o)
                0x0000112c                USBUART_ControlReadDataStage
 .text.USBUART_ControlWriteDataStage
                0x00001134       0x84 .\CortexM3\ARM_GCC_541\Debug\Design_301_project.a(USBUART_drv.o)
                0x00001134                USBUART_ControlWriteDataStage
 .text.USBUART_InitNoDataControlTransfer
                0x000011b8       0x2c .\CortexM3\ARM_GCC_541\Debug\Design_301_project.a(USBUART_drv.o)
                0x000011b8                USBUART_InitNoDataControlTransfer
 .text.USBUART_UpdateStatusBlock
                0x000011e4       0x24 .\CortexM3\ARM_GCC_541\Debug\Design_301_project.a(USBUART_drv.o)
                0x000011e4                USBUART_UpdateStatusBlock
 .text.USBUART_HandleSetup
                0x00001208       0x5c .\CortexM3\ARM_GCC_541\Debug\Design_301_project.a(USBUART_drv.o)
                0x00001208                USBUART_HandleSetup
 .text.USBUART_ControlReadStatusStage
                0x00001264       0x38 .\CortexM3\ARM_GCC_541\Debug\Design_301_project.a(USBUART_drv.o)
                0x00001264                USBUART_ControlReadStatusStage
 .text.USBUART_HandleOUT
                0x0000129c       0x38 .\CortexM3\ARM_GCC_541\Debug\Design_301_project.a(USBUART_drv.o)
                0x0000129c                USBUART_HandleOUT
 .text.USBUART_ControlWriteStatusStage
                0x000012d4       0x20 .\CortexM3\ARM_GCC_541\Debug\Design_301_project.a(USBUART_drv.o)
                0x000012d4                USBUART_ControlWriteStatusStage
 .text.USBUART_NoDataControlStatusStage
                0x000012f4       0x40 .\CortexM3\ARM_GCC_541\Debug\Design_301_project.a(USBUART_drv.o)
                0x000012f4                USBUART_NoDataControlStatusStage
 .text.USBUART_HandleIN
                0x00001334       0x2c .\CortexM3\ARM_GCC_541\Debug\Design_301_project.a(USBUART_drv.o)
                0x00001334                USBUART_HandleIN
 .text.USBUART_EP_0_ISR
                0x00001360       0xb8 .\CortexM3\ARM_GCC_541\Debug\Design_301_project.a(USBUART_drv.o)
                0x00001360                USBUART_EP_0_ISR
 .text.USBUART_InitializeStatusBlock
                0x00001418       0x24 .\CortexM3\ARM_GCC_541\Debug\Design_301_project.a(USBUART_drv.o)
                0x00001418                USBUART_InitializeStatusBlock
 .text.USBUART_InitControlRead
                0x0000143c       0x50 .\CortexM3\ARM_GCC_541\Debug\Design_301_project.a(USBUART_drv.o)
                0x0000143c                USBUART_InitControlRead
 .text.USBUART_InitControlWrite
                0x0000148c       0x48 .\CortexM3\ARM_GCC_541\Debug\Design_301_project.a(USBUART_drv.o)
                0x0000148c                USBUART_InitControlWrite
 .text.USBUART_EP_1_ISR
                0x000014d4       0x30 .\CortexM3\ARM_GCC_541\Debug\Design_301_project.a(USBUART_episr.o)
                0x000014d4                USBUART_EP_1_ISR
 .text.USBUART_EP_2_ISR
                0x00001504       0x34 .\CortexM3\ARM_GCC_541\Debug\Design_301_project.a(USBUART_episr.o)
                0x00001504                USBUART_EP_2_ISR
 .text.USBUART_EP_3_ISR
                0x00001538       0x3c .\CortexM3\ARM_GCC_541\Debug\Design_301_project.a(USBUART_episr.o)
                0x00001538                USBUART_EP_3_ISR
 .text.USBUART_SOF_ISR
                0x00001574        0x4 .\CortexM3\ARM_GCC_541\Debug\Design_301_project.a(USBUART_episr.o)
                0x00001574                USBUART_SOF_ISR
 .text.USBUART_BUS_RESET_ISR
                0x00001578        0x8 .\CortexM3\ARM_GCC_541\Debug\Design_301_project.a(USBUART_episr.o)
                0x00001578                USBUART_BUS_RESET_ISR
 .text.USBUART_DP_ISR
                0x00001580        0x8 .\CortexM3\ARM_GCC_541\Debug\Design_301_project.a(USBUART_pm.o)
                0x00001580                USBUART_DP_ISR
 .text.USBUART_ReadDieID
                0x00001588       0x6c .\CortexM3\ARM_GCC_541\Debug\Design_301_project.a(USBUART_std.o)
                0x00001588                USBUART_ReadDieID
 .text.USBUART_ConfigReg
                0x000015f4       0xa4 .\CortexM3\ARM_GCC_541\Debug\Design_301_project.a(USBUART_std.o)
                0x000015f4                USBUART_ConfigReg
 .text.USBUART_GetConfigTablePtr
                0x00001698       0x28 .\CortexM3\ARM_GCC_541\Debug\Design_301_project.a(USBUART_std.o)
                0x00001698                USBUART_GetConfigTablePtr
 .text.USBUART_ConfigAltChanged
                0x000016c0      0x11c .\CortexM3\ARM_GCC_541\Debug\Design_301_project.a(USBUART_std.o)
                0x000016c0                USBUART_ConfigAltChanged
 .text.USBUART_GetDeviceTablePtr
                0x000017dc       0x18 .\CortexM3\ARM_GCC_541\Debug\Design_301_project.a(USBUART_std.o)
                0x000017dc                USBUART_GetDeviceTablePtr
 .text.USBUART_GetInterfaceClassTablePtr
                0x000017f4       0x28 .\CortexM3\ARM_GCC_541\Debug\Design_301_project.a(USBUART_std.o)
                0x000017f4                USBUART_GetInterfaceClassTablePtr
 .text.USBUART_Config
                0x0000181c      0x1e4 .\CortexM3\ARM_GCC_541\Debug\Design_301_project.a(USBUART_std.o)
                0x0000181c                USBUART_Config
 .text.USBUART_SetEndpointHalt
                0x00001a00       0x64 .\CortexM3\ARM_GCC_541\Debug\Design_301_project.a(USBUART_std.o)
                0x00001a00                USBUART_SetEndpointHalt
 .text.USBUART_ClearEndpointHalt
                0x00001a64       0xac .\CortexM3\ARM_GCC_541\Debug\Design_301_project.a(USBUART_std.o)
                0x00001a64                USBUART_ClearEndpointHalt
 .text.USBUART_ValidateAlternateSetting
                0x00001b10       0x4c .\CortexM3\ARM_GCC_541\Debug\Design_301_project.a(USBUART_std.o)
                0x00001b10                USBUART_ValidateAlternateSetting
 .text.USBUART_HandleStandardRqst
                0x00001b5c      0x35c .\CortexM3\ARM_GCC_541\Debug\Design_301_project.a(USBUART_std.o)
                0x00001b5c                USBUART_HandleStandardRqst
 .text.USBUART_HandleVendorRqst
                0x00001eb8       0x3c .\CortexM3\ARM_GCC_541\Debug\Design_301_project.a(USBUART_vnd.o)
                0x00001eb8                USBUART_HandleVendorRqst
 .text.RF_BT_SELECT_Write
                0x00001ef4        0xc .\CortexM3\ARM_GCC_541\Debug\Design_301_project.a(RF_BT_SELECT.o)
                0x00001ef4                RF_BT_SELECT_Write
 .text.Vo6_Read
                0x00001f00       0x10 .\CortexM3\ARM_GCC_541\Debug\Design_301_project.a(Vo6.o)
                0x00001f00                Vo6_Read
 .text.Vo1_Read
                0x00001f10       0x10 .\CortexM3\ARM_GCC_541\Debug\Design_301_project.a(Vo1.o)
                0x00001f10                Vo1_Read
 .text.Vo2_Read
                0x00001f20       0x10 .\CortexM3\ARM_GCC_541\Debug\Design_301_project.a(Vo2.o)
                0x00001f20                Vo2_Read
 .text.Vo5_Read
                0x00001f30       0x10 .\CortexM3\ARM_GCC_541\Debug\Design_301_project.a(Vo5.o)
                0x00001f30                Vo5_Read
 .text.Vo3_Read
                0x00001f40        0xc .\CortexM3\ARM_GCC_541\Debug\Design_301_project.a(Vo3.o)
                0x00001f40                Vo3_Read
 .text.Vo4_Read
                0x00001f4c        0xc .\CortexM3\ARM_GCC_541\Debug\Design_301_project.a(Vo4.o)
                0x00001f4c                Vo4_Read
 .text.M1_D1_Write
                0x00001f58       0x18 .\CortexM3\ARM_GCC_541\Debug\Design_301_project.a(M1_D1.o)
                0x00001f58                M1_D1_Write
 .text.Timer_2_Enable
                0x00001f70       0x28 .\CortexM3\ARM_GCC_541\Debug\Design_301_project.a(Timer_2.o)
                0x00001f70                Timer_2_Enable
 .text.Timer_2_Stop
                0x00001f98       0x28 .\CortexM3\ARM_GCC_541\Debug\Design_301_project.a(Timer_2.o)
                0x00001f98                Timer_2_Stop
 .text.Timer_2_SetInterruptMode
                0x00001fc0        0xc .\CortexM3\ARM_GCC_541\Debug\Design_301_project.a(Timer_2.o)
                0x00001fc0                Timer_2_SetInterruptMode
 .text.Timer_2_WritePeriod
                0x00001fcc        0xc .\CortexM3\ARM_GCC_541\Debug\Design_301_project.a(Timer_2.o)
                0x00001fcc                Timer_2_WritePeriod
 .text.Timer_2_WriteCounter
                0x00001fd8        0xc .\CortexM3\ARM_GCC_541\Debug\Design_301_project.a(Timer_2.o)
                0x00001fd8                Timer_2_WriteCounter
 .text.Timer_2_Init
                0x00001fe4       0x64 .\CortexM3\ARM_GCC_541\Debug\Design_301_project.a(Timer_2.o)
                0x00001fe4                Timer_2_Init
 .text.Timer_2_Start
                0x00002048       0x1c .\CortexM3\ARM_GCC_541\Debug\Design_301_project.a(Timer_2.o)
                0x00002048                Timer_2_Start
 .text.Timer_2_Sleep
                0x00002064       0x28 .\CortexM3\ARM_GCC_541\Debug\Design_301_project.a(Timer_2_PM.o)
                0x00002064                Timer_2_Sleep
 .text.isr_T2_SetVector
                0x0000208c        0xc .\CortexM3\ARM_GCC_541\Debug\Design_301_project.a(isr_T2.o)
                0x0000208c                isr_T2_SetVector
 .text.isr_T2_SetPriority
                0x00002098       0x10 .\CortexM3\ARM_GCC_541\Debug\Design_301_project.a(isr_T2.o)
                0x00002098                isr_T2_SetPriority
 .text.isr_T2_Enable
                0x000020a8        0xc .\CortexM3\ARM_GCC_541\Debug\Design_301_project.a(isr_T2.o)
                0x000020a8                isr_T2_Enable
 .text.isr_T2_Disable
                0x000020b4        0xc .\CortexM3\ARM_GCC_541\Debug\Design_301_project.a(isr_T2.o)
                0x000020b4                isr_T2_Disable
 .text.isr_T2_StartEx
                0x000020c0       0x1c .\CortexM3\ARM_GCC_541\Debug\Design_301_project.a(isr_T2.o)
                0x000020c0                isr_T2_StartEx
 .text.QuadDec_M1_Cnt16_Enable
                0x000020dc       0x10 .\CortexM3\ARM_GCC_541\Debug\Design_301_project.a(QuadDec_M1_Cnt16.o)
                0x000020dc                QuadDec_M1_Cnt16_Enable
 .text.QuadDec_M1_Cnt16_SetInterruptMode
                0x000020ec        0xc .\CortexM3\ARM_GCC_541\Debug\Design_301_project.a(QuadDec_M1_Cnt16.o)
                0x000020ec                QuadDec_M1_Cnt16_SetInterruptMode
 .text.QuadDec_M1_Cnt16_ReadStatusRegister
                0x000020f8        0xc .\CortexM3\ARM_GCC_541\Debug\Design_301_project.a(QuadDec_M1_Cnt16.o)
                0x000020f8                QuadDec_M1_Cnt16_ReadStatusRegister
 .text.QuadDec_M1_Cnt16_WriteCounter
                0x00002104        0xc .\CortexM3\ARM_GCC_541\Debug\Design_301_project.a(QuadDec_M1_Cnt16.o)
                0x00002104                QuadDec_M1_Cnt16_WriteCounter
 .text.QuadDec_M1_Cnt16_ReadCounter
                0x00002110       0x14 .\CortexM3\ARM_GCC_541\Debug\Design_301_project.a(QuadDec_M1_Cnt16.o)
                0x00002110                QuadDec_M1_Cnt16_ReadCounter
 .text.QuadDec_M1_Cnt16_ReadCapture
                0x00002124        0xc .\CortexM3\ARM_GCC_541\Debug\Design_301_project.a(QuadDec_M1_Cnt16.o)
                0x00002124                QuadDec_M1_Cnt16_ReadCapture
 .text.QuadDec_M1_Cnt16_WritePeriod
                0x00002130        0xc .\CortexM3\ARM_GCC_541\Debug\Design_301_project.a(QuadDec_M1_Cnt16.o)
                0x00002130                QuadDec_M1_Cnt16_WritePeriod
 .text.QuadDec_M1_Cnt16_WriteCompare
                0x0000213c        0xc .\CortexM3\ARM_GCC_541\Debug\Design_301_project.a(QuadDec_M1_Cnt16.o)
                0x0000213c                QuadDec_M1_Cnt16_WriteCompare
 .text.QuadDec_M1_Cnt16_ClearFIFO
                0x00002148       0x14 .\CortexM3\ARM_GCC_541\Debug\Design_301_project.a(QuadDec_M1_Cnt16.o)
                0x00002148                QuadDec_M1_Cnt16_ClearFIFO
 .text.QuadDec_M1_Cnt16_Init
                0x0000215c       0x58 .\CortexM3\ARM_GCC_541\Debug\Design_301_project.a(QuadDec_M1_Cnt16.o)
                0x0000215c                QuadDec_M1_Cnt16_Init
 .text.QuadDec_M1_Cnt16_Start
                0x000021b4       0x1c .\CortexM3\ARM_GCC_541\Debug\Design_301_project.a(QuadDec_M1_Cnt16.o)
                0x000021b4                QuadDec_M1_Cnt16_Start
 .text.QuadDec_M2_Cnt16_Enable
                0x000021d0       0x10 .\CortexM3\ARM_GCC_541\Debug\Design_301_project.a(QuadDec_M2_Cnt16.o)
                0x000021d0                QuadDec_M2_Cnt16_Enable
 .text.QuadDec_M2_Cnt16_SetInterruptMode
                0x000021e0        0xc .\CortexM3\ARM_GCC_541\Debug\Design_301_project.a(QuadDec_M2_Cnt16.o)
                0x000021e0                QuadDec_M2_Cnt16_SetInterruptMode
 .text.QuadDec_M2_Cnt16_ReadStatusRegister
                0x000021ec        0xc .\CortexM3\ARM_GCC_541\Debug\Design_301_project.a(QuadDec_M2_Cnt16.o)
                0x000021ec                QuadDec_M2_Cnt16_ReadStatusRegister
 .text.QuadDec_M2_Cnt16_WriteCounter
                0x000021f8        0xc .\CortexM3\ARM_GCC_541\Debug\Design_301_project.a(QuadDec_M2_Cnt16.o)
                0x000021f8                QuadDec_M2_Cnt16_WriteCounter
 .text.QuadDec_M2_Cnt16_ReadCounter
                0x00002204       0x14 .\CortexM3\ARM_GCC_541\Debug\Design_301_project.a(QuadDec_M2_Cnt16.o)
                0x00002204                QuadDec_M2_Cnt16_ReadCounter
 .text.QuadDec_M2_Cnt16_ReadCapture
                0x00002218        0xc .\CortexM3\ARM_GCC_541\Debug\Design_301_project.a(QuadDec_M2_Cnt16.o)
                0x00002218                QuadDec_M2_Cnt16_ReadCapture
 .text.QuadDec_M2_Cnt16_WritePeriod
                0x00002224        0xc .\CortexM3\ARM_GCC_541\Debug\Design_301_project.a(QuadDec_M2_Cnt16.o)
                0x00002224                QuadDec_M2_Cnt16_WritePeriod
 .text.QuadDec_M2_Cnt16_WriteCompare
                0x00002230        0xc .\CortexM3\ARM_GCC_541\Debug\Design_301_project.a(QuadDec_M2_Cnt16.o)
                0x00002230                QuadDec_M2_Cnt16_WriteCompare
 .text.QuadDec_M2_Cnt16_ClearFIFO
                0x0000223c       0x14 .\CortexM3\ARM_GCC_541\Debug\Design_301_project.a(QuadDec_M2_Cnt16.o)
                0x0000223c                QuadDec_M2_Cnt16_ClearFIFO
 .text.QuadDec_M2_Cnt16_Init
                0x00002250       0x58 .\CortexM3\ARM_GCC_541\Debug\Design_301_project.a(QuadDec_M2_Cnt16.o)
                0x00002250                QuadDec_M2_Cnt16_Init
 .text.QuadDec_M2_Cnt16_Start
                0x000022a8       0x1c .\CortexM3\ARM_GCC_541\Debug\Design_301_project.a(QuadDec_M2_Cnt16.o)
                0x000022a8                QuadDec_M2_Cnt16_Start
 .text.USBUART_Dp_ClearInterrupt
                0x000022c4       0x10 .\CortexM3\ARM_GCC_541\Debug\Design_301_project.a(USBUART_Dp.o)
                0x000022c4                USBUART_Dp_ClearInterrupt
 .text.CyHalt   0x000022d4        0x4 .\CortexM3\ARM_GCC_541\Debug\Design_301_project.a(CyLib.o)
                0x000022d4                CyHalt
 .text.CyDelayUs
                0x000022d8       0x14 .\CortexM3\ARM_GCC_541\Debug\Design_301_project.a(CyLib.o)
                0x000022d8                CyDelayUs
 .text.CyIntSetVector
                0x000022ec       0x28 .\CortexM3\ARM_GCC_541\Debug\Design_301_project.a(CyLib.o)
                0x000022ec                CyIntSetVector
 .text.CyIntSetPriority
                0x00002314       0x30 .\CortexM3\ARM_GCC_541\Debug\Design_301_project.a(CyLib.o)
                0x00002314                CyIntSetPriority
 .text.CyGetUniqueId
                0x00002344       0x70 .\CortexM3\ARM_GCC_541\Debug\Design_301_project.a(CyLib.o)
                0x00002344                CyGetUniqueId
 *fill*         0x000023b4        0x4 
 .text          0x000023b8       0x20 .\CortexM3\ARM_GCC_541\Debug\Design_301_project.a(CyBootAsmGnu.o)
                0x000023b8                CyDelayCycles
                0x000023c8                CyEnterCriticalSection
                0x000023d0                CyExitCriticalSection
 .text.USBUART_DispatchClassRqst
                0x000023d8       0x60 .\CortexM3\ARM_GCC_541\Debug\Design_301_project.a(USBUART_cls.o)
                0x000023d8                USBUART_DispatchClassRqst
 .text          0x00002438      0x370 d:/psoc creator/4.4/psoc creator/import/gnu/arm/5.4.1/bin/../lib/gcc/arm-none-eabi/5.4.1/armv7-m\libgcc.a(_arm_addsubdf3.o)
                0x00002438                __aeabi_drsub
                0x00002440                __aeabi_dsub
                0x00002440                __subdf3
                0x00002444                __aeabi_dadd
                0x00002444                __adddf3
                0x000026bc                __floatunsidf
                0x000026bc                __aeabi_ui2d
                0x000026dc                __floatsidf
                0x000026dc                __aeabi_i2d
                0x00002700                __aeabi_f2d
                0x00002700                __extendsfdf2
                0x0000273c                __floatundidf
                0x0000273c                __aeabi_ul2d
                0x0000274c                __floatdidf
                0x0000274c                __aeabi_l2d
 .text          0x000027a8      0x424 d:/psoc creator/4.4/psoc creator/import/gnu/arm/5.4.1/bin/../lib/gcc/arm-none-eabi/5.4.1/armv7-m\libgcc.a(_arm_muldivdf3.o)
                0x000027a8                __aeabi_dmul
                0x000027a8                __muldf3
                0x000029fc                __divdf3
                0x000029fc                __aeabi_ddiv
 .text          0x00002bcc      0x110 d:/psoc creator/4.4/psoc creator/import/gnu/arm/5.4.1/bin/../lib/gcc/arm-none-eabi/5.4.1/armv7-m\libgcc.a(_arm_cmpdf2.o)
                0x00002bcc                __gtdf2
                0x00002bcc                __gedf2
                0x00002bd4                __ltdf2
                0x00002bd4                __ledf2
                0x00002bdc                __nedf2
                0x00002bdc                __eqdf2
                0x00002bdc                __cmpdf2
                0x00002c58                __aeabi_cdrcmple
                0x00002c68                __aeabi_cdcmpeq
                0x00002c68                __aeabi_cdcmple
                0x00002c78                __aeabi_dcmpeq
                0x00002c8c                __aeabi_dcmplt
                0x00002ca0                __aeabi_dcmple
                0x00002cb4                __aeabi_dcmpge
                0x00002cc8                __aeabi_dcmpgt
 .text          0x00002cdc       0x40 d:/psoc creator/4.4/psoc creator/import/gnu/arm/5.4.1/bin/../lib/gcc/arm-none-eabi/5.4.1/armv7-m\libgcc.a(_arm_fixunsdfsi.o)
                0x00002cdc                __aeabi_d2uiz
                0x00002cdc                __fixunsdfsi
 .text.__errno  0x00002d1c        0xc d:/psoc creator/4.4/psoc creator/import/gnu/arm/5.4.1/bin/../lib/gcc/arm-none-eabi/5.4.1/../../../../arm-none-eabi/lib/armv7-m\libg_nano.a(lib_a-errno.o)
                0x00002d1c                __errno
 .text.__libc_init_array
                0x00002d28       0x4c d:/psoc creator/4.4/psoc creator/import/gnu/arm/5.4.1/bin/../lib/gcc/arm-none-eabi/5.4.1/../../../../arm-none-eabi/lib/armv7-m\libg_nano.a(lib_a-init.o)
                0x00002d28                __libc_init_array
 .text.memcpy   0x00002d74       0x16 d:/psoc creator/4.4/psoc creator/import/gnu/arm/5.4.1/bin/../lib/gcc/arm-none-eabi/5.4.1/../../../../arm-none-eabi/lib/armv7-m\libg_nano.a(lib_a-memcpy-stub.o)
                0x00002d74                memcpy
 .text.memset   0x00002d8a       0x10 d:/psoc creator/4.4/psoc creator/import/gnu/arm/5.4.1/bin/../lib/gcc/arm-none-eabi/5.4.1/../../../../arm-none-eabi/lib/armv7-m\libg_nano.a(lib_a-memset.o)
                0x00002d8a                memset
 .text.__cvt    0x00002d9a       0xc0 d:/psoc creator/4.4/psoc creator/import/gnu/arm/5.4.1/bin/../lib/gcc/arm-none-eabi/5.4.1/../../../../arm-none-eabi/lib/armv7-m\libg_nano.a(lib_a-nano-vfprintf_float.o)
                0x00002d9a                __cvt
 .text.__exponent
                0x00002e5a       0x62 d:/psoc creator/4.4/psoc creator/import/gnu/arm/5.4.1/bin/../lib/gcc/arm-none-eabi/5.4.1/../../../../arm-none-eabi/lib/armv7-m\libg_nano.a(lib_a-nano-vfprintf_float.o)
                0x00002e5a                __exponent
 .text._printf_float
                0x00002ebc      0x488 d:/psoc creator/4.4/psoc creator/import/gnu/arm/5.4.1/bin/../lib/gcc/arm-none-eabi/5.4.1/../../../../arm-none-eabi/lib/armv7-m\libg_nano.a(lib_a-nano-vfprintf_float.o)
                0x00002ebc                _printf_float
 .text._printf_common
                0x00003344       0xec d:/psoc creator/4.4/psoc creator/import/gnu/arm/5.4.1/bin/../lib/gcc/arm-none-eabi/5.4.1/../../../../arm-none-eabi/lib/armv7-m\libg_nano.a(lib_a-nano-vfprintf_i.o)
                0x00003344                _printf_common
 .text          0x00003430       0x10 d:/psoc creator/4.4/psoc creator/import/gnu/arm/5.4.1/bin/../lib/gcc/arm-none-eabi/5.4.1/../../../../arm-none-eabi/lib/armv7-m\libg_nano.a(lib_a-strlen.o)
                0x00003430                strlen
 .text.quorem   0x00003440      0x116 d:/psoc creator/4.4/psoc creator/import/gnu/arm/5.4.1/bin/../lib/gcc/arm-none-eabi/5.4.1/../../../../arm-none-eabi/lib/armv7-m\libg_nano.a(lib_a-dtoa.o)
 *fill*         0x00003556        0x2 
 .text._dtoa_r  0x00003558      0xb30 d:/psoc creator/4.4/psoc creator/import/gnu/arm/5.4.1/bin/../lib/gcc/arm-none-eabi/5.4.1/../../../../arm-none-eabi/lib/armv7-m\libg_nano.a(lib_a-dtoa.o)
                0x00003558                _dtoa_r
 .text._localeconv_r
                0x00004088        0x8 d:/psoc creator/4.4/psoc creator/import/gnu/arm/5.4.1/bin/../lib/gcc/arm-none-eabi/5.4.1/../../../../arm-none-eabi/lib/armv7-m\libg_nano.a(lib_a-locale.o)
                0x00004088                _localeconv_r
 .text.malloc   0x00004090       0x10 d:/psoc creator/4.4/psoc creator/import/gnu/arm/5.4.1/bin/../lib/gcc/arm-none-eabi/5.4.1/../../../../arm-none-eabi/lib/armv7-m\libg_nano.a(lib_a-malloc.o)
                0x00004090                malloc
 .text._Balloc  0x000040a0       0x6a d:/psoc creator/4.4/psoc creator/import/gnu/arm/5.4.1/bin/../lib/gcc/arm-none-eabi/5.4.1/../../../../arm-none-eabi/lib/armv7-m\libg_nano.a(lib_a-mprec.o)
                0x000040a0                _Balloc
 .text._Bfree   0x0000410a       0x2e d:/psoc creator/4.4/psoc creator/import/gnu/arm/5.4.1/bin/../lib/gcc/arm-none-eabi/5.4.1/../../../../arm-none-eabi/lib/armv7-m\libg_nano.a(lib_a-mprec.o)
                0x0000410a                _Bfree
 .text.__multadd
                0x00004138       0x76 d:/psoc creator/4.4/psoc creator/import/gnu/arm/5.4.1/bin/../lib/gcc/arm-none-eabi/5.4.1/../../../../arm-none-eabi/lib/armv7-m\libg_nano.a(lib_a-mprec.o)
                0x00004138                __multadd
 .text.__hi0bits
                0x000041ae       0x40 d:/psoc creator/4.4/psoc creator/import/gnu/arm/5.4.1/bin/../lib/gcc/arm-none-eabi/5.4.1/../../../../arm-none-eabi/lib/armv7-m\libg_nano.a(lib_a-mprec.o)
                0x000041ae                __hi0bits
 .text.__lo0bits
                0x000041ee       0x5a d:/psoc creator/4.4/psoc creator/import/gnu/arm/5.4.1/bin/../lib/gcc/arm-none-eabi/5.4.1/../../../../arm-none-eabi/lib/armv7-m\libg_nano.a(lib_a-mprec.o)
                0x000041ee                __lo0bits
 .text.__i2b    0x00004248       0x12 d:/psoc creator/4.4/psoc creator/import/gnu/arm/5.4.1/bin/../lib/gcc/arm-none-eabi/5.4.1/../../../../arm-none-eabi/lib/armv7-m\libg_nano.a(lib_a-mprec.o)
                0x00004248                __i2b
 .text.__multiply
                0x0000425a      0x120 d:/psoc creator/4.4/psoc creator/import/gnu/arm/5.4.1/bin/../lib/gcc/arm-none-eabi/5.4.1/../../../../arm-none-eabi/lib/armv7-m\libg_nano.a(lib_a-mprec.o)
                0x0000425a                __multiply
 *fill*         0x0000437a        0x2 
 .text.__pow5mult
                0x0000437c       0x9c d:/psoc creator/4.4/psoc creator/import/gnu/arm/5.4.1/bin/../lib/gcc/arm-none-eabi/5.4.1/../../../../arm-none-eabi/lib/armv7-m\libg_nano.a(lib_a-mprec.o)
                0x0000437c                __pow5mult
 .text.__lshift
                0x00004418       0xa2 d:/psoc creator/4.4/psoc creator/import/gnu/arm/5.4.1/bin/../lib/gcc/arm-none-eabi/5.4.1/../../../../arm-none-eabi/lib/armv7-m\libg_nano.a(lib_a-mprec.o)
                0x00004418                __lshift
 .text.__mcmp   0x000044ba       0x38 d:/psoc creator/4.4/psoc creator/import/gnu/arm/5.4.1/bin/../lib/gcc/arm-none-eabi/5.4.1/../../../../arm-none-eabi/lib/armv7-m\libg_nano.a(lib_a-mprec.o)
                0x000044ba                __mcmp
 .text.__mdiff  0x000044f2       0xbe d:/psoc creator/4.4/psoc creator/import/gnu/arm/5.4.1/bin/../lib/gcc/arm-none-eabi/5.4.1/../../../../arm-none-eabi/lib/armv7-m\libg_nano.a(lib_a-mprec.o)
                0x000044f2                __mdiff
 .text.__d2b    0x000045b0       0x9c d:/psoc creator/4.4/psoc creator/import/gnu/arm/5.4.1/bin/../lib/gcc/arm-none-eabi/5.4.1/../../../../arm-none-eabi/lib/armv7-m\libg_nano.a(lib_a-mprec.o)
                0x000045b0                __d2b
 .text._calloc_r
                0x0000464c       0x1c d:/psoc creator/4.4/psoc creator/import/gnu/arm/5.4.1/bin/../lib/gcc/arm-none-eabi/5.4.1/../../../../arm-none-eabi/lib/armv7-m\libg_nano.a(lib_a-nano-callocr.o)
                0x0000464c                _calloc_r
 .text._malloc_r
                0x00004668       0xbc d:/psoc creator/4.4/psoc creator/import/gnu/arm/5.4.1/bin/../lib/gcc/arm-none-eabi/5.4.1/../../../../arm-none-eabi/lib/armv7-m\libg_nano.a(lib_a-nano-mallocr.o)
                0x00004668                _malloc_r
 .text._sbrk_r  0x00004724       0x20 d:/psoc creator/4.4/psoc creator/import/gnu/arm/5.4.1/bin/../lib/gcc/arm-none-eabi/5.4.1/../../../../arm-none-eabi/lib/armv7-m\libg_nano.a(lib_a-sbrkr.o)
                0x00004724                _sbrk_r
 .text.__malloc_lock
                0x00004744        0x2 d:/psoc creator/4.4/psoc creator/import/gnu/arm/5.4.1/bin/../lib/gcc/arm-none-eabi/5.4.1/../../../../arm-none-eabi/lib/armv7-m\libg_nano.a(lib_a-mlock.o)
                0x00004744                __malloc_lock
 .text.__malloc_unlock
                0x00004746        0x2 d:/psoc creator/4.4/psoc creator/import/gnu/arm/5.4.1/bin/../lib/gcc/arm-none-eabi/5.4.1/../../../../arm-none-eabi/lib/armv7-m\libg_nano.a(lib_a-mlock.o)
                0x00004746                __malloc_unlock
 .text          0x00004748       0x2c d:/psoc creator/4.4/psoc creator/import/gnu/arm/5.4.1/bin/../lib/gcc/arm-none-eabi/5.4.1/armv7-m\libgcc.a(_arm_unorddf2.o)
                0x00004748                __unorddf2
                0x00004748                __aeabi_dcmpun
 .text          0x00004774       0x50 d:/psoc creator/4.4/psoc creator/import/gnu/arm/5.4.1/bin/../lib/gcc/arm-none-eabi/5.4.1/armv7-m\libgcc.a(_arm_fixdfsi.o)
                0x00004774                __aeabi_d2iz
                0x00004774                __fixdfsi
 *(.plt)
 *(.gnu.warning)
 *(.glue_7t)
 .glue_7t       0x000047c4        0x0 linker stubs
 *(.glue_7)
 .glue_7        0x000047c4        0x0 linker stubs
 *(.vfp11_veneer)
 .vfp11_veneer  0x000047c4        0x0 linker stubs
 *(.bootloader)
 *(.ARM.extab* .gnu.linkonce.armextab.*)
 *(.gcc_except_table)

.v4_bx          0x000047c4        0x0
 .v4_bx         0x000047c4        0x0 linker stubs

.iplt           0x000047c4        0x0
 .iplt          0x000047c4        0x0 d:/psoc creator/4.4/psoc creator/import/gnu/arm/5.4.1/bin/../lib/gcc/arm-none-eabi/5.4.1/armv7-m/crtbegin.o

.eh_frame_hdr
 *(.eh_frame_hdr)

.eh_frame       0x000047c4        0x4
 *(.eh_frame)
 .eh_frame      0x000047c4        0x0 d:/psoc creator/4.4/psoc creator/import/gnu/arm/5.4.1/bin/../lib/gcc/arm-none-eabi/5.4.1/armv7-m/crtbegin.o
 .eh_frame      0x000047c4        0x4 d:/psoc creator/4.4/psoc creator/import/gnu/arm/5.4.1/bin/../lib/gcc/arm-none-eabi/5.4.1/armv7-m/crtend.o
                [!provide]                PROVIDE (__exidx_start, .)

.ARM.exidx
 *(.ARM.exidx* .gnu.linkonce.armexidx.*)
                0x000047c8                __exidx_end = .

.rodata         0x000047c8      0x340
 *(.rodata .rodata.* .gnu.linkonce.r.*)
 .rodata        0x000047c8       0x2a .\CortexM3\ARM_GCC_541\Debug\cyfitter_cfg.o
 *fill*         0x000047f2        0x2 
 .rodata.str1.4
                0x000047f4       0x14 .\CortexM3\ARM_GCC_541\Debug\Design_301_project.a(USBUART_std.o)
                                 0x11 (size before relaxing)
 .rodata        0x00004808      0x19a .\CortexM3\ARM_GCC_541\Debug\Design_301_project.a(USBUART_descr.o)
                0x00004808                USBUART_MSOS_CONFIGURATION_DESCR
                0x00004830                USBUART_MSOS_DESCRIPTOR
                0x00004844                USBUART_TABLE
                0x0000484c                USBUART_DEVICE0_TABLE
                0x00004864                USBUART_DEVICE0_CONFIGURATION0_TABLE
                0x0000488c                USBUART_DEVICE0_CONFIGURATION0_INTERFACE_CLASS
                0x00004890                USBUART_DEVICE0_CONFIGURATION0_EP_SETTINGS_TABLE
                0x000048a8                USBUART_SN_STRING_DESCRIPTOR
                0x000048ac                USBUART_STRING_DESCRIPTORS
                0x0000494c                USBUART_DEVICE0_CONFIGURATION0_DESCR
                0x00004990                USBUART_DEVICE0_DESCR
 .rodata.str1.1
                0x000049a2        0x2 d:/psoc creator/4.4/psoc creator/import/gnu/arm/5.4.1/bin/../lib/gcc/arm-none-eabi/5.4.1/../../../../arm-none-eabi/lib/armv7-m\libg_nano.a(lib_a-impure.o)
 .rodata.str1.1
                0x000049a4       0x12 d:/psoc creator/4.4/psoc creator/import/gnu/arm/5.4.1/bin/../lib/gcc/arm-none-eabi/5.4.1/../../../../arm-none-eabi/lib/armv7-m\libg_nano.a(lib_a-nano-vfprintf_float.o)
 .rodata.str1.1
                0x000049b6        0xd d:/psoc creator/4.4/psoc creator/import/gnu/arm/5.4.1/bin/../lib/gcc/arm-none-eabi/5.4.1/../../../../arm-none-eabi/lib/armv7-m\libg_nano.a(lib_a-dtoa.o)
                                  0xf (size before relaxing)
 .rodata.str1.1
                0x000049c3        0x8 d:/psoc creator/4.4/psoc creator/import/gnu/arm/5.4.1/bin/../lib/gcc/arm-none-eabi/5.4.1/../../../../arm-none-eabi/lib/armv7-m\libg_nano.a(lib_a-locale.o)
                                  0xb (size before relaxing)
 *fill*         0x000049cb        0x5 
 .rodata.__mprec_tens
                0x000049d0       0xc8 d:/psoc creator/4.4/psoc creator/import/gnu/arm/5.4.1/bin/../lib/gcc/arm-none-eabi/5.4.1/../../../../arm-none-eabi/lib/armv7-m\libg_nano.a(lib_a-mprec.o)
                0x000049d0                __mprec_tens
 .rodata.p05.5408
                0x00004a98        0xc d:/psoc creator/4.4/psoc creator/import/gnu/arm/5.4.1/bin/../lib/gcc/arm-none-eabi/5.4.1/../../../../arm-none-eabi/lib/armv7-m\libg_nano.a(lib_a-mprec.o)
 *fill*         0x00004aa4        0x4 
 .rodata.__mprec_bigtens
                0x00004aa8       0x28 d:/psoc creator/4.4/psoc creator/import/gnu/arm/5.4.1/bin/../lib/gcc/arm-none-eabi/5.4.1/../../../../arm-none-eabi/lib/armv7-m\libg_nano.a(lib_a-mprec.o)
                0x00004aa8                __mprec_bigtens
                0x00004ad0                . = ALIGN (0x4)
 *(.init)
 .init          0x00004ad0        0x4 d:/psoc creator/4.4/psoc creator/import/gnu/arm/5.4.1/bin/../lib/gcc/arm-none-eabi/5.4.1/armv7-m/crti.o
                0x00004ad0                _init
 .init          0x00004ad4        0x8 d:/psoc creator/4.4/psoc creator/import/gnu/arm/5.4.1/bin/../lib/gcc/arm-none-eabi/5.4.1/armv7-m/crtn.o
                0x00004adc                . = ALIGN (0x4)
                0x00004adc                __preinit_array_start = .
 *(.preinit_array)
                0x00004adc                __preinit_array_end = .
                0x00004adc                . = ALIGN (0x4)
                0x00004adc                __init_array_start = .
 *(SORT(.init_array.*))
 *(.init_array)
 .init_array    0x00004adc        0x4 d:/psoc creator/4.4/psoc creator/import/gnu/arm/5.4.1/bin/../lib/gcc/arm-none-eabi/5.4.1/armv7-m/crtbegin.o
 .init_array    0x00004ae0        0x4 .\CortexM3\ARM_GCC_541\Debug\Cm3Start.o
                0x00004ae4                __init_array_end = .
                0x00004ae4                . = ALIGN (0x4)
 *(.fini)
 .fini          0x00004ae4        0x4 d:/psoc creator/4.4/psoc creator/import/gnu/arm/5.4.1/bin/../lib/gcc/arm-none-eabi/5.4.1/armv7-m/crti.o
                0x00004ae4                _fini
 .fini          0x00004ae8        0x8 d:/psoc creator/4.4/psoc creator/import/gnu/arm/5.4.1/bin/../lib/gcc/arm-none-eabi/5.4.1/armv7-m/crtn.o
                0x00004af0                . = ALIGN (0x4)
                0x00004af0                __fini_array_start = .
 *(.fini_array)
 .fini_array    0x00004af0        0x4 d:/psoc creator/4.4/psoc creator/import/gnu/arm/5.4.1/bin/../lib/gcc/arm-none-eabi/5.4.1/armv7-m/crtbegin.o
 *(SORT(.fini_array.*))
                0x00004af4                __fini_array_end = .
                0x00004af4                . = ALIGN (0x4)
 *crtbegin.o(.ctors)
 *(EXCLUDE_FILE(*crtend.o) .ctors)
 *(SORT(.ctors.*))
 *crtend.o(.ctors)
                0x00004af4                . = ALIGN (0x4)
 *crtbegin.o(.dtors)
 *(EXCLUDE_FILE(*crtend.o) .dtors)
 *(SORT(.dtors.*))
 *crtend.o(.dtors)
                0x00004af4                . = ALIGN (0x4)
                0x00004af4                __cy_regions = .
                0x00004af4        0x4 LONG 0x4b08 __cy_region_init_ram
                0x00004af8        0x4 LONG 0x1fff80c8 __cy_region_start_data
                0x00004afc        0x4 LONG 0x178 __cy_region_init_size_ram
                0x00004b00        0x4 LONG 0x240 __cy_region_zero_size_ram
                0x00004b04                __cy_regions_end = .
                0x00004b08                . = ALIGN (0x8)
 *fill*         0x00004b04        0x4 
                0x00004b08                _etext = .

.cy_checksum_exclude
                0x00004b08        0x0
 *(.cy_checksum_exclude)

.ramvectors     0x1fff8000       0xc0
                0x1fff8000                __cy_region_start_ram = .
 *(.ramvectors)
 .ramvectors    0x1fff8000       0xc0 .\CortexM3\ARM_GCC_541\Debug\Cm3Start.o
                0x1fff8000                CyRamVectors

.noinit         0x1fff80c0        0x1
 *(.noinit)
 .noinit        0x1fff80c0        0x1 .\CortexM3\ARM_GCC_541\Debug\Design_301_project.a(CyLib.o)
                0x1fff80c0                CyResetStatus

.data           0x1fff80c8      0x178 load address 0x00004b08
                0x1fff80c8                __cy_region_start_data = .
 *(.jcr)
 .jcr           0x1fff80c8        0x0 d:/psoc creator/4.4/psoc creator/import/gnu/arm/5.4.1/bin/../lib/gcc/arm-none-eabi/5.4.1/armv7-m/crtbegin.o
 .jcr           0x1fff80c8        0x4 d:/psoc creator/4.4/psoc creator/import/gnu/arm/5.4.1/bin/../lib/gcc/arm-none-eabi/5.4.1/armv7-m/crtend.o
 *(.got.plt)
 *(.got)
 *(.shdata)
 *(.data .data.* .gnu.linkonce.d.*)
 *fill*         0x1fff80cc        0x4 
 .data          0x1fff80d0       0x9d .\CortexM3\ARM_GCC_541\Debug\main.o
                0x1fff80d0                next_Motion
                0x1fff80d1                current_Motion
                0x1fff80d8                speed_M1
                0x1fff80e0                speed_M2
                0x1fff80e8                Stop_flag
                0x1fff80ec                displaystring
                0x1fff812c                message_encoder
                0x1fff816c                flag_rf_transmission_active
 *fill*         0x1fff816d        0x3 
 .data          0x1fff8170        0x4 .\CortexM3\ARM_GCC_541\Debug\Cm3Start.o
 .data          0x1fff8174       0x1a .\CortexM3\ARM_GCC_541\Debug\Design_301_project.a(USBUART_cdc.o)
                0x1fff8174                USBUART_linesCoding
 *fill*         0x1fff818e        0x2 
 .data          0x1fff8190       0x10 .\CortexM3\ARM_GCC_541\Debug\Design_301_project.a(CyLib.o)
                0x1fff8190                cydelay_32k_ms
                0x1fff8194                cydelay_freq_khz
                0x1fff8198                cydelay_freq_mhz
                0x1fff819c                cydelay_freq_hz
 .data.impure_data
                0x1fff81a0       0x60 d:/psoc creator/4.4/psoc creator/import/gnu/arm/5.4.1/bin/../lib/gcc/arm-none-eabi/5.4.1/../../../../arm-none-eabi/lib/armv7-m\libg_nano.a(lib_a-impure.o)
 .data._impure_ptr
                0x1fff8200        0x4 d:/psoc creator/4.4/psoc creator/import/gnu/arm/5.4.1/bin/../lib/gcc/arm-none-eabi/5.4.1/../../../../arm-none-eabi/lib/armv7-m\libg_nano.a(lib_a-impure.o)
                0x1fff8200                _impure_ptr
 .data.lconv    0x1fff8204       0x38 d:/psoc creator/4.4/psoc creator/import/gnu/arm/5.4.1/bin/../lib/gcc/arm-none-eabi/5.4.1/../../../../arm-none-eabi/lib/armv7-m\libg_nano.a(lib_a-locale.o)
                0x1fff8240                . = ALIGN (0x8)
 *fill*         0x1fff823c        0x4 
 *(.ram)
                0x1fff8240                _edata = .

.igot.plt       0x1fff8240        0x0 load address 0x00004c80
 .igot.plt      0x1fff8240        0x0 d:/psoc creator/4.4/psoc creator/import/gnu/arm/5.4.1/bin/../lib/gcc/arm-none-eabi/5.4.1/armv7-m/crtbegin.o

.bss            0x1fff8240      0x240 load address 0x00004c80
                0x1fff8240                PROVIDE (__bss_start__, .)
 *(.shbss)
 *(.bss .bss.* .gnu.linkonce.b.*)
 .bss           0x1fff8240       0x1c d:/psoc creator/4.4/psoc creator/import/gnu/arm/5.4.1/bin/../lib/gcc/arm-none-eabi/5.4.1/armv7-m/crtbegin.o
 *fill*         0x1fff825c        0x4 
 .bss           0x1fff8260       0x45 .\CortexM3\ARM_GCC_541\Debug\main.o
                0x1fff8260                count_encoder
                0x1fff8264                decoder_flag
                0x1fff8268                count_forward
                0x1fff826c                speed_flag
                0x1fff8274                flag_KB_string
                0x1fff8278                bias_M1
                0x1fff8280                left_flag
                0x1fff8284                right_flag
                0x1fff8288                bias_M2
                0x1fff8290                count_waitstop
                0x1fff8294                dataready_flag
                0x1fff8295                flag_packet
                0x1fff8296                flag_rx
                0x1fff8297                flag_ts_display
                0x1fff8298                flag_ts_speed
                0x1fff8299                flag_ts_update
                0x1fff829a                flag_ts_enc
                0x1fff829c                ts_display
                0x1fff829e                ts_speed
                0x1fff82a0                ts_update
                0x1fff82a2                ts_enc
                0x1fff82a4                ts
 .bss           0x1fff82a5        0x1 .\CortexM3\ARM_GCC_541\Debug\Design_301_project.a(QuadDec_M1.o)
                0x1fff82a5                QuadDec_M1_initVar
 .bss           0x1fff82a6        0x1 .\CortexM3\ARM_GCC_541\Debug\Design_301_project.a(QuadDec_M2.o)
                0x1fff82a6                QuadDec_M2_initVar
 .bss           0x1fff82a7        0x1 .\CortexM3\ARM_GCC_541\Debug\Design_301_project.a(PWM_1.o)
                0x1fff82a7                PWM_1_initVar
 .bss           0x1fff82a8        0x1 .\CortexM3\ARM_GCC_541\Debug\Design_301_project.a(PWM_2.o)
                0x1fff82a8                PWM_2_initVar
 .bss           0x1fff82a9        0x1 .\CortexM3\ARM_GCC_541\Debug\Design_301_project.a(Timer_1.o)
                0x1fff82a9                Timer_1_initVar
 .bss           0x1fff82aa        0x1 .\CortexM3\ARM_GCC_541\Debug\Design_301_project.a(USBUART.o)
                0x1fff82aa                USBUART_initVar
 *fill*         0x1fff82ab        0x1 
 .bss           0x1fff82ac        0x2 .\CortexM3\ARM_GCC_541\Debug\Design_301_project.a(USBUART_std.o)
 .bss           0x1fff82ae        0x1 .\CortexM3\ARM_GCC_541\Debug\Design_301_project.a(Timer_2.o)
                0x1fff82ae                Timer_2_initVar
 *fill*         0x1fff82af        0x1 
 .bss           0x1fff82b0        0x1 .\CortexM3\ARM_GCC_541\Debug\Design_301_project.a(Timer_2_PM.o)
 .bss           0x1fff82b1        0x1 .\CortexM3\ARM_GCC_541\Debug\Design_301_project.a(QuadDec_M1_Cnt16.o)
                0x1fff82b1                QuadDec_M1_Cnt16_initVar
 .bss           0x1fff82b2        0x1 .\CortexM3\ARM_GCC_541\Debug\Design_301_project.a(QuadDec_M2_Cnt16.o)
                0x1fff82b2                QuadDec_M2_Cnt16_initVar
 *fill*         0x1fff82b3        0x1 
 .bss.__malloc_sbrk_start
                0x1fff82b4        0x4 d:/psoc creator/4.4/psoc creator/import/gnu/arm/5.4.1/bin/../lib/gcc/arm-none-eabi/5.4.1/../../../../arm-none-eabi/lib/armv7-m\libg_nano.a(lib_a-nano-mallocr.o)
                0x1fff82b4                __malloc_sbrk_start
 .bss.__malloc_free_list
                0x1fff82b8        0x4 d:/psoc creator/4.4/psoc creator/import/gnu/arm/5.4.1/bin/../lib/gcc/arm-none-eabi/5.4.1/../../../../arm-none-eabi/lib/armv7-m\libg_nano.a(lib_a-nano-mallocr.o)
                0x1fff82b8                __malloc_free_list
 *(COMMON)
 COMMON         0x1fff82bc       0xe8 .\CortexM3\ARM_GCC_541\Debug\main.o
                0x1fff82bc                entry
                0x1fff82fc                c_M1
                0x1fff8300                system_state
                0x1fff8320                line
                0x1fff8360                usbBuffer
                0x1fff83a0                c_M2
 COMMON         0x1fff83a4       0x18 .\CortexM3\ARM_GCC_541\Debug\Design_301_project.a(USBUART_cdc.o)
                0x1fff83a4                USBUART_linesChanged
                0x1fff83a8                USBUART_cdcDataInEp
                0x1fff83ac                USBUART_cdcCommInInterruptEp
                0x1fff83b0                USBUART_cdcDataOutEp
                0x1fff83b4                USBUART_serialStateBitmap
                0x1fff83b8                USBUART_linesControlBitmap
 COMMON         0x1fff83bc       0x9a .\CortexM3\ARM_GCC_541\Debug\Design_301_project.a(USBUART_drv.o)
                0x1fff83bc                USBUART_lastPacketSize
                0x1fff83bd                USBUART_device
                0x1fff83be                USBUART_transferByteCount
                0x1fff83c0                USBUART_transferState
                0x1fff83c4                USBUART_interfaceSettingLast
                0x1fff83c8                USBUART_currentTD
                0x1fff83d4                USBUART_interfaceNumber
                0x1fff83d8                USBUART_interfaceClass
                0x1fff83dc                USBUART_configurationChanged
                0x1fff83dd                USBUART_ep0Mode
                0x1fff83de                USBUART_deviceAddress
                0x1fff83df                USBUART_configuration
                0x1fff83e0                USBUART_ep0Count
                0x1fff83e1                USBUART_deviceStatus
                0x1fff83e4                USBUART_EP
                0x1fff8450                USBUART_interfaceSetting
                0x1fff8452                USBUART_ep0Toggle
                0x1fff8454                USBUART_interfaceStatus
 *fill*         0x1fff8456        0x2 
 COMMON         0x1fff8458       0x22 .\CortexM3\ARM_GCC_541\Debug\Design_301_project.a(USBUART_descr.o)
                0x1fff8458                USBUART_idSerialNumberStringDescriptor
 *fill*         0x1fff847a        0x2 
 COMMON         0x1fff847c        0x4 d:/psoc creator/4.4/psoc creator/import/gnu/arm/5.4.1/bin/../lib/gcc/arm-none-eabi/5.4.1/../../../../arm-none-eabi/lib/armv7-m\libg_nano.a(lib_a-reent.o)
                0x1fff847c                errno
                0x1fff8480                . = ALIGN (0x8)
 *(.ram.b)
                0x1fff8480                _end = .
                0x1fff8480                __end = .
                0x1fff8480                PROVIDE (end, .)
                0x1fff8480                PROVIDE (__bss_end__, .)
                0x00004b08                __cy_region_init_ram = LOADADDR (.data)
                0x00000178                __cy_region_init_size_ram = (_edata - ADDR (.data))
                0x00000240                __cy_region_zero_size_ram = (_end - _edata)

.heap           0x1fff8480      0x200 load address 0x00004c80
                0x1fff8480                . = _end
                0x1fff8680                . = (. + 0x200)
 *fill*         0x1fff8480      0x200 
                0x1fff8680                __cy_heap_limit = .

.stack          0x20007800      0x800
                0x20007800                __cy_stack_limit = .
                0x20008000                . = (. + 0x800)
 *fill*         0x20007800      0x800 
                0x00000001                ASSERT ((__cy_stack_limit >= __cy_heap_limit), region RAM overflowed with stack)
                0x00000000                cy_checksum_exclude_size = (CY_APPL_LOADABLE == 0x1)?SIZEOF (.cy_checksum_exclude):0x0
                0x00000001                ASSERT ((cy_checksum_exclude_size <= CY_CHECKSUM_EXCLUDE_SIZE), CY_BOOT: Section .cy_checksum_exclude size exceedes specified limit.)

.cyloadermeta
 *(.cyloadermeta)

.cyloadablemeta
 *(.cyloadablemeta)

.cyconfigecc    0x80000000      0xa7c
 *(.cyconfigecc)
 .cyconfigecc   0x80000000      0xa7c .\CortexM3\ARM_GCC_541\Debug\cymetadata.o
                0x80000000                cy_meta_configecc

.cycustnvl      0x90000000        0x4
 *(.cycustnvl)
 .cycustnvl     0x90000000        0x4 .\CortexM3\ARM_GCC_541\Debug\cymetadata.o
                0x90000000                cy_meta_custnvl

.cywolatch      0x90100000        0x4
 *(.cywolatch)
 .cywolatch     0x90100000        0x4 .\CortexM3\ARM_GCC_541\Debug\cymetadata.o
                0x90100000                cy_meta_wonvl

.cyeeprom       0x90200000        0x0
 *(.cyeeprom)
                0x00000001                ASSERT ((. <= ((0x90200000 + ee_offset) + ee_size)), .cyeeprom data will not fit in EEPROM)

.cyflashprotect
                0x90400000      0x100
 *(.cyflashprotect)
 .cyflashprotect
                0x90400000      0x100 .\CortexM3\ARM_GCC_541\Debug\cymetadata.o
                0x90400000                cy_meta_flashprotect

.cymeta         0x90500000        0xc
 *(.cymeta)
 .cymeta        0x90500000        0xc .\CortexM3\ARM_GCC_541\Debug\cymetadata.o
                0x90500000                cy_metadata

.rel.dyn        0x00004c80        0x0 load address 0x9050000c
 .rel.iplt      0x00004c80        0x0 d:/psoc creator/4.4/psoc creator/import/gnu/arm/5.4.1/bin/../lib/gcc/arm-none-eabi/5.4.1/armv7-m/crtbegin.o

.stab
 *(.stab)

.stabstr
 *(.stabstr)

.debug
 *(.debug)

.line
 *(.line)

.debug_srcinfo
 *(.debug_srcinfo)

.debug_sfnames
 *(.debug_sfnames)

.debug_aranges  0x00000000     0x10f8
 *(.debug_aranges)
 .debug_aranges
                0x00000000       0x78 .\CortexM3\ARM_GCC_541\Debug\main.o
 .debug_aranges
                0x00000078       0x58 .\CortexM3\ARM_GCC_541\Debug\cyfitter_cfg.o
 .debug_aranges
                0x000000d0       0x18 .\CortexM3\ARM_GCC_541\Debug\cymetadata.o
 .debug_aranges
                0x000000e8       0x48 .\CortexM3\ARM_GCC_541\Debug\Cm3Start.o
 .debug_aranges
                0x00000130       0x38 .\CortexM3\ARM_GCC_541\Debug\Design_301_project.a(M2_D1.o)
 .debug_aranges
                0x00000168       0x60 .\CortexM3\ARM_GCC_541\Debug\Design_301_project.a(QuadDec_M1.o)
 .debug_aranges
                0x000001c8       0x60 .\CortexM3\ARM_GCC_541\Debug\Design_301_project.a(QuadDec_M2.o)
 .debug_aranges
                0x00000228       0x78 .\CortexM3\ARM_GCC_541\Debug\Design_301_project.a(PWM_1.o)
 .debug_aranges
                0x000002a0       0x38 .\CortexM3\ARM_GCC_541\Debug\Design_301_project.a(PWM_1_PM.o)
 .debug_aranges
                0x000002d8       0x78 .\CortexM3\ARM_GCC_541\Debug\Design_301_project.a(PWM_2.o)
 .debug_aranges
                0x00000350       0x38 .\CortexM3\ARM_GCC_541\Debug\Design_301_project.a(PWM_2_PM.o)
 .debug_aranges
                0x00000388       0x88 .\CortexM3\ARM_GCC_541\Debug\Design_301_project.a(Timer_1.o)
 .debug_aranges
                0x00000410       0x80 .\CortexM3\ARM_GCC_541\Debug\Design_301_project.a(isr_US.o)
 .debug_aranges
                0x00000490       0xc8 .\CortexM3\ARM_GCC_541\Debug\Design_301_project.a(USBUART.o)
 .debug_aranges
                0x00000558       0xe8 .\CortexM3\ARM_GCC_541\Debug\Design_301_project.a(USBUART_cdc.o)
 .debug_aranges
                0x00000640       0x98 .\CortexM3\ARM_GCC_541\Debug\Design_301_project.a(USBUART_drv.o)
 .debug_aranges
                0x000006d8       0x40 .\CortexM3\ARM_GCC_541\Debug\Design_301_project.a(USBUART_episr.o)
 .debug_aranges
                0x00000718       0x40 .\CortexM3\ARM_GCC_541\Debug\Design_301_project.a(USBUART_pm.o)
 .debug_aranges
                0x00000758       0x80 .\CortexM3\ARM_GCC_541\Debug\Design_301_project.a(USBUART_std.o)
 .debug_aranges
                0x000007d8       0x20 .\CortexM3\ARM_GCC_541\Debug\Design_301_project.a(USBUART_vnd.o)
 .debug_aranges
                0x000007f8       0x28 .\CortexM3\ARM_GCC_541\Debug\Design_301_project.a(RF_BT_SELECT.o)
 .debug_aranges
                0x00000820       0x38 .\CortexM3\ARM_GCC_541\Debug\Design_301_project.a(Vo6.o)
 .debug_aranges
                0x00000858       0x38 .\CortexM3\ARM_GCC_541\Debug\Design_301_project.a(Vo1.o)
 .debug_aranges
                0x00000890       0x38 .\CortexM3\ARM_GCC_541\Debug\Design_301_project.a(Vo2.o)
 .debug_aranges
                0x000008c8       0x38 .\CortexM3\ARM_GCC_541\Debug\Design_301_project.a(Vo5.o)
 .debug_aranges
                0x00000900       0x38 .\CortexM3\ARM_GCC_541\Debug\Design_301_project.a(Vo3.o)
 .debug_aranges
                0x00000938       0x38 .\CortexM3\ARM_GCC_541\Debug\Design_301_project.a(Vo4.o)
 .debug_aranges
                0x00000970       0x38 .\CortexM3\ARM_GCC_541\Debug\Design_301_project.a(M1_D1.o)
 .debug_aranges
                0x000009a8       0x88 .\CortexM3\ARM_GCC_541\Debug\Design_301_project.a(Timer_2.o)
 .debug_aranges
                0x00000a30       0x38 .\CortexM3\ARM_GCC_541\Debug\Design_301_project.a(Timer_2_PM.o)
 .debug_aranges
                0x00000a68       0x80 .\CortexM3\ARM_GCC_541\Debug\Design_301_project.a(isr_T2.o)
 .debug_aranges
                0x00000ae8       0x98 .\CortexM3\ARM_GCC_541\Debug\Design_301_project.a(QuadDec_M1_Cnt16.o)
 .debug_aranges
                0x00000b80       0x98 .\CortexM3\ARM_GCC_541\Debug\Design_301_project.a(QuadDec_M2_Cnt16.o)
 .debug_aranges
                0x00000c18       0x48 .\CortexM3\ARM_GCC_541\Debug\Design_301_project.a(USBUART_Dp.o)
 .debug_aranges
                0x00000c60      0x2a0 .\CortexM3\ARM_GCC_541\Debug\Design_301_project.a(CyLib.o)
 .debug_aranges
                0x00000f00       0x98 .\CortexM3\ARM_GCC_541\Debug\Design_301_project.a(cyPm.o)
 .debug_aranges
                0x00000f98       0x20 .\CortexM3\ARM_GCC_541\Debug\Design_301_project.a(CyBootAsmGnu.o)
 .debug_aranges
                0x00000fb8       0x20 .\CortexM3\ARM_GCC_541\Debug\Design_301_project.a(USBUART_cls.o)
 .debug_aranges
                0x00000fd8       0x18 .\CortexM3\ARM_GCC_541\Debug\Design_301_project.a(USBUART_descr.o)
 .debug_aranges
                0x00000ff0       0x88 .\CortexM3\ARM_GCC_541\Debug\Design_301_project.a(CyFlash.o)
 .debug_aranges
                0x00001078       0x80 .\CortexM3\ARM_GCC_541\Debug\Design_301_project.a(CySpc.o)

.debug_pubnames
 *(.debug_pubnames)

.debug_info     0x00000000     0x9cf7
 *(.debug_info .gnu.linkonce.wi.*)
 .debug_info    0x00000000      0xbd9 .\CortexM3\ARM_GCC_541\Debug\main.o
 .debug_info    0x00000bd9      0x549 .\CortexM3\ARM_GCC_541\Debug\cyfitter_cfg.o
 .debug_info    0x00001122      0x139 .\CortexM3\ARM_GCC_541\Debug\cymetadata.o
 .debug_info    0x0000125b      0x3bb .\CortexM3\ARM_GCC_541\Debug\Cm3Start.o
 .debug_info    0x00001616      0x11f .\CortexM3\ARM_GCC_541\Debug\Design_301_project.a(M2_D1.o)
 .debug_info    0x00001735      0x2d4 .\CortexM3\ARM_GCC_541\Debug\Design_301_project.a(QuadDec_M1.o)
 .debug_info    0x00001a09      0x2d4 .\CortexM3\ARM_GCC_541\Debug\Design_301_project.a(QuadDec_M2.o)
 .debug_info    0x00001cdd      0x27f .\CortexM3\ARM_GCC_541\Debug\Design_301_project.a(PWM_1.o)
 .debug_info    0x00001f5c      0x153 .\CortexM3\ARM_GCC_541\Debug\Design_301_project.a(PWM_1_PM.o)
 .debug_info    0x000020af      0x27f .\CortexM3\ARM_GCC_541\Debug\Design_301_project.a(PWM_2.o)
 .debug_info    0x0000232e      0x153 .\CortexM3\ARM_GCC_541\Debug\Design_301_project.a(PWM_2_PM.o)
 .debug_info    0x00002481      0x291 .\CortexM3\ARM_GCC_541\Debug\Design_301_project.a(Timer_1.o)
 .debug_info    0x00002712      0x2d2 .\CortexM3\ARM_GCC_541\Debug\Design_301_project.a(isr_US.o)
 .debug_info    0x000029e4      0x995 .\CortexM3\ARM_GCC_541\Debug\Design_301_project.a(USBUART.o)
 .debug_info    0x00003379      0xaf7 .\CortexM3\ARM_GCC_541\Debug\Design_301_project.a(USBUART_cdc.o)
 .debug_info    0x00003e70      0x655 .\CortexM3\ARM_GCC_541\Debug\Design_301_project.a(USBUART_drv.o)
 .debug_info    0x000044c5      0x254 .\CortexM3\ARM_GCC_541\Debug\Design_301_project.a(USBUART_episr.o)
 .debug_info    0x00004719      0x2e4 .\CortexM3\ARM_GCC_541\Debug\Design_301_project.a(USBUART_pm.o)
 .debug_info    0x000049fd      0xb36 .\CortexM3\ARM_GCC_541\Debug\Design_301_project.a(USBUART_std.o)
 .debug_info    0x00005533      0x1be .\CortexM3\ARM_GCC_541\Debug\Design_301_project.a(USBUART_vnd.o)
 .debug_info    0x000056f1       0xd6 .\CortexM3\ARM_GCC_541\Debug\Design_301_project.a(RF_BT_SELECT.o)
 .debug_info    0x000057c7      0x11f .\CortexM3\ARM_GCC_541\Debug\Design_301_project.a(Vo6.o)
 .debug_info    0x000058e6      0x11f .\CortexM3\ARM_GCC_541\Debug\Design_301_project.a(Vo1.o)
 .debug_info    0x00005a05      0x11f .\CortexM3\ARM_GCC_541\Debug\Design_301_project.a(Vo2.o)
 .debug_info    0x00005b24      0x11f .\CortexM3\ARM_GCC_541\Debug\Design_301_project.a(Vo5.o)
 .debug_info    0x00005c43      0x11f .\CortexM3\ARM_GCC_541\Debug\Design_301_project.a(Vo3.o)
 .debug_info    0x00005d62      0x11f .\CortexM3\ARM_GCC_541\Debug\Design_301_project.a(Vo4.o)
 .debug_info    0x00005e81      0x11f .\CortexM3\ARM_GCC_541\Debug\Design_301_project.a(M1_D1.o)
 .debug_info    0x00005fa0      0x293 .\CortexM3\ARM_GCC_541\Debug\Design_301_project.a(Timer_2.o)
 .debug_info    0x00006233      0x153 .\CortexM3\ARM_GCC_541\Debug\Design_301_project.a(Timer_2_PM.o)
 .debug_info    0x00006386      0x2d2 .\CortexM3\ARM_GCC_541\Debug\Design_301_project.a(isr_T2.o)
 .debug_info    0x00006658      0x348 .\CortexM3\ARM_GCC_541\Debug\Design_301_project.a(QuadDec_M1_Cnt16.o)
 .debug_info    0x000069a0      0x348 .\CortexM3\ARM_GCC_541\Debug\Design_301_project.a(QuadDec_M2_Cnt16.o)
 .debug_info    0x00006ce8      0x174 .\CortexM3\ARM_GCC_541\Debug\Design_301_project.a(USBUART_Dp.o)
 .debug_info    0x00006e5c     0x1374 .\CortexM3\ARM_GCC_541\Debug\Design_301_project.a(CyLib.o)
 .debug_info    0x000081d0      0xa2a .\CortexM3\ARM_GCC_541\Debug\Design_301_project.a(cyPm.o)
 .debug_info    0x00008bfa       0xa1 .\CortexM3\ARM_GCC_541\Debug\Design_301_project.a(CyBootAsmGnu.o)
 .debug_info    0x00008c9b      0x1de .\CortexM3\ARM_GCC_541\Debug\Design_301_project.a(USBUART_cls.o)
 .debug_info    0x00008e79      0x2e1 .\CortexM3\ARM_GCC_541\Debug\Design_301_project.a(USBUART_descr.o)
 .debug_info    0x0000915a      0x64d .\CortexM3\ARM_GCC_541\Debug\Design_301_project.a(CyFlash.o)
 .debug_info    0x000097a7      0x550 .\CortexM3\ARM_GCC_541\Debug\Design_301_project.a(CySpc.o)

.debug_abbrev   0x00000000     0x2e7d
 *(.debug_abbrev)
 .debug_abbrev  0x00000000      0x22b .\CortexM3\ARM_GCC_541\Debug\main.o
 .debug_abbrev  0x0000022b      0x1fe .\CortexM3\ARM_GCC_541\Debug\cyfitter_cfg.o
 .debug_abbrev  0x00000429       0x77 .\CortexM3\ARM_GCC_541\Debug\cymetadata.o
 .debug_abbrev  0x000004a0      0x1e8 .\CortexM3\ARM_GCC_541\Debug\Cm3Start.o
 .debug_abbrev  0x00000688       0x90 .\CortexM3\ARM_GCC_541\Debug\Design_301_project.a(M2_D1.o)
 .debug_abbrev  0x00000718      0x151 .\CortexM3\ARM_GCC_541\Debug\Design_301_project.a(QuadDec_M1.o)
 .debug_abbrev  0x00000869      0x151 .\CortexM3\ARM_GCC_541\Debug\Design_301_project.a(QuadDec_M2.o)
 .debug_abbrev  0x000009ba      0x12d .\CortexM3\ARM_GCC_541\Debug\Design_301_project.a(PWM_1.o)
 .debug_abbrev  0x00000ae7       0xc4 .\CortexM3\ARM_GCC_541\Debug\Design_301_project.a(PWM_1_PM.o)
 .debug_abbrev  0x00000bab      0x12d .\CortexM3\ARM_GCC_541\Debug\Design_301_project.a(PWM_2.o)
 .debug_abbrev  0x00000cd8       0xc4 .\CortexM3\ARM_GCC_541\Debug\Design_301_project.a(PWM_2_PM.o)
 .debug_abbrev  0x00000d9c      0x11a .\CortexM3\ARM_GCC_541\Debug\Design_301_project.a(Timer_1.o)
 .debug_abbrev  0x00000eb6      0x173 .\CortexM3\ARM_GCC_541\Debug\Design_301_project.a(isr_US.o)
 .debug_abbrev  0x00001029      0x215 .\CortexM3\ARM_GCC_541\Debug\Design_301_project.a(USBUART.o)
 .debug_abbrev  0x0000123e      0x245 .\CortexM3\ARM_GCC_541\Debug\Design_301_project.a(USBUART_cdc.o)
 .debug_abbrev  0x00001483      0x189 .\CortexM3\ARM_GCC_541\Debug\Design_301_project.a(USBUART_drv.o)
 .debug_abbrev  0x0000160c      0x11b .\CortexM3\ARM_GCC_541\Debug\Design_301_project.a(USBUART_episr.o)
 .debug_abbrev  0x00001727      0x108 .\CortexM3\ARM_GCC_541\Debug\Design_301_project.a(USBUART_pm.o)
 .debug_abbrev  0x0000182f      0x20a .\CortexM3\ARM_GCC_541\Debug\Design_301_project.a(USBUART_std.o)
 .debug_abbrev  0x00001a39       0xe1 .\CortexM3\ARM_GCC_541\Debug\Design_301_project.a(USBUART_vnd.o)
 .debug_abbrev  0x00001b1a       0x81 .\CortexM3\ARM_GCC_541\Debug\Design_301_project.a(RF_BT_SELECT.o)
 .debug_abbrev  0x00001b9b       0x90 .\CortexM3\ARM_GCC_541\Debug\Design_301_project.a(Vo6.o)
 .debug_abbrev  0x00001c2b       0x90 .\CortexM3\ARM_GCC_541\Debug\Design_301_project.a(Vo1.o)
 .debug_abbrev  0x00001cbb       0x90 .\CortexM3\ARM_GCC_541\Debug\Design_301_project.a(Vo2.o)
 .debug_abbrev  0x00001d4b       0x90 .\CortexM3\ARM_GCC_541\Debug\Design_301_project.a(Vo5.o)
 .debug_abbrev  0x00001ddb       0x90 .\CortexM3\ARM_GCC_541\Debug\Design_301_project.a(Vo3.o)
 .debug_abbrev  0x00001e6b       0x90 .\CortexM3\ARM_GCC_541\Debug\Design_301_project.a(Vo4.o)
 .debug_abbrev  0x00001efb       0x90 .\CortexM3\ARM_GCC_541\Debug\Design_301_project.a(M1_D1.o)
 .debug_abbrev  0x00001f8b      0x11a .\CortexM3\ARM_GCC_541\Debug\Design_301_project.a(Timer_2.o)
 .debug_abbrev  0x000020a5       0xc4 .\CortexM3\ARM_GCC_541\Debug\Design_301_project.a(Timer_2_PM.o)
 .debug_abbrev  0x00002169      0x173 .\CortexM3\ARM_GCC_541\Debug\Design_301_project.a(isr_T2.o)
 .debug_abbrev  0x000022dc      0x117 .\CortexM3\ARM_GCC_541\Debug\Design_301_project.a(QuadDec_M1_Cnt16.o)
 .debug_abbrev  0x000023f3      0x117 .\CortexM3\ARM_GCC_541\Debug\Design_301_project.a(QuadDec_M2_Cnt16.o)
 .debug_abbrev  0x0000250a       0x90 .\CortexM3\ARM_GCC_541\Debug\Design_301_project.a(USBUART_Dp.o)
 .debug_abbrev  0x0000259a      0x254 .\CortexM3\ARM_GCC_541\Debug\Design_301_project.a(CyLib.o)
 .debug_abbrev  0x000027ee      0x1ab .\CortexM3\ARM_GCC_541\Debug\Design_301_project.a(cyPm.o)
 .debug_abbrev  0x00002999       0x14 .\CortexM3\ARM_GCC_541\Debug\Design_301_project.a(CyBootAsmGnu.o)
 .debug_abbrev  0x000029ad       0xe1 .\CortexM3\ARM_GCC_541\Debug\Design_301_project.a(USBUART_cls.o)
 .debug_abbrev  0x00002a8e       0xb4 .\CortexM3\ARM_GCC_541\Debug\Design_301_project.a(USBUART_descr.o)
 .debug_abbrev  0x00002b42      0x1a7 .\CortexM3\ARM_GCC_541\Debug\Design_301_project.a(CyFlash.o)
 .debug_abbrev  0x00002ce9      0x194 .\CortexM3\ARM_GCC_541\Debug\Design_301_project.a(CySpc.o)

.debug_line     0x00000000     0x3d1f
 *(.debug_line)
 .debug_line    0x00000000      0x44c .\CortexM3\ARM_GCC_541\Debug\main.o
 .debug_line    0x0000044c        0x0 .\CortexM3\ARM_GCC_541\Debug\store.o
 .debug_line    0x0000044c      0x1c4 .\CortexM3\ARM_GCC_541\Debug\cyfitter_cfg.o
 .debug_line    0x00000610      0x109 .\CortexM3\ARM_GCC_541\Debug\cymetadata.o
 .debug_line    0x00000719      0x1fc .\CortexM3\ARM_GCC_541\Debug\Cm3Start.o
 .debug_line    0x00000915       0x92 .\CortexM3\ARM_GCC_541\Debug\Design_301_project.a(M2_D1.o)
 .debug_line    0x000009a7      0x120 .\CortexM3\ARM_GCC_541\Debug\Design_301_project.a(QuadDec_M1.o)
 .debug_line    0x00000ac7      0x120 .\CortexM3\ARM_GCC_541\Debug\Design_301_project.a(QuadDec_M2.o)
 .debug_line    0x00000be7      0x133 .\CortexM3\ARM_GCC_541\Debug\Design_301_project.a(PWM_1.o)
 .debug_line    0x00000d1a       0xa0 .\CortexM3\ARM_GCC_541\Debug\Design_301_project.a(PWM_1_PM.o)
 .debug_line    0x00000dba      0x133 .\CortexM3\ARM_GCC_541\Debug\Design_301_project.a(PWM_2.o)
 .debug_line    0x00000eed       0xa0 .\CortexM3\ARM_GCC_541\Debug\Design_301_project.a(PWM_2_PM.o)
 .debug_line    0x00000f8d      0x155 .\CortexM3\ARM_GCC_541\Debug\Design_301_project.a(Timer_1.o)
 .debug_line    0x000010e2      0x133 .\CortexM3\ARM_GCC_541\Debug\Design_301_project.a(isr_US.o)
 .debug_line    0x00001215      0x2dc .\CortexM3\ARM_GCC_541\Debug\Design_301_project.a(USBUART.o)
 .debug_line    0x000014f1      0x2f2 .\CortexM3\ARM_GCC_541\Debug\Design_301_project.a(USBUART_cdc.o)
 .debug_line    0x000017e3      0x221 .\CortexM3\ARM_GCC_541\Debug\Design_301_project.a(USBUART_drv.o)
 .debug_line    0x00001a04       0xe6 .\CortexM3\ARM_GCC_541\Debug\Design_301_project.a(USBUART_episr.o)
 .debug_line    0x00001aea      0x10e .\CortexM3\ARM_GCC_541\Debug\Design_301_project.a(USBUART_pm.o)
 .debug_line    0x00001bf8      0x3dc .\CortexM3\ARM_GCC_541\Debug\Design_301_project.a(USBUART_std.o)
 .debug_line    0x00001fd4       0x8b .\CortexM3\ARM_GCC_541\Debug\Design_301_project.a(USBUART_vnd.o)
 .debug_line    0x0000205f       0x74 .\CortexM3\ARM_GCC_541\Debug\Design_301_project.a(RF_BT_SELECT.o)
 .debug_line    0x000020d3       0x90 .\CortexM3\ARM_GCC_541\Debug\Design_301_project.a(Vo6.o)
 .debug_line    0x00002163       0x90 .\CortexM3\ARM_GCC_541\Debug\Design_301_project.a(Vo1.o)
 .debug_line    0x000021f3       0x90 .\CortexM3\ARM_GCC_541\Debug\Design_301_project.a(Vo2.o)
 .debug_line    0x00002283       0x90 .\CortexM3\ARM_GCC_541\Debug\Design_301_project.a(Vo5.o)
 .debug_line    0x00002313       0x90 .\CortexM3\ARM_GCC_541\Debug\Design_301_project.a(Vo3.o)
 .debug_line    0x000023a3       0x90 .\CortexM3\ARM_GCC_541\Debug\Design_301_project.a(Vo4.o)
 .debug_line    0x00002433       0x92 .\CortexM3\ARM_GCC_541\Debug\Design_301_project.a(M1_D1.o)
 .debug_line    0x000024c5      0x155 .\CortexM3\ARM_GCC_541\Debug\Design_301_project.a(Timer_2.o)
 .debug_line    0x0000261a       0xa4 .\CortexM3\ARM_GCC_541\Debug\Design_301_project.a(Timer_2_PM.o)
 .debug_line    0x000026be      0x133 .\CortexM3\ARM_GCC_541\Debug\Design_301_project.a(isr_T2.o)
 .debug_line    0x000027f1      0x190 .\CortexM3\ARM_GCC_541\Debug\Design_301_project.a(QuadDec_M1_Cnt16.o)
 .debug_line    0x00002981      0x190 .\CortexM3\ARM_GCC_541\Debug\Design_301_project.a(QuadDec_M2_Cnt16.o)
 .debug_line    0x00002b11       0xbb .\CortexM3\ARM_GCC_541\Debug\Design_301_project.a(USBUART_Dp.o)
 .debug_line    0x00002bcc      0x816 .\CortexM3\ARM_GCC_541\Debug\Design_301_project.a(CyLib.o)
 .debug_line    0x000033e2      0x367 .\CortexM3\ARM_GCC_541\Debug\Design_301_project.a(cyPm.o)
 .debug_line    0x00003749       0x66 .\CortexM3\ARM_GCC_541\Debug\Design_301_project.a(CyBootAsmGnu.o)
 .debug_line    0x000037af       0x95 .\CortexM3\ARM_GCC_541\Debug\Design_301_project.a(USBUART_cls.o)
 .debug_line    0x00003844       0x61 .\CortexM3\ARM_GCC_541\Debug\Design_301_project.a(USBUART_descr.o)
 .debug_line    0x000038a5      0x21a .\CortexM3\ARM_GCC_541\Debug\Design_301_project.a(CyFlash.o)
 .debug_line    0x00003abf      0x260 .\CortexM3\ARM_GCC_541\Debug\Design_301_project.a(CySpc.o)

.debug_frame    0x00000000     0x2d1c
 *(.debug_frame)
 .debug_frame   0x00000000      0x150 .\CortexM3\ARM_GCC_541\Debug\main.o
 .debug_frame   0x00000150       0xe4 .\CortexM3\ARM_GCC_541\Debug\cyfitter_cfg.o
 .debug_frame   0x00000234       0xb8 .\CortexM3\ARM_GCC_541\Debug\Cm3Start.o
 .debug_frame   0x000002ec       0x50 .\CortexM3\ARM_GCC_541\Debug\Design_301_project.a(M2_D1.o)
 .debug_frame   0x0000033c       0xdc .\CortexM3\ARM_GCC_541\Debug\Design_301_project.a(QuadDec_M1.o)
 .debug_frame   0x00000418       0xdc .\CortexM3\ARM_GCC_541\Debug\Design_301_project.a(QuadDec_M2.o)
 .debug_frame   0x000004f4       0xe8 .\CortexM3\ARM_GCC_541\Debug\Design_301_project.a(PWM_1.o)
 .debug_frame   0x000005dc       0x68 .\CortexM3\ARM_GCC_541\Debug\Design_301_project.a(PWM_1_PM.o)
 .debug_frame   0x00000644       0xe8 .\CortexM3\ARM_GCC_541\Debug\Design_301_project.a(PWM_2.o)
 .debug_frame   0x0000072c       0x68 .\CortexM3\ARM_GCC_541\Debug\Design_301_project.a(PWM_2_PM.o)
 .debug_frame   0x00000794      0x108 .\CortexM3\ARM_GCC_541\Debug\Design_301_project.a(Timer_1.o)
 .debug_frame   0x0000089c      0x104 .\CortexM3\ARM_GCC_541\Debug\Design_301_project.a(isr_US.o)
 .debug_frame   0x000009a0      0x1dc .\CortexM3\ARM_GCC_541\Debug\Design_301_project.a(USBUART.o)
 .debug_frame   0x00000b7c      0x27c .\CortexM3\ARM_GCC_541\Debug\Design_301_project.a(USBUART_cdc.o)
 .debug_frame   0x00000df8      0x194 .\CortexM3\ARM_GCC_541\Debug\Design_301_project.a(USBUART_drv.o)
 .debug_frame   0x00000f8c       0x6c .\CortexM3\ARM_GCC_541\Debug\Design_301_project.a(USBUART_episr.o)
 .debug_frame   0x00000ff8       0xa0 .\CortexM3\ARM_GCC_541\Debug\Design_301_project.a(USBUART_pm.o)
 .debug_frame   0x00001098      0x17c .\CortexM3\ARM_GCC_541\Debug\Design_301_project.a(USBUART_std.o)
 .debug_frame   0x00001214       0x2c .\CortexM3\ARM_GCC_541\Debug\Design_301_project.a(USBUART_vnd.o)
 .debug_frame   0x00001240       0x30 .\CortexM3\ARM_GCC_541\Debug\Design_301_project.a(RF_BT_SELECT.o)
 .debug_frame   0x00001270       0x50 .\CortexM3\ARM_GCC_541\Debug\Design_301_project.a(Vo6.o)
 .debug_frame   0x000012c0       0x50 .\CortexM3\ARM_GCC_541\Debug\Design_301_project.a(Vo1.o)
 .debug_frame   0x00001310       0x50 .\CortexM3\ARM_GCC_541\Debug\Design_301_project.a(Vo2.o)
 .debug_frame   0x00001360       0x50 .\CortexM3\ARM_GCC_541\Debug\Design_301_project.a(Vo5.o)
 .debug_frame   0x000013b0       0x50 .\CortexM3\ARM_GCC_541\Debug\Design_301_project.a(Vo3.o)
 .debug_frame   0x00001400       0x50 .\CortexM3\ARM_GCC_541\Debug\Design_301_project.a(Vo4.o)
 .debug_frame   0x00001450       0x50 .\CortexM3\ARM_GCC_541\Debug\Design_301_project.a(M1_D1.o)
 .debug_frame   0x000014a0      0x108 .\CortexM3\ARM_GCC_541\Debug\Design_301_project.a(Timer_2.o)
 .debug_frame   0x000015a8       0x68 .\CortexM3\ARM_GCC_541\Debug\Design_301_project.a(Timer_2_PM.o)
 .debug_frame   0x00001610      0x104 .\CortexM3\ARM_GCC_541\Debug\Design_301_project.a(isr_T2.o)
 .debug_frame   0x00001714      0x134 .\CortexM3\ARM_GCC_541\Debug\Design_301_project.a(QuadDec_M1_Cnt16.o)
 .debug_frame   0x00001848      0x134 .\CortexM3\ARM_GCC_541\Debug\Design_301_project.a(QuadDec_M2_Cnt16.o)
 .debug_frame   0x0000197c       0x70 .\CortexM3\ARM_GCC_541\Debug\Design_301_project.a(USBUART_Dp.o)
 .debug_frame   0x000019ec      0x738 .\CortexM3\ARM_GCC_541\Debug\Design_301_project.a(CyLib.o)
 .debug_frame   0x00002124      0x1f8 .\CortexM3\ARM_GCC_541\Debug\Design_301_project.a(cyPm.o)
 .debug_frame   0x0000231c       0x2c .\CortexM3\ARM_GCC_541\Debug\Design_301_project.a(USBUART_cls.o)
 .debug_frame   0x00002348      0x194 .\CortexM3\ARM_GCC_541\Debug\Design_301_project.a(CyFlash.o)
 .debug_frame   0x000024dc      0x180 .\CortexM3\ARM_GCC_541\Debug\Design_301_project.a(CySpc.o)
 .debug_frame   0x0000265c       0x20 d:/psoc creator/4.4/psoc creator/import/gnu/arm/5.4.1/bin/../lib/gcc/arm-none-eabi/5.4.1/../../../../arm-none-eabi/lib/armv7-m\libg_nano.a(lib_a-errno.o)
 .debug_frame   0x0000267c       0x28 d:/psoc creator/4.4/psoc creator/import/gnu/arm/5.4.1/bin/../lib/gcc/arm-none-eabi/5.4.1/../../../../arm-none-eabi/lib/armv7-m\libg_nano.a(lib_a-exit.o)
 .debug_frame   0x000026a4       0x2c d:/psoc creator/4.4/psoc creator/import/gnu/arm/5.4.1/bin/../lib/gcc/arm-none-eabi/5.4.1/../../../../arm-none-eabi/lib/armv7-m\libg_nano.a(lib_a-init.o)
 .debug_frame   0x000026d0       0x28 d:/psoc creator/4.4/psoc creator/import/gnu/arm/5.4.1/bin/../lib/gcc/arm-none-eabi/5.4.1/../../../../arm-none-eabi/lib/armv7-m\libg_nano.a(lib_a-memcpy-stub.o)
 .debug_frame   0x000026f8       0x20 d:/psoc creator/4.4/psoc creator/import/gnu/arm/5.4.1/bin/../lib/gcc/arm-none-eabi/5.4.1/../../../../arm-none-eabi/lib/armv7-m\libg_nano.a(lib_a-memset.o)
 .debug_frame   0x00002718       0x8c d:/psoc creator/4.4/psoc creator/import/gnu/arm/5.4.1/bin/../lib/gcc/arm-none-eabi/5.4.1/../../../../arm-none-eabi/lib/armv7-m\libg_nano.a(lib_a-nano-vfprintf_float.o)
 .debug_frame   0x000027a4       0x60 d:/psoc creator/4.4/psoc creator/import/gnu/arm/5.4.1/bin/../lib/gcc/arm-none-eabi/5.4.1/../../../../arm-none-eabi/lib/armv7-m\libg_nano.a(lib_a-nano-vfprintf_i.o)
 .debug_frame   0x00002804       0x20 d:/psoc creator/4.4/psoc creator/import/gnu/arm/5.4.1/bin/../lib/gcc/arm-none-eabi/5.4.1/../../../../arm-none-eabi/lib/armv7-m\libg_nano.a(lib_a-strcpy.o)
 .debug_frame   0x00002824       0x6c d:/psoc creator/4.4/psoc creator/import/gnu/arm/5.4.1/bin/../lib/gcc/arm-none-eabi/5.4.1/../../../../arm-none-eabi/lib/armv7-m\libg_nano.a(lib_a-dtoa.o)
 .debug_frame   0x00002890       0x98 d:/psoc creator/4.4/psoc creator/import/gnu/arm/5.4.1/bin/../lib/gcc/arm-none-eabi/5.4.1/../../../../arm-none-eabi/lib/armv7-m\libg_nano.a(lib_a-locale.o)
 .debug_frame   0x00002928       0x30 d:/psoc creator/4.4/psoc creator/import/gnu/arm/5.4.1/bin/../lib/gcc/arm-none-eabi/5.4.1/../../../../arm-none-eabi/lib/armv7-m\libg_nano.a(lib_a-malloc.o)
 .debug_frame   0x00002958       0x28 d:/psoc creator/4.4/psoc creator/import/gnu/arm/5.4.1/bin/../lib/gcc/arm-none-eabi/5.4.1/../../../../arm-none-eabi/lib/armv7-m\libg_nano.a(lib_a-memchr-stub.o)
 .debug_frame   0x00002980      0x234 d:/psoc creator/4.4/psoc creator/import/gnu/arm/5.4.1/bin/../lib/gcc/arm-none-eabi/5.4.1/../../../../arm-none-eabi/lib/armv7-m\libg_nano.a(lib_a-mprec.o)
 .debug_frame   0x00002bb4       0x2c d:/psoc creator/4.4/psoc creator/import/gnu/arm/5.4.1/bin/../lib/gcc/arm-none-eabi/5.4.1/../../../../arm-none-eabi/lib/armv7-m\libg_nano.a(lib_a-nano-callocr.o)
 .debug_frame   0x00002be0       0x38 d:/psoc creator/4.4/psoc creator/import/gnu/arm/5.4.1/bin/../lib/gcc/arm-none-eabi/5.4.1/../../../../arm-none-eabi/lib/armv7-m\libg_nano.a(lib_a-nano-freer.o)
 .debug_frame   0x00002c18       0x2c d:/psoc creator/4.4/psoc creator/import/gnu/arm/5.4.1/bin/../lib/gcc/arm-none-eabi/5.4.1/../../../../arm-none-eabi/lib/armv7-m\libg_nano.a(lib_a-nano-mallocr.o)
 .debug_frame   0x00002c44       0x2c d:/psoc creator/4.4/psoc creator/import/gnu/arm/5.4.1/bin/../lib/gcc/arm-none-eabi/5.4.1/../../../../arm-none-eabi/lib/armv7-m\libg_nano.a(lib_a-sbrkr.o)
 .debug_frame   0x00002c70       0x20 d:/psoc creator/4.4/psoc creator/import/gnu/arm/5.4.1/bin/../lib/gcc/arm-none-eabi/5.4.1/../../../../arm-none-eabi/lib/armv7-m\libg_nano.a(lib_a-strcmp.o)
 .debug_frame   0x00002c90       0x30 d:/psoc creator/4.4/psoc creator/import/gnu/arm/5.4.1/bin/../lib/gcc/arm-none-eabi/5.4.1/../../../../arm-none-eabi/lib/armv7-m\libg_nano.a(lib_a-mlock.o)
 .debug_frame   0x00002cc0       0x5c d:/psoc creator/4.4/psoc creator/import/gnu/arm/5.4.1/bin/../lib/gcc/arm-none-eabi/5.4.1/../../../../arm-none-eabi/lib/armv7-m\libg_nano.a(lib_a-reent.o)

.debug_str      0x00000000     0x3982
 *(.debug_str)
 .debug_str     0x00000000      0x6d6 .\CortexM3\ARM_GCC_541\Debug\main.o
                                0x760 (size before relaxing)
 .debug_str     0x000006d6        0x8 .\CortexM3\ARM_GCC_541\Debug\store.o
                                 0xe9 (size before relaxing)
 .debug_str     0x000006de      0x180 .\CortexM3\ARM_GCC_541\Debug\cyfitter_cfg.o
                                0x326 (size before relaxing)
 .debug_str     0x0000085e       0x7f .\CortexM3\ARM_GCC_541\Debug\cymetadata.o
                                0x1f5 (size before relaxing)
 .debug_str     0x000008dd      0x13e .\CortexM3\ARM_GCC_541\Debug\Cm3Start.o
                                0x31b (size before relaxing)
 .debug_str     0x00000a1b       0x5f .\CortexM3\ARM_GCC_541\Debug\Design_301_project.a(M2_D1.o)
                                0x1f3 (size before relaxing)
 .debug_str     0x00000a7a      0x168 .\CortexM3\ARM_GCC_541\Debug\Design_301_project.a(QuadDec_M1.o)
                                0x35b (size before relaxing)
 .debug_str     0x00000be2      0x11e .\CortexM3\ARM_GCC_541\Debug\Design_301_project.a(QuadDec_M2.o)
                                0x35b (size before relaxing)
 .debug_str     0x00000d00      0x10a .\CortexM3\ARM_GCC_541\Debug\Design_301_project.a(PWM_1.o)
                                0x2de (size before relaxing)
 .debug_str     0x00000e0a       0x7e .\CortexM3\ARM_GCC_541\Debug\Design_301_project.a(PWM_1_PM.o)
                                0x23e (size before relaxing)
 .debug_str     0x00000e88       0xd9 .\CortexM3\ARM_GCC_541\Debug\Design_301_project.a(PWM_2.o)
                                0x2de (size before relaxing)
 .debug_str     0x00000f61       0x6f .\CortexM3\ARM_GCC_541\Debug\Design_301_project.a(PWM_2_PM.o)
                                0x23e (size before relaxing)
 .debug_str     0x00000fd0      0x148 .\CortexM3\ARM_GCC_541\Debug\Design_301_project.a(Timer_1.o)
                                0x326 (size before relaxing)
 .debug_str     0x00001118       0xfd .\CortexM3\ARM_GCC_541\Debug\Design_301_project.a(isr_US.o)
                                0x2c5 (size before relaxing)
 .debug_str     0x00001215      0x434 .\CortexM3\ARM_GCC_541\Debug\Design_301_project.a(USBUART.o)
                                0x67b (size before relaxing)
 .debug_str     0x00001649      0x4bd .\CortexM3\ARM_GCC_541\Debug\Design_301_project.a(USBUART_cdc.o)
                                0x7e2 (size before relaxing)
 .debug_str     0x00001b06      0x291 .\CortexM3\ARM_GCC_541\Debug\Design_301_project.a(USBUART_drv.o)
                                0x659 (size before relaxing)
 .debug_str     0x00001d97       0x80 .\CortexM3\ARM_GCC_541\Debug\Design_301_project.a(USBUART_episr.o)
                                0x2f0 (size before relaxing)
 .debug_str     0x00001e17       0xd2 .\CortexM3\ARM_GCC_541\Debug\Design_301_project.a(USBUART_pm.o)
                                0x301 (size before relaxing)
 .debug_str     0x00001ee9      0x288 .\CortexM3\ARM_GCC_541\Debug\Design_301_project.a(USBUART_std.o)
                                0x7e0 (size before relaxing)
 .debug_str     0x00002171       0x46 .\CortexM3\ARM_GCC_541\Debug\Design_301_project.a(USBUART_vnd.o)
                                0x2a0 (size before relaxing)
 .debug_str     0x000021b7       0x38 .\CortexM3\ARM_GCC_541\Debug\Design_301_project.a(RF_BT_SELECT.o)
                                0x1d5 (size before relaxing)
 .debug_str     0x000021ef       0x48 .\CortexM3\ARM_GCC_541\Debug\Design_301_project.a(Vo6.o)
                                0x1e9 (size before relaxing)
 .debug_str     0x00002237       0x48 .\CortexM3\ARM_GCC_541\Debug\Design_301_project.a(Vo1.o)
                                0x1e9 (size before relaxing)
 .debug_str     0x0000227f       0x48 .\CortexM3\ARM_GCC_541\Debug\Design_301_project.a(Vo2.o)
                                0x1e9 (size before relaxing)
 .debug_str     0x000022c7       0x48 .\CortexM3\ARM_GCC_541\Debug\Design_301_project.a(Vo5.o)
                                0x1e9 (size before relaxing)
 .debug_str     0x0000230f       0x48 .\CortexM3\ARM_GCC_541\Debug\Design_301_project.a(Vo3.o)
                                0x1e9 (size before relaxing)
 .debug_str     0x00002357       0x48 .\CortexM3\ARM_GCC_541\Debug\Design_301_project.a(Vo4.o)
                                0x1e9 (size before relaxing)
 .debug_str     0x0000239f       0x4f .\CortexM3\ARM_GCC_541\Debug\Design_301_project.a(M1_D1.o)
                                0x1f3 (size before relaxing)
 .debug_str     0x000023ee      0x136 .\CortexM3\ARM_GCC_541\Debug\Design_301_project.a(Timer_2.o)
                                0x326 (size before relaxing)
 .debug_str     0x00002524       0x91 .\CortexM3\ARM_GCC_541\Debug\Design_301_project.a(Timer_2_PM.o)
                                0x252 (size before relaxing)
 .debug_str     0x000025b5       0xe5 .\CortexM3\ARM_GCC_541\Debug\Design_301_project.a(isr_T2.o)
                                0x2c5 (size before relaxing)
 .debug_str     0x0000269a      0x1dd .\CortexM3\ARM_GCC_541\Debug\Design_301_project.a(QuadDec_M1_Cnt16.o)
                                0x43a (size before relaxing)
 .debug_str     0x00002877      0x1ce .\CortexM3\ARM_GCC_541\Debug\Design_301_project.a(QuadDec_M2_Cnt16.o)
                                0x43a (size before relaxing)
 .debug_str     0x00002a45       0x99 .\CortexM3\ARM_GCC_541\Debug\Design_301_project.a(USBUART_Dp.o)
                                0x252 (size before relaxing)
 .debug_str     0x00002ade      0x7af .\CortexM3\ARM_GCC_541\Debug\Design_301_project.a(CyLib.o)
                                0xa58 (size before relaxing)
 .debug_str     0x0000328d      0x365 .\CortexM3\ARM_GCC_541\Debug\Design_301_project.a(cyPm.o)