Archive member included to satisfy reference by file (symbol)

.\CortexM3\ARM_GCC_541\Debug\Design_301_project.a(QuadDec_M1.o)
                              .\CortexM3\ARM_GCC_541\Debug\main.o (QuadDec_M1_GetCounter)
.\CortexM3\ARM_GCC_541\Debug\Design_301_project.a(QuadDec_M2.o)
                              .\CortexM3\ARM_GCC_541\Debug\tacho.o (QuadDec_M2_GetCounter)
.\CortexM3\ARM_GCC_541\Debug\Design_301_project.a(PWM_1.o)
                              .\CortexM3\ARM_GCC_541\Debug\main.o (PWM_1_WriteCompare)
.\CortexM3\ARM_GCC_541\Debug\Design_301_project.a(PWM_1_PM.o)
                              .\CortexM3\ARM_GCC_541\Debug\main.o (PWM_1_SaveConfig)
.\CortexM3\ARM_GCC_541\Debug\Design_301_project.a(QuadDec_M1_Cnt16.o)
                              .\CortexM3\ARM_GCC_541\Debug\Design_301_project.a(QuadDec_M1.o) (QuadDec_M1_Cnt16_Stop)
.\CortexM3\ARM_GCC_541\Debug\Design_301_project.a(QuadDec_M2_Cnt16.o)
                              .\CortexM3\ARM_GCC_541\Debug\Design_301_project.a(QuadDec_M2.o) (QuadDec_M2_Cnt16_Stop)
.\CortexM3\ARM_GCC_541\Debug\Design_301_project.a(CyDmac.o)
                              .\CortexM3\ARM_GCC_541\Debug\Cm3Start.o (CyDmacConfigure)
.\CortexM3\ARM_GCC_541\Debug\Design_301_project.a(CyLib.o)
                              .\CortexM3\ARM_GCC_541\Debug\Cm3Start.o (CyHalt)
.\CortexM3\ARM_GCC_541\Debug\Design_301_project.a(cyPm.o)
                              .\CortexM3\ARM_GCC_541\Debug\Design_301_project.a(CyLib.o) (CyPmReadStatus)
.\CortexM3\ARM_GCC_541\Debug\Design_301_project.a(Timer_TS.o)
                              .\CortexM3\ARM_GCC_541\Debug\main.o (Timer_TS_Start)
.\CortexM3\ARM_GCC_541\Debug\Design_301_project.a(isr_TS.o)
                              .\CortexM3\ARM_GCC_541\Debug\main.o (isr_TS_StartEx)
.\CortexM3\ARM_GCC_541\Debug\Design_301_project.a(USBUART.o)
                              .\CortexM3\ARM_GCC_541\Debug\main.o (USBUART_Start)
.\CortexM3\ARM_GCC_541\Debug\Design_301_project.a(USBUART_cdc.o)
                              .\CortexM3\ARM_GCC_541\Debug\main.o (USBUART_CDC_Init)
.\CortexM3\ARM_GCC_541\Debug\Design_301_project.a(USBUART_drv.o)
                              .\CortexM3\ARM_GCC_541\Debug\Design_301_project.a(USBUART.o) (USBUART_lastPacketSize)
.\CortexM3\ARM_GCC_541\Debug\Design_301_project.a(USBUART_episr.o)
                              .\CortexM3\ARM_GCC_541\Debug\Design_301_project.a(USBUART.o) (USBUART_EP_1_ISR)
.\CortexM3\ARM_GCC_541\Debug\Design_301_project.a(USBUART_pm.o)
                              .\CortexM3\ARM_GCC_541\Debug\Design_301_project.a(USBUART.o) (USBUART_DP_ISR)
.\CortexM3\ARM_GCC_541\Debug\Design_301_project.a(USBUART_std.o)
                              .\CortexM3\ARM_GCC_541\Debug\Design_301_project.a(USBUART_pm.o) (USBUART_ConfigReg)
.\CortexM3\ARM_GCC_541\Debug\Design_301_project.a(USBUART_vnd.o)
                              .\CortexM3\ARM_GCC_541\Debug\Design_301_project.a(USBUART_drv.o) (USBUART_HandleVendorRqst)
.\CortexM3\ARM_GCC_541\Debug\Design_301_project.a(RF_BT_SELECT.o)
                              .\CortexM3\ARM_GCC_541\Debug\main.o (RF_BT_SELECT_Write)
.\CortexM3\ARM_GCC_541\Debug\Design_301_project.a(USBUART_Dp.o)
                              .\CortexM3\ARM_GCC_541\Debug\Design_301_project.a(USBUART.o) (USBUART_Dp_ClearInterrupt)
.\CortexM3\ARM_GCC_541\Debug\Design_301_project.a(CyBootAsmGnu.o)
                              .\CortexM3\ARM_GCC_541\Debug\cyfitter_cfg.o (CyDelayCycles)
.\CortexM3\ARM_GCC_541\Debug\Design_301_project.a(CyFlash.o)
                              .\CortexM3\ARM_GCC_541\Debug\Design_301_project.a(cyPm.o) (CyFlash_SetWaitCycles)
.\CortexM3\ARM_GCC_541\Debug\Design_301_project.a(CySpc.o)
                              .\CortexM3\ARM_GCC_541\Debug\Design_301_project.a(CyFlash.o) (CySpcStart)
.\CortexM3\ARM_GCC_541\Debug\Design_301_project.a(USBUART_cls.o)
                              .\CortexM3\ARM_GCC_541\Debug\Design_301_project.a(USBUART_drv.o) (USBUART_DispatchClassRqst)
.\CortexM3\ARM_GCC_541\Debug\Design_301_project.a(USBUART_descr.o)
                              .\CortexM3\ARM_GCC_541\Debug\Design_301_project.a(USBUART_std.o) (USBUART_idSerialNumberStringDescriptor)
c:/program files (x86)/cypress/psoc creator/4.4/psoc creator/import/gnu/arm/5.4.1/bin/../lib/gcc/arm-none-eabi/5.4.1/armv7-m\libgcc.a(_arm_addsubdf3.o)
                              .\CortexM3\ARM_GCC_541\Debug\main.o (__aeabi_i2d)
c:/program files (x86)/cypress/psoc creator/4.4/psoc creator/import/gnu/arm/5.4.1/bin/../lib/gcc/arm-none-eabi/5.4.1/armv7-m\libgcc.a(_arm_muldivdf3.o)
                              .\CortexM3\ARM_GCC_541\Debug\main.o (__aeabi_ddiv)
c:/program files (x86)/cypress/psoc creator/4.4/psoc creator/import/gnu/arm/5.4.1/bin/../lib/gcc/arm-none-eabi/5.4.1/armv7-m\libgcc.a(_arm_fixunsdfsi.o)
                              .\CortexM3\ARM_GCC_541\Debug\main.o (__aeabi_d2uiz)
[...]
Memory Configuration

Name             Origin             Length             Attributes
rom              0x00000000         0x00040000         xr
ram              0x1fff8000         0x00010000         xrw
*default*        0x00000000         0xffffffff

Linker script and memory map

LOAD c:/program files (x86)/cypress/psoc creator/4.4/psoc creator/import/gnu/arm/5.4.1/bin/../lib/gcc/arm-none-eabi/5.4.1/armv7-m/crti.o
LOAD c:/program files (x86)/cypress/psoc creator/4.4/psoc creator/import/gnu/arm/5.4.1/bin/../lib/gcc/arm-none-eabi/5.4.1/armv7-m/crtbegin.o
LOAD c:/program files (x86)/cypress/psoc creator/4.4/psoc creator/import/gnu/arm/5.4.1/bin/../lib/gcc/arm-none-eabi/5.4.1/../../../../arm-none-eabi/lib/armv7-m/crt0.o
START GROUP
LOAD .\CortexM3\ARM_GCC_541\Debug\main.o
LOAD .\CortexM3\ARM_GCC_541\Debug\tacho.o
LOAD .\CortexM3\ARM_GCC_541\Debug\cyfitter_cfg.o
LOAD .\CortexM3\ARM_GCC_541\Debug\cymetadata.o
LOAD .\CortexM3\ARM_GCC_541\Debug\Cm3Start.o
LOAD .\CortexM3\ARM_GCC_541\Debug\Design_301_project.a
LOAD C:\Program Files (x86)\Cypress\PSoC Creator\4.4\PSoC Creator\psoc\content\cycomponentlibrary\CyComponentLibrary.cylib\CortexM3\ARM_GCC_541\Debug\CyComponentLibrary.a
END GROUP
START GROUP
LOAD c:/program files (x86)/cypress/psoc creator/4.4/psoc creator/import/gnu/arm/5.4.1/bin/../lib/gcc/arm-none-eabi/5.4.1/armv7-m\libgcc.a
LOAD c:/program files (x86)/cypress/psoc creator/4.4/psoc creator/import/gnu/arm/5.4.1/bin/../lib/gcc/arm-none-eabi/5.4.1/../../../../arm-none-eabi/lib/armv7-m\libg_nano.a
LOAD c:/program files (x86)/cypress/psoc creator/4.4/psoc creator/import/gnu/arm/5.4.1/bin/../lib/gcc/arm-none-eabi/5.4.1/../../../../arm-none-eabi/lib/armv7-m\libc_nano.a
END GROUP
START GROUP
LOAD c:/program files (x86)/cypress/psoc creator/4.4/psoc creator/import/gnu/arm/5.4.1/bin/../lib/gcc/arm-none-eabi/5.4.1/armv7-m\libgcc.a
LOAD c:/program files (x86)/cypress/psoc creator/4.4/psoc creator/import/gnu/arm/5.4.1/bin/../lib/gcc/arm-none-eabi/5.4.1/../../../../arm-none-eabi/lib/armv7-m\libc_nano.a
END GROUP
LOAD c:/program files (x86)/cypress/psoc creator/4.4/psoc creator/import/gnu/arm/5.4.1/bin/../lib/gcc/arm-none-eabi/5.4.1/armv7-m/crtend.o
LOAD c:/program files (x86)/cypress/psoc creator/4.4/psoc creator/import/gnu/arm/5.4.1/bin/../lib/gcc/arm-none-eabi/5.4.1/armv7-m/crtn.o
START GROUP
LOAD c:/program files (x86)/cypress/psoc creator/4.4/psoc creator/import/gnu/arm/5.4.1/bin/../lib/gcc/arm-none-eabi/5.4.1/armv7-m\libgcc.a
LOAD c:/program files (x86)/cypress/psoc creator/4.4/psoc creator/import/gnu/arm/5.4.1/bin/../lib/gcc/arm-none-eabi/5.4.1/../../../../arm-none-eabi/lib/armv7-m\libc.a
LOAD c:/program files (x86)/cypress/psoc creator/4.4/psoc creator/import/gnu/arm/5.4.1/bin/../lib/gcc/arm-none-eabi/5.4.1/../../../../arm-none-eabi/lib/armv7-m\libnosys.a
END GROUP
                0x00000000                CY_APPL_ORIGIN = 0x0
                0x00000100                CY_FLASH_ROW_SIZE = 0x100
                0x00000020                CY_ECC_ROW_SIZE = 0x20
                0x00000000                CY_EE_IN_BTLDR = 0x0
                0x00000000                CY_APPL_LOADABLE = 0x0
                0x00000800                CY_EE_SIZE = 0x800
                0x00000001                CY_APPL_NUM = 0x1
                0x00000001                CY_APPL_MAX = 0x1
                0x00000040                CY_METADATA_SIZE = 0x40
                0x00000000                CY_APPL_LOADABLE = 0x0
                0x00000000                CY_CHECKSUM_EXCLUDE_SIZE = ALIGN (0x0, CY_FLASH_ROW_SIZE)
                [!provide]                PROVIDE (__cy_heap_start, _end)
                0x00000001                PROVIDE (__cy_region_num, ((__cy_regions_end - __cy_regions) / 0x10))
                0x20008000                PROVIDE (__cy_stack, (ORIGIN (ram) + LENGTH (ram)))
                [!provide]                PROVIDE (__cy_heap_end, (__cy_stack - 0x800))

.cybootloader   0x00000000        0x0
 *(.cybootloader)
                0x00000000                appl1_start = CY_APPL_ORIGIN?CY_APPL_ORIGIN:ALIGN (CY_FLASH_ROW_SIZE)
                0x0001ff00                appl2_start = (appl1_start + ALIGN ((((LENGTH (rom) - appl1_start) - (0x2 * CY_FLASH_ROW_SIZE)) / 0x2), CY_FLASH_ROW_SIZE))
                0x00000000                appl_start = (CY_APPL_NUM == 0x1)?appl1_start:appl2_start
                0x00000000                ecc_offset = ((appl_start / CY_FLASH_ROW_SIZE) * CY_ECC_ROW_SIZE)
                0x00000000                ee_offset = (CY_APPL_LOADABLE && ! (CY_EE_IN_BTLDR))?((CY_EE_SIZE / CY_APPL_MAX) * (CY_APPL_NUM - 0x1)):0x0
                0x00000800                ee_size = (CY_APPL_LOADABLE && ! (CY_EE_IN_BTLDR))?(CY_EE_SIZE / CY_APPL_MAX):CY_EE_SIZE
                [!provide]                PROVIDE (CY_ECC_OFFSET, ecc_offset)

.text           0x00000000     0x4bbc
 CREATE_OBJECT_SYMBOLS
                0x00000000                PROVIDE (__cy_interrupt_vector, RomVectors)
 *(.romvectors)
 .romvectors    0x00000000       0x10 .\CortexM3\ARM_GCC_541\Debug\Cm3Start.o
                0x00000000                RomVectors
                0x00000001                ASSERT ((. != __cy_interrupt_vector), No interrupt vector)
                0x00000001                ASSERT (CY_APPL_ORIGIN?(SIZEOF (.cybootloader) <= CY_APPL_ORIGIN):0x1, Wrong image location)
                0x00000010                PROVIDE (__cy_reset, Reset)
 *(.text.Reset)
 .text.Reset    0x00000010       0x18 .\CortexM3\ARM_GCC_541\Debug\Cm3Start.o
                0x00000010                Reset
                0x00000001                ASSERT ((. != __cy_reset), No reset code)
 *(.dma_init)
                0x00000001                ASSERT ((((appl_start + .) <= 0x10000) || 0x1), DMA Init must be within the first 64k of flash)
 *(.text .text.* .gnu.linkonce.t.*)
 .text          0x00000028       0x5c c:/program files (x86)/cypress/psoc creator/4.4/psoc creator/import/gnu/arm/5.4.1/bin/../lib/gcc/arm-none-eabi/5.4.1/armv7-m/crtbegin.o
 .text.isr_timer_EncoderCalculation
                0x00000084        0xc .\CortexM3\ARM_GCC_541\Debug\main.o
                0x00000084                isr_timer_EncoderCalculation
 .text.usbPutString
                0x00000090       0x28 .\CortexM3\ARM_GCC_541\Debug\main.o
                0x00000090                usbPutString
 .text.handle_usb
                0x000000b8       0x88 .\CortexM3\ARM_GCC_541\Debug\main.o
                0x000000b8                handle_usb
 .text.main     0x00000140       0xf4 .\CortexM3\ARM_GCC_541\Debug\main.o
                0x00000140                main
 .text.CyClockStartupError
                0x00000234        0x4 .\CortexM3\ARM_GCC_541\Debug\cyfitter_cfg.o
 .text.cfg_write_bytes32
                0x00000238       0x34 .\CortexM3\ARM_GCC_541\Debug\cyfitter_cfg.o
 .text.CYMEMZERO
                0x0000026c        0xc .\CortexM3\ARM_GCC_541\Debug\cyfitter_cfg.o
 .text.ClockSetup
                0x00000278       0xf0 .\CortexM3\ARM_GCC_541\Debug\cyfitter_cfg.o
 .text.AnalogSetDefault
                0x00000368       0x84 .\CortexM3\ARM_GCC_541\Debug\cyfitter_cfg.o
 .text.CYCONFIGCPY
                0x000003ec        0x8 .\CortexM3\ARM_GCC_541\Debug\cyfitter_cfg.o
 .text.cyfitter_cfg
                0x000003f4      0x16c .\CortexM3\ARM_GCC_541\Debug\cyfitter_cfg.o
                0x000003f4                cyfitter_cfg
 .text.IntDefaultHandler
                0x00000560       0x10 .\CortexM3\ARM_GCC_541\Debug\Cm3Start.o
                0x00000560                IntDefaultHandler
 .text._sbrk    0x00000570       0x30 .\CortexM3\ARM_GCC_541\Debug\Cm3Start.o
                0x00000570                _sbrk
 .text.Start_c  0x000005a0       0x4c .\CortexM3\ARM_GCC_541\Debug\Cm3Start.o
                0x000005a0                Start_c
 .text.initialize_psoc
                0x000005ec       0x6c .\CortexM3\ARM_GCC_541\Debug\Cm3Start.o
                0x000005ec                initialize_psoc
 .text.QuadDec_M1_GetCounter
                0x00000658       0x10 .\CortexM3\ARM_GCC_541\Debug\Design_301_project.a(QuadDec_M1.o)
                0x00000658                QuadDec_M1_GetCounter
 .text.QuadDec_M1_SetCounter
                0x00000668       0x1c .\CortexM3\ARM_GCC_541\Debug\Design_301_project.a(QuadDec_M1.o)
                0x00000668                QuadDec_M1_SetCounter
 .text.QuadDec_M1_GetEvents
                0x00000684       0x10 .\CortexM3\ARM_GCC_541\Debug\Design_301_project.a(QuadDec_M1.o)
                0x00000684                QuadDec_M1_GetEvents
 .text.QuadDec_M1_SetInterruptMask
                0x00000694        0xc .\CortexM3\ARM_GCC_541\Debug\Design_301_project.a(QuadDec_M1.o)
                0x00000694                QuadDec_M1_SetInterruptMask
 .text.QuadDec_M1_Enable
                0x000006a0       0x24 .\CortexM3\ARM_GCC_541\Debug\Design_301_project.a(QuadDec_M1.o)
                0x000006a0                QuadDec_M1_Enable
 .text.QuadDec_M1_Start
                0x000006c4       0x24 .\CortexM3\ARM_GCC_541\Debug\Design_301_project.a(QuadDec_M1.o)
                0x000006c4                QuadDec_M1_Start
 .text.PWM_1_Enable
                0x000006e8       0x28 .\CortexM3\ARM_GCC_541\Debug\Design_301_project.a(PWM_1.o)
                0x000006e8                PWM_1_Enable
 .text.PWM_1_WritePeriod
                0x00000710        0xc .\CortexM3\ARM_GCC_541\Debug\Design_301_project.a(PWM_1.o)
                0x00000710                PWM_1_WritePeriod
 .text.PWM_1_WriteCompare
                0x0000071c        0xc .\CortexM3\ARM_GCC_541\Debug\Design_301_project.a(PWM_1.o)
                0x0000071c                PWM_1_WriteCompare
 .text.PWM_1_SetInterruptMode
                0x00000728        0xc .\CortexM3\ARM_GCC_541\Debug\Design_301_project.a(PWM_1.o)
                0x00000728                PWM_1_SetInterruptMode
 .text.PWM_1_Init
                0x00000734       0x78 .\CortexM3\ARM_GCC_541\Debug\Design_301_project.a(PWM_1.o)
                0x00000734                PWM_1_Init
 .text.PWM_1_Start
                0x000007ac       0x1c .\CortexM3\ARM_GCC_541\Debug\Design_301_project.a(PWM_1.o)
                0x000007ac                PWM_1_Start
 .text.PWM_1_ReadPeriod
                0x000007c8        0xc .\CortexM3\ARM_GCC_541\Debug\Design_301_project.a(PWM_1.o)
                0x000007c8                PWM_1_ReadPeriod
 .text.PWM_1_SaveConfig
                0x000007d4        0x4 .\CortexM3\ARM_GCC_541\Debug\Design_301_project.a(PWM_1_PM.o)
                0x000007d4                PWM_1_SaveConfig
 .text.QuadDec_M1_Cnt16_Enable
                0x000007d8       0x10 .\CortexM3\ARM_GCC_541\Debug\Design_301_project.a(QuadDec_M1_Cnt16.o)
                0x000007d8                QuadDec_M1_Cnt16_Enable
 .text.QuadDec_M1_Cnt16_SetInterruptMode
                0x000007e8        0xc .\CortexM3\ARM_GCC_541\Debug\Design_301_project.a(QuadDec_M1_Cnt16.o)
                0x000007e8                QuadDec_M1_Cnt16_SetInterruptMode
 .text.QuadDec_M1_Cnt16_ReadStatusRegister
                0x000007f4        0xc .\CortexM3\ARM_GCC_541\Debug\Design_301_project.a(QuadDec_M1_Cnt16.o)
                0x000007f4                QuadDec_M1_Cnt16_ReadStatusRegister
 .text.QuadDec_M1_Cnt16_WriteCounter
                0x00000800        0xc .\CortexM3\ARM_GCC_541\Debug\Design_301_project.a(QuadDec_M1_Cnt16.o)
                0x00000800                QuadDec_M1_Cnt16_WriteCounter
 .text.QuadDec_M1_Cnt16_ReadCounter
                0x0000080c       0x14 .\CortexM3\ARM_GCC_541\Debug\Design_301_project.a(QuadDec_M1_Cnt16.o)
                0x0000080c                QuadDec_M1_Cnt16_ReadCounter
 .text.QuadDec_M1_Cnt16_ReadCapture
                0x00000820        0xc .\CortexM3\ARM_GCC_541\Debug\Design_301_project.a(QuadDec_M1_Cnt16.o)
                0x00000820                QuadDec_M1_Cnt16_ReadCapture
 .text.QuadDec_M1_Cnt16_WritePeriod
                0x0000082c        0xc .\CortexM3\ARM_GCC_541\Debug\Design_301_project.a(QuadDec_M1_Cnt16.o)
                0x0000082c                QuadDec_M1_Cnt16_WritePeriod
 .text.QuadDec_M1_Cnt16_WriteCompare
                0x00000838        0xc .\CortexM3\ARM_GCC_541\Debug\Design_301_project.a(QuadDec_M1_Cnt16.o)
                0x00000838                QuadDec_M1_Cnt16_WriteCompare
 .text.QuadDec_M1_Cnt16_ClearFIFO
                0x00000844       0x14 .\CortexM3\ARM_GCC_541\Debug\Design_301_project.a(QuadDec_M1_Cnt16.o)
                0x00000844                QuadDec_M1_Cnt16_ClearFIFO
 .text.QuadDec_M1_Cnt16_Init
                0x00000858       0x58 .\CortexM3\ARM_GCC_541\Debug\Design_301_project.a(QuadDec_M1_Cnt16.o)
                0x00000858                QuadDec_M1_Cnt16_Init
 .text.QuadDec_M1_Cnt16_Start
                0x000008b0       0x1c .\CortexM3\ARM_GCC_541\Debug\Design_301_project.a(QuadDec_M1_Cnt16.o)
                0x000008b0                QuadDec_M1_Cnt16_Start
 .text.CyDmacConfigure
                0x000008cc       0x34 .\CortexM3\ARM_GCC_541\Debug\Design_301_project.a(CyDmac.o)
                0x000008cc                CyDmacConfigure
 .text.CyHalt   0x00000900        0x4 .\CortexM3\ARM_GCC_541\Debug\Design_301_project.a(CyLib.o)
                0x00000900                CyHalt
 .text.CyDelayUs
                0x00000904       0x14 .\CortexM3\ARM_GCC_541\Debug\Design_301_project.a(CyLib.o)
                0x00000904                CyDelayUs
 .text.CyIntSetVector
                0x00000918       0x28 .\CortexM3\ARM_GCC_541\Debug\Design_301_project.a(CyLib.o)
                0x00000918                CyIntSetVector
 .text.CyIntSetPriority
                0x00000940       0x30 .\CortexM3\ARM_GCC_541\Debug\Design_301_project.a(CyLib.o)
                0x00000940                CyIntSetPriority
 .text.CyGetUniqueId
                0x00000970       0x70 .\CortexM3\ARM_GCC_541\Debug\Design_301_project.a(CyLib.o)
                0x00000970                CyGetUniqueId
 .text.Timer_TS_Enable
                0x000009e0       0x28 .\CortexM3\ARM_GCC_541\Debug\Design_301_project.a(Timer_TS.o)
                0x000009e0                Timer_TS_Enable
 .text.Timer_TS_SetInterruptMode
                0x00000a08        0xc .\CortexM3\ARM_GCC_541\Debug\Design_301_project.a(Timer_TS.o)
                0x00000a08                Timer_TS_SetInterruptMode
 .text.Timer_TS_WritePeriod
                0x00000a14        0xc .\CortexM3\ARM_GCC_541\Debug\Design_301_project.a(Timer_TS.o)
                0x00000a14                Timer_TS_WritePeriod
 .text.Timer_TS_WriteCounter
                0x00000a20        0xc .\CortexM3\ARM_GCC_541\Debug\Design_301_project.a(Timer_TS.o)
                0x00000a20                Timer_TS_WriteCounter
 .text.Timer_TS_Init
                0x00000a2c       0x64 .\CortexM3\ARM_GCC_541\Debug\Design_301_project.a(Timer_TS.o)
                0x00000a2c                Timer_TS_Init
 .text.Timer_TS_Start
                0x00000a90       0x1c .\CortexM3\ARM_GCC_541\Debug\Design_301_project.a(Timer_TS.o)
                0x00000a90                Timer_TS_Start
 .text.isr_TS_SetVector
                0x00000aac        0xc .\CortexM3\ARM_GCC_541\Debug\Design_301_project.a(isr_TS.o)
                0x00000aac                isr_TS_SetVector
 .text.isr_TS_SetPriority
                0x00000ab8       0x10 .\CortexM3\ARM_GCC_541\Debug\Design_301_project.a(isr_TS.o)
                0x00000ab8                isr_TS_SetPriority
 .text.isr_TS_Enable
                0x00000ac8        0xc .\CortexM3\ARM_GCC_541\Debug\Design_301_project.a(isr_TS.o)
                0x00000ac8                isr_TS_Enable
 .text.isr_TS_Disable
                0x00000ad4        0xc .\CortexM3\ARM_GCC_541\Debug\Design_301_project.a(isr_TS.o)
                0x00000ad4                isr_TS_Disable
 .text.isr_TS_StartEx
                0x00000ae0       0x1c .\CortexM3\ARM_GCC_541\Debug\Design_301_project.a(isr_TS.o)
                0x00000ae0                isr_TS_StartEx
 .text.USBUART_Init
                0x00000afc      0x140 .\CortexM3\ARM_GCC_541\Debug\Design_301_project.a(USBUART.o)
                0x00000afc                USBUART_Init
 .text.USBUART_InitComponent
                0x00000c3c       0xb8 .\CortexM3\ARM_GCC_541\Debug\Design_301_project.a(USBUART.o)
                0x00000c3c                USBUART_InitComponent
 .text.USBUART_Start
                0x00000cf4       0x24 .\CortexM3\ARM_GCC_541\Debug\Design_301_project.a(USBUART.o)
                0x00000cf4                USBUART_Start
 .text.USBUART_ReInitComponent
                0x00000d18       0x4c .\CortexM3\ARM_GCC_541\Debug\Design_301_project.a(USBUART.o)
                0x00000d18                USBUART_ReInitComponent
 .text.USBUART_GetConfiguration
                0x00000d64        0xc .\CortexM3\ARM_GCC_541\Debug\Design_301_project.a(USBUART.o)
                0x00000d64                USBUART_GetConfiguration
 .text.USBUART_GetEPState
                0x00000d70       0x14 .\CortexM3\ARM_GCC_541\Debug\Design_301_project.a(USBUART.o)
                0x00000d70                USBUART_GetEPState
 .text.USBUART_GetEPCount
                0x00000d84       0x28 .\CortexM3\ARM_GCC_541\Debug\Design_301_project.a(USBUART.o)
                0x00000d84                USBUART_GetEPCount
 .text.USBUART_LoadInEP
                0x00000dac       0x94 .\CortexM3\ARM_GCC_541\Debug\Design_301_project.a(USBUART.o)
                0x00000dac                USBUART_LoadInEP
 .text.USBUART_EnableOutEP
                0x00000e40       0x2c .\CortexM3\ARM_GCC_541\Debug\Design_301_project.a(USBUART.o)
                0x00000e40                USBUART_EnableOutEP
 .text.USBUART_ReadOutEP
                0x00000e6c       0x50 .\CortexM3\ARM_GCC_541\Debug\Design_301_project.a(USBUART.o)
                0x00000e6c                USBUART_ReadOutEP
 .text.USBUART_GetInterfaceComPort
                0x00000ebc       0x38 .\CortexM3\ARM_GCC_541\Debug\Design_301_project.a(USBUART_cdc.o)
                0x00000ebc                USBUART_GetInterfaceComPort
 .text.USBUART_DispatchCDCClassRqst
                0x00000ef4       0x98 .\CortexM3\ARM_GCC_541\Debug\Design_301_project.a(USBUART_cdc.o)
                0x00000ef4                USBUART_DispatchCDCClassRqst
 .text.USBUART_CDC_Init
                0x00000f8c       0x98 .\CortexM3\ARM_GCC_541\Debug\Design_301_project.a(USBUART_cdc.o)
                0x00000f8c                USBUART_CDC_Init
 .text.USBUART_PutData
                0x00001024       0x50 .\CortexM3\ARM_GCC_541\Debug\Design_301_project.a(USBUART_cdc.o)
                0x00001024                USBUART_PutData
 .text.USBUART_PutChar
                0x00001074       0x28 .\CortexM3\ARM_GCC_541\Debug\Design_301_project.a(USBUART_cdc.o)
                0x00001074                USBUART_PutChar
 .text.USBUART_DataIsReady
                0x0000109c       0x18 .\CortexM3\ARM_GCC_541\Debug\Design_301_project.a(USBUART_cdc.o)
                0x0000109c                USBUART_DataIsReady
 .text.USBUART_CDCIsReady
                0x000010b4       0x18 .\CortexM3\ARM_GCC_541\Debug\Design_301_project.a(USBUART_cdc.o)
                0x000010b4                USBUART_CDCIsReady
 .text.USBUART_GetChar
                0x000010cc       0x28 .\CortexM3\ARM_GCC_541\Debug\Design_301_project.a(USBUART_cdc.o)
                0x000010cc                USBUART_GetChar
 .text.USBUART_Cdc_EpInit
                0x000010f4       0x50 .\CortexM3\ARM_GCC_541\Debug\Design_301_project.a(USBUART_cdc.o)
                0x000010f4                USBUART_Cdc_EpInit
 .text.USBUART_LoadEP0
                0x00001144       0x98 .\CortexM3\ARM_GCC_541\Debug\Design_301_project.a(USBUART_drv.o)
                0x00001144                USBUART_LoadEP0
 .text.USBUART_InitZeroLengthControlTransfer
                0x000011dc       0x34 .\CortexM3\ARM_GCC_541\Debug\Design_301_project.a(USBUART_drv.o)
                0x000011dc                USBUART_InitZeroLengthControlTransfer
 .text.USBUART_ControlReadDataStage
                0x00001210        0x8 .\CortexM3\ARM_GCC_541\Debug\Design_301_project.a(USBUART_drv.o)
                0x00001210                USBUART_ControlReadDataStage
 .text.USBUART_ControlWriteDataStage
                0x00001218       0x84 .\CortexM3\ARM_GCC_541\Debug\Design_301_project.a(USBUART_drv.o)
                0x00001218                USBUART_ControlWriteDataStage
 .text.USBUART_InitNoDataControlTransfer
                0x0000129c       0x2c .\CortexM3\ARM_GCC_541\Debug\Design_301_project.a(USBUART_drv.o)
                0x0000129c                USBUART_InitNoDataControlTransfer
 .text.USBUART_UpdateStatusBlock
                0x000012c8       0x24 .\CortexM3\ARM_GCC_541\Debug\Design_301_project.a(USBUART_drv.o)
                0x000012c8                USBUART_UpdateStatusBlock
 .text.USBUART_HandleSetup
                0x000012ec       0x5c .\CortexM3\ARM_GCC_541\Debug\Design_301_project.a(USBUART_drv.o)
                0x000012ec                USBUART_HandleSetup
 .text.USBUART_ControlReadStatusStage
                0x00001348       0x38 .\CortexM3\ARM_GCC_541\Debug\Design_301_project.a(USBUART_drv.o)
                0x00001348                USBUART_ControlReadStatusStage
 .text.USBUART_HandleOUT
                0x00001380       0x38 .\CortexM3\ARM_GCC_541\Debug\Design_301_project.a(USBUART_drv.o)
                0x00001380                USBUART_HandleOUT
 .text.USBUART_ControlWriteStatusStage
                0x000013b8       0x20 .\CortexM3\ARM_GCC_541\Debug\Design_301_project.a(USBUART_drv.o)
                0x000013b8                USBUART_ControlWriteStatusStage
 .text.USBUART_NoDataControlStatusStage
                0x000013d8       0x40 .\CortexM3\ARM_GCC_541\Debug\Design_301_project.a(USBUART_drv.o)
                0x000013d8                USBUART_NoDataControlStatusStage
 .text.USBUART_HandleIN
                0x00001418       0x2c .\CortexM3\ARM_GCC_541\Debug\Design_301_project.a(USBUART_drv.o)
                0x00001418                USBUART_HandleIN
 .text.USBUART_EP_0_ISR
                0x00001444       0xb8 .\CortexM3\ARM_GCC_541\Debug\Design_301_project.a(USBUART_drv.o)
                0x00001444                USBUART_EP_0_ISR
 .text.USBUART_InitializeStatusBlock
                0x000014fc       0x24 .\CortexM3\ARM_GCC_541\Debug\Design_301_project.a(USBUART_drv.o)
                0x000014fc                USBUART_InitializeStatusBlock
 .text.USBUART_InitControlRead
                0x00001520       0x50 .\CortexM3\ARM_GCC_541\Debug\Design_301_project.a(USBUART_drv.o)
                0x00001520                USBUART_InitControlRead
 .text.USBUART_InitControlWrite
                0x00001570       0x48 .\CortexM3\ARM_GCC_541\Debug\Design_301_project.a(USBUART_drv.o)
                0x00001570                USBUART_InitControlWrite
 .text.USBUART_EP_1_ISR
                0x000015b8       0x30 .\CortexM3\ARM_GCC_541\Debug\Design_301_project.a(USBUART_episr.o)
                0x000015b8                USBUART_EP_1_ISR
 .text.USBUART_EP_2_ISR
                0x000015e8       0x34 .\CortexM3\ARM_GCC_541\Debug\Design_301_project.a(USBUART_episr.o)
                0x000015e8                USBUART_EP_2_ISR
 .text.USBUART_EP_3_ISR
                0x0000161c       0x3c .\CortexM3\ARM_GCC_541\Debug\Design_301_project.a(USBUART_episr.o)
                0x0000161c                USBUART_EP_3_ISR
 .text.USBUART_SOF_ISR
                0x00001658        0x4 .\CortexM3\ARM_GCC_541\Debug\Design_301_project.a(USBUART_episr.o)
                0x00001658                USBUART_SOF_ISR
 .text.USBUART_BUS_RESET_ISR
                0x0000165c        0x8 .\CortexM3\ARM_GCC_541\Debug\Design_301_project.a(USBUART_episr.o)
                0x0000165c                USBUART_BUS_RESET_ISR
 .text.USBUART_DP_ISR
                0x00001664        0x8 .\CortexM3\ARM_GCC_541\Debug\Design_301_project.a(USBUART_pm.o)
                0x00001664                USBUART_DP_ISR
 .text.USBUART_ReadDieID
                0x0000166c       0x6c .\CortexM3\ARM_GCC_541\Debug\Design_301_project.a(USBUART_std.o)
                0x0000166c                USBUART_ReadDieID
 .text.USBUART_ConfigReg
                0x000016d8       0xa4 .\CortexM3\ARM_GCC_541\Debug\Design_301_project.a(USBUART_std.o)
                0x000016d8                USBUART_ConfigReg
 .text.USBUART_GetConfigTablePtr
                0x0000177c       0x28 .\CortexM3\ARM_GCC_541\Debug\Design_301_project.a(USBUART_std.o)
                0x0000177c                USBUART_GetConfigTablePtr
 .text.USBUART_ConfigAltChanged
                0x000017a4      0x11c .\CortexM3\ARM_GCC_541\Debug\Design_301_project.a(USBUART_std.o)
                0x000017a4                USBUART_ConfigAltChanged
 .text.USBUART_GetDeviceTablePtr
                0x000018c0       0x18 .\CortexM3\ARM_GCC_541\Debug\Design_301_project.a(USBUART_std.o)
                0x000018c0                USBUART_GetDeviceTablePtr
 .text.USBUART_GetInterfaceClassTablePtr
                0x000018d8       0x28 .\CortexM3\ARM_GCC_541\Debug\Design_301_project.a(USBUART_std.o)
                0x000018d8                USBUART_GetInterfaceClassTablePtr
 .text.USBUART_Config
                0x00001900      0x1e4 .\CortexM3\ARM_GCC_541\Debug\Design_301_project.a(USBUART_std.o)
                0x00001900                USBUART_Config
 .text.USBUART_SetEndpointHalt
                0x00001ae4       0x64 .\CortexM3\ARM_GCC_541\Debug\Design_301_project.a(USBUART_std.o)
                0x00001ae4                USBUART_SetEndpointHalt
 .text.USBUART_ClearEndpointHalt
                0x00001b48       0xac .\CortexM3\ARM_GCC_541\Debug\Design_301_project.a(USBUART_std.o)
                0x00001b48                USBUART_ClearEndpointHalt
 .text.USBUART_ValidateAlternateSetting
                0x00001bf4       0x4c .\CortexM3\ARM_GCC_541\Debug\Design_301_project.a(USBUART_std.o)
                0x00001bf4                USBUART_ValidateAlternateSetting
 .text.USBUART_HandleStandardRqst
                0x00001c40      0x35c .\CortexM3\ARM_GCC_541\Debug\Design_301_project.a(USBUART_std.o)
                0x00001c40                USBUART_HandleStandardRqst
 .text.USBUART_HandleVendorRqst
                0x00001f9c       0x3c .\CortexM3\ARM_GCC_541\Debug\Design_301_project.a(USBUART_vnd.o)
                0x00001f9c                USBUART_HandleVendorRqst
 .text.RF_BT_SELECT_Write
                0x00001fd8        0xc .\CortexM3\ARM_GCC_541\Debug\Design_301_project.a(RF_BT_SELECT.o)
                0x00001fd8                RF_BT_SELECT_Write
 .text.USBUART_Dp_ClearInterrupt
                0x00001fe4       0x10 .\CortexM3\ARM_GCC_541\Debug\Design_301_project.a(USBUART_Dp.o)
                0x00001fe4                USBUART_Dp_ClearInterrupt
 *fill*         0x00001ff4        0x4 
 .text          0x00001ff8       0x20 .\CortexM3\ARM_GCC_541\Debug\Design_301_project.a(CyBootAsmGnu.o)
                0x00001ff8                CyDelayCycles
                0x00002008                CyEnterCriticalSection
                0x00002010                CyExitCriticalSection
 .text.USBUART_DispatchClassRqst
                0x00002018       0x60 .\CortexM3\ARM_GCC_541\Debug\Design_301_project.a(USBUART_cls.o)
                0x00002018                USBUART_DispatchClassRqst
 .text          0x00002078      0x370 c:/program files (x86)/cypress/psoc creator/4.4/psoc creator/import/gnu/arm/5.4.1/bin/../lib/gcc/arm-none-eabi/5.4.1/armv7-m\libgcc.a(_arm_addsubdf3.o)
                0x00002078                __aeabi_drsub
                0x00002080                __aeabi_dsub
                0x00002080                __subdf3
                0x00002084                __aeabi_dadd
                0x00002084                __adddf3
                0x000022fc                __floatunsidf
                0x000022fc                __aeabi_ui2d
                0x0000231c                __floatsidf
                0x0000231c                __aeabi_i2d
                0x00002340                __aeabi_f2d
                0x00002340                __extendsfdf2
                0x0000237c                __floatundidf
                0x0000237c                __aeabi_ul2d
                0x0000238c                __floatdidf
                0x0000238c                __aeabi_l2d
 .text          0x000023e8      0x424 c:/program files (x86)/cypress/psoc creator/4.4/psoc creator/import/gnu/arm/5.4.1/bin/../lib/gcc/arm-none-eabi/5.4.1/armv7-m\libgcc.a(_arm_muldivdf3.o)
                0x000023e8                __aeabi_dmul
                0x000023e8                __muldf3
                0x0000263c                __divdf3
                0x0000263c                __aeabi_ddiv
 .text          0x0000280c       0x40 c:/program files (x86)/cypress/psoc creator/4.4/psoc creator/import/gnu/arm/5.4.1/bin/../lib/gcc/arm-none-eabi/5.4.1/armv7-m\libgcc.a(_arm_fixunsdfsi.o)
                0x0000280c                __aeabi_d2uiz
                0x0000280c                __fixunsdfsi
 .text.atoi     0x0000284c        0x8 c:/program files (x86)/cypress/psoc creator/4.4/psoc creator/import/gnu/arm/5.4.1/bin/../lib/gcc/arm-none-eabi/5.4.1/../../../../arm-none-eabi/lib/armv7-m\libg_nano.a(lib_a-atoi.o)
                0x0000284c                atoi
 .text.__errno  0x00002854        0xc c:/program files (x86)/cypress/psoc creator/4.4/psoc creator/import/gnu/arm/5.4.1/bin/../lib/gcc/arm-none-eabi/5.4.1/../../../../arm-none-eabi/lib/armv7-m\libg_nano.a(lib_a-errno.o)
                0x00002854                __errno
 .text.__libc_init_array
                0x00002860       0x4c c:/program files (x86)/cypress/psoc creator/4.4/psoc creator/import/gnu/arm/5.4.1/bin/../lib/gcc/arm-none-eabi/5.4.1/../../../../arm-none-eabi/lib/armv7-m\libg_nano.a(lib_a-init.o)
                0x00002860                __libc_init_array
 .text.memcpy   0x000028ac       0x16 c:/program files (x86)/cypress/psoc creator/4.4/psoc creator/import/gnu/arm/5.4.1/bin/../lib/gcc/arm-none-eabi/5.4.1/../../../../arm-none-eabi/lib/armv7-m\libg_nano.a(lib_a-memcpy-stub.o)
                0x000028ac                memcpy
 .text.memset   0x000028c2       0x10 c:/program files (x86)/cypress/psoc creator/4.4/psoc creator/import/gnu/arm/5.4.1/bin/../lib/gcc/arm-none-eabi/5.4.1/../../../../arm-none-eabi/lib/armv7-m\libg_nano.a(lib_a-memset.o)
                0x000028c2                memset
 .text.__cvt    0x000028d2       0xc0 c:/program files (x86)/cypress/psoc creator/4.4/psoc creator/import/gnu/arm/5.4.1/bin/../lib/gcc/arm-none-eabi/5.4.1/../../../../arm-none-eabi/lib/armv7-m\libg_nano.a(lib_a-nano-vfprintf_float.o)
                0x000028d2                __cvt
 .text.__exponent
                0x00002992       0x62 c:/program files (x86)/cypress/psoc creator/4.4/psoc creator/import/gnu/arm/5.4.1/bin/../lib/gcc/arm-none-eabi/5.4.1/../../../../arm-none-eabi/lib/armv7-m\libg_nano.a(lib_a-nano-vfprintf_float.o)
                0x00002992                __exponent
 .text._printf_float
                0x000029f4      0x488 c:/program files (x86)/cypress/psoc creator/4.4/psoc creator/import/gnu/arm/5.4.1/bin/../lib/gcc/arm-none-eabi/5.4.1/../../../../arm-none-eabi/lib/armv7-m\libg_nano.a(lib_a-nano-vfprintf_float.o)
                0x000029f4                _printf_float
 .text._printf_common
                0x00002e7c       0xec c:/program files (x86)/cypress/psoc creator/4.4/psoc creator/import/gnu/arm/5.4.1/bin/../lib/gcc/arm-none-eabi/5.4.1/../../../../arm-none-eabi/lib/armv7-m\libg_nano.a(lib_a-nano-vfprintf_i.o)
                0x00002e7c                _printf_common
 .text._printf_i
                0x00002f68      0x24c c:/program files (x86)/cypress/psoc creator/4.4/psoc creator/import/gnu/arm/5.4.1/bin/../lib/gcc/arm-none-eabi/5.4.1/../../../../arm-none-eabi/lib/armv7-m\libg_nano.a(lib_a-nano-vfprintf_i.o)
                0x00002f68                _printf_i
 .text.sprintf  0x000031b4       0x48 c:/program files (x86)/cypress/psoc creator/4.4/psoc creator/import/gnu/arm/5.4.1/bin/../lib/gcc/arm-none-eabi/5.4.1/../../../../arm-none-eabi/lib/armv7-m\libg_nano.a(lib_a-sprintf.o)
                0x000031b4                siprintf
                0x000031b4                sprintf
 .text.strcpy   0x000031fc       0x10 c:/program files (x86)/cypress/psoc creator/4.4/psoc creator/import/gnu/arm/5.4.1/bin/../lib/gcc/arm-none-eabi/5.4.1/../../../../arm-none-eabi/lib/armv7-m\libg_nano.a(lib_a-strcpy.o)
                0x000031fc                strcpy
 .text          0x0000320c       0x10 c:/program files (x86)/cypress/psoc creator/4.4/psoc creator/import/gnu/arm/5.4.1/bin/../lib/gcc/arm-none-eabi/5.4.1/../../../../arm-none-eabi/lib/armv7-m\libg_nano.a(lib_a-strlen.o)
                0x0000320c                strlen
 .text._strtol_r
                0x0000321c      0x10c c:/program files (x86)/cypress/psoc creator/4.4/psoc creator/import/gnu/arm/5.4.1/bin/../lib/gcc/arm-none-eabi/5.4.1/../../../../arm-none-eabi/lib/armv7-m\libg_nano.a(lib_a-strtol.o)
                0x0000321c                _strtol_r
 .text.strtol   0x00003328       0x14 c:/program files (x86)/cypress/psoc creator/4.4/psoc creator/import/gnu/arm/5.4.1/bin/../lib/gcc/arm-none-eabi/5.4.1/../../../../arm-none-eabi/lib/armv7-m\libg_nano.a(lib_a-strtol.o)
                0x00003328                strtol
 .text.quorem   0x0000333c      0x116 c:/program files (x86)/cypress/psoc creator/4.4/psoc creator/import/gnu/arm/5.4.1/bin/../lib/gcc/arm-none-eabi/5.4.1/../../../../arm-none-eabi/lib/armv7-m\libg_nano.a(lib_a-dtoa.o)
 *fill*         0x00003452        0x6 
 .text._dtoa_r  0x00003458      0xb30 c:/program files (x86)/cypress/psoc creator/4.4/psoc creator/import/gnu/arm/5.4.1/bin/../lib/gcc/arm-none-eabi/5.4.1/../../../../arm-none-eabi/lib/armv7-m\libg_nano.a(lib_a-dtoa.o)
                0x00003458                _dtoa_r
 .text._localeconv_r
                0x00003f88        0x8 c:/program files (x86)/cypress/psoc creator/4.4/psoc creator/import/gnu/arm/5.4.1/bin/../lib/gcc/arm-none-eabi/5.4.1/../../../../arm-none-eabi/lib/armv7-m\libg_nano.a(lib_a-locale.o)
                0x00003f88                _localeconv_r
 .text.malloc   0x00003f90       0x10 c:/program files (x86)/cypress/psoc creator/4.4/psoc creator/import/gnu/arm/5.4.1/bin/../lib/gcc/arm-none-eabi/5.4.1/../../../../arm-none-eabi/lib/armv7-m\libg_nano.a(lib_a-malloc.o)
                0x00003f90                malloc
 .text.memchr   0x00003fa0       0x1c c:/program files (x86)/cypress/psoc creator/4.4/psoc creator/import/gnu/arm/5.4.1/bin/../lib/gcc/arm-none-eabi/5.4.1/../../../../arm-none-eabi/lib/armv7-m\libg_nano.a(lib_a-memchr-stub.o)
                0x00003fa0                memchr
 .text._Balloc  0x00003fbc       0x6a c:/program files (x86)/cypress/psoc creator/4.4/psoc creator/import/gnu/arm/5.4.1/bin/../lib/gcc/arm-none-eabi/5.4.1/../../../../arm-none-eabi/lib/armv7-m\libg_nano.a(lib_a-mprec.o)
                0x00003fbc                _Balloc
 .text._Bfree   0x00004026       0x2e c:/program files (x86)/cypress/psoc creator/4.4/psoc creator/import/gnu/arm/5.4.1/bin/../lib/gcc/arm-none-eabi/5.4.1/../../../../arm-none-eabi/lib/armv7-m\libg_nano.a(lib_a-mprec.o)
                0x00004026                _Bfree
 .text.__multadd
                0x00004054       0x76 c:/program files (x86)/cypress/psoc creator/4.4/psoc creator/import/gnu/arm/5.4.1/bin/../lib/gcc/arm-none-eabi/5.4.1/../../../../arm-none-eabi/lib/armv7-m\libg_nano.a(lib_a-mprec.o)
                0x00004054                __multadd
 .text.__hi0bits
                0x000040ca       0x40 c:/program files (x86)/cypress/psoc creator/4.4/psoc creator/import/gnu/arm/5.4.1/bin/../lib/gcc/arm-none-eabi/5.4.1/../../../../arm-none-eabi/lib/armv7-m\libg_nano.a(lib_a-mprec.o)
                0x000040ca                __hi0bits
 .text.__lo0bits
                0x0000410a       0x5a c:/program files (x86)/cypress/psoc creator/4.4/psoc creator/import/gnu/arm/5.4.1/bin/../lib/gcc/arm-none-eabi/5.4.1/../../../../arm-none-eabi/lib/armv7-m\libg_nano.a(lib_a-mprec.o)
                0x0000410a                __lo0bits
 .text.__i2b    0x00004164       0x12 c:/program files (x86)/cypress/psoc creator/4.4/psoc creator/import/gnu/arm/5.4.1/bin/../lib/gcc/arm-none-eabi/5.4.1/../../../../arm-none-eabi/lib/armv7-m\libg_nano.a(lib_a-mprec.o)
                0x00004164                __i2b
 .text.__multiply
                0x00004176      0x120 c:/program files (x86)/cypress/psoc creator/4.4/psoc creator/import/gnu/arm/5.4.1/bin/../lib/gcc/arm-none-eabi/5.4.1/../../../../arm-none-eabi/lib/armv7-m\libg_nano.a(lib_a-mprec.o)
                0x00004176                __multiply
 *fill*         0x00004296        0x2 
 .text.__pow5mult
                0x00004298       0x9c c:/program files (x86)/cypress/psoc creator/4.4/psoc creator/import/gnu/arm/5.4.1/bin/../lib/gcc/arm-none-eabi/5.4.1/../../../../arm-none-eabi/lib/armv7-m\libg_nano.a(lib_a-mprec.o)
                0x00004298                __pow5mult
 .text.__lshift
                0x00004334       0xa2 c:/program files (x86)/cypress/psoc creator/4.4/psoc creator/import/gnu/arm/5.4.1/bin/../lib/gcc/arm-none-eabi/5.4.1/../../../../arm-none-eabi/lib/armv7-m\libg_nano.a(lib_a-mprec.o)
                0x00004334                __lshift
 .text.__mcmp   0x000043d6       0x38 c:/program files (x86)/cypress/psoc creator/4.4/psoc creator/import/gnu/arm/5.4.1/bin/../lib/gcc/arm-none-eabi/5.4.1/../../../../arm-none-eabi/lib/armv7-m\libg_nano.a(lib_a-mprec.o)
                0x000043d6                __mcmp
 .text.__mdiff  0x0000440e       0xbe c:/program files (x86)/cypress/psoc creator/4.4/psoc creator/import/gnu/arm/5.4.1/bin/../lib/gcc/arm-none-eabi/5.4.1/../../../../arm-none-eabi/lib/armv7-m\libg_nano.a(lib_a-mprec.o)
                0x0000440e                __mdiff
 .text.__d2b    0x000044cc       0x9c c:/program files (x86)/cypress/psoc creator/4.4/psoc creator/import/gnu/arm/5.4.1/bin/../lib/gcc/arm-none-eabi/5.4.1/../../../../arm-none-eabi/lib/armv7-m\libg_nano.a(lib_a-mprec.o)
                0x000044cc                __d2b
 .text._calloc_r
                0x00004568       0x1c c:/program files (x86)/cypress/psoc creator/4.4/psoc creator/import/gnu/arm/5.4.1/bin/../lib/gcc/arm-none-eabi/5.4.1/../../../../arm-none-eabi/lib/armv7-m\libg_nano.a(lib_a-nano-callocr.o)
                0x00004568                _calloc_r
 .text._free_r  0x00004584       0x98 c:/program files (x86)/cypress/psoc creator/4.4/psoc creator/import/gnu/arm/5.4.1/bin/../lib/gcc/arm-none-eabi/5.4.1/../../../../arm-none-eabi/lib/armv7-m\libg_nano.a(lib_a-nano-freer.o)
                0x00004584                _free_r
 .text._malloc_r
                0x0000461c       0xbc c:/program files (x86)/cypress/psoc creator/4.4/psoc creator/import/gnu/arm/5.4.1/bin/../lib/gcc/arm-none-eabi/5.4.1/../../../../arm-none-eabi/lib/armv7-m\libg_nano.a(lib_a-nano-mallocr.o)
                0x0000461c                _malloc_r
 .text.__ssputs_r
                0x000046d8       0xb2 c:/program files (x86)/cypress/psoc creator/4.4/psoc creator/import/gnu/arm/5.4.1/bin/../lib/gcc/arm-none-eabi/5.4.1/../../../../arm-none-eabi/lib/armv7-m\libg_nano.a(lib_a-nano-svfprintf.o)
                0x000046d8                __ssputs_r
 *fill*         0x0000478a        0x2 
 .text._svfprintf_r
                0x0000478c      0x1e8 c:/program files (x86)/cypress/psoc creator/4.4/psoc creator/import/gnu/arm/5.4.1/bin/../lib/gcc/arm-none-eabi/5.4.1/../../../../arm-none-eabi/lib/armv7-m\libg_nano.a(lib_a-nano-svfprintf.o)
                0x0000478c                _svfiprintf_r
                0x0000478c                _svfprintf_r
 .text._sbrk_r  0x00004974       0x20 c:/program files (x86)/cypress/psoc creator/4.4/psoc creator/import/gnu/arm/5.4.1/bin/../lib/gcc/arm-none-eabi/5.4.1/../../../../arm-none-eabi/lib/armv7-m\libg_nano.a(lib_a-sbrkr.o)
                0x00004974                _sbrk_r
 .text.memmove  0x00004994       0x36 c:/program files (x86)/cypress/psoc creator/4.4/psoc creator/import/gnu/arm/5.4.1/bin/../lib/gcc/arm-none-eabi/5.4.1/../../../../arm-none-eabi/lib/armv7-m\libg_nano.a(lib_a-memmove.o)
                0x00004994                memmove
 .text.__malloc_lock
                0x000049ca        0x2 c:/program files (x86)/cypress/psoc creator/4.4/psoc creator/import/gnu/arm/5.4.1/bin/../lib/gcc/arm-none-eabi/5.4.1/../../../../arm-none-eabi/lib/armv7-m\libg_nano.a(lib_a-mlock.o)
                0x000049ca                __malloc_lock
 .text.__malloc_unlock
                0x000049cc        0x2 c:/program files (x86)/cypress/psoc creator/4.4/psoc creator/import/gnu/arm/5.4.1/bin/../lib/gcc/arm-none-eabi/5.4.1/../../../../arm-none-eabi/lib/armv7-m\libg_nano.a(lib_a-mlock.o)
                0x000049cc                __malloc_unlock
 .text._realloc_r
                0x000049ce       0x4c c:/program files (x86)/cypress/psoc creator/4.4/psoc creator/import/gnu/arm/5.4.1/bin/../lib/gcc/arm-none-eabi/5.4.1/../../../../arm-none-eabi/lib/armv7-m\libg_nano.a(lib_a-nano-reallocr.o)
                0x000049ce                _realloc_r
 .text._malloc_usable_size_r
                0x00004a1a       0x14 c:/program files (x86)/cypress/psoc creator/4.4/psoc creator/import/gnu/arm/5.4.1/bin/../lib/gcc/arm-none-eabi/5.4.1/../../../../arm-none-eabi/lib/armv7-m\libg_nano.a(lib_a-nano-msizer.o)
                0x00004a1a                _malloc_usable_size_r
 *fill*         0x00004a2e        0x2 
 .text          0x00004a30      0x110 c:/program files (x86)/cypress/psoc creator/4.4/psoc creator/import/gnu/arm/5.4.1/bin/../lib/gcc/arm-none-eabi/5.4.1/armv7-m\libgcc.a(_arm_cmpdf2.o)
                0x00004a30                __gtdf2
                0x00004a30                __gedf2
                0x00004a38                __ltdf2
                0x00004a38                __ledf2
                0x00004a40                __nedf2
                0x00004a40                __eqdf2
                0x00004a40                __cmpdf2
                0x00004abc                __aeabi_cdrcmple
                0x00004acc                __aeabi_cdcmpeq
                0x00004acc                __aeabi_cdcmple
                0x00004adc                __aeabi_dcmpeq
                0x00004af0                __aeabi_dcmplt
                0x00004b04                __aeabi_dcmple
                0x00004b18                __aeabi_dcmpge
                0x00004b2c                __aeabi_dcmpgt
 .text          0x00004b40       0x2c c:/program files (x86)/cypress/psoc creator/4.4/psoc creator/import/gnu/arm/5.4.1/bin/../lib/gcc/arm-none-eabi/5.4.1/armv7-m\libgcc.a(_arm_unorddf2.o)
                0x00004b40                __unorddf2
                0x00004b40                __aeabi_dcmpun
 .text          0x00004b6c       0x50 c:/program files (x86)/cypress/psoc creator/4.4/psoc creator/import/gnu/arm/5.4.1/bin/../lib/gcc/arm-none-eabi/5.4.1/armv7-m\libgcc.a(_arm_fixdfsi.o)
                0x00004b6c                __aeabi_d2iz
                0x00004b6c                __fixdfsi
 *(.plt)
 *(.gnu.warning)
 *(.glue_7t)
 .glue_7t       0x00004bbc        0x0 linker stubs
 *(.glue_7)
 .glue_7        0x00004bbc        0x0 linker stubs
 *(.vfp11_veneer)
 .vfp11_veneer  0x00004bbc        0x0 linker stubs
 *(.bootloader)
 *(.ARM.extab* .gnu.linkonce.armextab.*)
 *(.gcc_except_table)

.v4_bx          0x00004bbc        0x0
 .v4_bx         0x00004bbc        0x0 linker stubs

.iplt           0x00004bbc        0x0
 .iplt          0x00004bbc        0x0 c:/program files (x86)/cypress/psoc creator/4.4/psoc creator/import/gnu/arm/5.4.1/bin/../lib/gcc/arm-none-eabi/5.4.1/armv7-m/crtbegin.o

.eh_frame_hdr
 *(.eh_frame_hdr)

.eh_frame       0x00004bbc        0x4
 *(.eh_frame)
 .eh_frame      0x00004bbc        0x0 c:/program files (x86)/cypress/psoc creator/4.4/psoc creator/import/gnu/arm/5.4.1/bin/../lib/gcc/arm-none-eabi/5.4.1/armv7-m/crtbegin.o
 .eh_frame      0x00004bbc        0x4 c:/program files (x86)/cypress/psoc creator/4.4/psoc creator/import/gnu/arm/5.4.1/bin/../lib/gcc/arm-none-eabi/5.4.1/armv7-m/crtend.o
                [!provide]                PROVIDE (__exidx_start, .)

.ARM.exidx
 *(.ARM.exidx* .gnu.linkonce.armexidx.*)
                0x00004bc0                __exidx_end = .

.rodata         0x00004bc0      0x4a8
 *(.rodata .rodata.* .gnu.linkonce.r.*)
 .rodata.str1.4
                0x00004bc0       0x22 .\CortexM3\ARM_GCC_541\Debug\main.o
 *fill*         0x00004be2        0x2 
 .rodata        0x00004be4       0x3a .\CortexM3\ARM_GCC_541\Debug\cyfitter_cfg.o
 *fill*         0x00004c1e        0x2 
 .rodata.str1.4
                0x00004c20       0x14 .\CortexM3\ARM_GCC_541\Debug\Design_301_project.a(USBUART_std.o)
                                 0x11 (size before relaxing)
 .rodata        0x00004c34      0x19a .\CortexM3\ARM_GCC_541\Debug\Design_301_project.a(USBUART_descr.o)
                0x00004c34                USBUART_MSOS_CONFIGURATION_DESCR
                0x00004c5c                USBUART_MSOS_DESCRIPTOR
                0x00004c70                USBUART_TABLE
                0x00004c78                USBUART_DEVICE0_TABLE
                0x00004c90                USBUART_DEVICE0_CONFIGURATION0_TABLE
                0x00004cb8                USBUART_DEVICE0_CONFIGURATION0_INTERFACE_CLASS
                0x00004cbc                USBUART_DEVICE0_CONFIGURATION0_EP_SETTINGS_TABLE
                0x00004cd4                USBUART_SN_STRING_DESCRIPTOR
                0x00004cd8                USBUART_STRING_DESCRIPTORS
                0x00004d78                USBUART_DEVICE0_CONFIGURATION0_DESCR
                0x00004dbc                USBUART_DEVICE0_DESCR
 .rodata.str1.1
                0x00004dce        0x2 c:/program files (x86)/cypress/psoc creator/4.4/psoc creator/import/gnu/arm/5.4.1/bin/../lib/gcc/arm-none-eabi/5.4.1/../../../../arm-none-eabi/lib/armv7-m\libg_nano.a(lib_a-impure.o)
 .rodata.str1.1
                0x00004dd0       0x12 c:/program files (x86)/cypress/psoc creator/4.4/psoc creator/import/gnu/arm/5.4.1/bin/../lib/gcc/arm-none-eabi/5.4.1/../../../../arm-none-eabi/lib/armv7-m\libg_nano.a(lib_a-nano-vfprintf_float.o)
 .rodata.str1.1
                0x00004de2       0x22 c:/program files (x86)/cypress/psoc creator/4.4/psoc creator/import/gnu/arm/5.4.1/bin/../lib/gcc/arm-none-eabi/5.4.1/../../../../arm-none-eabi/lib/armv7-m\libg_nano.a(lib_a-nano-vfprintf_i.o)
 .rodata._ctype_
                0x00004e04      0x101 c:/program files (x86)/cypress/psoc creator/4.4/psoc creator/import/gnu/arm/5.4.1/bin/../lib/gcc/arm-none-eabi/5.4.1/../../../../arm-none-eabi/lib/armv7-m\libg_nano.a(lib_a-ctype_.o)
                0x00004e04                _ctype_
 .rodata.str1.1
                0x00004f05        0xd c:/program files (x86)/cypress/psoc creator/4.4/psoc creator/import/gnu/arm/5.4.1/bin/../lib/gcc/arm-none-eabi/5.4.1/../../../../arm-none-eabi/lib/armv7-m\libg_nano.a(lib_a-dtoa.o)
                                  0xf (size before relaxing)
 .rodata.str1.1
                0x00004f12        0x8 c:/program files (x86)/cypress/psoc creator/4.4/psoc creator/import/gnu/arm/5.4.1/bin/../lib/gcc/arm-none-eabi/5.4.1/../../../../arm-none-eabi/lib/armv7-m\libg_nano.a(lib_a-locale.o)
                                  0xb (size before relaxing)
 *fill*         0x00004f1a        0x6 
 .rodata.__mprec_tens
                0x00004f20       0xc8 c:/program files (x86)/cypress/psoc creator/4.4/psoc creator/import/gnu/arm/5.4.1/bin/../lib/gcc/arm-none-eabi/5.4.1/../../../../arm-none-eabi/lib/armv7-m\libg_nano.a(lib_a-mprec.o)
                0x00004f20                __mprec_tens
 .rodata.p05.5408
                0x00004fe8        0xc c:/program files (x86)/cypress/psoc creator/4.4/psoc creator/import/gnu/arm/5.4.1/bin/../lib/gcc/arm-none-eabi/5.4.1/../../../../arm-none-eabi/lib/armv7-m\libg_nano.a(lib_a-mprec.o)
 *fill*         0x00004ff4        0x4 
 .rodata.__mprec_bigtens
                0x00004ff8       0x28 c:/program files (x86)/cypress/psoc creator/4.4/psoc creator/import/gnu/arm/5.4.1/bin/../lib/gcc/arm-none-eabi/5.4.1/../../../../arm-none-eabi/lib/armv7-m\libg_nano.a(lib_a-mprec.o)
                0x00004ff8                __mprec_bigtens
 .rodata.str1.1
                0x00005020       0x11 c:/program files (x86)/cypress/psoc creator/4.4/psoc creator/import/gnu/arm/5.4.1/bin/../lib/gcc/arm-none-eabi/5.4.1/../../../../arm-none-eabi/lib/armv7-m\libg_nano.a(lib_a-nano-svfprintf.o)
                0x00005034                . = ALIGN (0x4)
 *fill*         0x00005031        0x3 
 *(.init)
 .init          0x00005034        0x4 c:/program files (x86)/cypress/psoc creator/4.4/psoc creator/import/gnu/arm/5.4.1/bin/../lib/gcc/arm-none-eabi/5.4.1/armv7-m/crti.o
                0x00005034                _init
 .init          0x00005038        0x8 c:/program files (x86)/cypress/psoc creator/4.4/psoc creator/import/gnu/arm/5.4.1/bin/../lib/gcc/arm-none-eabi/5.4.1/armv7-m/crtn.o
                0x00005040                . = ALIGN (0x4)
                0x00005040                __preinit_array_start = .
 *(.preinit_array)
                0x00005040                __preinit_array_end = .
                0x00005040                . = ALIGN (0x4)
                0x00005040                __init_array_start = .
 *(SORT(.init_array.*))
 *(.init_array)
 .init_array    0x00005040        0x4 c:/program files (x86)/cypress/psoc creator/4.4/psoc creator/import/gnu/arm/5.4.1/bin/../lib/gcc/arm-none-eabi/5.4.1/armv7-m/crtbegin.o
 .init_array    0x00005044        0x4 .\CortexM3\ARM_GCC_541\Debug\Cm3Start.o
                0x00005048                __init_array_end = .
                0x00005048                . = ALIGN (0x4)
 *(.fini)
 .fini          0x00005048        0x4 c:/program files (x86)/cypress/psoc creator/4.4/psoc creator/import/gnu/arm/5.4.1/bin/../lib/gcc/arm-none-eabi/5.4.1/armv7-m/crti.o
                0x00005048                _fini
 .fini          0x0000504c        0x8 c:/program files (x86)/cypress/psoc creator/4.4/psoc creator/import/gnu/arm/5.4.1/bin/../lib/gcc/arm-none-eabi/5.4.1/armv7-m/crtn.o
                0x00005054                . = ALIGN (0x4)
                0x00005054                __fini_array_start = .
 *(.fini_array)
 .fini_array    0x00005054        0x4 c:/program files (x86)/cypress/psoc creator/4.4/psoc creator/import/gnu/arm/5.4.1/bin/../lib/gcc/arm-none-eabi/5.4.1/armv7-m/crtbegin.o
 *(SORT(.fini_array.*))
                0x00005058                __fini_array_end = .
                0x00005058                . = ALIGN (0x4)
 *crtbegin.o(.ctors)
 *(EXCLUDE_FILE(*crtend.o) .ctors)
 *(SORT(.ctors.*))
 *crtend.o(.ctors)
                0x00005058                . = ALIGN (0x4)
 *crtbegin.o(.dtors)
 *(EXCLUDE_FILE(*crtend.o) .dtors)
 *(SORT(.dtors.*))
 *crtend.o(.dtors)
                0x00005058                . = ALIGN (0x4)
                0x00005058                __cy_regions = .
                0x00005058        0x4 LONG 0x5068 __cy_region_init_ram
                0x0000505c        0x4 LONG 0x1fff80c8 __cy_region_start_data
                0x00005060        0x4 LONG 0x160 __cy_region_init_size_ram
                0x00005064        0x4 LONG 0x200 __cy_region_zero_size_ram
                0x00005068                __cy_regions_end = .
                0x00005068                . = ALIGN (0x8)
                0x00005068                _etext = .

.cy_checksum_exclude
                0x00005068        0x0
 *(.cy_checksum_exclude)

.ramvectors     0x1fff8000       0xc0
                0x1fff8000                __cy_region_start_ram = .
 *(.ramvectors)
 .ramvectors    0x1fff8000       0xc0 .\CortexM3\ARM_GCC_541\Debug\Cm3Start.o
                0x1fff8000                CyRamVectors

.noinit         0x1fff80c0        0x1
 *(.noinit)
 .noinit        0x1fff80c0        0x1 .\CortexM3\ARM_GCC_541\Debug\Design_301_project.a(CyLib.o)
                0x1fff80c0                CyResetStatus

.data           0x1fff80c8      0x160 load address 0x00005068
                0x1fff80c8                __cy_region_start_data = .
 *(.jcr)
 .jcr           0x1fff80c8        0x0 c:/program files (x86)/cypress/psoc creator/4.4/psoc creator/import/gnu/arm/5.4.1/bin/../lib/gcc/arm-none-eabi/5.4.1/armv7-m/crtbegin.o
 .jcr           0x1fff80c8        0x4 c:/program files (x86)/cypress/psoc creator/4.4/psoc creator/import/gnu/arm/5.4.1/bin/../lib/gcc/arm-none-eabi/5.4.1/armv7-m/crtend.o
 *(.got.plt)
 *(.got)
 *(.shdata)
 *(.data .data.* .gnu.linkonce.d.*)
 .data          0x1fff80cc       0x81 .\CortexM3\ARM_GCC_541\Debug\main.o
                0x1fff80cc                displaystring
                0x1fff810c                message_encoder
                0x1fff814c                flag_rf_transmission_active
 *fill*         0x1fff814d        0x3 
 .data          0x1fff8150        0x4 .\CortexM3\ARM_GCC_541\Debug\Cm3Start.o
 .data          0x1fff8154        0x8 .\CortexM3\ARM_GCC_541\Debug\Design_301_project.a(CyDmac.o)
 .data          0x1fff815c       0x10 .\CortexM3\ARM_GCC_541\Debug\Design_301_project.a(CyLib.o)
                0x1fff815c                cydelay_32k_ms
                0x1fff8160                cydelay_freq_khz
                0x1fff8164                cydelay_freq_mhz
                0x1fff8168                cydelay_freq_hz
 .data          0x1fff816c       0x1a .\CortexM3\ARM_GCC_541\Debug\Design_301_project.a(USBUART_cdc.o)
                0x1fff816c                USBUART_linesCoding
 *fill*         0x1fff8186        0x2 
 .data.impure_data
                0x1fff8188       0x60 c:/program files (x86)/cypress/psoc creator/4.4/psoc creator/import/gnu/arm/5.4.1/bin/../lib/gcc/arm-none-eabi/5.4.1/../../../../arm-none-eabi/lib/armv7-m\libg_nano.a(lib_a-impure.o)
 .data._impure_ptr
                0x1fff81e8        0x4 c:/program files (x86)/cypress/psoc creator/4.4/psoc creator/import/gnu/arm/5.4.1/bin/../lib/gcc/arm-none-eabi/5.4.1/../../../../arm-none-eabi/lib/armv7-m\libg_nano.a(lib_a-impure.o)
                0x1fff81e8                _impure_ptr
 .data.__ctype_ptr__
                0x1fff81ec        0x4 c:/program files (x86)/cypress/psoc creator/4.4/psoc creator/import/gnu/arm/5.4.1/bin/../lib/gcc/arm-none-eabi/5.4.1/../../../../arm-none-eabi/lib/armv7-m\libg_nano.a(lib_a-ctype_.o)
                0x1fff81ec                __ctype_ptr__
 .data.lconv    0x1fff81f0       0x38 c:/program files (x86)/cypress/psoc creator/4.4/psoc creator/import/gnu/arm/5.4.1/bin/../lib/gcc/arm-none-eabi/5.4.1/../../../../arm-none-eabi/lib/armv7-m\libg_nano.a(lib_a-locale.o)
                0x1fff8228                . = ALIGN (0x8)
 *(.ram)
                0x1fff8228                _edata = .

.igot.plt       0x1fff8228        0x0 load address 0x000051c8
 .igot.plt      0x1fff8228        0x0 c:/program files (x86)/cypress/psoc creator/4.4/psoc creator/import/gnu/arm/5.4.1/bin/../lib/gcc/arm-none-eabi/5.4.1/armv7-m/crtbegin.o

.bss            0x1fff8228      0x200 load address 0x000051c8
                0x1fff8228                PROVIDE (__bss_start__, .)
 *(.shbss)
 *(.bss .bss.* .gnu.linkonce.b.*)
 .bss           0x1fff8228       0x1c c:/program files (x86)/cypress/psoc creator/4.4/psoc creator/import/gnu/arm/5.4.1/bin/../lib/gcc/arm-none-eabi/5.4.1/armv7-m/crtbegin.o
 .bss           0x1fff8244       0x15 .\CortexM3\ARM_GCC_541\Debug\main.o
                0x1fff8244                flag_encoder
                0x1fff8248                flag_KB_string
                0x1fff8249                dataready_flag
                0x1fff824a                flag_packet
                0x1fff824b                flag_rx
                0x1fff824c                flag_ts_display
                0x1fff824d                flag_ts_speed
                0x1fff824e                flag_ts_update
                0x1fff824f                flag_ts_enc
                0x1fff8250                ts_display
                0x1fff8252                ts_speed
                0x1fff8254                ts_update
                0x1fff8256                ts_enc
                0x1fff8258                ts
 .bss           0x1fff8259        0x1 .\CortexM3\ARM_GCC_541\Debug\Design_301_project.a(QuadDec_M1.o)
                0x1fff8259                QuadDec_M1_initVar
 .bss           0x1fff825a        0x1 .\CortexM3\ARM_GCC_541\Debug\Design_301_project.a(PWM_1.o)
                0x1fff825a                PWM_1_initVar
 .bss           0x1fff825b        0x1 .\CortexM3\ARM_GCC_541\Debug\Design_301_project.a(QuadDec_M1_Cnt16.o)
                0x1fff825b                QuadDec_M1_Cnt16_initVar
 .bss           0x1fff825c        0x1 .\CortexM3\ARM_GCC_541\Debug\Design_301_project.a(Timer_TS.o)
                0x1fff825c                Timer_TS_initVar
 .bss           0x1fff825d        0x1 .\CortexM3\ARM_GCC_541\Debug\Design_301_project.a(USBUART.o)
                0x1fff825d                USBUART_initVar
 .bss           0x1fff825e        0x1 .\CortexM3\ARM_GCC_541\Debug\Design_301_project.a(USBUART_cdc.o)
 *fill*         0x1fff825f        0x1 
 .bss           0x1fff8260        0x2 .\CortexM3\ARM_GCC_541\Debug\Design_301_project.a(USBUART_std.o)
 *fill*         0x1fff8262        0x2 
 .bss.__malloc_sbrk_start
                0x1fff8264        0x4 c:/program files (x86)/cypress/psoc creator/4.4/psoc creator/import/gnu/arm/5.4.1/bin/../lib/gcc/arm-none-eabi/5.4.1/../../../../arm-none-eabi/lib/armv7-m\libg_nano.a(lib_a-nano-mallocr.o)
                0x1fff8264                __malloc_sbrk_start
 .bss.__malloc_free_list
                0x1fff8268        0x4 c:/program files (x86)/cypress/psoc creator/4.4/psoc creator/import/gnu/arm/5.4.1/bin/../lib/gcc/arm-none-eabi/5.4.1/../../../../arm-none-eabi/lib/armv7-m\libg_nano.a(lib_a-nano-mallocr.o)
                0x1fff8268                __malloc_free_list
 *(COMMON)
 COMMON         0x1fff826c       0xe0 .\CortexM3\ARM_GCC_541\Debug\main.o
                0x1fff826c                entry
                0x1fff82ac                system_state
                0x1fff82cc                line
                0x1fff830c                usbBuffer
 COMMON         0x1fff834c       0x18 .\CortexM3\ARM_GCC_541\Debug\Design_301_project.a(USBUART_cdc.o)
                0x1fff834c                USBUART_linesChanged
                0x1fff8350                USBUART_cdcDataInEp
                0x1fff8354                USBUART_cdcCommInInterruptEp
                0x1fff8358                USBUART_cdcDataOutEp
                0x1fff835c                USBUART_serialStateBitmap
                0x1fff8360                USBUART_linesControlBitmap
 COMMON         0x1fff8364       0x9a .\CortexM3\ARM_GCC_541\Debug\Design_301_project.a(USBUART_drv.o)
                0x1fff8364                USBUART_lastPacketSize
                0x1fff8365                USBUART_device
                0x1fff8366                USBUART_transferByteCount
                0x1fff8368                USBUART_transferState
                0x1fff836c                USBUART_interfaceSettingLast
                0x1fff8370                USBUART_currentTD
                0x1fff837c                USBUART_interfaceNumber
                0x1fff8380                USBUART_interfaceClass
                0x1fff8384                USBUART_configurationChanged
                0x1fff8385                USBUART_ep0Mode
                0x1fff8386                USBUART_deviceAddress
                0x1fff8387                USBUART_configuration
                0x1fff8388                USBUART_ep0Count
                0x1fff8389                USBUART_deviceStatus
                0x1fff838c                USBUART_EP
                0x1fff83f8                USBUART_interfaceSetting
                0x1fff83fa                USBUART_ep0Toggle
                0x1fff83fc                USBUART_interfaceStatus
 *fill*         0x1fff83fe        0x2 
 COMMON         0x1fff8400       0x22 .\CortexM3\ARM_GCC_541\Debug\Design_301_project.a(USBUART_descr.o)
                0x1fff8400                USBUART_idSerialNumberStringDescriptor
 *fill*         0x1fff8422        0x2 
 COMMON         0x1fff8424        0x4 c:/program files (x86)/cypress/psoc creator/4.4/psoc creator/import/gnu/arm/5.4.1/bin/../lib/gcc/arm-none-eabi/5.4.1/../../../../arm-none-eabi/lib/armv7-m\libg_nano.a(lib_a-reent.o)
                0x1fff8424                errno
                0x1fff8428                . = ALIGN (0x8)
 *(.ram.b)
                0x1fff8428                _end = .
                0x1fff8428                __end = .
                0x1fff8428                PROVIDE (end, .)
                0x1fff8428                PROVIDE (__bss_end__, .)
                0x00005068                __cy_region_init_ram = LOADADDR (.data)
                0x00000160                __cy_region_init_size_ram = (_edata - ADDR (.data))
                0x00000200                __cy_region_zero_size_ram = (_end - _edata)

.heap           0x1fff8428      0x200 load address 0x000051c8
                0x1fff8428                . = _end
                0x1fff8628                . = (. + 0x200)
 *fill*         0x1fff8428      0x200 
                0x1fff8628                __cy_heap_limit = .

.stack          0x20007800      0x800
                0x20007800                __cy_stack_limit = .
                0x20008000                . = (. + 0x800)
 *fill*         0x20007800      0x800 
                0x00000001                ASSERT ((__cy_stack_limit >= __cy_heap_limit), region RAM overflowed with stack)
                0x00000000                cy_checksum_exclude_size = (CY_APPL_LOADABLE == 0x1)?SIZEOF (.cy_checksum_exclude):0x0
                0x00000001                ASSERT ((cy_checksum_exclude_size <= CY_CHECKSUM_EXCLUDE_SIZE), CY_BOOT: Section .cy_checksum_exclude size exceedes specified limit.)

.cyloadermeta
 *(.cyloadermeta)

.cyloadablemeta
 *(.cyloadablemeta)

.cyconfigecc    0x80000000      0xfb4
 *(.cyconfigecc)
 .cyconfigecc   0x80000000      0xfb4 .\CortexM3\ARM_GCC_541\Debug\cymetadata.o
                0x80000000                cy_meta_configecc

.cycustnvl      0x90000000        0x4
 *(.cycustnvl)
 .cycustnvl     0x90000000        0x4 .\CortexM3\ARM_GCC_541\Debug\cymetadata.o
                0x90000000                cy_meta_custnvl

.cywolatch      0x90100000        0x4
 *(.cywolatch)
 .cywolatch     0x90100000        0x4 .\CortexM3\ARM_GCC_541\Debug\cymetadata.o
                0x90100000                cy_meta_wonvl

.cyeeprom       0x90200000        0x0
 *(.cyeeprom)
                0x00000001                ASSERT ((. <= ((0x90200000 + ee_offset) + ee_size)), .cyeeprom data will not fit in EEPROM)

.cyflashprotect
                0x90400000      0x100
 *(.cyflashprotect)
 .cyflashprotect
                0x90400000      0x100 .\CortexM3\ARM_GCC_541\Debug\cymetadata.o
                0x90400000                cy_meta_flashprotect

.cymeta         0x90500000        0xc
 *(.cymeta)
 .cymeta        0x90500000        0xc .\CortexM3\ARM_GCC_541\Debug\cymetadata.o
                0x90500000                cy_metadata

.rel.dyn        0x000051c8        0x0 load address 0x9050000c
 .rel.iplt      0x000051c8        0x0 c:/program files (x86)/cypress/psoc creator/4.4/psoc creator/import/gnu/arm/5.4.1/bin/../lib/gcc/arm-none-eabi/5.4.1/armv7-m/crtbegin.o

.stab
 *(.stab)

.stabstr
 *(.stabstr)

.debug
 *(.debug)

.line
 *(.line)

.debug_srcinfo
 *(.debug_srcinfo)

.debug_sfnames
 *(.debug_sfnames)

.debug_aranges  0x00000000      0xe10
 *(.debug_aranges)
 .debug_aranges
                0x00000000       0x40 .\CortexM3\ARM_GCC_541\Debug\main.o
 .debug_aranges
                0x00000040       0x28 .\CortexM3\ARM_GCC_541\Debug\tacho.o
 .debug_aranges
                0x00000068       0x58 .\CortexM3\ARM_GCC_541\Debug\cyfitter_cfg.o
 .debug_aranges
                0x000000c0       0x18 .\CortexM3\ARM_GCC_541\Debug\cymetadata.o
 .debug_aranges
                0x000000d8       0x48 .\CortexM3\ARM_GCC_541\Debug\Cm3Start.o
 .debug_aranges
                0x00000120       0x60 .\CortexM3\ARM_GCC_541\Debug\Design_301_project.a(QuadDec_M1.o)
 .debug_aranges
                0x00000180       0x60 .\CortexM3\ARM_GCC_541\Debug\Design_301_project.a(QuadDec_M2.o)
 .debug_aranges
                0x000001e0       0x78 .\CortexM3\ARM_GCC_541\Debug\Design_301_project.a(PWM_1.o)
 .debug_aranges
                0x00000258       0x38 .\CortexM3\ARM_GCC_541\Debug\Design_301_project.a(PWM_1_PM.o)
 .debug_aranges
                0x00000290       0x98 .\CortexM3\ARM_GCC_541\Debug\Design_301_project.a(QuadDec_M1_Cnt16.o)
 .debug_aranges
                0x00000328       0x98 .\CortexM3\ARM_GCC_541\Debug\Design_301_project.a(QuadDec_M2_Cnt16.o)
 .debug_aranges
                0x000003c0       0xd8 .\CortexM3\ARM_GCC_541\Debug\Design_301_project.a(CyDmac.o)
 .debug_aranges
                0x00000498      0x2a0 .\CortexM3\ARM_GCC_541\Debug\Design_301_project.a(CyLib.o)
 .debug_aranges
                0x00000738       0x98 .\CortexM3\ARM_GCC_541\Debug\Design_301_project.a(cyPm.o)
 .debug_aranges
                0x000007d0       0x88 .\CortexM3\ARM_GCC_541\Debug\Design_301_project.a(Timer_TS.o)
 .debug_aranges
                0x00000858       0x80 .\CortexM3\ARM_GCC_541\Debug\Design_301_project.a(isr_TS.o)
 .debug_aranges
                0x000008d8       0xc8 .\CortexM3\ARM_GCC_541\Debug\Design_301_project.a(USBUART.o)
 .debug_aranges
                0x000009a0       0xe8 .\CortexM3\ARM_GCC_541\Debug\Design_301_project.a(USBUART_cdc.o)
 .debug_aranges
                0x00000a88       0x98 .\CortexM3\ARM_GCC_541\Debug\Design_301_project.a(USBUART_drv.o)
 .debug_aranges
                0x00000b20       0x40 .\CortexM3\ARM_GCC_541\Debug\Design_301_project.a(USBUART_episr.o)
 .debug_aranges
                0x00000b60       0x40 .\CortexM3\ARM_GCC_541\Debug\Design_301_project.a(USBUART_pm.o)
 .debug_aranges
                0x00000ba0       0x80 .\CortexM3\ARM_GCC_541\Debug\Design_301_project.a(USBUART_std.o)
 .debug_aranges
                0x00000c20       0x20 .\CortexM3\ARM_GCC_541\Debug\Design_301_project.a(USBUART_vnd.o)
 .debug_aranges
                0x00000c40       0x28 .\CortexM3\ARM_GCC_541\Debug\Design_301_project.a(RF_BT_SELECT.o)
 .debug_aranges
                0x00000c68       0x48 .\CortexM3\ARM_GCC_541\Debug\Design_301_project.a(USBUART_Dp.o)
 .debug_aranges
                0x00000cb0       0x20 .\CortexM3\ARM_GCC_541\Debug\Design_301_project.a(CyBootAsmGnu.o)
 .debug_aranges
                0x00000cd0       0x88 .\CortexM3\ARM_GCC_541\Debug\Design_301_project.a(CyFlash.o)
 .debug_aranges
                0x00000d58       0x80 .\CortexM3\ARM_GCC_541\Debug\Design_301_project.a(CySpc.o)
 .debug_aranges
                0x00000dd8       0x20 .\CortexM3\ARM_GCC_541\Debug\Design_301_project.a(USBUART_cls.o)
 .debug_aranges
                0x00000df8       0x18 .\CortexM3\ARM_GCC_541\Debug\Design_301_project.a(USBUART_descr.o)

.debug_pubnames
 *(.debug_pubnames)

.debug_info     0x00000000     0x90ec
 *(.debug_info .gnu.linkonce.wi.*)
 .debug_info    0x00000000      0x719 .\CortexM3\ARM_GCC_541\Debug\main.o
 .debug_info    0x00000719      0x18e .\CortexM3\ARM_GCC_541\Debug\tacho.o
 .debug_info    0x000008a7      0x690 .\CortexM3\ARM_GCC_541\Debug\cyfitter_cfg.o
 .debug_info    0x00000f37      0x139 .\CortexM3\ARM_GCC_541\Debug\cymetadata.o
 .debug_info    0x00001070      0x3cf .\CortexM3\ARM_GCC_541\Debug\Cm3Start.o
 .debug_info    0x0000143f      0x2d4 .\CortexM3\ARM_GCC_541\Debug\Design_301_project.a(QuadDec_M1.o)
 .debug_info    0x00001713      0x2d4 .\CortexM3\ARM_GCC_541\Debug\Design_301_project.a(QuadDec_M2.o)
 .debug_info    0x000019e7      0x281 .\CortexM3\ARM_GCC_541\Debug\Design_301_project.a(PWM_1.o)
 .debug_info    0x00001c68      0x153 .\CortexM3\ARM_GCC_541\Debug\Design_301_project.a(PWM_1_PM.o)
 .debug_info    0x00001dbb      0x348 .\CortexM3\ARM_GCC_541\Debug\Design_301_project.a(QuadDec_M1_Cnt16.o)
 .debug_info    0x00002103      0x348 .\CortexM3\ARM_GCC_541\Debug\Design_301_project.a(QuadDec_M2_Cnt16.o)
 .debug_info    0x0000244b      0x94e .\CortexM3\ARM_GCC_541\Debug\Design_301_project.a(CyDmac.o)
 .debug_info    0x00002d99     0x1374 .\CortexM3\ARM_GCC_541\Debug\Design_301_project.a(CyLib.o)
 .debug_info    0x0000410d      0xa2a .\CortexM3\ARM_GCC_541\Debug\Design_301_project.a(cyPm.o)
 .debug_info    0x00004b37      0x293 .\CortexM3\ARM_GCC_541\Debug\Design_301_project.a(Timer_TS.o)
 .debug_info    0x00004dca      0x2d2 .\CortexM3\ARM_GCC_541\Debug\Design_301_project.a(isr_TS.o)
 .debug_info    0x0000509c      0x993 .\CortexM3\ARM_GCC_541\Debug\Design_301_project.a(USBUART.o)
 .debug_info    0x00005a2f      0xaf7 .\CortexM3\ARM_GCC_541\Debug\Design_301_project.a(USBUART_cdc.o)
 .debug_info    0x00006526      0x655 .\CortexM3\ARM_GCC_541\Debug\Design_301_project.a(USBUART_drv.o)
 .debug_info    0x00006b7b      0x254 .\CortexM3\ARM_GCC_541\Debug\Design_301_project.a(USBUART_episr.o)
 .debug_info    0x00006dcf      0x2e4 .\CortexM3\ARM_GCC_541\Debug\Design_301_project.a(USBUART_pm.o)
 .debug_info    0x000070b3      0xb36 .\CortexM3\ARM_GCC_541\Debug\Design_301_project.a(USBUART_std.o)
 .debug_info    0x00007be9      0x1be .\CortexM3\ARM_GCC_541\Debug\Design_301_project.a(USBUART_vnd.o)
 .debug_info    0x00007da7       0xd6 .\CortexM3\ARM_GCC_541\Debug\Design_301_project.a(RF_BT_SELECT.o)
 .debug_info    0x00007e7d      0x174 .\CortexM3\ARM_GCC_541\Debug\Design_301_project.a(USBUART_Dp.o)
 .debug_info    0x00007ff1       0x9f .\CortexM3\ARM_GCC_541\Debug\Design_301_project.a(CyBootAsmGnu.o)
 .debug_info    0x00008090      0x64d .\CortexM3\ARM_GCC_541\Debug\Design_301_project.a(CyFlash.o)
 .debug_info    0x000086dd      0x550 .\CortexM3\ARM_GCC_541\Debug\Design_301_project.a(CySpc.o)
 .debug_info    0x00008c2d      0x1de .\CortexM3\ARM_GCC_541\Debug\Design_301_project.a(USBUART_cls.o)
 .debug_info    0x00008e0b      0x2e1 .\CortexM3\ARM_GCC_541\Debug\Design_301_project.a(USBUART_descr.o)

.debug_abbrev   0x00000000     0x26bd
 *(.debug_abbrev)
 .debug_abbrev  0x00000000      0x1ab .\CortexM3\ARM_GCC_541\Debug\main.o
 .debug_abbrev  0x000001ab       0xc1 .\CortexM3\ARM_GCC_541\Debug\tacho.o
 .debug_abbrev  0x0000026c      0x20d .\CortexM3\ARM_GCC_541\Debug\cyfitter_cfg.o
 .debug_abbrev  0x00000479       0x77 .\CortexM3\ARM_GCC_541\Debug\cymetadata.o
 .debug_abbrev  0x000004f0      0x1e8 .\CortexM3\ARM_GCC_541\Debug\Cm3Start.o
 .debug_abbrev  0x000006d8      0x151 .\CortexM3\ARM_GCC_541\Debug\Design_301_project.a(QuadDec_M1.o)
 .debug_abbrev  0x00000829      0x151 .\CortexM3\ARM_GCC_541\Debug\Design_301_project.a(QuadDec_M2.o)
 .debug_abbrev  0x0000097a      0x12d .\CortexM3\ARM_GCC_541\Debug\Design_301_project.a(PWM_1.o)
 .debug_abbrev  0x00000aa7       0xc4 .\CortexM3\ARM_GCC_541\Debug\Design_301_project.a(PWM_1_PM.o)
 .debug_abbrev  0x00000b6b      0x117 .\CortexM3\ARM_GCC_541\Debug\Design_301_project.a(QuadDec_M1_Cnt16.o)
 .debug_abbrev  0x00000c82      0x117 .\CortexM3\ARM_GCC_541\Debug\Design_301_project.a(QuadDec_M2_Cnt16.o)
 .debug_abbrev  0x00000d99      0x1b2 .\CortexM3\ARM_GCC_541\Debug\Design_301_project.a(CyDmac.o)
 .debug_abbrev  0x00000f4b      0x254 .\CortexM3\ARM_GCC_541\Debug\Design_301_project.a(CyLib.o)
 .debug_abbrev  0x0000119f      0x1ab .\CortexM3\ARM_GCC_541\Debug\Design_301_project.a(cyPm.o)
 .debug_abbrev  0x0000134a      0x11a .\CortexM3\ARM_GCC_541\Debug\Design_301_project.a(Timer_TS.o)
 .debug_abbrev  0x00001464      0x173 .\CortexM3\ARM_GCC_541\Debug\Design_301_project.a(isr_TS.o)
 .debug_abbrev  0x000015d7      0x215 .\CortexM3\ARM_GCC_541\Debug\Design_301_project.a(USBUART.o)
 .debug_abbrev  0x000017ec      0x245 .\CortexM3\ARM_GCC_541\Debug\Design_301_project.a(USBUART_cdc.o)
 .debug_abbrev  0x00001a31      0x189 .\CortexM3\ARM_GCC_541\Debug\Design_301_project.a(USBUART_drv.o)
 .debug_abbrev  0x00001bba      0x11b .\CortexM3\ARM_GCC_541\Debug\Design_301_project.a(USBUART_episr.o)
 .debug_abbrev  0x00001cd5      0x108 .\CortexM3\ARM_GCC_541\Debug\Design_301_project.a(USBUART_pm.o)
 .debug_abbrev  0x00001ddd      0x20a .\CortexM3\ARM_GCC_541\Debug\Design_301_project.a(USBUART_std.o)
 .debug_abbrev  0x00001fe7       0xe1 .\CortexM3\ARM_GCC_541\Debug\Design_301_project.a(USBUART_vnd.o)
 .debug_abbrev  0x000020c8       0x81 .\CortexM3\ARM_GCC_541\Debug\Design_301_project.a(RF_BT_SELECT.o)
 .debug_abbrev  0x00002149       0x90 .\CortexM3\ARM_GCC_541\Debug\Design_301_project.a(USBUART_Dp.o)
 .debug_abbrev  0x000021d9       0x14 .\CortexM3\ARM_GCC_541\Debug\Design_301_project.a(CyBootAsmGnu.o)
 .debug_abbrev  0x000021ed      0x1a7 .\CortexM3\ARM_GCC_541\Debug\Design_301_project.a(CyFlash.o)
 .debug_abbrev  0x00002394      0x194 .\CortexM3\ARM_GCC_541\Debug\Design_301_project.a(CySpc.o)
 .debug_abbrev  0x00002528       0xe1 .\CortexM3\ARM_GCC_541\Debug\Design_301_project.a(USBUART_cls.o)
 .debug_abbrev  0x00002609       0xb4 .\CortexM3\ARM_GCC_541\Debug\Design_301_project.a(USBUART_descr.o)

.debug_line     0x00000000     0x378b
 *(.debug_line)
 .debug_line    0x00000000      0x2ef .\CortexM3\ARM_GCC_541\Debug\main.o
 .debug_line    0x000002ef      0x19f .\CortexM3\ARM_GCC_541\Debug\tacho.o
 .debug_line    0x0000048e      0x20f .\CortexM3\ARM_GCC_541\Debug\cyfitter_cfg.o
 .debug_line    0x0000069d      0x141 .\CortexM3\ARM_GCC_541\Debug\cymetadata.o
 .debug_line    0x000007de      0x241 .\CortexM3\ARM_GCC_541\Debug\Cm3Start.o
 .debug_line    0x00000a1f      0x120 .\CortexM3\ARM_GCC_541\Debug\Design_301_project.a(QuadDec_M1.o)
 .debug_line    0x00000b3f      0x120 .\CortexM3\ARM_GCC_541\Debug\Design_301_project.a(QuadDec_M2.o)
 .debug_line    0x00000c5f      0x133 .\CortexM3\ARM_GCC_541\Debug\Design_301_project.a(PWM_1.o)
 .debug_line    0x00000d92       0xa0 .\CortexM3\ARM_GCC_541\Debug\Design_301_project.a(PWM_1_PM.o)
 .debug_line    0x00000e32      0x190 .\CortexM3\ARM_GCC_541\Debug\Design_301_project.a(QuadDec_M1_Cnt16.o)
 .debug_line    0x00000fc2      0x190 .\CortexM3\ARM_GCC_541\Debug\Design_301_project.a(QuadDec_M2_Cnt16.o)
 .debug_line    0x00001152      0x2e4 .\CortexM3\ARM_GCC_541\Debug\Design_301_project.a(CyDmac.o)
 .debug_line    0x00001436      0x816 .\CortexM3\ARM_GCC_541\Debug\Design_301_project.a(CyLib.o)
 .debug_line    0x00001c4c      0x367 .\CortexM3\ARM_GCC_541\Debug\Design_301_project.a(cyPm.o)
 .debug_line    0x00001fb3      0x156 .\CortexM3\ARM_GCC_541\Debug\Design_301_project.a(Timer_TS.o)
 .debug_line    0x00002109      0x133 .\CortexM3\ARM_GCC_541\Debug\Design_301_project.a(isr_TS.o)
 .debug_line    0x0000223c      0x2dc .\CortexM3\ARM_GCC_541\Debug\Design_301_project.a(USBUART.o)
 .debug_line    0x00002518      0x2f2 .\CortexM3\ARM_GCC_541\Debug\Design_301_project.a(USBUART_cdc.o)
 .debug_line    0x0000280a      0x221 .\CortexM3\ARM_GCC_541\Debug\Design_301_project.a(USBUART_drv.o)
 .debug_line    0x00002a2b       0xe6 .\CortexM3\ARM_GCC_541\Debug\Design_301_project.a(USBUART_episr.o)
 .debug_line    0x00002b11      0x10e .\CortexM3\ARM_GCC_541\Debug\Design_301_project.a(USBUART_pm.o)
 .debug_line    0x00002c1f      0x3dc .\CortexM3\ARM_GCC_541\Debug\Design_301_project.a(USBUART_std.o)
 .debug_line    0x00002ffb       0x8b .\CortexM3\ARM_GCC_541\Debug\Design_301_project.a(USBUART_vnd.o)
 .debug_line    0x00003086       0x74 .\CortexM3\ARM_GCC_541\Debug\Design_301_project.a(RF_BT_SELECT.o)
 .debug_line    0x000030fa       0xbb .\CortexM3\ARM_GCC_541\Debug\Design_301_project.a(USBUART_Dp.o)
 .debug_line    0x000031b5       0x66 .\CortexM3\ARM_GCC_541\Debug\Design_301_project.a(CyBootAsmGnu.o)
 .debug_line    0x0000321b      0x21a .\CortexM3\ARM_GCC_541\Debug\Design_301_project.a(CyFlash.o)
 .debug_line    0x00003435      0x260 .\CortexM3\ARM_GCC_541\Debug\Design_301_project.a(CySpc.o)
 .debug_line    0x00003695       0x95 .\CortexM3\ARM_GCC_541\Debug\Design_301_project.a(USBUART_cls.o)
 .debug_line    0x0000372a       0x61 .\CortexM3\ARM_GCC_541\Debug\Design_301_project.a(USBUART_descr.o)

.debug_frame    0x00000000     0x2a6c
 *(.debug_frame)
 .debug_frame   0x00000000       0x90 .\CortexM3\ARM_GCC_541\Debug\main.o
 .debug_frame   0x00000090       0x4c .\CortexM3\ARM_GCC_541\Debug\tacho.o
 .debug_frame   0x000000dc       0xfc .\CortexM3\ARM_GCC_541\Debug\cyfitter_cfg.o
 .debug_frame   0x000001d8       0xb8 .\CortexM3\ARM_GCC_541\Debug\Cm3Start.o
 .debug_frame   0x00000290       0xdc .\CortexM3\ARM_GCC_541\Debug\Design_301_project.a(QuadDec_M1.o)
 .debug_frame   0x0000036c       0xdc .\CortexM3\ARM_GCC_541\Debug\Design_301_project.a(QuadDec_M2.o)
 .debug_frame   0x00000448       0xe8 .\CortexM3\ARM_GCC_541\Debug\Design_301_project.a(PWM_1.o)
 .debug_frame   0x00000530       0x68 .\CortexM3\ARM_GCC_541\Debug\Design_301_project.a(PWM_1_PM.o)
 .debug_frame   0x00000598      0x134 .\CortexM3\ARM_GCC_541\Debug\Design_301_project.a(QuadDec_M1_Cnt16.o)
 .debug_frame   0x000006cc      0x134 .\CortexM3\ARM_GCC_541\Debug\Design_301_project.a(QuadDec_M2_Cnt16.o)
 .debug_frame   0x00000800      0x1f8 .\CortexM3\ARM_GCC_541\Debug\Design_301_project.a(CyDmac.o)
 .debug_frame   0x000009f8      0x738 .\CortexM3\ARM_GCC_541\Debug\Design_301_project.a(CyLib.o)
 .debug_frame   0x00001130      0x1f8 .\CortexM3\ARM_GCC_541\Debug\Design_301_project.a(cyPm.o)
 .debug_frame   0x00001328      0x108 .\CortexM3\ARM_GCC_541\Debug\Design_301_project.a(Timer_TS.o)
 .debug_frame   0x00001430      0x104 .\CortexM3\ARM_GCC_541\Debug\Design_301_project.a(isr_TS.o)
 .debug_frame   0x00001534      0x1dc .\CortexM3\ARM_GCC_541\Debug\Design_301_project.a(USBUART.o)
 .debug_frame   0x00001710      0x27c .\CortexM3\ARM_GCC_541\Debug\Design_301_project.a(USBUART_cdc.o)
 .debug_frame   0x0000198c      0x194 .\CortexM3\ARM_GCC_541\Debug\Design_301_project.a(USBUART_drv.o)
 .debug_frame   0x00001b20       0x6c .\CortexM3\ARM_GCC_541\Debug\Design_301_project.a(USBUART_episr.o)
 .debug_frame   0x00001b8c       0xa0 .\CortexM3\ARM_GCC_541\Debug\Design_301_project.a(USBUART_pm.o)
 .debug_frame   0x00001c2c      0x17c .\CortexM3\ARM_GCC_541\Debug\Design_301_project.a(USBUART_std.o)
 .debug_frame   0x00001da8       0x2c .\CortexM3\ARM_GCC_541\Debug\Design_301_project.a(USBUART_vnd.o)
 .debug_frame   0x00001dd4       0x30 .\CortexM3\ARM_GCC_541\Debug\Design_301_project.a(RF_BT_SELECT.o)
 .debug_frame   0x00001e04       0x70 .\CortexM3\ARM_GCC_541\Debug\Design_301_project.a(USBUART_Dp.o)
 .debug_frame   0x00001e74      0x194 .\CortexM3\ARM_GCC_541\Debug\Design_301_project.a(CyFlash.o)
 .debug_frame   0x00002008      0x180 .\CortexM3\ARM_GCC_541\Debug\Design_301_project.a(CySpc.o)
 .debug_frame   0x00002188       0x2c .\CortexM3\ARM_GCC_541\Debug\Design_301_project.a(USBUART_cls.o)
 .debug_frame   0x000021b4       0x30 c:/program files (x86)/cypress/psoc creator/4.4/psoc creator/import/gnu/arm/5.4.1/bin/../lib/gcc/arm-none-eabi/5.4.1/../../../../arm-none-eabi/lib/armv7-m\libg_nano.a(lib_a-atoi.o)
 .debug_frame   0x000021e4       0x20 c:/program files (x86)/cypress/psoc creator/4.4/psoc creator/import/gnu/arm/5.4.1/bin/../lib/gcc/arm-none-eabi/5.4.1/../../../../arm-none-eabi/lib/armv7-m\libg_nano.a(lib_a-errno.o)
 .debug_frame   0x00002204       0x28 c:/program files (x86)/cypress/psoc creator/4.4/psoc creator/import/gnu/arm/5.4.1/bin/../lib/gcc/arm-none-eabi/5.4.1/../../../../arm-none-eabi/lib/armv7-m\libg_nano.a(lib_a-exit.o)
 .debug_frame   0x0000222c       0x2c c:/program files (x86)/cypress/psoc creator/4.4/psoc creator/import/gnu/arm/5.4.1/bin/../lib/gcc/arm-none-eabi/5.4.1/../../../../arm-none-eabi/lib/armv7-m\libg_nano.a(lib_a-init.o)
 .debug_frame   0x00002258       0x28 c:/program files (x86)/cypress/psoc creator/4.4/psoc creator/import/gnu/arm/5.4.1/bin/../lib/gcc/arm-none-eabi/5.4.1/../../../../arm-none-eabi/lib/armv7-m\libg_nano.a(lib_a-memcpy-stub.o)
 .debug_frame   0x00002280       0x20 c:/program files (x86)/cypress/psoc creator/4.4/psoc creator/import/gnu/arm/5.4.1/bin/../lib/gcc/arm-none-eabi/5.4.1/../../../../arm-none-eabi/lib/armv7-m\libg_nano.a(lib_a-memset.o)
 .debug_frame   0x000022a0       0x8c c:/program files (x86)/cypress/psoc creator/4.4/psoc creator/import/gnu/arm/5.4.1/bin/../lib/gcc/arm-none-eabi/5.4.1/../../../../arm-none-eabi/lib/armv7-m\libg_nano.a(lib_a-nano-vfprintf_float.o)
 .debug_frame   0x0000232c       0x60 c:/program files (x86)/cypress/psoc creator/4.4/psoc creator/import/gnu/arm/5.4.1/bin/../lib/gcc/arm-none-eabi/5.4.1/../../../../arm-none-eabi/lib/armv7-m\libg_nano.a(lib_a-nano-vfprintf_i.o)
 .debug_frame   0x0000238c       0x70 c:/program files (x86)/cypress/psoc creator/4.4/psoc creator/import/gnu/arm/5.4.1/bin/../lib/gcc/arm-none-eabi/5.4.1/../../../../arm-none-eabi/lib/armv7-m\libg_nano.a(lib_a-sprintf.o)
 .debug_frame   0x000023fc       0x20 c:/program files (x86)/cypress/psoc creator/4.4/psoc creator/import/gnu/arm/5.4.1/bin/../lib/gcc/arm-none-eabi/5.4.1/../../../../arm-none-eabi/lib/armv7-m\libg_nano.a(lib_a-strcpy.o)
 .debug_frame   0x0000241c       0x44 c:/program files (x86)/cypress/psoc creator/4.4/psoc creator/import/gnu/arm/5.4.1/bin/../lib/gcc/arm-none-eabi/5.4.1/../../../../arm-none-eabi/lib/armv7-m\libg_nano.a(lib_a-strtol.o)
 .debug_frame   0x00002460       0x6c c:/program files (x86)/cypress/psoc creator/4.4/psoc creator/import/gnu/arm/5.4.1/bin/../lib/gcc/arm-none-eabi/5.4.1/../../../../arm-none-eabi/lib/armv7-m\libg_nano.a(lib_a-dtoa.o)
 .debug_frame   0x000024cc       0x98 c:/program files (x86)/cypress/psoc creator/4.4/psoc creator/import/gnu/arm/5.4.1/bin/../lib/gcc/arm-none-eabi/5.4.1/../../../../arm-none-eabi/lib/armv7-m\libg_nano.a(lib_a-locale.o)
 .debug_frame   0x00002564       0x30 c:/program files (x86)/cypress/psoc creator/4.4/psoc creator/import/gnu/arm/5.4.1/bin/../lib/gcc/arm-none-eabi/5.4.1/../../../../arm-none-eabi/lib/armv7-m\libg_nano.a(lib_a-malloc.o)
 .debug_frame   0x00002594       0x28 c:/program files (x86)/cypress/psoc creator/4.4/psoc creator/import/gnu/arm/5.4.1/bin/../lib/gcc/arm-none-eabi/5.4.1/../../../../arm-none-eabi/lib/armv7-m\libg_nano.a(lib_a-memchr-stub.o)
 .debug_frame   0x000025bc      0x234 c:/program files (x86)/cypress/psoc creator/4.4/psoc creator/import/gnu/arm/5.4.1/bin/../lib/gcc/arm-none-eabi/5.4.1/../../../../arm-none-eabi/lib/armv7-m\libg_nano.a(lib_a-mprec.o)
 .debug_frame   0x000027f0       0x2c c:/program files (x86)/cypress/psoc creator/4.4/psoc creator/import/gnu/arm/5.4.1/bin/../lib/gcc/arm-none-eabi/5.4.1/../../../../arm-none-eabi/lib/armv7-m\libg_nano.a(lib_a-nano-callocr.o)
 .debug_frame   0x0000281c       0x38 c:/program files (x86)/cypress/psoc creator/4.4/psoc creator/import/gnu/arm/5.4.1/bin/../lib/gcc/arm-none-eabi/5.4.1/../../../../arm-none-eabi/lib/armv7-m\libg_nano.a(lib_a-nano-freer.o)
 .debug_frame   0x00002854       0x2c c:/program files (x86)/cypress/psoc creator/4.4/psoc creator/import/gnu/arm/5.4.1/bin/../lib/gcc/arm-none-eabi/5.4.1/../../../../arm-none-eabi/lib/armv7-m\libg_nano.a(lib_a-nano-mallocr.o)
 .debug_frame   0x00002880       0x90 c:/program files (x86)/cypress/psoc creator/4.4/psoc creator/import/gnu/arm/5.4.1/bin/../lib/gcc/arm-none-eabi/5.4.1/../../../../arm-none-eabi/lib/armv7-m\libg_nano.a(lib_a-nano-svfprintf.o)
 .debug_frame   0x00002910       0x2c c:/program files (x86)/cypress/psoc creator/4.4/psoc creator/import/gnu/arm/5.4.1/bin/../lib/gcc/arm-none-eabi/5.4.1/../../../../arm-none-eabi/lib/armv7-m\libg_nano.a(lib_a-sbrkr.o)
 .debug_frame   0x0000293c       0x20 c:/program files (x86)/cypress/psoc creator/4.4/psoc creator/import/gnu/arm/5.4.1/bin/../lib/gcc/arm-none-eabi/5.4.1/../../../../arm-none-eabi/lib/armv7-m\libg_nano.a(lib_a-strcmp.o)
 .debug_frame   0x0000295c       0x28 c:/program files (x86)/cypress/psoc creator/4.4/psoc creator/import/gnu/arm/5.4.1/bin/../lib/gcc/arm-none-eabi/5.4.1/../../../../arm-none-eabi/lib/armv7-m\libg_nano.a(lib_a-memmove.o)
 .debug_frame   0x00002984       0x30 c:/program files (x86)/cypress/psoc creator/4.4/psoc creator/import/gnu/arm/5.4.1/bin/../lib/gcc/arm-none-eabi/5.4.1/../../../../arm-none-eabi/lib/armv7-m\libg_nano.a(lib_a-mlock.o)
 .debug_frame   0x000029b4       0x3c c:/program files (x86)/cypress/psoc creator/4.4/psoc creator/import/gnu/arm/5.4.1/bin/../lib/gcc/arm-none-eabi/5.4.1/../../../../arm-none-eabi/lib/armv7-m\libg_nano.a(lib_a-nano-reallocr.o)
 .debug_frame   0x000029f0       0x5c c:/program files (x86)/cypress/psoc creator/4.4/psoc creator/import/gnu/arm/5.4.1/bin/../lib/gcc/arm-none-eabi/5.4.1/../../../../arm-none-eabi/lib/armv7-m\libg_nano.a(lib_a-reent.o)
 .debug_frame   0x00002a4c       0x20 c:/program files (x86)/cypress/psoc creator/4.4/psoc creator/import/gnu/arm/5.4.1/bin/../lib/gcc/arm-none-eabi/5.4.1/../../../../arm-none-eabi/lib/armv7-m\libg_nano.a(lib_a-nano-msizer.o)

.debug_str      0x00000000     0x3500
 *(.debug_str)
 .debug_str     0x00000000      0x4b8 .\CortexM3\ARM_GCC_541\Debug\main.o
                                0x535 (size before relaxing)
 .debug_str     0x000004b8       0x4d .\CortexM3\ARM_GCC_541\Debug\tacho.o
                                0x212 (size before relaxing)
 .debug_str     0x00000505      0x1bf .\CortexM3\ARM_GCC_541\Debug\cyfitter_cfg.o
                                0x363 (size before relaxing)
 .debug_str     0x000006c4       0x7f .\CortexM3\ARM_GCC_541\Debug\cymetadata.o
                                0x1f3 (size before relaxing)
 .debug_str     0x00000743      0x14e .\CortexM3\ARM_GCC_541\Debug\Cm3Start.o
                                0x329 (size before relaxing)
 .debug_str     0x00000891      0x168 .\CortexM3\ARM_GCC_541\Debug\Design_301_project.a(QuadDec_M1.o)
                                0x359 (size before relaxing)
 .debug_str     0x000009f9      0x145 .\CortexM3\ARM_GCC_541\Debug\Design_301_project.a(QuadDec_M2.o)
                                0x359 (size before relaxing)
 .debug_str     0x00000b3e      0x10a .\CortexM3\ARM_GCC_541\Debug\Design_301_project.a(PWM_1.o)
                                0x2dc (size before relaxing)
 .debug_str     0x00000c48       0x7e .\CortexM3\ARM_GCC_541\Debug\Design_301_project.a(PWM_1_PM.o)
                                0x23c (size before relaxing)
 .debug_str     0x00000cc6      0x1dd .\CortexM3\ARM_GCC_541\Debug\Design_301_project.a(QuadDec_M1_Cnt16.o)
                                0x438 (size before relaxing)
 .debug_str     0x00000ea3      0x1ce .\CortexM3\ARM_GCC_541\Debug\Design_301_project.a(QuadDec_M2_Cnt16.o)
                                0x438 (size before relaxing)
 .debug_str     0x00001071      0x342 .\CortexM3\ARM_GCC_541\Debug\Design_301_project.a(CyDmac.o)
                                0x559 (size before relaxing)
 .debug_str     0x000013b3      0x7ea .\CortexM3\ARM_GCC_541\Debug\Design_301_project.a(CyLib.o)
                                0xa56 (size before relaxing)
 .debug_str     0x00001b9d      0x365 .\CortexM3\ARM_GCC_541\Debug\Design_301_project.a(cyPm.o)
                                0x742 (size before relaxing)
 .debug_str     0x00001f02      0x15e .\CortexM3\ARM_GCC_541\Debug\Design_301_project.a(Timer_TS.o)
                                0x334 (size before relaxing)
 .debug_str     0x00002060       0xe5 .\CortexM3\ARM_GCC_541\Debug\Design_301_project.a(isr_TS.o)
                                0x2c3 (size before relaxing)
 .debug_str     0x00002145      0x401 .\CortexM3\ARM_GCC_541\Debug\Design_301_project.a(USBUART.o)
                                0x679 (size before relaxing)
 .debug_str     0x00002546      0x4bd .\CortexM3\ARM_GCC_541\Debug\Design_301_project.a(USBUART_cdc.o)
                                0x7e0 (size before relaxing)
 .debug_str     0x00002a03      0x291 .\CortexM3\ARM_GCC_541\Debug\Design_301_project.a(USBUART_drv.o)
                                0x657 (size before relaxing)
 .debug_str     0x00002c94       0x80 .\CortexM3\ARM_GCC_541\Debug\Design_301_project.a(USBUART_episr.o)
                                0x2ee (size before relaxing)
 .debug_str     0x00002d14       0xd2 .\CortexM3\ARM_GCC_541\Debug\Design_301_project.a(USBUART_pm.o)
                                0x2ff (size before relaxing)
 .debug_str     0x00002de6      0x271 .\CortexM3\ARM_GCC_541\Debug\Design_301_project.a(USBUART_std.o)
                                0x7de (size before relaxing)
 .debug_str     0x00003057       0x46 .\CortexM3\ARM_GCC_541\Debug\Design_301_project.a(USBUART_vnd.o)
                                0x29e (size before relaxing)
 .debug_str     0x0000309d       0x38 .\CortexM3\ARM_GCC_541\Debug\Design_301_project.a(RF_BT_SELECT.o)
                                0x1d3 (size before relaxing)
 .debug_str     0x000030d5       0x9b .\CortexM3\ARM_GCC_541\Debug\Design_301_project.a(USBUART_Dp.o)
                                0x250 (size before relaxing)
 .debug_str     0x00003170      0x1bb .\CortexM3\ARM_GCC_541\Debug\Design_301_project.a(CyFlash.o)
                                0x3cf (size before relaxing)
 .debug_str     0x0000332b       0xac .\CortexM3\ARM_GCC_541\Debug\Design_301_project.a(CySpc.o)
                                0x347 (size before relaxing)
 .debug_str     0x000033d7       0x25 .\CortexM3\ARM_GCC_541\Debug\Design_301_project.a(USBUART_cls.o)
                                0x2bb (size before relaxing)
 .debug_str     0x000033fc      0x104 .\CortexM3\ARM_GCC_541\Debug\Design_301_project.a(USBUART_descr.o)
                                0x3a1 (size before relaxing)

.debug_loc      0x00000000     0x3dca
 *(.debug_loc)
 .debug_loc     0x00000000       0x94 .\CortexM3\ARM_GCC_541\Debug\main.o
 .debug_loc     0x00000094       0x38 .\CortexM3\ARM_GCC_541\Debug\tacho.o
 .debug_loc     0x000000cc      0x280 .\CortexM3\ARM_GCC_541\Debug\cyfitter_cfg.o
 .debug_loc     0x0000034c      0x144 .\CortexM3\ARM_GCC_541\Debug\Cm3Start.o
 .debug_loc     0x00000490       0x78 .\CortexM3\ARM_GCC_541\Debug\Design_301_project.a(QuadDec_M1.o)
 .debug_loc     0x00000508       0x78 .\CortexM3\ARM_GCC_541\Debug\Design_301_project.a(QuadDec_M2.o)
 .debug_loc     0x00000580       0x13 .\CortexM3\ARM_GCC_541\Debug\Design_301_project.a(PWM_1.o)
 .debug_loc     0x00000593       0x3d .\CortexM3\ARM_GCC_541\Debug\Design_301_project.a(QuadDec_M1_Cnt16.o)
 .debug_loc     0x000005d0       0x3d .\CortexM3\ARM_GCC_541\Debug\Design_301_project.a(QuadDec_M2_Cnt16.o)
 .debug_loc     0x0000060d      0xb8e .\CortexM3\ARM_GCC_541\Debug\Design_301_project.a(CyDmac.o)
 .debug_loc     0x0000119b      0xa11 .\CortexM3\ARM_GCC_541\Debug\Design_301_project.a(CyLib.o)
 .debug_loc     0x00001bac      0x1e4 .\CortexM3\ARM_GCC_541\Debug\Design_301_project.a(cyPm.o)
 .debug_loc     0x00001d90       0x56 .\CortexM3\ARM_GCC_541\Debug\Design_301_project.a(isr_TS.o)
 .debug_loc     0x00001de6      0x3e1 .\CortexM3\ARM_GCC_541\Debug\Design_301_project.a(USBUART.o)
 .debug_loc     0x000021c7      0x557 .\CortexM3\ARM_GCC_541\Debug\Design_301_project.a(USBUART_cdc.o)
 .debug_loc     0x0000271e      0x171 .\CortexM3\ARM_GCC_541\Debug\Design_301_project.a(USBUART_drv.o)
 .debug_loc     0x0000288f       0x26 .\CortexM3\ARM_GCC_541\Debug\Design_301_project.a(USBUART_pm.o)
 .debug_loc     0x000028b5      0x93a .\CortexM3\ARM_GCC_541\Debug\Design_301_project.a(USBUART_std.o)
 .debug_loc     0x000031ef       0x36 .\CortexM3\ARM_GCC_541\Debug\Design_301_project.a(USBUART_vnd.o)
 .debug_loc     0x00003225       0x84 .\CortexM3\ARM_GCC_541\Debug\Design_301_project.a(USBUART_Dp.o)
 .debug_loc     0x000032a9      0x3b2 .\CortexM3\ARM_GCC_541\Debug\Design_301_project.a(CyFlash.o)
 .debug_loc     0x0000365b      0x705 .\CortexM3\ARM_GCC_541\Debug\Design_301_project.a(CySpc.o)
 .debug_loc     0x00003d60       0x6a .\CortexM3\ARM_GCC_541\Debug\Design_301_project.a(USBUART_cls.o)

.debug_macinfo
 *(.debug_macinfo)

.debug_ranges   0x00000000      0xc28
 *(.debug_ranges)
 .debug_ranges  0x00000000       0x30 .\CortexM3\ARM_GCC_541\Debug\main.o
 .debug_ranges  0x00000030       0x18 .\CortexM3\ARM_GCC_541\Debug\tacho.o
 .debug_ranges  0x00000048       0x48 .\CortexM3\ARM_GCC_541\Debug\cyfitter_cfg.o
 .debug_ranges  0x00000090       0x38 .\CortexM3\ARM_GCC_541\Debug\Cm3Start.o
 .debug_ranges  0x000000c8       0x50 .\CortexM3\ARM_GCC_541\Debug\Design_301_project.a(QuadDec_M1.o)
 .debug_ranges  0x00000118       0x50 .\CortexM3\ARM_GCC_541\Debug\Design_301_project.a(QuadDec_M2.o)
 .debug_ranges  0x00000168       0x68 .\CortexM3\ARM_GCC_541\Debug\Design_301_project.a(PWM_1.o)
 .debug_ranges  0x000001d0       0x28 .\CortexM3\ARM_GCC_541\Debug\Design_301_project.a(PWM_1_PM.o)
 .debug_ranges  0x000001f8       0x88 .\CortexM3\ARM_GCC_541\Debug\Design_301_project.a(QuadDec_M1_Cnt16.o)
 .debug_ranges  0x00000280       0x88 .\CortexM3\ARM_GCC_541\Debug\Design_301_project.a(QuadDec_M2_Cnt16.o)
 .debug_ranges  0x00000308       0xc8 .\CortexM3\ARM_GCC_541\Debug\Design_301_project.a(CyDmac.o)
 .debug_ranges  0x000003d0      0x290 .\CortexM3\ARM_GCC_541\Debug\Design_301_project.a(CyLib.o)
 .debug_ranges  0x00000660       0x88 .\CortexM3\ARM_GCC_541\Debug\Design_301_project.a(cyPm.o)
 .debug_ranges  0x000006e8       0x78 .\CortexM3\ARM_GCC_541\Debug\Design_301_project.a(Timer_TS.o)
 .debug_ranges  0x00000760       0x70 .\CortexM3\ARM_GCC_541\Debug\Design_301_project.a(isr_TS.o)
 .debug_ranges  0x000007d0       0xd0 .\CortexM3\ARM_GCC_541\Debug\Design_301_project.a(USBUART.o)
 .debug_ranges  0x000008a0       0xd8 .\CortexM3\ARM_GCC_541\Debug\Design_301_project.a(USBUART_cdc.o)
 .debug_ranges  0x00000978       0x88 .\CortexM3\ARM_GCC_541\Debug\Design_301_project.a(USBUART_drv.o)
 .debug_ranges  0x00000a00       0x30 .\CortexM3\ARM_GCC_541\Debug\Design_301_project.a(USBUART_episr.o)
 .debug_ranges  0x00000a30       0x30 .\CortexM3\ARM_GCC_541\Debug\Design_301_project.a(USBUART_pm.o)
 .debug_ranges  0x00000a60       0x70 .\CortexM3\ARM_GCC_541\Debug\Design_301_project.a(USBUART_std.o)
 .debug_ranges  0x00000ad0       0x10 .\CortexM3\ARM_GCC_541\Debug\Design_301_project.a(USBUART_vnd.o)
 .debug_ranges  0x00000ae0       0x18 .\CortexM3\ARM_GCC_541\Debug\Design_301_project.a(RF_BT_SELECT.o)
 .debug_ranges  0x00000af8       0x38 .\CortexM3\ARM_GCC_541\Debug\Design_301_project.a(USBUART_Dp.o)
 .debug_ranges  0x00000b30       0x78 .\CortexM3\ARM_GCC_541\Debug\Design_301_project.a(CyFlash.o)
 .debug_ranges  0x00000ba8       0x70 .\CortexM3\ARM_GCC_541\Debug\Design_301_project.a(CySpc.o)
 .debug_ranges  0x00000c18       0x10 .\CortexM3\ARM_GCC_541\Debug\Design_301_project.a(USBUART_cls.o)

.comment        0x00000000       0x6e
 .comment       0x00000000       0x6e .\CortexM3\ARM_GCC_541\Debug\main.o
                                 0x6f (size before relaxing)
 .comment       0x0000006e       0x6f .\CortexM3\ARM_GCC_541\Debug\tacho.o
 .comment       0x0000006e       0x6f .\CortexM3\ARM_GCC_541\Debug\cyfitter_cfg.o
 .comment       0x0000006e       0x6f .\CortexM3\ARM_GCC_541\Debug\cymetadata.o
 .comment       0x0000006e       0x6f .\CortexM3\ARM_GCC_541\Debug\Cm3Start.o
 .comment       0x0000006e       0x6f .\CortexM3\ARM_GCC_541\Debug\Design_301_project.a(QuadDec_M1.o)
 .comment       0x0000006e       0x6f .\CortexM3\ARM_GCC_541\Debug\Design_301_project.a(QuadDec_M2.o)