Archive member included to satisfy reference by file (symbol)

.\CortexM3\ARM_GCC_541\Debug\Design_301_project.a(QuadDec_M1.o)
                              .\CortexM3\ARM_GCC_541\Debug\main.o (QuadDec_M1_GetCounter)
.\CortexM3\ARM_GCC_541\Debug\Design_301_project.a(QuadDec_M2.o)
                              .\CortexM3\ARM_GCC_541\Debug\main.o (QuadDec_M2_SetCounter)
.\CortexM3\ARM_GCC_541\Debug\Design_301_project.a(PWM_1.o)
                              .\CortexM3\ARM_GCC_541\Debug\main.o (PWM_1_Enable)
.\CortexM3\ARM_GCC_541\Debug\Design_301_project.a(PWM_1_PM.o)
                              .\CortexM3\ARM_GCC_541\Debug\main.o (PWM_1_SaveConfig)
.\CortexM3\ARM_GCC_541\Debug\Design_301_project.a(PWM_2.o)
                              .\CortexM3\ARM_GCC_541\Debug\main.o (PWM_2_Enable)
.\CortexM3\ARM_GCC_541\Debug\Design_301_project.a(PWM_2_PM.o)
                              .\CortexM3\ARM_GCC_541\Debug\main.o (PWM_2_SaveConfig)
.\CortexM3\ARM_GCC_541\Debug\Design_301_project.a(M2_IN2.o)
                              .\CortexM3\ARM_GCC_541\Debug\main.o (M2_IN2_Write)
.\CortexM3\ARM_GCC_541\Debug\Design_301_project.a(M2_IN1.o)
                              .\CortexM3\ARM_GCC_541\Debug\main.o (M2_IN1_Write)
.\CortexM3\ARM_GCC_541\Debug\Design_301_project.a(M1_IN2.o)
                              .\CortexM3\ARM_GCC_541\Debug\main.o (M1_IN2_Write)
.\CortexM3\ARM_GCC_541\Debug\Design_301_project.a(Timer_TS.o)
                              .\CortexM3\ARM_GCC_541\Debug\main.o (Timer_TS_Start)
.\CortexM3\ARM_GCC_541\Debug\Design_301_project.a(isr_TS.o)
                              .\CortexM3\ARM_GCC_541\Debug\main.o (isr_TS_StartEx)
.\CortexM3\ARM_GCC_541\Debug\Design_301_project.a(USBUART.o)
                              .\CortexM3\ARM_GCC_541\Debug\main.o (USBUART_Start)
.\CortexM3\ARM_GCC_541\Debug\Design_301_project.a(USBUART_cdc.o)
                              .\CortexM3\ARM_GCC_541\Debug\main.o (USBUART_CDC_Init)
.\CortexM3\ARM_GCC_541\Debug\Design_301_project.a(USBUART_drv.o)
                              .\CortexM3\ARM_GCC_541\Debug\Design_301_project.a(USBUART.o) (USBUART_lastPacketSize)
.\CortexM3\ARM_GCC_541\Debug\Design_301_project.a(USBUART_episr.o)
                              .\CortexM3\ARM_GCC_541\Debug\Design_301_project.a(USBUART.o) (USBUART_EP_1_ISR)
.\CortexM3\ARM_GCC_541\Debug\Design_301_project.a(USBUART_pm.o)
                              .\CortexM3\ARM_GCC_541\Debug\Design_301_project.a(USBUART.o) (USBUART_DP_ISR)
.\CortexM3\ARM_GCC_541\Debug\Design_301_project.a(USBUART_std.o)
                              .\CortexM3\ARM_GCC_541\Debug\Design_301_project.a(USBUART_pm.o) (USBUART_ConfigReg)
.\CortexM3\ARM_GCC_541\Debug\Design_301_project.a(USBUART_vnd.o)
                              .\CortexM3\ARM_GCC_541\Debug\Design_301_project.a(USBUART_drv.o) (USBUART_HandleVendorRqst)
.\CortexM3\ARM_GCC_541\Debug\Design_301_project.a(M1_IN1.o)
                              .\CortexM3\ARM_GCC_541\Debug\main.o (M1_IN1_Write)
.\CortexM3\ARM_GCC_541\Debug\Design_301_project.a(RF_BT_SELECT.o)
                              .\CortexM3\ARM_GCC_541\Debug\main.o (RF_BT_SELECT_Write)
.\CortexM3\ARM_GCC_541\Debug\Design_301_project.a(Vo6.o)
                              .\CortexM3\ARM_GCC_541\Debug\main.o (Vo6_Read)
.\CortexM3\ARM_GCC_541\Debug\Design_301_project.a(Vo1.o)
                              .\CortexM3\ARM_GCC_541\Debug\main.o (Vo1_Read)
.\CortexM3\ARM_GCC_541\Debug\Design_301_project.a(Vo2.o)
                              .\CortexM3\ARM_GCC_541\Debug\main.o (Vo2_Read)
.\CortexM3\ARM_GCC_541\Debug\Design_301_project.a(Vo5.o)
                              .\CortexM3\ARM_GCC_541\Debug\main.o (Vo5_Read)
.\CortexM3\ARM_GCC_541\Debug\Design_301_project.a(Vo3.o)
                              .\CortexM3\ARM_GCC_541\Debug\main.o (Vo3_Read)
.\CortexM3\ARM_GCC_541\Debug\Design_301_project.a(Vo4.o)
                              .\CortexM3\ARM_GCC_541\Debug\main.o (Vo4_Read)
.\CortexM3\ARM_GCC_541\Debug\Design_301_project.a(QuadDec_M1_Cnt16.o)
                              .\CortexM3\ARM_GCC_541\Debug\Design_301_project.a(QuadDec_M1.o) (QuadDec_M1_Cnt16_Stop)
.\CortexM3\ARM_GCC_541\Debug\Design_301_project.a(QuadDec_M2_Cnt16.o)
                              .\CortexM3\ARM_GCC_541\Debug\Design_301_project.a(QuadDec_M2.o) (QuadDec_M2_Cnt16_Stop)
.\CortexM3\ARM_GCC_541\Debug\Design_301_project.a(USBUART_Dp.o)
                              .\CortexM3\ARM_GCC_541\Debug\Design_301_project.a(USBUART.o) (USBUART_Dp_ClearInterrupt)
.\CortexM3\ARM_GCC_541\Debug\Design_301_project.a(CyLib.o)
                              .\CortexM3\ARM_GCC_541\Debug\Cm3Start.o (CyHalt)
.\CortexM3\ARM_GCC_541\Debug\Design_301_project.a(cyPm.o)
                              .\CortexM3\ARM_GCC_541\Debug\Design_301_project.a(CyLib.o) (CyPmReadStatus)
.\CortexM3\ARM_GCC_541\Debug\Design_301_project.a(CyBootAsmGnu.o)
                              .\CortexM3\ARM_GCC_541\Debug\cyfitter_cfg.o (CyDelayCycles)
[...]
Memory Configuration

Name             Origin             Length             Attributes
rom              0x00000000         0x00040000         xr
ram              0x1fff8000         0x00010000         xrw
*default*        0x00000000         0xffffffff

Linker script and memory map

LOAD d:/psoc creator/4.4/psoc creator/import/gnu/arm/5.4.1/bin/../lib/gcc/arm-none-eabi/5.4.1/armv7-m/crti.o
LOAD d:/psoc creator/4.4/psoc creator/import/gnu/arm/5.4.1/bin/../lib/gcc/arm-none-eabi/5.4.1/armv7-m/crtbegin.o
LOAD d:/psoc creator/4.4/psoc creator/import/gnu/arm/5.4.1/bin/../lib/gcc/arm-none-eabi/5.4.1/../../../../arm-none-eabi/lib/armv7-m/crt0.o
START GROUP
LOAD .\CortexM3\ARM_GCC_541\Debug\main.o
LOAD .\CortexM3\ARM_GCC_541\Debug\cyfitter_cfg.o
LOAD .\CortexM3\ARM_GCC_541\Debug\cymetadata.o
LOAD .\CortexM3\ARM_GCC_541\Debug\Cm3Start.o
LOAD .\CortexM3\ARM_GCC_541\Debug\Design_301_project.a
LOAD D:\PSoC Creator\4.4\PSoC Creator\psoc\content\cycomponentlibrary\CyComponentLibrary.cylib\CortexM3\ARM_GCC_541\Debug\CyComponentLibrary.a
END GROUP
START GROUP
LOAD d:/psoc creator/4.4/psoc creator/import/gnu/arm/5.4.1/bin/../lib/gcc/arm-none-eabi/5.4.1/armv7-m\libgcc.a
LOAD d:/psoc creator/4.4/psoc creator/import/gnu/arm/5.4.1/bin/../lib/gcc/arm-none-eabi/5.4.1/../../../../arm-none-eabi/lib/armv7-m\libg_nano.a
LOAD d:/psoc creator/4.4/psoc creator/import/gnu/arm/5.4.1/bin/../lib/gcc/arm-none-eabi/5.4.1/../../../../arm-none-eabi/lib/armv7-m\libc_nano.a
END GROUP
START GROUP
LOAD d:/psoc creator/4.4/psoc creator/import/gnu/arm/5.4.1/bin/../lib/gcc/arm-none-eabi/5.4.1/armv7-m\libgcc.a
LOAD d:/psoc creator/4.4/psoc creator/import/gnu/arm/5.4.1/bin/../lib/gcc/arm-none-eabi/5.4.1/../../../../arm-none-eabi/lib/armv7-m\libc_nano.a
END GROUP
LOAD d:/psoc creator/4.4/psoc creator/import/gnu/arm/5.4.1/bin/../lib/gcc/arm-none-eabi/5.4.1/armv7-m/crtend.o
LOAD d:/psoc creator/4.4/psoc creator/import/gnu/arm/5.4.1/bin/../lib/gcc/arm-none-eabi/5.4.1/armv7-m/crtn.o
START GROUP
LOAD d:/psoc creator/4.4/psoc creator/import/gnu/arm/5.4.1/bin/../lib/gcc/arm-none-eabi/5.4.1/armv7-m\libgcc.a
LOAD d:/psoc creator/4.4/psoc creator/import/gnu/arm/5.4.1/bin/../lib/gcc/arm-none-eabi/5.4.1/../../../../arm-none-eabi/lib/armv7-m\libc.a
LOAD d:/psoc creator/4.4/psoc creator/import/gnu/arm/5.4.1/bin/../lib/gcc/arm-none-eabi/5.4.1/../../../../arm-none-eabi/lib/armv7-m\libnosys.a
END GROUP
                0x00000000                CY_APPL_ORIGIN = 0x0
                0x00000100                CY_FLASH_ROW_SIZE = 0x100
                0x00000020                CY_ECC_ROW_SIZE = 0x20
                0x00000000                CY_EE_IN_BTLDR = 0x0
                0x00000000                CY_APPL_LOADABLE = 0x0
                0x00000800                CY_EE_SIZE = 0x800
                0x00000001                CY_APPL_NUM = 0x1
                0x00000001                CY_APPL_MAX = 0x1
                0x00000040                CY_METADATA_SIZE = 0x40
                0x00000000                CY_APPL_LOADABLE = 0x0
                0x00000000                CY_CHECKSUM_EXCLUDE_SIZE = ALIGN (0x0, CY_FLASH_ROW_SIZE)
                [!provide]                PROVIDE (__cy_heap_start, _end)
                0x00000001                PROVIDE (__cy_region_num, ((__cy_regions_end - __cy_regions) / 0x10))
                0x20008000                PROVIDE (__cy_stack, (ORIGIN (ram) + LENGTH (ram)))
                [!provide]                PROVIDE (__cy_heap_end, (__cy_stack - 0x800))

.cybootloader   0x00000000        0x0
 *(.cybootloader)
                0x00000000                appl1_start = CY_APPL_ORIGIN?CY_APPL_ORIGIN:ALIGN (CY_FLASH_ROW_SIZE)
                0x0001ff00                appl2_start = (appl1_start + ALIGN ((((LENGTH (rom) - appl1_start) - (0x2 * CY_FLASH_ROW_SIZE)) / 0x2), CY_FLASH_ROW_SIZE))
                0x00000000                appl_start = (CY_APPL_NUM == 0x1)?appl1_start:appl2_start
                0x00000000                ecc_offset = ((appl_start / CY_FLASH_ROW_SIZE) * CY_ECC_ROW_SIZE)
                0x00000000                ee_offset = (CY_APPL_LOADABLE && ! (CY_EE_IN_BTLDR))?((CY_EE_SIZE / CY_APPL_MAX) * (CY_APPL_NUM - 0x1)):0x0
                0x00000800                ee_size = (CY_APPL_LOADABLE && ! (CY_EE_IN_BTLDR))?(CY_EE_SIZE / CY_APPL_MAX):CY_EE_SIZE
                [!provide]                PROVIDE (CY_ECC_OFFSET, ecc_offset)

.text           0x00000000     0x4f04
 CREATE_OBJECT_SYMBOLS
                0x00000000                PROVIDE (__cy_interrupt_vector, RomVectors)
 *(.romvectors)
 .romvectors    0x00000000       0x10 .\CortexM3\ARM_GCC_541\Debug\Cm3Start.o
                0x00000000                RomVectors
                0x00000001                ASSERT ((. != __cy_interrupt_vector), No interrupt vector)
                0x00000001                ASSERT (CY_APPL_ORIGIN?(SIZEOF (.cybootloader) <= CY_APPL_ORIGIN):0x1, Wrong image location)
                0x00000010                PROVIDE (__cy_reset, Reset)
 *(.text.Reset)
 .text.Reset    0x00000010       0x18 .\CortexM3\ARM_GCC_541\Debug\Cm3Start.o
                0x00000010                Reset
                0x00000001                ASSERT ((. != __cy_reset), No reset code)
 *(.dma_init)
                0x00000001                ASSERT ((((appl_start + .) <= 0x10000) || 0x1), DMA Init must be within the first 64k of flash)
 *(.text .text.* .gnu.linkonce.t.*)
 .text          0x00000028       0x5c d:/psoc creator/4.4/psoc creator/import/gnu/arm/5.4.1/bin/../lib/gcc/arm-none-eabi/5.4.1/armv7-m/crtbegin.o
 .text.isr_timer_EncoderCalculation
                0x00000084        0xc .\CortexM3\ARM_GCC_541\Debug\main.o
                0x00000084                isr_timer_EncoderCalculation
 .text.usbPutString
                0x00000090       0x28 .\CortexM3\ARM_GCC_541\Debug\main.o
                0x00000090                usbPutString
 .text.handle_usb
                0x000000b8       0x88 .\CortexM3\ARM_GCC_541\Debug\main.o
                0x000000b8                handle_usb
 .text.M1_set_speed
                0x00000140       0x3c .\CortexM3\ARM_GCC_541\Debug\main.o
                0x00000140                M1_set_speed
 .text.M2_set_speed
                0x0000017c       0x3c .\CortexM3\ARM_GCC_541\Debug\main.o
                0x0000017c                M2_set_speed
 .text.motor_forward
                0x000001b8       0x28 .\CortexM3\ARM_GCC_541\Debug\main.o
                0x000001b8                motor_forward
 .text.main     0x000001e0      0x124 .\CortexM3\ARM_GCC_541\Debug\main.o
                0x000001e0                main
 .text.CyClockStartupError
                0x00000304        0x4 .\CortexM3\ARM_GCC_541\Debug\cyfitter_cfg.o
 .text.cfg_write_bytes32
                0x00000308       0x34 .\CortexM3\ARM_GCC_541\Debug\cyfitter_cfg.o
 .text.AnalogSetDefault
                0x0000033c       0x28 .\CortexM3\ARM_GCC_541\Debug\cyfitter_cfg.o
 .text.CYMEMZERO
                0x00000364        0xc .\CortexM3\ARM_GCC_541\Debug\cyfitter_cfg.o
 .text.ClockSetup
                0x00000370       0xe4 .\CortexM3\ARM_GCC_541\Debug\cyfitter_cfg.o
 .text.CYCONFIGCPY
                0x00000454        0x8 .\CortexM3\ARM_GCC_541\Debug\cyfitter_cfg.o
 .text.cyfitter_cfg
                0x0000045c      0x134 .\CortexM3\ARM_GCC_541\Debug\cyfitter_cfg.o
                0x0000045c                cyfitter_cfg
 .text.IntDefaultHandler
                0x00000590       0x10 .\CortexM3\ARM_GCC_541\Debug\Cm3Start.o
                0x00000590                IntDefaultHandler
 .text._sbrk    0x000005a0       0x30 .\CortexM3\ARM_GCC_541\Debug\Cm3Start.o
                0x000005a0                _sbrk
 .text.Start_c  0x000005d0       0x4c .\CortexM3\ARM_GCC_541\Debug\Cm3Start.o
                0x000005d0                Start_c
 .text.initialize_psoc
                0x0000061c       0x68 .\CortexM3\ARM_GCC_541\Debug\Cm3Start.o
                0x0000061c                initialize_psoc
 .text.QuadDec_M1_GetCounter
                0x00000684       0x10 .\CortexM3\ARM_GCC_541\Debug\Design_301_project.a(QuadDec_M1.o)
                0x00000684                QuadDec_M1_GetCounter
 .text.QuadDec_M1_SetCounter
                0x00000694       0x1c .\CortexM3\ARM_GCC_541\Debug\Design_301_project.a(QuadDec_M1.o)
                0x00000694                QuadDec_M1_SetCounter
 .text.QuadDec_M1_GetEvents
                0x000006b0       0x10 .\CortexM3\ARM_GCC_541\Debug\Design_301_project.a(QuadDec_M1.o)
                0x000006b0                QuadDec_M1_GetEvents
 .text.QuadDec_M1_SetInterruptMask
                0x000006c0        0xc .\CortexM3\ARM_GCC_541\Debug\Design_301_project.a(QuadDec_M1.o)
                0x000006c0                QuadDec_M1_SetInterruptMask
 .text.QuadDec_M1_Enable
                0x000006cc       0x24 .\CortexM3\ARM_GCC_541\Debug\Design_301_project.a(QuadDec_M1.o)
                0x000006cc                QuadDec_M1_Enable
 .text.QuadDec_M1_Start
                0x000006f0       0x24 .\CortexM3\ARM_GCC_541\Debug\Design_301_project.a(QuadDec_M1.o)
                0x000006f0                QuadDec_M1_Start
 .text.QuadDec_M2_SetCounter
                0x00000714       0x1c .\CortexM3\ARM_GCC_541\Debug\Design_301_project.a(QuadDec_M2.o)
                0x00000714                QuadDec_M2_SetCounter
 .text.QuadDec_M2_GetEvents
                0x00000730       0x10 .\CortexM3\ARM_GCC_541\Debug\Design_301_project.a(QuadDec_M2.o)
                0x00000730                QuadDec_M2_GetEvents
 .text.QuadDec_M2_SetInterruptMask
                0x00000740        0xc .\CortexM3\ARM_GCC_541\Debug\Design_301_project.a(QuadDec_M2.o)
                0x00000740                QuadDec_M2_SetInterruptMask
 .text.QuadDec_M2_Enable
                0x0000074c       0x24 .\CortexM3\ARM_GCC_541\Debug\Design_301_project.a(QuadDec_M2.o)
                0x0000074c                QuadDec_M2_Enable
 .text.QuadDec_M2_Start
                0x00000770       0x24 .\CortexM3\ARM_GCC_541\Debug\Design_301_project.a(QuadDec_M2.o)
                0x00000770                QuadDec_M2_Start
 .text.PWM_1_Enable
                0x00000794       0x28 .\CortexM3\ARM_GCC_541\Debug\Design_301_project.a(PWM_1.o)
                0x00000794                PWM_1_Enable
 .text.PWM_1_Stop
                0x000007bc       0x28 .\CortexM3\ARM_GCC_541\Debug\Design_301_project.a(PWM_1.o)
                0x000007bc                PWM_1_Stop
 .text.PWM_1_WritePeriod
                0x000007e4        0xc .\CortexM3\ARM_GCC_541\Debug\Design_301_project.a(PWM_1.o)
                0x000007e4                PWM_1_WritePeriod
 .text.PWM_1_WriteCompare
                0x000007f0        0xc .\CortexM3\ARM_GCC_541\Debug\Design_301_project.a(PWM_1.o)
                0x000007f0                PWM_1_WriteCompare
 .text.PWM_1_SetInterruptMode
                0x000007fc        0xc .\CortexM3\ARM_GCC_541\Debug\Design_301_project.a(PWM_1.o)
                0x000007fc                PWM_1_SetInterruptMode
 .text.PWM_1_Init
                0x00000808       0x78 .\CortexM3\ARM_GCC_541\Debug\Design_301_project.a(PWM_1.o)
                0x00000808                PWM_1_Init
 .text.PWM_1_Start
                0x00000880       0x1c .\CortexM3\ARM_GCC_541\Debug\Design_301_project.a(PWM_1.o)
                0x00000880                PWM_1_Start
 .text.PWM_1_ReadPeriod
                0x0000089c        0xc .\CortexM3\ARM_GCC_541\Debug\Design_301_project.a(PWM_1.o)
                0x0000089c                PWM_1_ReadPeriod
 .text.PWM_1_SaveConfig
                0x000008a8        0x4 .\CortexM3\ARM_GCC_541\Debug\Design_301_project.a(PWM_1_PM.o)
                0x000008a8                PWM_1_SaveConfig
 .text.PWM_1_Sleep
                0x000008ac       0x28 .\CortexM3\ARM_GCC_541\Debug\Design_301_project.a(PWM_1_PM.o)
                0x000008ac                PWM_1_Sleep
 .text.PWM_2_Enable
                0x000008d4       0x28 .\CortexM3\ARM_GCC_541\Debug\Design_301_project.a(PWM_2.o)
                0x000008d4                PWM_2_Enable
 .text.PWM_2_Stop
                0x000008fc       0x28 .\CortexM3\ARM_GCC_541\Debug\Design_301_project.a(PWM_2.o)
                0x000008fc                PWM_2_Stop
 .text.PWM_2_WritePeriod
                0x00000924        0xc .\CortexM3\ARM_GCC_541\Debug\Design_301_project.a(PWM_2.o)
                0x00000924                PWM_2_WritePeriod
 .text.PWM_2_WriteCompare
                0x00000930        0xc .\CortexM3\ARM_GCC_541\Debug\Design_301_project.a(PWM_2.o)
                0x00000930                PWM_2_WriteCompare
 .text.PWM_2_SetInterruptMode
                0x0000093c        0xc .\CortexM3\ARM_GCC_541\Debug\Design_301_project.a(PWM_2.o)
                0x0000093c                PWM_2_SetInterruptMode
 .text.PWM_2_Init
                0x00000948       0x78 .\CortexM3\ARM_GCC_541\Debug\Design_301_project.a(PWM_2.o)
                0x00000948                PWM_2_Init
 .text.PWM_2_Start
                0x000009c0       0x1c .\CortexM3\ARM_GCC_541\Debug\Design_301_project.a(PWM_2.o)
                0x000009c0                PWM_2_Start
 .text.PWM_2_ReadPeriod
                0x000009dc        0xc .\CortexM3\ARM_GCC_541\Debug\Design_301_project.a(PWM_2.o)
                0x000009dc                PWM_2_ReadPeriod
 .text.PWM_2_SaveConfig
                0x000009e8        0x4 .\CortexM3\ARM_GCC_541\Debug\Design_301_project.a(PWM_2_PM.o)
                0x000009e8                PWM_2_SaveConfig
 .text.PWM_2_Sleep
                0x000009ec       0x28 .\CortexM3\ARM_GCC_541\Debug\Design_301_project.a(PWM_2_PM.o)
                0x000009ec                PWM_2_Sleep
 .text.M2_IN2_Write
                0x00000a14       0x18 .\CortexM3\ARM_GCC_541\Debug\Design_301_project.a(M2_IN2.o)
                0x00000a14                M2_IN2_Write
 .text.M2_IN1_Write
                0x00000a2c       0x18 .\CortexM3\ARM_GCC_541\Debug\Design_301_project.a(M2_IN1.o)
                0x00000a2c                M2_IN1_Write
 .text.M1_IN2_Write
                0x00000a44       0x18 .\CortexM3\ARM_GCC_541\Debug\Design_301_project.a(M1_IN2.o)
                0x00000a44                M1_IN2_Write
 .text.Timer_TS_Enable
                0x00000a5c       0x28 .\CortexM3\ARM_GCC_541\Debug\Design_301_project.a(Timer_TS.o)
                0x00000a5c                Timer_TS_Enable
 .text.Timer_TS_SetInterruptMode
                0x00000a84        0xc .\CortexM3\ARM_GCC_541\Debug\Design_301_project.a(Timer_TS.o)
                0x00000a84                Timer_TS_SetInterruptMode
 .text.Timer_TS_WritePeriod
                0x00000a90        0xc .\CortexM3\ARM_GCC_541\Debug\Design_301_project.a(Timer_TS.o)
                0x00000a90                Timer_TS_WritePeriod
 .text.Timer_TS_WriteCounter
                0x00000a9c        0xc .\CortexM3\ARM_GCC_541\Debug\Design_301_project.a(Timer_TS.o)
                0x00000a9c                Timer_TS_WriteCounter
 .text.Timer_TS_Init
                0x00000aa8       0x64 .\CortexM3\ARM_GCC_541\Debug\Design_301_project.a(Timer_TS.o)
                0x00000aa8                Timer_TS_Init
 .text.Timer_TS_Start
                0x00000b0c       0x1c .\CortexM3\ARM_GCC_541\Debug\Design_301_project.a(Timer_TS.o)
                0x00000b0c                Timer_TS_Start
 .text.isr_TS_SetVector
                0x00000b28        0xc .\CortexM3\ARM_GCC_541\Debug\Design_301_project.a(isr_TS.o)
                0x00000b28                isr_TS_SetVector
 .text.isr_TS_SetPriority
                0x00000b34       0x10 .\CortexM3\ARM_GCC_541\Debug\Design_301_project.a(isr_TS.o)
                0x00000b34                isr_TS_SetPriority
 .text.isr_TS_Enable
                0x00000b44        0xc .\CortexM3\ARM_GCC_541\Debug\Design_301_project.a(isr_TS.o)
                0x00000b44                isr_TS_Enable
 .text.isr_TS_Disable
                0x00000b50        0xc .\CortexM3\ARM_GCC_541\Debug\Design_301_project.a(isr_TS.o)
                0x00000b50                isr_TS_Disable
 .text.isr_TS_StartEx
                0x00000b5c       0x1c .\CortexM3\ARM_GCC_541\Debug\Design_301_project.a(isr_TS.o)
                0x00000b5c                isr_TS_StartEx
 .text.USBUART_Init
                0x00000b78      0x140 .\CortexM3\ARM_GCC_541\Debug\Design_301_project.a(USBUART.o)
                0x00000b78                USBUART_Init
 .text.USBUART_InitComponent
                0x00000cb8       0xb8 .\CortexM3\ARM_GCC_541\Debug\Design_301_project.a(USBUART.o)
                0x00000cb8                USBUART_InitComponent
 .text.USBUART_Start
                0x00000d70       0x24 .\CortexM3\ARM_GCC_541\Debug\Design_301_project.a(USBUART.o)
                0x00000d70                USBUART_Start
 .text.USBUART_ReInitComponent
                0x00000d94       0x4c .\CortexM3\ARM_GCC_541\Debug\Design_301_project.a(USBUART.o)
                0x00000d94                USBUART_ReInitComponent
 .text.USBUART_GetConfiguration
                0x00000de0        0xc .\CortexM3\ARM_GCC_541\Debug\Design_301_project.a(USBUART.o)
                0x00000de0                USBUART_GetConfiguration
 .text.USBUART_GetEPState
                0x00000dec       0x14 .\CortexM3\ARM_GCC_541\Debug\Design_301_project.a(USBUART.o)
                0x00000dec                USBUART_GetEPState
 .text.USBUART_GetEPCount
                0x00000e00       0x28 .\CortexM3\ARM_GCC_541\Debug\Design_301_project.a(USBUART.o)
                0x00000e00                USBUART_GetEPCount
 .text.USBUART_LoadInEP
                0x00000e28       0x94 .\CortexM3\ARM_GCC_541\Debug\Design_301_project.a(USBUART.o)
                0x00000e28                USBUART_LoadInEP
 .text.USBUART_EnableOutEP
                0x00000ebc       0x2c .\CortexM3\ARM_GCC_541\Debug\Design_301_project.a(USBUART.o)
                0x00000ebc                USBUART_EnableOutEP
 .text.USBUART_ReadOutEP
                0x00000ee8       0x50 .\CortexM3\ARM_GCC_541\Debug\Design_301_project.a(USBUART.o)
                0x00000ee8                USBUART_ReadOutEP
 .text.USBUART_GetInterfaceComPort
                0x00000f38       0x38 .\CortexM3\ARM_GCC_541\Debug\Design_301_project.a(USBUART_cdc.o)
                0x00000f38                USBUART_GetInterfaceComPort
 .text.USBUART_DispatchCDCClassRqst
                0x00000f70       0x98 .\CortexM3\ARM_GCC_541\Debug\Design_301_project.a(USBUART_cdc.o)
                0x00000f70                USBUART_DispatchCDCClassRqst
 .text.USBUART_CDC_Init
                0x00001008       0x98 .\CortexM3\ARM_GCC_541\Debug\Design_301_project.a(USBUART_cdc.o)
                0x00001008                USBUART_CDC_Init
 .text.USBUART_PutData
                0x000010a0       0x50 .\CortexM3\ARM_GCC_541\Debug\Design_301_project.a(USBUART_cdc.o)
                0x000010a0                USBUART_PutData
 .text.USBUART_PutChar
                0x000010f0       0x28 .\CortexM3\ARM_GCC_541\Debug\Design_301_project.a(USBUART_cdc.o)
                0x000010f0                USBUART_PutChar
 .text.USBUART_DataIsReady
                0x00001118       0x18 .\CortexM3\ARM_GCC_541\Debug\Design_301_project.a(USBUART_cdc.o)
                0x00001118                USBUART_DataIsReady
 .text.USBUART_CDCIsReady
                0x00001130       0x18 .\CortexM3\ARM_GCC_541\Debug\Design_301_project.a(USBUART_cdc.o)
                0x00001130                USBUART_CDCIsReady
 .text.USBUART_GetChar
                0x00001148       0x28 .\CortexM3\ARM_GCC_541\Debug\Design_301_project.a(USBUART_cdc.o)
                0x00001148                USBUART_GetChar
 .text.USBUART_Cdc_EpInit
                0x00001170       0x50 .\CortexM3\ARM_GCC_541\Debug\Design_301_project.a(USBUART_cdc.o)
                0x00001170                USBUART_Cdc_EpInit
 .text.USBUART_LoadEP0
                0x000011c0       0x98 .\CortexM3\ARM_GCC_541\Debug\Design_301_project.a(USBUART_drv.o)
                0x000011c0                USBUART_LoadEP0
 .text.USBUART_InitZeroLengthControlTransfer
                0x00001258       0x34 .\CortexM3\ARM_GCC_541\Debug\Design_301_project.a(USBUART_drv.o)
                0x00001258                USBUART_InitZeroLengthControlTransfer
 .text.USBUART_ControlReadDataStage
                0x0000128c        0x8 .\CortexM3\ARM_GCC_541\Debug\Design_301_project.a(USBUART_drv.o)
                0x0000128c                USBUART_ControlReadDataStage
 .text.USBUART_ControlWriteDataStage
                0x00001294       0x84 .\CortexM3\ARM_GCC_541\Debug\Design_301_project.a(USBUART_drv.o)
                0x00001294                USBUART_ControlWriteDataStage
 .text.USBUART_InitNoDataControlTransfer
                0x00001318       0x2c .\CortexM3\ARM_GCC_541\Debug\Design_301_project.a(USBUART_drv.o)
                0x00001318                USBUART_InitNoDataControlTransfer
 .text.USBUART_UpdateStatusBlock
                0x00001344       0x24 .\CortexM3\ARM_GCC_541\Debug\Design_301_project.a(USBUART_drv.o)
                0x00001344                USBUART_UpdateStatusBlock
 .text.USBUART_HandleSetup
                0x00001368       0x5c .\CortexM3\ARM_GCC_541\Debug\Design_301_project.a(USBUART_drv.o)
                0x00001368                USBUART_HandleSetup
 .text.USBUART_ControlReadStatusStage
                0x000013c4       0x38 .\CortexM3\ARM_GCC_541\Debug\Design_301_project.a(USBUART_drv.o)
                0x000013c4                USBUART_ControlReadStatusStage
 .text.USBUART_HandleOUT
                0x000013fc       0x38 .\CortexM3\ARM_GCC_541\Debug\Design_301_project.a(USBUART_drv.o)
                0x000013fc                USBUART_HandleOUT
 .text.USBUART_ControlWriteStatusStage
                0x00001434       0x20 .\CortexM3\ARM_GCC_541\Debug\Design_301_project.a(USBUART_drv.o)
                0x00001434                USBUART_ControlWriteStatusStage
 .text.USBUART_NoDataControlStatusStage
                0x00001454       0x40 .\CortexM3\ARM_GCC_541\Debug\Design_301_project.a(USBUART_drv.o)
                0x00001454                USBUART_NoDataControlStatusStage
 .text.USBUART_HandleIN
                0x00001494       0x2c .\CortexM3\ARM_GCC_541\Debug\Design_301_project.a(USBUART_drv.o)
                0x00001494                USBUART_HandleIN
 .text.USBUART_EP_0_ISR
                0x000014c0       0xb8 .\CortexM3\ARM_GCC_541\Debug\Design_301_project.a(USBUART_drv.o)
                0x000014c0                USBUART_EP_0_ISR
 .text.USBUART_InitializeStatusBlock
                0x00001578       0x24 .\CortexM3\ARM_GCC_541\Debug\Design_301_project.a(USBUART_drv.o)
                0x00001578                USBUART_InitializeStatusBlock
 .text.USBUART_InitControlRead
                0x0000159c       0x50 .\CortexM3\ARM_GCC_541\Debug\Design_301_project.a(USBUART_drv.o)
                0x0000159c                USBUART_InitControlRead
 .text.USBUART_InitControlWrite
                0x000015ec       0x48 .\CortexM3\ARM_GCC_541\Debug\Design_301_project.a(USBUART_drv.o)
                0x000015ec                USBUART_InitControlWrite
 .text.USBUART_EP_1_ISR
                0x00001634       0x30 .\CortexM3\ARM_GCC_541\Debug\Design_301_project.a(USBUART_episr.o)
                0x00001634                USBUART_EP_1_ISR
 .text.USBUART_EP_2_ISR
                0x00001664       0x34 .\CortexM3\ARM_GCC_541\Debug\Design_301_project.a(USBUART_episr.o)
                0x00001664                USBUART_EP_2_ISR
 .text.USBUART_EP_3_ISR
                0x00001698       0x3c .\CortexM3\ARM_GCC_541\Debug\Design_301_project.a(USBUART_episr.o)
                0x00001698                USBUART_EP_3_ISR
 .text.USBUART_SOF_ISR
                0x000016d4        0x4 .\CortexM3\ARM_GCC_541\Debug\Design_301_project.a(USBUART_episr.o)
                0x000016d4                USBUART_SOF_ISR
 .text.USBUART_BUS_RESET_ISR
                0x000016d8        0x8 .\CortexM3\ARM_GCC_541\Debug\Design_301_project.a(USBUART_episr.o)
                0x000016d8                USBUART_BUS_RESET_ISR
 .text.USBUART_DP_ISR
                0x000016e0        0x8 .\CortexM3\ARM_GCC_541\Debug\Design_301_project.a(USBUART_pm.o)
                0x000016e0                USBUART_DP_ISR
 .text.USBUART_ReadDieID
                0x000016e8       0x6c .\CortexM3\ARM_GCC_541\Debug\Design_301_project.a(USBUART_std.o)
                0x000016e8                USBUART_ReadDieID
 .text.USBUART_ConfigReg
                0x00001754       0xa4 .\CortexM3\ARM_GCC_541\Debug\Design_301_project.a(USBUART_std.o)
                0x00001754                USBUART_ConfigReg
 .text.USBUART_GetConfigTablePtr
                0x000017f8       0x28 .\CortexM3\ARM_GCC_541\Debug\Design_301_project.a(USBUART_std.o)
                0x000017f8                USBUART_GetConfigTablePtr
 .text.USBUART_ConfigAltChanged
                0x00001820      0x11c .\CortexM3\ARM_GCC_541\Debug\Design_301_project.a(USBUART_std.o)
                0x00001820                USBUART_ConfigAltChanged
 .text.USBUART_GetDeviceTablePtr
                0x0000193c       0x18 .\CortexM3\ARM_GCC_541\Debug\Design_301_project.a(USBUART_std.o)
                0x0000193c                USBUART_GetDeviceTablePtr
 .text.USBUART_GetInterfaceClassTablePtr
                0x00001954       0x28 .\CortexM3\ARM_GCC_541\Debug\Design_301_project.a(USBUART_std.o)
                0x00001954                USBUART_GetInterfaceClassTablePtr
 .text.USBUART_Config
                0x0000197c      0x1e4 .\CortexM3\ARM_GCC_541\Debug\Design_301_project.a(USBUART_std.o)
                0x0000197c                USBUART_Config
 .text.USBUART_SetEndpointHalt
                0x00001b60       0x64 .\CortexM3\ARM_GCC_541\Debug\Design_301_project.a(USBUART_std.o)
                0x00001b60                USBUART_SetEndpointHalt
 .text.USBUART_ClearEndpointHalt
                0x00001bc4       0xac .\CortexM3\ARM_GCC_541\Debug\Design_301_project.a(USBUART_std.o)
                0x00001bc4                USBUART_ClearEndpointHalt
 .text.USBUART_ValidateAlternateSetting
                0x00001c70       0x4c .\CortexM3\ARM_GCC_541\Debug\Design_301_project.a(USBUART_std.o)
                0x00001c70                USBUART_ValidateAlternateSetting
 .text.USBUART_HandleStandardRqst
                0x00001cbc      0x35c .\CortexM3\ARM_GCC_541\Debug\Design_301_project.a(USBUART_std.o)
                0x00001cbc                USBUART_HandleStandardRqst
 .text.USBUART_HandleVendorRqst
                0x00002018       0x3c .\CortexM3\ARM_GCC_541\Debug\Design_301_project.a(USBUART_vnd.o)
                0x00002018                USBUART_HandleVendorRqst
 .text.M1_IN1_Write
                0x00002054       0x18 .\CortexM3\ARM_GCC_541\Debug\Design_301_project.a(M1_IN1.o)
                0x00002054                M1_IN1_Write
 .text.RF_BT_SELECT_Write
                0x0000206c        0xc .\CortexM3\ARM_GCC_541\Debug\Design_301_project.a(RF_BT_SELECT.o)
                0x0000206c                RF_BT_SELECT_Write
 .text.QuadDec_M1_Cnt16_Enable
                0x00002078       0x10 .\CortexM3\ARM_GCC_541\Debug\Design_301_project.a(QuadDec_M1_Cnt16.o)
                0x00002078                QuadDec_M1_Cnt16_Enable
 .text.QuadDec_M1_Cnt16_SetInterruptMode
                0x00002088        0xc .\CortexM3\ARM_GCC_541\Debug\Design_301_project.a(QuadDec_M1_Cnt16.o)
                0x00002088                QuadDec_M1_Cnt16_SetInterruptMode
 .text.QuadDec_M1_Cnt16_ReadStatusRegister
                0x00002094        0xc .\CortexM3\ARM_GCC_541\Debug\Design_301_project.a(QuadDec_M1_Cnt16.o)
                0x00002094                QuadDec_M1_Cnt16_ReadStatusRegister
 .text.QuadDec_M1_Cnt16_WriteCounter
                0x000020a0        0xc .\CortexM3\ARM_GCC_541\Debug\Design_301_project.a(QuadDec_M1_Cnt16.o)
                0x000020a0                QuadDec_M1_Cnt16_WriteCounter
 .text.QuadDec_M1_Cnt16_ReadCounter
                0x000020ac       0x14 .\CortexM3\ARM_GCC_541\Debug\Design_301_project.a(QuadDec_M1_Cnt16.o)
                0x000020ac                QuadDec_M1_Cnt16_ReadCounter
 .text.QuadDec_M1_Cnt16_ReadCapture
                0x000020c0        0xc .\CortexM3\ARM_GCC_541\Debug\Design_301_project.a(QuadDec_M1_Cnt16.o)
                0x000020c0                QuadDec_M1_Cnt16_ReadCapture
 .text.QuadDec_M1_Cnt16_WritePeriod
                0x000020cc        0xc .\CortexM3\ARM_GCC_541\Debug\Design_301_project.a(QuadDec_M1_Cnt16.o)
                0x000020cc                QuadDec_M1_Cnt16_WritePeriod
 .text.QuadDec_M1_Cnt16_WriteCompare
                0x000020d8        0xc .\CortexM3\ARM_GCC_541\Debug\Design_301_project.a(QuadDec_M1_Cnt16.o)
                0x000020d8                QuadDec_M1_Cnt16_WriteCompare
 .text.QuadDec_M1_Cnt16_ClearFIFO
                0x000020e4       0x14 .\CortexM3\ARM_GCC_541\Debug\Design_301_project.a(QuadDec_M1_Cnt16.o)
                0x000020e4                QuadDec_M1_Cnt16_ClearFIFO
 .text.QuadDec_M1_Cnt16_Init
                0x000020f8       0x58 .\CortexM3\ARM_GCC_541\Debug\Design_301_project.a(QuadDec_M1_Cnt16.o)
                0x000020f8                QuadDec_M1_Cnt16_Init
 .text.QuadDec_M1_Cnt16_Start
                0x00002150       0x1c .\CortexM3\ARM_GCC_541\Debug\Design_301_project.a(QuadDec_M1_Cnt16.o)
                0x00002150                QuadDec_M1_Cnt16_Start
 .text.QuadDec_M2_Cnt16_Enable
                0x0000216c       0x10 .\CortexM3\ARM_GCC_541\Debug\Design_301_project.a(QuadDec_M2_Cnt16.o)
                0x0000216c                QuadDec_M2_Cnt16_Enable
 .text.QuadDec_M2_Cnt16_SetInterruptMode
                0x0000217c        0xc .\CortexM3\ARM_GCC_541\Debug\Design_301_project.a(QuadDec_M2_Cnt16.o)
                0x0000217c                QuadDec_M2_Cnt16_SetInterruptMode
 .text.QuadDec_M2_Cnt16_ReadStatusRegister
                0x00002188        0xc .\CortexM3\ARM_GCC_541\Debug\Design_301_project.a(QuadDec_M2_Cnt16.o)
                0x00002188                QuadDec_M2_Cnt16_ReadStatusRegister
 .text.QuadDec_M2_Cnt16_WriteCounter
                0x00002194        0xc .\CortexM3\ARM_GCC_541\Debug\Design_301_project.a(QuadDec_M2_Cnt16.o)
                0x00002194                QuadDec_M2_Cnt16_WriteCounter
 .text.QuadDec_M2_Cnt16_ReadCapture
                0x000021a0        0xc .\CortexM3\ARM_GCC_541\Debug\Design_301_project.a(QuadDec_M2_Cnt16.o)
                0x000021a0                QuadDec_M2_Cnt16_ReadCapture
 .text.QuadDec_M2_Cnt16_WritePeriod
                0x000021ac        0xc .\CortexM3\ARM_GCC_541\Debug\Design_301_project.a(QuadDec_M2_Cnt16.o)
                0x000021ac                QuadDec_M2_Cnt16_WritePeriod
 .text.QuadDec_M2_Cnt16_WriteCompare
                0x000021b8        0xc .\CortexM3\ARM_GCC_541\Debug\Design_301_project.a(QuadDec_M2_Cnt16.o)
                0x000021b8                QuadDec_M2_Cnt16_WriteCompare
 .text.QuadDec_M2_Cnt16_ClearFIFO
                0x000021c4       0x14 .\CortexM3\ARM_GCC_541\Debug\Design_301_project.a(QuadDec_M2_Cnt16.o)
                0x000021c4                QuadDec_M2_Cnt16_ClearFIFO
 .text.QuadDec_M2_Cnt16_Init
                0x000021d8       0x58 .\CortexM3\ARM_GCC_541\Debug\Design_301_project.a(QuadDec_M2_Cnt16.o)
                0x000021d8                QuadDec_M2_Cnt16_Init
 .text.QuadDec_M2_Cnt16_Start
                0x00002230       0x1c .\CortexM3\ARM_GCC_541\Debug\Design_301_project.a(QuadDec_M2_Cnt16.o)
                0x00002230                QuadDec_M2_Cnt16_Start
 .text.USBUART_Dp_ClearInterrupt
                0x0000224c       0x10 .\CortexM3\ARM_GCC_541\Debug\Design_301_project.a(USBUART_Dp.o)
                0x0000224c                USBUART_Dp_ClearInterrupt
 .text.CyHalt   0x0000225c        0x4 .\CortexM3\ARM_GCC_541\Debug\Design_301_project.a(CyLib.o)
                0x0000225c                CyHalt
 .text.CyDelayUs
                0x00002260       0x14 .\CortexM3\ARM_GCC_541\Debug\Design_301_project.a(CyLib.o)
                0x00002260                CyDelayUs
 .text.CyIntSetVector
                0x00002274       0x28 .\CortexM3\ARM_GCC_541\Debug\Design_301_project.a(CyLib.o)
                0x00002274                CyIntSetVector
 .text.CyIntSetPriority
                0x0000229c       0x30 .\CortexM3\ARM_GCC_541\Debug\Design_301_project.a(CyLib.o)
                0x0000229c                CyIntSetPriority
 .text.CyGetUniqueId
                0x000022cc       0x70 .\CortexM3\ARM_GCC_541\Debug\Design_301_project.a(CyLib.o)
                0x000022cc                CyGetUniqueId
 *fill*         0x0000233c        0x4 
 .text          0x00002340       0x20 .\CortexM3\ARM_GCC_541\Debug\Design_301_project.a(CyBootAsmGnu.o)
                0x00002340                CyDelayCycles
                0x00002350                CyEnterCriticalSection
                0x00002358                CyExitCriticalSection
 .text.USBUART_DispatchClassRqst
                0x00002360       0x60 .\CortexM3\ARM_GCC_541\Debug\Design_301_project.a(USBUART_cls.o)
                0x00002360                USBUART_DispatchClassRqst
 .text          0x000023c0      0x370 d:/psoc creator/4.4/psoc creator/import/gnu/arm/5.4.1/bin/../lib/gcc/arm-none-eabi/5.4.1/armv7-m\libgcc.a(_arm_addsubdf3.o)
                0x000023c0                __aeabi_drsub
                0x000023c8                __aeabi_dsub
                0x000023c8                __subdf3
                0x000023cc                __aeabi_dadd
                0x000023cc                __adddf3
                0x00002644                __floatunsidf
                0x00002644                __aeabi_ui2d
                0x00002664                __floatsidf
                0x00002664                __aeabi_i2d
                0x00002688                __aeabi_f2d
                0x00002688                __extendsfdf2
                0x000026c4                __floatundidf
                0x000026c4                __aeabi_ul2d
                0x000026d4                __floatdidf
                0x000026d4                __aeabi_l2d
 .text          0x00002730      0x424 d:/psoc creator/4.4/psoc creator/import/gnu/arm/5.4.1/bin/../lib/gcc/arm-none-eabi/5.4.1/armv7-m\libgcc.a(_arm_muldivdf3.o)
                0x00002730                __aeabi_dmul
                0x00002730                __muldf3
                0x00002984                __divdf3
                0x00002984                __aeabi_ddiv
 .text          0x00002b54       0x40 d:/psoc creator/4.4/psoc creator/import/gnu/arm/5.4.1/bin/../lib/gcc/arm-none-eabi/5.4.1/armv7-m\libgcc.a(_arm_fixunsdfsi.o)
                0x00002b54                __aeabi_d2uiz
                0x00002b54                __fixunsdfsi
 .text.atoi     0x00002b94        0x8 d:/psoc creator/4.4/psoc creator/import/gnu/arm/5.4.1/bin/../lib/gcc/arm-none-eabi/5.4.1/../../../../arm-none-eabi/lib/armv7-m\libg_nano.a(lib_a-atoi.o)
                0x00002b94                atoi
 .text.__errno  0x00002b9c        0xc d:/psoc creator/4.4/psoc creator/import/gnu/arm/5.4.1/bin/../lib/gcc/arm-none-eabi/5.4.1/../../../../arm-none-eabi/lib/armv7-m\libg_nano.a(lib_a-errno.o)
                0x00002b9c                __errno
 .text.__libc_init_array
                0x00002ba8       0x4c d:/psoc creator/4.4/psoc creator/import/gnu/arm/5.4.1/bin/../lib/gcc/arm-none-eabi/5.4.1/../../../../arm-none-eabi/lib/armv7-m\libg_nano.a(lib_a-init.o)
                0x00002ba8                __libc_init_array
 .text.memcpy   0x00002bf4       0x16 d:/psoc creator/4.4/psoc creator/import/gnu/arm/5.4.1/bin/../lib/gcc/arm-none-eabi/5.4.1/../../../../arm-none-eabi/lib/armv7-m\libg_nano.a(lib_a-memcpy-stub.o)
                0x00002bf4                memcpy
 .text.memset   0x00002c0a       0x10 d:/psoc creator/4.4/psoc creator/import/gnu/arm/5.4.1/bin/../lib/gcc/arm-none-eabi/5.4.1/../../../../arm-none-eabi/lib/armv7-m\libg_nano.a(lib_a-memset.o)
                0x00002c0a                memset
 .text.__cvt    0x00002c1a       0xc0 d:/psoc creator/4.4/psoc creator/import/gnu/arm/5.4.1/bin/../lib/gcc/arm-none-eabi/5.4.1/../../../../arm-none-eabi/lib/armv7-m\libg_nano.a(lib_a-nano-vfprintf_float.o)
                0x00002c1a                __cvt
 .text.__exponent
                0x00002cda       0x62 d:/psoc creator/4.4/psoc creator/import/gnu/arm/5.4.1/bin/../lib/gcc/arm-none-eabi/5.4.1/../../../../arm-none-eabi/lib/armv7-m\libg_nano.a(lib_a-nano-vfprintf_float.o)
                0x00002cda                __exponent
 .text._printf_float
                0x00002d3c      0x488 d:/psoc creator/4.4/psoc creator/import/gnu/arm/5.4.1/bin/../lib/gcc/arm-none-eabi/5.4.1/../../../../arm-none-eabi/lib/armv7-m\libg_nano.a(lib_a-nano-vfprintf_float.o)
                0x00002d3c                _printf_float
 .text._printf_common
                0x000031c4       0xec d:/psoc creator/4.4/psoc creator/import/gnu/arm/5.4.1/bin/../lib/gcc/arm-none-eabi/5.4.1/../../../../arm-none-eabi/lib/armv7-m\libg_nano.a(lib_a-nano-vfprintf_i.o)
                0x000031c4                _printf_common
 .text._printf_i
                0x000032b0      0x24c d:/psoc creator/4.4/psoc creator/import/gnu/arm/5.4.1/bin/../lib/gcc/arm-none-eabi/5.4.1/../../../../arm-none-eabi/lib/armv7-m\libg_nano.a(lib_a-nano-vfprintf_i.o)
                0x000032b0                _printf_i
 .text.sprintf  0x000034fc       0x48 d:/psoc creator/4.4/psoc creator/import/gnu/arm/5.4.1/bin/../lib/gcc/arm-none-eabi/5.4.1/../../../../arm-none-eabi/lib/armv7-m\libg_nano.a(lib_a-sprintf.o)
                0x000034fc                siprintf
                0x000034fc                sprintf
 .text.strcpy   0x00003544       0x10 d:/psoc creator/4.4/psoc creator/import/gnu/arm/5.4.1/bin/../lib/gcc/arm-none-eabi/5.4.1/../../../../arm-none-eabi/lib/armv7-m\libg_nano.a(lib_a-strcpy.o)
                0x00003544                strcpy
 .text          0x00003554       0x10 d:/psoc creator/4.4/psoc creator/import/gnu/arm/5.4.1/bin/../lib/gcc/arm-none-eabi/5.4.1/../../../../arm-none-eabi/lib/armv7-m\libg_nano.a(lib_a-strlen.o)
                0x00003554                strlen
 .text._strtol_r
                0x00003564      0x10c d:/psoc creator/4.4/psoc creator/import/gnu/arm/5.4.1/bin/../lib/gcc/arm-none-eabi/5.4.1/../../../../arm-none-eabi/lib/armv7-m\libg_nano.a(lib_a-strtol.o)
                0x00003564                _strtol_r
 .text.strtol   0x00003670       0x14 d:/psoc creator/4.4/psoc creator/import/gnu/arm/5.4.1/bin/../lib/gcc/arm-none-eabi/5.4.1/../../../../arm-none-eabi/lib/armv7-m\libg_nano.a(lib_a-strtol.o)
                0x00003670                strtol
 .text.quorem   0x00003684      0x116 d:/psoc creator/4.4/psoc creator/import/gnu/arm/5.4.1/bin/../lib/gcc/arm-none-eabi/5.4.1/../../../../arm-none-eabi/lib/armv7-m\libg_nano.a(lib_a-dtoa.o)
 *fill*         0x0000379a        0x6 
 .text._dtoa_r  0x000037a0      0xb30 d:/psoc creator/4.4/psoc creator/import/gnu/arm/5.4.1/bin/../lib/gcc/arm-none-eabi/5.4.1/../../../../arm-none-eabi/lib/armv7-m\libg_nano.a(lib_a-dtoa.o)
                0x000037a0                _dtoa_r
 .text._localeconv_r
                0x000042d0        0x8 d:/psoc creator/4.4/psoc creator/import/gnu/arm/5.4.1/bin/../lib/gcc/arm-none-eabi/5.4.1/../../../../arm-none-eabi/lib/armv7-m\libg_nano.a(lib_a-locale.o)
                0x000042d0                _localeconv_r
 .text.malloc   0x000042d8       0x10 d:/psoc creator/4.4/psoc creator/import/gnu/arm/5.4.1/bin/../lib/gcc/arm-none-eabi/5.4.1/../../../../arm-none-eabi/lib/armv7-m\libg_nano.a(lib_a-malloc.o)
                0x000042d8                malloc
 .text.memchr   0x000042e8       0x1c d:/psoc creator/4.4/psoc creator/import/gnu/arm/5.4.1/bin/../lib/gcc/arm-none-eabi/5.4.1/../../../../arm-none-eabi/lib/armv7-m\libg_nano.a(lib_a-memchr-stub.o)
                0x000042e8                memchr
 .text._Balloc  0x00004304       0x6a d:/psoc creator/4.4/psoc creator/import/gnu/arm/5.4.1/bin/../lib/gcc/arm-none-eabi/5.4.1/../../../../arm-none-eabi/lib/armv7-m\libg_nano.a(lib_a-mprec.o)
                0x00004304                _Balloc
 .text._Bfree   0x0000436e       0x2e d:/psoc creator/4.4/psoc creator/import/gnu/arm/5.4.1/bin/../lib/gcc/arm-none-eabi/5.4.1/../../../../arm-none-eabi/lib/armv7-m\libg_nano.a(lib_a-mprec.o)
                0x0000436e                _Bfree
 .text.__multadd
                0x0000439c       0x76 d:/psoc creator/4.4/psoc creator/import/gnu/arm/5.4.1/bin/../lib/gcc/arm-none-eabi/5.4.1/../../../../arm-none-eabi/lib/armv7-m\libg_nano.a(lib_a-mprec.o)
                0x0000439c                __multadd
 .text.__hi0bits
                0x00004412       0x40 d:/psoc creator/4.4/psoc creator/import/gnu/arm/5.4.1/bin/../lib/gcc/arm-none-eabi/5.4.1/../../../../arm-none-eabi/lib/armv7-m\libg_nano.a(lib_a-mprec.o)
                0x00004412                __hi0bits
 .text.__lo0bits
                0x00004452       0x5a d:/psoc creator/4.4/psoc creator/import/gnu/arm/5.4.1/bin/../lib/gcc/arm-none-eabi/5.4.1/../../../../arm-none-eabi/lib/armv7-m\libg_nano.a(lib_a-mprec.o)
                0x00004452                __lo0bits
 .text.__i2b    0x000044ac       0x12 d:/psoc creator/4.4/psoc creator/import/gnu/arm/5.4.1/bin/../lib/gcc/arm-none-eabi/5.4.1/../../../../arm-none-eabi/lib/armv7-m\libg_nano.a(lib_a-mprec.o)
                0x000044ac                __i2b
 .text.__multiply
                0x000044be      0x120 d:/psoc creator/4.4/psoc creator/import/gnu/arm/5.4.1/bin/../lib/gcc/arm-none-eabi/5.4.1/../../../../arm-none-eabi/lib/armv7-m\libg_nano.a(lib_a-mprec.o)
                0x000044be                __multiply
 *fill*         0x000045de        0x2 
 .text.__pow5mult
                0x000045e0       0x9c d:/psoc creator/4.4/psoc creator/import/gnu/arm/5.4.1/bin/../lib/gcc/arm-none-eabi/5.4.1/../../../../arm-none-eabi/lib/armv7-m\libg_nano.a(lib_a-mprec.o)
                0x000045e0                __pow5mult
 .text.__lshift
                0x0000467c       0xa2 d:/psoc creator/4.4/psoc creator/import/gnu/arm/5.4.1/bin/../lib/gcc/arm-none-eabi/5.4.1/../../../../arm-none-eabi/lib/armv7-m\libg_nano.a(lib_a-mprec.o)
                0x0000467c                __lshift
 .text.__mcmp   0x0000471e       0x38 d:/psoc creator/4.4/psoc creator/import/gnu/arm/5.4.1/bin/../lib/gcc/arm-none-eabi/5.4.1/../../../../arm-none-eabi/lib/armv7-m\libg_nano.a(lib_a-mprec.o)
                0x0000471e                __mcmp
 .text.__mdiff  0x00004756       0xbe d:/psoc creator/4.4/psoc creator/import/gnu/arm/5.4.1/bin/../lib/gcc/arm-none-eabi/5.4.1/../../../../arm-none-eabi/lib/armv7-m\libg_nano.a(lib_a-mprec.o)
                0x00004756                __mdiff
 .text.__d2b    0x00004814       0x9c d:/psoc creator/4.4/psoc creator/import/gnu/arm/5.4.1/bin/../lib/gcc/arm-none-eabi/5.4.1/../../../../arm-none-eabi/lib/armv7-m\libg_nano.a(lib_a-mprec.o)
                0x00004814                __d2b
 .text._calloc_r
                0x000048b0       0x1c d:/psoc creator/4.4/psoc creator/import/gnu/arm/5.4.1/bin/../lib/gcc/arm-none-eabi/5.4.1/../../../../arm-none-eabi/lib/armv7-m\libg_nano.a(lib_a-nano-callocr.o)
                0x000048b0                _calloc_r
 .text._free_r  0x000048cc       0x98 d:/psoc creator/4.4/psoc creator/import/gnu/arm/5.4.1/bin/../lib/gcc/arm-none-eabi/5.4.1/../../../../arm-none-eabi/lib/armv7-m\libg_nano.a(lib_a-nano-freer.o)
                0x000048cc                _free_r
 .text._malloc_r
                0x00004964       0xbc d:/psoc creator/4.4/psoc creator/import/gnu/arm/5.4.1/bin/../lib/gcc/arm-none-eabi/5.4.1/../../../../arm-none-eabi/lib/armv7-m\libg_nano.a(lib_a-nano-mallocr.o)
                0x00004964                _malloc_r
 .text.__ssputs_r
                0x00004a20       0xb2 d:/psoc creator/4.4/psoc creator/import/gnu/arm/5.4.1/bin/../lib/gcc/arm-none-eabi/5.4.1/../../../../arm-none-eabi/lib/armv7-m\libg_nano.a(lib_a-nano-svfprintf.o)
                0x00004a20                __ssputs_r
 *fill*         0x00004ad2        0x2 
 .text._svfprintf_r
                0x00004ad4      0x1e8 d:/psoc creator/4.4/psoc creator/import/gnu/arm/5.4.1/bin/../lib/gcc/arm-none-eabi/5.4.1/../../../../arm-none-eabi/lib/armv7-m\libg_nano.a(lib_a-nano-svfprintf.o)
                0x00004ad4                _svfiprintf_r
                0x00004ad4                _svfprintf_r
 .text._sbrk_r  0x00004cbc       0x20 d:/psoc creator/4.4/psoc creator/import/gnu/arm/5.4.1/bin/../lib/gcc/arm-none-eabi/5.4.1/../../../../arm-none-eabi/lib/armv7-m\libg_nano.a(lib_a-sbrkr.o)
                0x00004cbc                _sbrk_r
 .text.memmove  0x00004cdc       0x36 d:/psoc creator/4.4/psoc creator/import/gnu/arm/5.4.1/bin/../lib/gcc/arm-none-eabi/5.4.1/../../../../arm-none-eabi/lib/armv7-m\libg_nano.a(lib_a-memmove.o)
                0x00004cdc                memmove
 .text.__malloc_lock
                0x00004d12        0x2 d:/psoc creator/4.4/psoc creator/import/gnu/arm/5.4.1/bin/../lib/gcc/arm-none-eabi/5.4.1/../../../../arm-none-eabi/lib/armv7-m\libg_nano.a(lib_a-mlock.o)
                0x00004d12                __malloc_lock
 .text.__malloc_unlock
                0x00004d14        0x2 d:/psoc creator/4.4/psoc creator/import/gnu/arm/5.4.1/bin/../lib/gcc/arm-none-eabi/5.4.1/../../../../arm-none-eabi/lib/armv7-m\libg_nano.a(lib_a-mlock.o)
                0x00004d14                __malloc_unlock
 .text._realloc_r
                0x00004d16       0x4c d:/psoc creator/4.4/psoc creator/import/gnu/arm/5.4.1/bin/../lib/gcc/arm-none-eabi/5.4.1/../../../../arm-none-eabi/lib/armv7-m\libg_nano.a(lib_a-nano-reallocr.o)
                0x00004d16                _realloc_r
 .text._malloc_usable_size_r
                0x00004d62       0x14 d:/psoc creator/4.4/psoc creator/import/gnu/arm/5.4.1/bin/../lib/gcc/arm-none-eabi/5.4.1/../../../../arm-none-eabi/lib/armv7-m\libg_nano.a(lib_a-nano-msizer.o)
                0x00004d62                _malloc_usable_size_r
 *fill*         0x00004d76        0x2 
 .text          0x00004d78      0x110 d:/psoc creator/4.4/psoc creator/import/gnu/arm/5.4.1/bin/../lib/gcc/arm-none-eabi/5.4.1/armv7-m\libgcc.a(_arm_cmpdf2.o)
                0x00004d78                __gtdf2
                0x00004d78                __gedf2
                0x00004d80                __ltdf2
                0x00004d80                __ledf2
                0x00004d88                __nedf2
                0x00004d88                __eqdf2
                0x00004d88                __cmpdf2
                0x00004e04                __aeabi_cdrcmple
                0x00004e14                __aeabi_cdcmpeq
                0x00004e14                __aeabi_cdcmple
                0x00004e24                __aeabi_dcmpeq
                0x00004e38                __aeabi_dcmplt
                0x00004e4c                __aeabi_dcmple
                0x00004e60                __aeabi_dcmpge
                0x00004e74                __aeabi_dcmpgt
 .text          0x00004e88       0x2c d:/psoc creator/4.4/psoc creator/import/gnu/arm/5.4.1/bin/../lib/gcc/arm-none-eabi/5.4.1/armv7-m\libgcc.a(_arm_unorddf2.o)
                0x00004e88                __unorddf2
                0x00004e88                __aeabi_dcmpun
 .text          0x00004eb4       0x50 d:/psoc creator/4.4/psoc creator/import/gnu/arm/5.4.1/bin/../lib/gcc/arm-none-eabi/5.4.1/armv7-m\libgcc.a(_arm_fixdfsi.o)
                0x00004eb4                __aeabi_d2iz
                0x00004eb4                __fixdfsi
 *(.plt)
 *(.gnu.warning)
 *(.glue_7t)
 .glue_7t       0x00004f04        0x0 linker stubs
 *(.glue_7)
 .glue_7        0x00004f04        0x0 linker stubs
 *(.vfp11_veneer)
 .vfp11_veneer  0x00004f04        0x0 linker stubs
 *(.bootloader)
 *(.ARM.extab* .gnu.linkonce.armextab.*)
 *(.gcc_except_table)

.v4_bx          0x00004f04        0x0
 .v4_bx         0x00004f04        0x0 linker stubs

.iplt           0x00004f04        0x0
 .iplt          0x00004f04        0x0 d:/psoc creator/4.4/psoc creator/import/gnu/arm/5.4.1/bin/../lib/gcc/arm-none-eabi/5.4.1/armv7-m/crtbegin.o

.eh_frame_hdr
 *(.eh_frame_hdr)

.eh_frame       0x00004f04        0x4
 *(.eh_frame)
 .eh_frame      0x00004f04        0x0 d:/psoc creator/4.4/psoc creator/import/gnu/arm/5.4.1/bin/../lib/gcc/arm-none-eabi/5.4.1/armv7-m/crtbegin.o
 .eh_frame      0x00004f04        0x4 d:/psoc creator/4.4/psoc creator/import/gnu/arm/5.4.1/bin/../lib/gcc/arm-none-eabi/5.4.1/armv7-m/crtend.o
                [!provide]                PROVIDE (__exidx_start, .)

.ARM.exidx
 *(.ARM.exidx* .gnu.linkonce.armexidx.*)
                0x00004f08                __exidx_end = .

.rodata         0x00004f08      0x4a8
 *(.rodata .rodata.* .gnu.linkonce.r.*)
 .rodata.str1.4
                0x00004f08       0x35 .\CortexM3\ARM_GCC_541\Debug\main.o
 *fill*         0x00004f3d        0x3 
 .rodata        0x00004f40       0x2a .\CortexM3\ARM_GCC_541\Debug\cyfitter_cfg.o
 *fill*         0x00004f6a        0x2 
 .rodata.str1.4
                0x00004f6c       0x14 .\CortexM3\ARM_GCC_541\Debug\Design_301_project.a(USBUART_std.o)
                                 0x11 (size before relaxing)
 .rodata        0x00004f80      0x19a .\CortexM3\ARM_GCC_541\Debug\Design_301_project.a(USBUART_descr.o)
                0x00004f80                USBUART_MSOS_CONFIGURATION_DESCR
                0x00004fa8                USBUART_MSOS_DESCRIPTOR
                0x00004fbc                USBUART_TABLE
                0x00004fc4                USBUART_DEVICE0_TABLE
                0x00004fdc                USBUART_DEVICE0_CONFIGURATION0_TABLE
                0x00005004                USBUART_DEVICE0_CONFIGURATION0_INTERFACE_CLASS
                0x00005008                USBUART_DEVICE0_CONFIGURATION0_EP_SETTINGS_TABLE
                0x00005020                USBUART_SN_STRING_DESCRIPTOR
                0x00005024                USBUART_STRING_DESCRIPTORS
                0x000050c4                USBUART_DEVICE0_CONFIGURATION0_DESCR
                0x00005108                USBUART_DEVICE0_DESCR
 .rodata.str1.1
                0x0000511a        0x2 d:/psoc creator/4.4/psoc creator/import/gnu/arm/5.4.1/bin/../lib/gcc/arm-none-eabi/5.4.1/../../../../arm-none-eabi/lib/armv7-m\libg_nano.a(lib_a-impure.o)
 .rodata.str1.1
                0x0000511c       0x12 d:/psoc creator/4.4/psoc creator/import/gnu/arm/5.4.1/bin/../lib/gcc/arm-none-eabi/5.4.1/../../../../arm-none-eabi/lib/armv7-m\libg_nano.a(lib_a-nano-vfprintf_float.o)
 .rodata.str1.1
                0x0000512e       0x22 d:/psoc creator/4.4/psoc creator/import/gnu/arm/5.4.1/bin/../lib/gcc/arm-none-eabi/5.4.1/../../../../arm-none-eabi/lib/armv7-m\libg_nano.a(lib_a-nano-vfprintf_i.o)
 .rodata._ctype_
                0x00005150      0x101 d:/psoc creator/4.4/psoc creator/import/gnu/arm/5.4.1/bin/../lib/gcc/arm-none-eabi/5.4.1/../../../../arm-none-eabi/lib/armv7-m\libg_nano.a(lib_a-ctype_.o)
                0x00005150                _ctype_
 .rodata.str1.1
                0x00005251        0xd d:/psoc creator/4.4/psoc creator/import/gnu/arm/5.4.1/bin/../lib/gcc/arm-none-eabi/5.4.1/../../../../arm-none-eabi/lib/armv7-m\libg_nano.a(lib_a-dtoa.o)
                                  0xf (size before relaxing)
 .rodata.str1.1
                0x0000525e        0x8 d:/psoc creator/4.4/psoc creator/import/gnu/arm/5.4.1/bin/../lib/gcc/arm-none-eabi/5.4.1/../../../../arm-none-eabi/lib/armv7-m\libg_nano.a(lib_a-locale.o)
                                  0xb (size before relaxing)
 *fill*         0x00005266        0x2 
 .rodata.__mprec_tens
                0x00005268       0xc8 d:/psoc creator/4.4/psoc creator/import/gnu/arm/5.4.1/bin/../lib/gcc/arm-none-eabi/5.4.1/../../../../arm-none-eabi/lib/armv7-m\libg_nano.a(lib_a-mprec.o)
                0x00005268                __mprec_tens
 .rodata.p05.5408
                0x00005330        0xc d:/psoc creator/4.4/psoc creator/import/gnu/arm/5.4.1/bin/../lib/gcc/arm-none-eabi/5.4.1/../../../../arm-none-eabi/lib/armv7-m\libg_nano.a(lib_a-mprec.o)
 *fill*         0x0000533c        0x4 
 .rodata.__mprec_bigtens
                0x00005340       0x28 d:/psoc creator/4.4/psoc creator/import/gnu/arm/5.4.1/bin/../lib/gcc/arm-none-eabi/5.4.1/../../../../arm-none-eabi/lib/armv7-m\libg_nano.a(lib_a-mprec.o)
                0x00005340                __mprec_bigtens
 .rodata.str1.1
                0x00005368       0x11 d:/psoc creator/4.4/psoc creator/import/gnu/arm/5.4.1/bin/../lib/gcc/arm-none-eabi/5.4.1/../../../../arm-none-eabi/lib/armv7-m\libg_nano.a(lib_a-nano-svfprintf.o)
                0x0000537c                . = ALIGN (0x4)
 *fill*         0x00005379        0x3 
 *(.init)
 .init          0x0000537c        0x4 d:/psoc creator/4.4/psoc creator/import/gnu/arm/5.4.1/bin/../lib/gcc/arm-none-eabi/5.4.1/armv7-m/crti.o
                0x0000537c                _init
 .init          0x00005380        0x8 d:/psoc creator/4.4/psoc creator/import/gnu/arm/5.4.1/bin/../lib/gcc/arm-none-eabi/5.4.1/armv7-m/crtn.o
                0x00005388                . = ALIGN (0x4)
                0x00005388                __preinit_array_start = .
 *(.preinit_array)
                0x00005388                __preinit_array_end = .
                0x00005388                . = ALIGN (0x4)
                0x00005388                __init_array_start = .
 *(SORT(.init_array.*))
 *(.init_array)
 .init_array    0x00005388        0x4 d:/psoc creator/4.4/psoc creator/import/gnu/arm/5.4.1/bin/../lib/gcc/arm-none-eabi/5.4.1/armv7-m/crtbegin.o
 .init_array    0x0000538c        0x4 .\CortexM3\ARM_GCC_541\Debug\Cm3Start.o
                0x00005390                __init_array_end = .
                0x00005390                . = ALIGN (0x4)
 *(.fini)
 .fini          0x00005390        0x4 d:/psoc creator/4.4/psoc creator/import/gnu/arm/5.4.1/bin/../lib/gcc/arm-none-eabi/5.4.1/armv7-m/crti.o
                0x00005390                _fini
 .fini          0x00005394        0x8 d:/psoc creator/4.4/psoc creator/import/gnu/arm/5.4.1/bin/../lib/gcc/arm-none-eabi/5.4.1/armv7-m/crtn.o
                0x0000539c                . = ALIGN (0x4)
                0x0000539c                __fini_array_start = .
 *(.fini_array)
 .fini_array    0x0000539c        0x4 d:/psoc creator/4.4/psoc creator/import/gnu/arm/5.4.1/bin/../lib/gcc/arm-none-eabi/5.4.1/armv7-m/crtbegin.o
 *(SORT(.fini_array.*))
                0x000053a0                __fini_array_end = .
                0x000053a0                . = ALIGN (0x4)
 *crtbegin.o(.ctors)
 *(EXCLUDE_FILE(*crtend.o) .ctors)
 *(SORT(.ctors.*))
 *crtend.o(.ctors)
                0x000053a0                . = ALIGN (0x4)
 *crtbegin.o(.dtors)
 *(EXCLUDE_FILE(*crtend.o) .dtors)
 *(SORT(.dtors.*))
 *crtend.o(.dtors)
                0x000053a0                . = ALIGN (0x4)
                0x000053a0                __cy_regions = .
                0x000053a0        0x4 LONG 0x53b0 __cy_region_init_ram
                0x000053a4        0x4 LONG 0x1fff80c8 __cy_region_start_data
                0x000053a8        0x4 LONG 0x158 __cy_region_init_size_ram
                0x000053ac        0x4 LONG 0x210 __cy_region_zero_size_ram
                0x000053b0                __cy_regions_end = .
                0x000053b0                . = ALIGN (0x8)
                0x000053b0                _etext = .

.cy_checksum_exclude
                0x000053b0        0x0
 *(.cy_checksum_exclude)

.ramvectors     0x1fff8000       0xc0
                0x1fff8000                __cy_region_start_ram = .
 *(.ramvectors)
 .ramvectors    0x1fff8000       0xc0 .\CortexM3\ARM_GCC_541\Debug\Cm3Start.o
                0x1fff8000                CyRamVectors

.noinit         0x1fff80c0        0x1
 *(.noinit)
 .noinit        0x1fff80c0        0x1 .\CortexM3\ARM_GCC_541\Debug\Design_301_project.a(CyLib.o)
                0x1fff80c0                CyResetStatus

.data           0x1fff80c8      0x158 load address 0x000053b0
                0x1fff80c8                __cy_region_start_data = .
 *(.jcr)
 .jcr           0x1fff80c8        0x0 d:/psoc creator/4.4/psoc creator/import/gnu/arm/5.4.1/bin/../lib/gcc/arm-none-eabi/5.4.1/armv7-m/crtbegin.o
 .jcr           0x1fff80c8        0x4 d:/psoc creator/4.4/psoc creator/import/gnu/arm/5.4.1/bin/../lib/gcc/arm-none-eabi/5.4.1/armv7-m/crtend.o
 *(.got.plt)
 *(.got)
 *(.shdata)
 *(.data .data.* .gnu.linkonce.d.*)
 .data          0x1fff80cc       0x81 .\CortexM3\ARM_GCC_541\Debug\main.o
                0x1fff80cc                displaystring
                0x1fff810c                message_encoder
                0x1fff814c                flag_rf_transmission_active
 *fill*         0x1fff814d        0x3 
 .data          0x1fff8150        0x4 .\CortexM3\ARM_GCC_541\Debug\Cm3Start.o
 .data          0x1fff8154       0x1a .\CortexM3\ARM_GCC_541\Debug\Design_301_project.a(USBUART_cdc.o)
                0x1fff8154                USBUART_linesCoding
 *fill*         0x1fff816e        0x2 
 .data          0x1fff8170       0x10 .\CortexM3\ARM_GCC_541\Debug\Design_301_project.a(CyLib.o)
                0x1fff8170                cydelay_32k_ms
                0x1fff8174                cydelay_freq_khz
                0x1fff8178                cydelay_freq_mhz
                0x1fff817c                cydelay_freq_hz
 .data.impure_data
                0x1fff8180       0x60 d:/psoc creator/4.4/psoc creator/import/gnu/arm/5.4.1/bin/../lib/gcc/arm-none-eabi/5.4.1/../../../../arm-none-eabi/lib/armv7-m\libg_nano.a(lib_a-impure.o)
 .data._impure_ptr
                0x1fff81e0        0x4 d:/psoc creator/4.4/psoc creator/import/gnu/arm/5.4.1/bin/../lib/gcc/arm-none-eabi/5.4.1/../../../../arm-none-eabi/lib/armv7-m\libg_nano.a(lib_a-impure.o)
                0x1fff81e0                _impure_ptr
 .data.__ctype_ptr__
                0x1fff81e4        0x4 d:/psoc creator/4.4/psoc creator/import/gnu/arm/5.4.1/bin/../lib/gcc/arm-none-eabi/5.4.1/../../../../arm-none-eabi/lib/armv7-m\libg_nano.a(lib_a-ctype_.o)
                0x1fff81e4                __ctype_ptr__
 .data.lconv    0x1fff81e8       0x38 d:/psoc creator/4.4/psoc creator/import/gnu/arm/5.4.1/bin/../lib/gcc/arm-none-eabi/5.4.1/../../../../arm-none-eabi/lib/armv7-m\libg_nano.a(lib_a-locale.o)
                0x1fff8220                . = ALIGN (0x8)
 *(.ram)
                0x1fff8220                _edata = .

.igot.plt       0x1fff8220        0x0 load address 0x00005508
 .igot.plt      0x1fff8220        0x0 d:/psoc creator/4.4/psoc creator/import/gnu/arm/5.4.1/bin/../lib/gcc/arm-none-eabi/5.4.1/armv7-m/crtbegin.o

.bss            0x1fff8220      0x210 load address 0x00005508
                0x1fff8220                PROVIDE (__bss_start__, .)
 *(.shbss)
 *(.bss .bss.* .gnu.linkonce.b.*)
 .bss           0x1fff8220       0x1c d:/psoc creator/4.4/psoc creator/import/gnu/arm/5.4.1/bin/../lib/gcc/arm-none-eabi/5.4.1/armv7-m/crtbegin.o
 .bss           0x1fff823c       0x1d .\CortexM3\ARM_GCC_541\Debug\main.o
                0x1fff823c                flag_encoder
                0x1fff8240                flag_KB_string
                0x1fff8244                last_position_state
                0x1fff8248                dataready_flag
                0x1fff8249                flag_packet
                0x1fff824a                flag_rx
                0x1fff824b                flag_ts_display
                0x1fff824c                flag_ts_speed
                0x1fff824d                flag_ts_update
                0x1fff824e                flag_ts_enc
                0x1fff8250                ts_display
                0x1fff8252                ts_speed
                0x1fff8254                ts_update
                0x1fff8256                ts_enc
                0x1fff8258                ts
 .bss           0x1fff8259        0x1 .\CortexM3\ARM_GCC_541\Debug\Design_301_project.a(QuadDec_M1.o)
                0x1fff8259                QuadDec_M1_initVar
 .bss           0x1fff825a        0x1 .\CortexM3\ARM_GCC_541\Debug\Design_301_project.a(QuadDec_M2.o)
                0x1fff825a                QuadDec_M2_initVar
 .bss           0x1fff825b        0x1 .\CortexM3\ARM_GCC_541\Debug\Design_301_project.a(PWM_1.o)
                0x1fff825b                PWM_1_initVar
 .bss           0x1fff825c        0x1 .\CortexM3\ARM_GCC_541\Debug\Design_301_project.a(PWM_1_PM.o)
 .bss           0x1fff825d        0x1 .\CortexM3\ARM_GCC_541\Debug\Design_301_project.a(PWM_2.o)
                0x1fff825d                PWM_2_initVar
 *fill*         0x1fff825e        0x2 
 .bss           0x1fff8260        0x1 .\CortexM3\ARM_GCC_541\Debug\Design_301_project.a(PWM_2_PM.o)
 .bss           0x1fff8261        0x1 .\CortexM3\ARM_GCC_541\Debug\Design_301_project.a(Timer_TS.o)
                0x1fff8261                Timer_TS_initVar
 .bss           0x1fff8262        0x1 .\CortexM3\ARM_GCC_541\Debug\Design_301_project.a(USBUART.o)
                0x1fff8262                USBUART_initVar
 .bss           0x1fff8263        0x1 .\CortexM3\ARM_GCC_541\Debug\Design_301_project.a(USBUART_cdc.o)
 .bss           0x1fff8264        0x2 .\CortexM3\ARM_GCC_541\Debug\Design_301_project.a(USBUART_std.o)
 .bss           0x1fff8266        0x1 .\CortexM3\ARM_GCC_541\Debug\Design_301_project.a(QuadDec_M1_Cnt16.o)
                0x1fff8266                QuadDec_M1_Cnt16_initVar
 .bss           0x1fff8267        0x1 .\CortexM3\ARM_GCC_541\Debug\Design_301_project.a(QuadDec_M2_Cnt16.o)
                0x1fff8267                QuadDec_M2_Cnt16_initVar
 .bss.__malloc_sbrk_start
                0x1fff8268        0x4 d:/psoc creator/4.4/psoc creator/import/gnu/arm/5.4.1/bin/../lib/gcc/arm-none-eabi/5.4.1/../../../../arm-none-eabi/lib/armv7-m\libg_nano.a(lib_a-nano-mallocr.o)
                0x1fff8268                __malloc_sbrk_start
 .bss.__malloc_free_list
                0x1fff826c        0x4 d:/psoc creator/4.4/psoc creator/import/gnu/arm/5.4.1/bin/../lib/gcc/arm-none-eabi/5.4.1/../../../../arm-none-eabi/lib/armv7-m\libg_nano.a(lib_a-nano-mallocr.o)
                0x1fff826c                __malloc_free_list
 *(COMMON)
 COMMON         0x1fff8270       0xe0 .\CortexM3\ARM_GCC_541\Debug\main.o
                0x1fff8270                entry
                0x1fff82b0                system_state
                0x1fff82d0                line
                0x1fff8310                usbBuffer
 COMMON         0x1fff8350       0x18 .\CortexM3\ARM_GCC_541\Debug\Design_301_project.a(USBUART_cdc.o)
                0x1fff8350                USBUART_linesChanged
                0x1fff8354                USBUART_cdcDataInEp
                0x1fff8358                USBUART_cdcCommInInterruptEp
                0x1fff835c                USBUART_cdcDataOutEp
                0x1fff8360                USBUART_serialStateBitmap
                0x1fff8364                USBUART_linesControlBitmap
 COMMON         0x1fff8368       0x9a .\CortexM3\ARM_GCC_541\Debug\Design_301_project.a(USBUART_drv.o)
                0x1fff8368                USBUART_lastPacketSize
                0x1fff8369                USBUART_device
                0x1fff836a                USBUART_transferByteCount
                0x1fff836c                USBUART_transferState
                0x1fff8370                USBUART_interfaceSettingLast
                0x1fff8374                USBUART_currentTD
                0x1fff8380                USBUART_interfaceNumber
                0x1fff8384                USBUART_interfaceClass
                0x1fff8388                USBUART_configurationChanged
                0x1fff8389                USBUART_ep0Mode
                0x1fff838a                USBUART_deviceAddress
                0x1fff838b                USBUART_configuration
                0x1fff838c                USBUART_ep0Count
                0x1fff838d                USBUART_deviceStatus
                0x1fff8390                USBUART_EP
                0x1fff83fc                USBUART_interfaceSetting
                0x1fff83fe                USBUART_ep0Toggle
                0x1fff8400                USBUART_interfaceStatus
 *fill*         0x1fff8402        0x2 
 COMMON         0x1fff8404       0x22 .\CortexM3\ARM_GCC_541\Debug\Design_301_project.a(USBUART_descr.o)
                0x1fff8404                USBUART_idSerialNumberStringDescriptor
 *fill*         0x1fff8426        0x2 
 COMMON         0x1fff8428        0x4 d:/psoc creator/4.4/psoc creator/import/gnu/arm/5.4.1/bin/../lib/gcc/arm-none-eabi/5.4.1/../../../../arm-none-eabi/lib/armv7-m\libg_nano.a(lib_a-reent.o)
                0x1fff8428                errno
                0x1fff8430                . = ALIGN (0x8)
 *fill*         0x1fff842c        0x4 
 *(.ram.b)
                0x1fff8430                _end = .
                0x1fff8430                __end = .
                0x1fff8430                PROVIDE (end, .)
                0x1fff8430                PROVIDE (__bss_end__, .)
                0x000053b0                __cy_region_init_ram = LOADADDR (.data)
                0x00000158                __cy_region_init_size_ram = (_edata - ADDR (.data))
                0x00000210                __cy_region_zero_size_ram = (_end - _edata)

.heap           0x1fff8430      0x200 load address 0x00005508
                0x1fff8430                . = _end
                0x1fff8630                . = (. + 0x200)
 *fill*         0x1fff8430      0x200 
                0x1fff8630                __cy_heap_limit = .

.stack          0x20007800      0x800
                0x20007800                __cy_stack_limit = .
                0x20008000                . = (. + 0x800)
 *fill*         0x20007800      0x800 
                0x00000001                ASSERT ((__cy_stack_limit >= __cy_heap_limit), region RAM overflowed with stack)
                0x00000000                cy_checksum_exclude_size = (CY_APPL_LOADABLE == 0x1)?SIZEOF (.cy_checksum_exclude):0x0
                0x00000001                ASSERT ((cy_checksum_exclude_size <= CY_CHECKSUM_EXCLUDE_SIZE), CY_BOOT: Section .cy_checksum_exclude size exceedes specified limit.)

.cyloadermeta
 *(.cyloadermeta)

.cyloadablemeta
 *(.cyloadablemeta)

.cyconfigecc    0x80000000      0xb6c
 *(.cyconfigecc)
 .cyconfigecc   0x80000000      0xb6c .\CortexM3\ARM_GCC_541\Debug\cymetadata.o
                0x80000000                cy_meta_configecc

.cycustnvl      0x90000000        0x4
 *(.cycustnvl)
 .cycustnvl     0x90000000        0x4 .\CortexM3\ARM_GCC_541\Debug\cymetadata.o
                0x90000000                cy_meta_custnvl

.cywolatch      0x90100000        0x4
 *(.cywolatch)
 .cywolatch     0x90100000        0x4 .\CortexM3\ARM_GCC_541\Debug\cymetadata.o
                0x90100000                cy_meta_wonvl

.cyeeprom       0x90200000        0x0
 *(.cyeeprom)
                0x00000001                ASSERT ((. <= ((0x90200000 + ee_offset) + ee_size)), .cyeeprom data will not fit in EEPROM)

.cyflashprotect
                0x90400000      0x100
 *(.cyflashprotect)
 .cyflashprotect
                0x90400000      0x100 .\CortexM3\ARM_GCC_541\Debug\cymetadata.o
                0x90400000                cy_meta_flashprotect

.cymeta         0x90500000        0xc
 *(.cymeta)
 .cymeta        0x90500000        0xc .\CortexM3\ARM_GCC_541\Debug\cymetadata.o
                0x90500000                cy_metadata

.rel.dyn        0x00005508        0x0 load address 0x9050000c
 .rel.iplt      0x00005508        0x0 d:/psoc creator/4.4/psoc creator/import/gnu/arm/5.4.1/bin/../lib/gcc/arm-none-eabi/5.4.1/armv7-m/crtbegin.o

.stab
 *(.stab)

.stabstr
 *(.stabstr)

.debug
 *(.debug)

.line
 *(.line)

.debug_srcinfo
 *(.debug_srcinfo)

.debug_sfnames
 *(.debug_sfnames)

.debug_aranges  0x00000000     0x1028
 *(.debug_aranges)
 .debug_aranges
                0x00000000       0x78 .\CortexM3\ARM_GCC_541\Debug\main.o
 .debug_aranges
                0x00000078       0x58 .\CortexM3\ARM_GCC_541\Debug\cyfitter_cfg.o
 .debug_aranges
                0x000000d0       0x18 .\CortexM3\ARM_GCC_541\Debug\cymetadata.o
 .debug_aranges
                0x000000e8       0x48 .\CortexM3\ARM_GCC_541\Debug\Cm3Start.o
 .debug_aranges
                0x00000130       0x60 .\CortexM3\ARM_GCC_541\Debug\Design_301_project.a(QuadDec_M1.o)
 .debug_aranges
                0x00000190       0x60 .\CortexM3\ARM_GCC_541\Debug\Design_301_project.a(QuadDec_M2.o)
 .debug_aranges
                0x000001f0       0x78 .\CortexM3\ARM_GCC_541\Debug\Design_301_project.a(PWM_1.o)
 .debug_aranges
                0x00000268       0x38 .\CortexM3\ARM_GCC_541\Debug\Design_301_project.a(PWM_1_PM.o)
 .debug_aranges
                0x000002a0       0x78 .\CortexM3\ARM_GCC_541\Debug\Design_301_project.a(PWM_2.o)
 .debug_aranges
                0x00000318       0x38 .\CortexM3\ARM_GCC_541\Debug\Design_301_project.a(PWM_2_PM.o)
 .debug_aranges
                0x00000350       0x38 .\CortexM3\ARM_GCC_541\Debug\Design_301_project.a(M2_IN2.o)
 .debug_aranges
                0x00000388       0x38 .\CortexM3\ARM_GCC_541\Debug\Design_301_project.a(M2_IN1.o)
 .debug_aranges
                0x000003c0       0x38 .\CortexM3\ARM_GCC_541\Debug\Design_301_project.a(M1_IN2.o)
 .debug_aranges
                0x000003f8       0x88 .\CortexM3\ARM_GCC_541\Debug\Design_301_project.a(Timer_TS.o)
 .debug_aranges
                0x00000480       0x80 .\CortexM3\ARM_GCC_541\Debug\Design_301_project.a(isr_TS.o)
 .debug_aranges
                0x00000500       0xc8 .\CortexM3\ARM_GCC_541\Debug\Design_301_project.a(USBUART.o)
 .debug_aranges
                0x000005c8       0xe8 .\CortexM3\ARM_GCC_541\Debug\Design_301_project.a(USBUART_cdc.o)
 .debug_aranges
                0x000006b0       0x98 .\CortexM3\ARM_GCC_541\Debug\Design_301_project.a(USBUART_drv.o)
 .debug_aranges
                0x00000748       0x40 .\CortexM3\ARM_GCC_541\Debug\Design_301_project.a(USBUART_episr.o)
 .debug_aranges
                0x00000788       0x40 .\CortexM3\ARM_GCC_541\Debug\Design_301_project.a(USBUART_pm.o)
 .debug_aranges
                0x000007c8       0x80 .\CortexM3\ARM_GCC_541\Debug\Design_301_project.a(USBUART_std.o)
 .debug_aranges
                0x00000848       0x20 .\CortexM3\ARM_GCC_541\Debug\Design_301_project.a(USBUART_vnd.o)
 .debug_aranges
                0x00000868       0x38 .\CortexM3\ARM_GCC_541\Debug\Design_301_project.a(M1_IN1.o)
 .debug_aranges
                0x000008a0       0x28 .\CortexM3\ARM_GCC_541\Debug\Design_301_project.a(RF_BT_SELECT.o)
 .debug_aranges
                0x000008c8       0x38 .\CortexM3\ARM_GCC_541\Debug\Design_301_project.a(Vo6.o)
 .debug_aranges
                0x00000900       0x38 .\CortexM3\ARM_GCC_541\Debug\Design_301_project.a(Vo1.o)
 .debug_aranges
                0x00000938       0x38 .\CortexM3\ARM_GCC_541\Debug\Design_301_project.a(Vo2.o)
 .debug_aranges
                0x00000970       0x38 .\CortexM3\ARM_GCC_541\Debug\Design_301_project.a(Vo5.o)
 .debug_aranges
                0x000009a8       0x38 .\CortexM3\ARM_GCC_541\Debug\Design_301_project.a(Vo3.o)
 .debug_aranges
                0x000009e0       0x38 .\CortexM3\ARM_GCC_541\Debug\Design_301_project.a(Vo4.o)
 .debug_aranges
                0x00000a18       0x98 .\CortexM3\ARM_GCC_541\Debug\Design_301_project.a(QuadDec_M1_Cnt16.o)
 .debug_aranges
                0x00000ab0       0x98 .\CortexM3\ARM_GCC_541\Debug\Design_301_project.a(QuadDec_M2_Cnt16.o)
 .debug_aranges
                0x00000b48       0x48 .\CortexM3\ARM_GCC_541\Debug\Design_301_project.a(USBUART_Dp.o)
 .debug_aranges
                0x00000b90      0x2a0 .\CortexM3\ARM_GCC_541\Debug\Design_301_project.a(CyLib.o)
 .debug_aranges
                0x00000e30       0x98 .\CortexM3\ARM_GCC_541\Debug\Design_301_project.a(cyPm.o)
 .debug_aranges
                0x00000ec8       0x20 .\CortexM3\ARM_GCC_541\Debug\Design_301_project.a(CyBootAsmGnu.o)
 .debug_aranges
                0x00000ee8       0x20 .\CortexM3\ARM_GCC_541\Debug\Design_301_project.a(USBUART_cls.o)
 .debug_aranges
                0x00000f08       0x18 .\CortexM3\ARM_GCC_541\Debug\Design_301_project.a(USBUART_descr.o)
 .debug_aranges
                0x00000f20       0x88 .\CortexM3\ARM_GCC_541\Debug\Design_301_project.a(CyFlash.o)
 .debug_aranges
                0x00000fa8       0x80 .\CortexM3\ARM_GCC_541\Debug\Design_301_project.a(CySpc.o)

.debug_pubnames
 *(.debug_pubnames)

.debug_info     0x00000000     0x9941
 *(.debug_info .gnu.linkonce.wi.*)
 .debug_info    0x00000000      0xc97 .\CortexM3\ARM_GCC_541\Debug\main.o
 .debug_info    0x00000c97      0x549 .\CortexM3\ARM_GCC_541\Debug\cyfitter_cfg.o
 .debug_info    0x000011e0      0x139 .\CortexM3\ARM_GCC_541\Debug\cymetadata.o
 .debug_info    0x00001319      0x3bb .\CortexM3\ARM_GCC_541\Debug\Cm3Start.o
 .debug_info    0x000016d4      0x2d4 .\CortexM3\ARM_GCC_541\Debug\Design_301_project.a(QuadDec_M1.o)
 .debug_info    0x000019a8      0x2d4 .\CortexM3\ARM_GCC_541\Debug\Design_301_project.a(QuadDec_M2.o)
 .debug_info    0x00001c7c      0x281 .\CortexM3\ARM_GCC_541\Debug\Design_301_project.a(PWM_1.o)
 .debug_info    0x00001efd      0x153 .\CortexM3\ARM_GCC_541\Debug\Design_301_project.a(PWM_1_PM.o)
 .debug_info    0x00002050      0x281 .\CortexM3\ARM_GCC_541\Debug\Design_301_project.a(PWM_2.o)
 .debug_info    0x000022d1      0x153 .\CortexM3\ARM_GCC_541\Debug\Design_301_project.a(PWM_2_PM.o)
 .debug_info    0x00002424      0x11f .\CortexM3\ARM_GCC_541\Debug\Design_301_project.a(M2_IN2.o)
 .debug_info    0x00002543      0x11f .\CortexM3\ARM_GCC_541\Debug\Design_301_project.a(M2_IN1.o)
 .debug_info    0x00002662      0x11f .\CortexM3\ARM_GCC_541\Debug\Design_301_project.a(M1_IN2.o)
 .debug_info    0x00002781      0x293 .\CortexM3\ARM_GCC_541\Debug\Design_301_project.a(Timer_TS.o)
 .debug_info    0x00002a14      0x2d2 .\CortexM3\ARM_GCC_541\Debug\Design_301_project.a(isr_TS.o)
 .debug_info    0x00002ce6      0x995 .\CortexM3\ARM_GCC_541\Debug\Design_301_project.a(USBUART.o)
 .debug_info    0x0000367b      0xaf7 .\CortexM3\ARM_GCC_541\Debug\Design_301_project.a(USBUART_cdc.o)
 .debug_info    0x00004172      0x655 .\CortexM3\ARM_GCC_541\Debug\Design_301_project.a(USBUART_drv.o)
 .debug_info    0x000047c7      0x254 .\CortexM3\ARM_GCC_541\Debug\Design_301_project.a(USBUART_episr.o)
 .debug_info    0x00004a1b      0x2e4 .\CortexM3\ARM_GCC_541\Debug\Design_301_project.a(USBUART_pm.o)
 .debug_info    0x00004cff      0xb36 .\CortexM3\ARM_GCC_541\Debug\Design_301_project.a(USBUART_std.o)
 .debug_info    0x00005835      0x1be .\CortexM3\ARM_GCC_541\Debug\Design_301_project.a(USBUART_vnd.o)
 .debug_info    0x000059f3      0x11f .\CortexM3\ARM_GCC_541\Debug\Design_301_project.a(M1_IN1.o)
 .debug_info    0x00005b12       0xd6 .\CortexM3\ARM_GCC_541\Debug\Design_301_project.a(RF_BT_SELECT.o)
 .debug_info    0x00005be8      0x11f .\CortexM3\ARM_GCC_541\Debug\Design_301_project.a(Vo6.o)
 .debug_info    0x00005d07      0x11f .\CortexM3\ARM_GCC_541\Debug\Design_301_project.a(Vo1.o)
 .debug_info    0x00005e26      0x11f .\CortexM3\ARM_GCC_541\Debug\Design_301_project.a(Vo2.o)
 .debug_info    0x00005f45      0x11f .\CortexM3\ARM_GCC_541\Debug\Design_301_project.a(Vo5.o)
 .debug_info    0x00006064      0x11f .\CortexM3\ARM_GCC_541\Debug\Design_301_project.a(Vo3.o)
 .debug_info    0x00006183      0x11f .\CortexM3\ARM_GCC_541\Debug\Design_301_project.a(Vo4.o)
 .debug_info    0x000062a2      0x348 .\CortexM3\ARM_GCC_541\Debug\Design_301_project.a(QuadDec_M1_Cnt16.o)
 .debug_info    0x000065ea      0x348 .\CortexM3\ARM_GCC_541\Debug\Design_301_project.a(QuadDec_M2_Cnt16.o)
 .debug_info    0x00006932      0x174 .\CortexM3\ARM_GCC_541\Debug\Design_301_project.a(USBUART_Dp.o)
 .debug_info    0x00006aa6     0x1374 .\CortexM3\ARM_GCC_541\Debug\Design_301_project.a(CyLib.o)
 .debug_info    0x00007e1a      0xa2a .\CortexM3\ARM_GCC_541\Debug\Design_301_project.a(cyPm.o)
 .debug_info    0x00008844       0xa1 .\CortexM3\ARM_GCC_541\Debug\Design_301_project.a(CyBootAsmGnu.o)
 .debug_info    0x000088e5      0x1de .\CortexM3\ARM_GCC_541\Debug\Design_301_project.a(USBUART_cls.o)
 .debug_info    0x00008ac3      0x2e1 .\CortexM3\ARM_GCC_541\Debug\Design_301_project.a(USBUART_descr.o)
 .debug_info    0x00008da4      0x64d .\CortexM3\ARM_GCC_541\Debug\Design_301_project.a(CyFlash.o)
 .debug_info    0x000093f1      0x550 .\CortexM3\ARM_GCC_541\Debug\Design_301_project.a(CySpc.o)

.debug_abbrev   0x00000000     0x2c6c
 *(.debug_abbrev)
 .debug_abbrev  0x00000000      0x24b .\CortexM3\ARM_GCC_541\Debug\main.o
 .debug_abbrev  0x0000024b      0x1fe .\CortexM3\ARM_GCC_541\Debug\cyfitter_cfg.o
 .debug_abbrev  0x00000449       0x77 .\CortexM3\ARM_GCC_541\Debug\cymetadata.o
 .debug_abbrev  0x000004c0      0x1e8 .\CortexM3\ARM_GCC_541\Debug\Cm3Start.o
 .debug_abbrev  0x000006a8      0x151 .\CortexM3\ARM_GCC_541\Debug\Design_301_project.a(QuadDec_M1.o)
 .debug_abbrev  0x000007f9      0x151 .\CortexM3\ARM_GCC_541\Debug\Design_301_project.a(QuadDec_M2.o)
 .debug_abbrev  0x0000094a      0x12d .\CortexM3\ARM_GCC_541\Debug\Design_301_project.a(PWM_1.o)
 .debug_abbrev  0x00000a77       0xc4 .\CortexM3\ARM_GCC_541\Debug\Design_301_project.a(PWM_1_PM.o)
 .debug_abbrev  0x00000b3b      0x12d .\CortexM3\ARM_GCC_541\Debug\Design_301_project.a(PWM_2.o)
 .debug_abbrev  0x00000c68       0xc4 .\CortexM3\ARM_GCC_541\Debug\Design_301_project.a(PWM_2_PM.o)
 .debug_abbrev  0x00000d2c       0x90 .\CortexM3\ARM_GCC_541\Debug\Design_301_project.a(M2_IN2.o)
 .debug_abbrev  0x00000dbc       0x90 .\CortexM3\ARM_GCC_541\Debug\Design_301_project.a(M2_IN1.o)
 .debug_abbrev  0x00000e4c       0x90 .\CortexM3\ARM_GCC_541\Debug\Design_301_project.a(M1_IN2.o)
 .debug_abbrev  0x00000edc      0x11a .\CortexM3\ARM_GCC_541\Debug\Design_301_project.a(Timer_TS.o)
 .debug_abbrev  0x00000ff6      0x173 .\CortexM3\ARM_GCC_541\Debug\Design_301_project.a(isr_TS.o)
 .debug_abbrev  0x00001169      0x215 .\CortexM3\ARM_GCC_541\Debug\Design_301_project.a(USBUART.o)
 .debug_abbrev  0x0000137e      0x245 .\CortexM3\ARM_GCC_541\Debug\Design_301_project.a(USBUART_cdc.o)
 .debug_abbrev  0x000015c3      0x189 .\CortexM3\ARM_GCC_541\Debug\Design_301_project.a(USBUART_drv.o)
 .debug_abbrev  0x0000174c      0x11b .\CortexM3\ARM_GCC_541\Debug\Design_301_project.a(USBUART_episr.o)
 .debug_abbrev  0x00001867      0x108 .\CortexM3\ARM_GCC_541\Debug\Design_301_project.a(USBUART_pm.o)
 .debug_abbrev  0x0000196f      0x20a .\CortexM3\ARM_GCC_541\Debug\Design_301_project.a(USBUART_std.o)
 .debug_abbrev  0x00001b79       0xe1 .\CortexM3\ARM_GCC_541\Debug\Design_301_project.a(USBUART_vnd.o)
 .debug_abbrev  0x00001c5a       0x90 .\CortexM3\ARM_GCC_541\Debug\Design_301_project.a(M1_IN1.o)
 .debug_abbrev  0x00001cea       0x81 .\CortexM3\ARM_GCC_541\Debug\Design_301_project.a(RF_BT_SELECT.o)
 .debug_abbrev  0x00001d6b       0x90 .\CortexM3\ARM_GCC_541\Debug\Design_301_project.a(Vo6.o)
 .debug_abbrev  0x00001dfb       0x90 .\CortexM3\ARM_GCC_541\Debug\Design_301_project.a(Vo1.o)
 .debug_abbrev  0x00001e8b       0x90 .\CortexM3\ARM_GCC_541\Debug\Design_301_project.a(Vo2.o)
 .debug_abbrev  0x00001f1b       0x90 .\CortexM3\ARM_GCC_541\Debug\Design_301_project.a(Vo5.o)
 .debug_abbrev  0x00001fab       0x90 .\CortexM3\ARM_GCC_541\Debug\Design_301_project.a(Vo3.o)
 .debug_abbrev  0x0000203b       0x90 .\CortexM3\ARM_GCC_541\Debug\Design_301_project.a(Vo4.o)
 .debug_abbrev  0x000020cb      0x117 .\CortexM3\ARM_GCC_541\Debug\Design_301_project.a(QuadDec_M1_Cnt16.o)
 .debug_abbrev  0x000021e2      0x117 .\CortexM3\ARM_GCC_541\Debug\Design_301_project.a(QuadDec_M2_Cnt16.o)
 .debug_abbrev  0x000022f9       0x90 .\CortexM3\ARM_GCC_541\Debug\Design_301_project.a(USBUART_Dp.o)
 .debug_abbrev  0x00002389      0x254 .\CortexM3\ARM_GCC_541\Debug\Design_301_project.a(CyLib.o)
 .debug_abbrev  0x000025dd      0x1ab .\CortexM3\ARM_GCC_541\Debug\Design_301_project.a(cyPm.o)
 .debug_abbrev  0x00002788       0x14 .\CortexM3\ARM_GCC_541\Debug\Design_301_project.a(CyBootAsmGnu.o)
 .debug_abbrev  0x0000279c       0xe1 .\CortexM3\ARM_GCC_541\Debug\Design_301_project.a(USBUART_cls.o)
 .debug_abbrev  0x0000287d       0xb4 .\CortexM3\ARM_GCC_541\Debug\Design_301_project.a(USBUART_descr.o)
 .debug_abbrev  0x00002931      0x1a7 .\CortexM3\ARM_GCC_541\Debug\Design_301_project.a(CyFlash.o)
 .debug_abbrev  0x00002ad8      0x194 .\CortexM3\ARM_GCC_541\Debug\Design_301_project.a(CySpc.o)

.debug_line     0x00000000     0x3ab2
 *(.debug_line)
 .debug_line    0x00000000      0x3e1 .\CortexM3\ARM_GCC_541\Debug\main.o
 .debug_line    0x000003e1      0x1c5 .\CortexM3\ARM_GCC_541\Debug\cyfitter_cfg.o
 .debug_line    0x000005a6      0x109 .\CortexM3\ARM_GCC_541\Debug\cymetadata.o
 .debug_line    0x000006af      0x1fc .\CortexM3\ARM_GCC_541\Debug\Cm3Start.o
 .debug_line    0x000008ab      0x120 .\CortexM3\ARM_GCC_541\Debug\Design_301_project.a(QuadDec_M1.o)
 .debug_line    0x000009cb      0x120 .\CortexM3\ARM_GCC_541\Debug\Design_301_project.a(QuadDec_M2.o)
 .debug_line    0x00000aeb      0x133 .\CortexM3\ARM_GCC_541\Debug\Design_301_project.a(PWM_1.o)
 .debug_line    0x00000c1e       0xa0 .\CortexM3\ARM_GCC_541\Debug\Design_301_project.a(PWM_1_PM.o)
 .debug_line    0x00000cbe      0x133 .\CortexM3\ARM_GCC_541\Debug\Design_301_project.a(PWM_2.o)
 .debug_line    0x00000df1       0xa0 .\CortexM3\ARM_GCC_541\Debug\Design_301_project.a(PWM_2_PM.o)
 .debug_line    0x00000e91       0x93 .\CortexM3\ARM_GCC_541\Debug\Design_301_project.a(M2_IN2.o)
 .debug_line    0x00000f24       0x93 .\CortexM3\ARM_GCC_541\Debug\Design_301_project.a(M2_IN1.o)
 .debug_line    0x00000fb7       0x93 .\CortexM3\ARM_GCC_541\Debug\Design_301_project.a(M1_IN2.o)
 .debug_line    0x0000104a      0x156 .\CortexM3\ARM_GCC_541\Debug\Design_301_project.a(Timer_TS.o)
 .debug_line    0x000011a0      0x133 .\CortexM3\ARM_GCC_541\Debug\Design_301_project.a(isr_TS.o)
 .debug_line    0x000012d3      0x2dc .\CortexM3\ARM_GCC_541\Debug\Design_301_project.a(USBUART.o)
 .debug_line    0x000015af      0x2f2 .\CortexM3\ARM_GCC_541\Debug\Design_301_project.a(USBUART_cdc.o)
 .debug_line    0x000018a1      0x221 .\CortexM3\ARM_GCC_541\Debug\Design_301_project.a(USBUART_drv.o)
 .debug_line    0x00001ac2       0xe6 .\CortexM3\ARM_GCC_541\Debug\Design_301_project.a(USBUART_episr.o)
 .debug_line    0x00001ba8      0x10e .\CortexM3\ARM_GCC_541\Debug\Design_301_project.a(USBUART_pm.o)
 .debug_line    0x00001cb6      0x3dc .\CortexM3\ARM_GCC_541\Debug\Design_301_project.a(USBUART_std.o)
 .debug_line    0x00002092       0x8b .\CortexM3\ARM_GCC_541\Debug\Design_301_project.a(USBUART_vnd.o)
 .debug_line    0x0000211d       0x93 .\CortexM3\ARM_GCC_541\Debug\Design_301_project.a(M1_IN1.o)
 .debug_line    0x000021b0       0x74 .\CortexM3\ARM_GCC_541\Debug\Design_301_project.a(RF_BT_SELECT.o)
 .debug_line    0x00002224       0x90 .\CortexM3\ARM_GCC_541\Debug\Design_301_project.a(Vo6.o)
 .debug_line    0x000022b4       0x90 .\CortexM3\ARM_GCC_541\Debug\Design_301_project.a(Vo1.o)
 .debug_line    0x00002344       0x90 .\CortexM3\ARM_GCC_541\Debug\Design_301_project.a(Vo2.o)
 .debug_line    0x000023d4       0x90 .\CortexM3\ARM_GCC_541\Debug\Design_301_project.a(Vo5.o)
 .debug_line    0x00002464       0x90 .\CortexM3\ARM_GCC_541\Debug\Design_301_project.a(Vo3.o)
 .debug_line    0x000024f4       0x90 .\CortexM3\ARM_GCC_541\Debug\Design_301_project.a(Vo4.o)
 .debug_line    0x00002584      0x190 .\CortexM3\ARM_GCC_541\Debug\Design_301_project.a(QuadDec_M1_Cnt16.o)
 .debug_line    0x00002714      0x190 .\CortexM3\ARM_GCC_541\Debug\Design_301_project.a(QuadDec_M2_Cnt16.o)
 .debug_line    0x000028a4       0xbb .\CortexM3\ARM_GCC_541\Debug\Design_301_project.a(USBUART_Dp.o)
 .debug_line    0x0000295f      0x816 .\CortexM3\ARM_GCC_541\Debug\Design_301_project.a(CyLib.o)
 .debug_line    0x00003175      0x367 .\CortexM3\ARM_GCC_541\Debug\Design_301_project.a(cyPm.o)
 .debug_line    0x000034dc       0x66 .\CortexM3\ARM_GCC_541\Debug\Design_301_project.a(CyBootAsmGnu.o)
 .debug_line    0x00003542       0x95 .\CortexM3\ARM_GCC_541\Debug\Design_301_project.a(USBUART_cls.o)
 .debug_line    0x000035d7       0x61 .\CortexM3\ARM_GCC_541\Debug\Design_301_project.a(USBUART_descr.o)
 .debug_line    0x00003638      0x21a .\CortexM3\ARM_GCC_541\Debug\Design_301_project.a(CyFlash.o)
 .debug_line    0x00003852      0x260 .\CortexM3\ARM_GCC_541\Debug\Design_301_project.a(CySpc.o)

.debug_frame    0x00000000     0x2d38
 *(.debug_frame)
 .debug_frame   0x00000000      0x148 .\CortexM3\ARM_GCC_541\Debug\main.o
 .debug_frame   0x00000148       0xe4 .\CortexM3\ARM_GCC_541\Debug\cyfitter_cfg.o
 .debug_frame   0x0000022c       0xb8 .\CortexM3\ARM_GCC_541\Debug\Cm3Start.o
 .debug_frame   0x000002e4       0xdc .\CortexM3\ARM_GCC_541\Debug\Design_301_project.a(QuadDec_M1.o)
 .debug_frame   0x000003c0       0xdc .\CortexM3\ARM_GCC_541\Debug\Design_301_project.a(QuadDec_M2.o)
 .debug_frame   0x0000049c       0xe8 .\CortexM3\ARM_GCC_541\Debug\Design_301_project.a(PWM_1.o)
 .debug_frame   0x00000584       0x68 .\CortexM3\ARM_GCC_541\Debug\Design_301_project.a(PWM_1_PM.o)
 .debug_frame   0x000005ec       0xe8 .\CortexM3\ARM_GCC_541\Debug\Design_301_project.a(PWM_2.o)
 .debug_frame   0x000006d4       0x68 .\CortexM3\ARM_GCC_541\Debug\Design_301_project.a(PWM_2_PM.o)
 .debug_frame   0x0000073c       0x50 .\CortexM3\ARM_GCC_541\Debug\Design_301_project.a(M2_IN2.o)
 .debug_frame   0x0000078c       0x50 .\CortexM3\ARM_GCC_541\Debug\Design_301_project.a(M2_IN1.o)
 .debug_frame   0x000007dc       0x50 .\CortexM3\ARM_GCC_541\Debug\Design_301_project.a(M1_IN2.o)
 .debug_frame   0x0000082c      0x108 .\CortexM3\ARM_GCC_541\Debug\Design_301_project.a(Timer_TS.o)
 .debug_frame   0x00000934      0x104 .\CortexM3\ARM_GCC_541\Debug\Design_301_project.a(isr_TS.o)
 .debug_frame   0x00000a38      0x1dc .\CortexM3\ARM_GCC_541\Debug\Design_301_project.a(USBUART.o)
 .debug_frame   0x00000c14      0x27c .\CortexM3\ARM_GCC_541\Debug\Design_301_project.a(USBUART_cdc.o)
 .debug_frame   0x00000e90      0x194 .\CortexM3\ARM_GCC_541\Debug\Design_301_project.a(USBUART_drv.o)
 .debug_frame   0x00001024       0x6c .\CortexM3\ARM_GCC_541\Debug\Design_301_project.a(USBUART_episr.o)
 .debug_frame   0x00001090       0xa0 .\CortexM3\ARM_GCC_541\Debug\Design_301_project.a(USBUART_pm.o)
 .debug_frame   0x00001130      0x17c .\CortexM3\ARM_GCC_541\Debug\Design_301_project.a(USBUART_std.o)
 .debug_frame   0x000012ac       0x2c .\CortexM3\ARM_GCC_541\Debug\Design_301_project.a(USBUART_vnd.o)
 .debug_frame   0x000012d8       0x50 .\CortexM3\ARM_GCC_541\Debug\Design_301_project.a(M1_IN1.o)
 .debug_frame   0x00001328       0x30 .\CortexM3\ARM_GCC_541\Debug\Design_301_project.a(RF_BT_SELECT.o)
 .debug_frame   0x00001358       0x50 .\CortexM3\ARM_GCC_541\Debug\Design_301_project.a(Vo6.o)
 .debug_frame   0x000013a8       0x50 .\CortexM3\ARM_GCC_541\Debug\Design_301_project.a(Vo1.o)
 .debug_frame   0x000013f8       0x50 .\CortexM3\ARM_GCC_541\Debug\Design_301_project.a(Vo2.o)
 .debug_frame   0x00001448       0x50 .\CortexM3\ARM_GCC_541\Debug\Design_301_project.a(Vo5.o)
 .debug_frame   0x00001498       0x50 .\CortexM3\ARM_GCC_541\Debug\Design_301_project.a(Vo3.o)
 .debug_frame   0x000014e8       0x50 .\CortexM3\ARM_GCC_541\Debug\Design_301_project.a(Vo4.o)
 .debug_frame   0x00001538      0x134 .\CortexM3\ARM_GCC_541\Debug\Design_301_project.a(QuadDec_M1_Cnt16.o)
 .debug_frame   0x0000166c      0x134 .\CortexM3\ARM_GCC_541\Debug\Design_301_project.a(QuadDec_M2_Cnt16.o)
 .debug_frame   0x000017a0       0x70 .\CortexM3\ARM_GCC_541\Debug\Design_301_project.a(USBUART_Dp.o)
 .debug_frame   0x00001810      0x738 .\CortexM3\ARM_GCC_541\Debug\Design_301_project.a(CyLib.o)
 .debug_frame   0x00001f48      0x1f8 .\CortexM3\ARM_GCC_541\Debug\Design_301_project.a(cyPm.o)
 .debug_frame   0x00002140       0x2c .\CortexM3\ARM_GCC_541\Debug\Design_301_project.a(USBUART_cls.o)
 .debug_frame   0x0000216c      0x194 .\CortexM3\ARM_GCC_541\Debug\Design_301_project.a(CyFlash.o)
 .debug_frame   0x00002300      0x180 .\CortexM3\ARM_GCC_541\Debug\Design_301_project.a(CySpc.o)
 .debug_frame   0x00002480       0x30 d:/psoc creator/4.4/psoc creator/import/gnu/arm/5.4.1/bin/../lib/gcc/arm-none-eabi/5.4.1/../../../../arm-none-eabi/lib/armv7-m\libg_nano.a(lib_a-atoi.o)
 .debug_frame   0x000024b0       0x20 d:/psoc creator/4.4/psoc creator/import/gnu/arm/5.4.1/bin/../lib/gcc/arm-none-eabi/5.4.1/../../../../arm-none-eabi/lib/armv7-m\libg_nano.a(lib_a-errno.o)
 .debug_frame   0x000024d0       0x28 d:/psoc creator/4.4/psoc creator/import/gnu/arm/5.4.1/bin/../lib/gcc/arm-none-eabi/5.4.1/../../../../arm-none-eabi/lib/armv7-m\libg_nano.a(lib_a-exit.o)
 .debug_frame   0x000024f8       0x2c d:/psoc creator/4.4/psoc creator/import/gnu/arm/5.4.1/bin/../lib/gcc/arm-none-eabi/5.4.1/../../../../arm-none-eabi/lib/armv7-m\libg_nano.a(lib_a-init.o)
 .debug_frame   0x00002524       0x28 d:/psoc creator/4.4/psoc creator/import/gnu/arm/5.4.1/bin/../lib/gcc/arm-none-eabi/5.4.1/../../../../arm-none-eabi/lib/armv7-m\libg_nano.a(lib_a-memcpy-stub.o)
 .debug_frame   0x0000254c       0x20 d:/psoc creator/4.4/psoc creator/import/gnu/arm/5.4.1/bin/../lib/gcc/arm-none-eabi/5.4.1/../../../../arm-none-eabi/lib/armv7-m\libg_nano.a(lib_a-memset.o)
 .debug_frame   0x0000256c       0x8c d:/psoc creator/4.4/psoc creator/import/gnu/arm/5.4.1/bin/../lib/gcc/arm-none-eabi/5.4.1/../../../../arm-none-eabi/lib/armv7-m\libg_nano.a(lib_a-nano-vfprintf_float.o)
 .debug_frame   0x000025f8       0x60 d:/psoc creator/4.4/psoc creator/import/gnu/arm/5.4.1/bin/../lib/gcc/arm-none-eabi/5.4.1/../../../../arm-none-eabi/lib/armv7-m\libg_nano.a(lib_a-nano-vfprintf_i.o)
 .debug_frame   0x00002658       0x70 d:/psoc creator/4.4/psoc creator/import/gnu/arm/5.4.1/bin/../lib/gcc/arm-none-eabi/5.4.1/../../../../arm-none-eabi/lib/armv7-m\libg_nano.a(lib_a-sprintf.o)
 .debug_frame   0x000026c8       0x20 d:/psoc creator/4.4/psoc creator/import/gnu/arm/5.4.1/bin/../lib/gcc/arm-none-eabi/5.4.1/../../../../arm-none-eabi/lib/armv7-m\libg_nano.a(lib_a-strcpy.o)
 .debug_frame   0x000026e8       0x44 d:/psoc creator/4.4/psoc creator/import/gnu/arm/5.4.1/bin/../lib/gcc/arm-none-eabi/5.4.1/../../../../arm-none-eabi/lib/armv7-m\libg_nano.a(lib_a-strtol.o)
 .debug_frame   0x0000272c       0x6c d:/psoc creator/4.4/psoc creator/import/gnu/arm/5.4.1/bin/../lib/gcc/arm-none-eabi/5.4.1/../../../../arm-none-eabi/lib/armv7-m\libg_nano.a(lib_a-dtoa.o)
 .debug_frame   0x00002798       0x98 d:/psoc creator/4.4/psoc creator/import/gnu/arm/5.4.1/bin/../lib/gcc/arm-none-eabi/5.4.1/../../../../arm-none-eabi/lib/armv7-m\libg_nano.a(lib_a-locale.o)
 .debug_frame   0x00002830       0x30 d:/psoc creator/4.4/psoc creator/import/gnu/arm/5.4.1/bin/../lib/gcc/arm-none-eabi/5.4.1/../../../../arm-none-eabi/lib/armv7-m\libg_nano.a(lib_a-malloc.o)
 .debug_frame   0x00002860       0x28 d:/psoc creator/4.4/psoc creator/import/gnu/arm/5.4.1/bin/../lib/gcc/arm-none-eabi/5.4.1/../../../../arm-none-eabi/lib/armv7-m\libg_nano.a(lib_a-memchr-stub.o)
 .debug_frame   0x00002888      0x234 d:/psoc creator/4.4/psoc creator/import/gnu/arm/5.4.1/bin/../lib/gcc/arm-none-eabi/5.4.1/../../../../arm-none-eabi/lib/armv7-m\libg_nano.a(lib_a-mprec.o)
 .debug_frame   0x00002abc       0x2c d:/psoc creator/4.4/psoc creator/import/gnu/arm/5.4.1/bin/../lib/gcc/arm-none-eabi/5.4.1/../../../../arm-none-eabi/lib/armv7-m\libg_nano.a(lib_a-nano-callocr.o)
 .debug_frame   0x00002ae8       0x38 d:/psoc creator/4.4/psoc creator/import/gnu/arm/5.4.1/bin/../lib/gcc/arm-none-eabi/5.4.1/../../../../arm-none-eabi/lib/armv7-m\libg_nano.a(lib_a-nano-freer.o)
 .debug_frame   0x00002b20       0x2c d:/psoc creator/4.4/psoc creator/import/gnu/arm/5.4.1/bin/../lib/gcc/arm-none-eabi/5.4.1/../../../../arm-none-eabi/lib/armv7-m\libg_nano.a(lib_a-nano-mallocr.o)
 .debug_frame   0x00002b4c       0x90 d:/psoc creator/4.4/psoc creator/import/gnu/arm/5.4.1/bin/../lib/gcc/arm-none-eabi/5.4.1/../../../../arm-none-eabi/lib/armv7-m\libg_nano.a(lib_a-nano-svfprintf.o)
 .debug_frame   0x00002bdc       0x2c d:/psoc creator/4.4/psoc creator/import/gnu/arm/5.4.1/bin/../lib/gcc/arm-none-eabi/5.4.1/../../../../arm-none-eabi/lib/armv7-m\libg_nano.a(lib_a-sbrkr.o)
 .debug_frame   0x00002c08       0x20 d:/psoc creator/4.4/psoc creator/import/gnu/arm/5.4.1/bin/../lib/gcc/arm-none-eabi/5.4.1/../../../../arm-none-eabi/lib/armv7-m\libg_nano.a(lib_a-strcmp.o)
 .debug_frame   0x00002c28       0x28 d:/psoc creator/4.4/psoc creator/import/gnu/arm/5.4.1/bin/../lib/gcc/arm-none-eabi/5.4.1/../../../../arm-none-eabi/lib/armv7-m\libg_nano.a(lib_a-memmove.o)
 .debug_frame   0x00002c50       0x30 d:/psoc creator/4.4/psoc creator/import/gnu/arm/5.4.1/bin/../lib/gcc/arm-none-eabi/5.4.1/../../../../arm-none-eabi/lib/armv7-m\libg_nano.a(lib_a-mlock.o)
 .debug_frame   0x00002c80       0x3c d:/psoc creator/4.4/psoc creator/import/gnu/arm/5.4.1/bin/../lib/gcc/arm-none-eabi/5.4.1/../../../../arm-none-eabi/lib/armv7-m\libg_nano.a(lib_a-nano-reallocr.o)
 .debug_frame   0x00002cbc       0x5c d:/psoc creator/4.4/psoc creator/import/gnu/arm/5.4.1/bin/../lib/gcc/arm-none-eabi/5.4.1/../../../../arm-none-eabi/lib/armv7-m\libg_nano.a(lib_a-reent.o)
 .debug_frame   0x00002d18       0x20 d:/psoc creator/4.4/psoc creator/import/gnu/arm/5.4.1/bin/../lib/gcc/arm-none-eabi/5.4.1/../../../../arm-none-eabi/lib/armv7-m\libg_nano.a(lib_a-nano-msizer.o)

.debug_str      0x00000000     0x373a
 *(.debug_str)
 .debug_str     0x00000000      0x6a3 .\CortexM3\ARM_GCC_541\Debug\main.o
                                0x727 (size before relaxing)
 .debug_str     0x000006a3      0x180 .\CortexM3\ARM_GCC_541\Debug\cyfitter_cfg.o
                                0x326 (size before relaxing)
 .debug_str     0x00000823       0x7f .\CortexM3\ARM_GCC_541\Debug\cymetadata.o
                                0x1f5 (size before relaxing)
 .debug_str     0x000008a2      0x13e .\CortexM3\ARM_GCC_541\Debug\Cm3Start.o
                                0x31b (size before relaxing)
 .debug_str     0x000009e0      0x168 .\CortexM3\ARM_GCC_541\Debug\Design_301_project.a(QuadDec_M1.o)
                                0x35b (size before relaxing)
 .debug_str     0x00000b48      0x134 .\CortexM3\ARM_GCC_541\Debug\Design_301_project.a(QuadDec_M2.o)
                                0x35b (size before relaxing)
 .debug_str     0x00000c7c       0xfd .\CortexM3\ARM_GCC_541\Debug\Design_301_project.a(PWM_1.o)
                                0x2de (size before relaxing)
 .debug_str     0x00000d79       0x72 .\CortexM3\ARM_GCC_541\Debug\Design_301_project.a(PWM_1_PM.o)
                                0x23e (size before relaxing)
 .debug_str     0x00000deb       0xcc .\CortexM3\ARM_GCC_541\Debug\Design_301_project.a(PWM_2.o)
                                0x2de (size before relaxing)
 .debug_str     0x00000eb7       0x63 .\CortexM3\ARM_GCC_541\Debug\Design_301_project.a(PWM_2_PM.o)
                                0x23e (size before relaxing)
 .debug_str     0x00000f1a       0x63 .\CortexM3\ARM_GCC_541\Debug\Design_301_project.a(M2_IN2.o)
                                0x1f8 (size before relaxing)
 .debug_str     0x00000f7d       0x53 .\CortexM3\ARM_GCC_541\Debug\Design_301_project.a(M2_IN1.o)
                                0x1f8 (size before relaxing)